*******************************************
***COMSOL 6.4.0.293 progress output file***
*******************************************
Sun Aug 09 00:28:03 CST 2026
COMSOL Multiphysics 6.4 (开发版本: 293) 在批处理模式下启动
正在运行: F:\LiNRR_COMSOL\worktrees\LiNRR_M10A2\src\java\LiNRR_M10A2_ApiProbe.class
---------- 当前进度: 100 % - 正在更新选择
Memory: 536/567 574/603
           当前进度:   0 % - Polygon 1
Memory: 543/567 581/603
           当前进度:   7 % - Polygon 2
Memory: 544/567 582/603
-          当前进度:  14 % - Polygon 3
Memory: 510/567 544/603
--         当前进度:  21 % - Polygon 4
Memory: 511/567 544/603
--         当前进度:  29 % - Form Union
--------   当前进度:  89 % - 解析域和空区域
Memory: 511/567 552/603
---------- 当前进度: 100 % - 正在更新选择
Memory: 512/567 553/603
类运行时: 25 s.
总时间: 25 s.
