*******************************************
***COMSOL 6.4.0.293 progress output file***
*******************************************
Sun Aug 09 00:50:25 CST 2026
COMSOL Multiphysics 6.4 (开发版本: 293) 在批处理模式下启动
正在运行: F:\LiNRR_COMSOL\worktrees\LiNRR_M10A2\src\java\LiNRR_M10A2_SSC_Pipe_Wetting.class
---------- 当前进度: 100 % - 正在分析几何
Memory: 739/763 776/795
---------- 当前进度: 100 % - 正在更新选择
Memory: 751/763 785/795
           当前进度:   0 % - Cathode 316L 500-mesh SSC | homogenized physical domain
Memory: 726/763 761/795
           当前进度:   7 % - Anode PtAu/316L 500-mesh SSC | homogenized physical domain
Memory: 734/763 768/795
-          当前进度:  14 % - 工作平面
Memory: 734/763 767/795
-          当前进度:  14 % - 正方形
-          当前进度:  15 % - 正方形 2
-          当前进度:  17 % - 差集
--         当前进度:  28 % - 解析域和空区域
Memory: 735/763 767/795
---        当前进度:  31 % - 形成联合体
Memory: 736/763 767/795
---        当前进度:  31 % - 执行布尔操作
Memory: 740/763 769/795
---------- 当前进度: 100 % - 正在更新选择
---------- 当前进度: 100 % - 正在创建可视化网格
Memory: 751/763 781/795
           当前进度:   2 % - 生成方程
Memory: 759/763 786/795
           当前进度:   3 % - 生成方程
Memory: 842/861 876/894
<---- Liquid Stationary Flow | NUMERICAL_TEST_ONLY/解 3 (sol3) 中的“编译方程: 稳态” -----
开始于 2026年8月9日 00:51:02。
几何形函数: 线性拉格朗日单元
几何形函数: 线性拉格朗日单元
在 AMD64 Family 25 Model 80 Stepping 0, AuthenticAMD 上运行。
在以下位置使用 1 个插槽： Pokemon 上（共 8 个内核）。
可用内存：15.77 GB。
           当前进度:   4 % - 编译方程: 稳态
Memory: 1066/1071 1096/1104
           当前进度:   7 % - 编译方程: 稳态
Memory: 1067/1071 1096/1104
           当前进度:   7 % - 正在创建可视化网格
Memory: 1106/1113 1130/1141
时间：5。
物理内存: 1.12 GB
虚拟内存: 1.14 GB
结束时间：2026年8月9日 00:51:07。
----- Liquid Stationary Flow | NUMERICAL_TEST_ONLY/解 3 (sol3) 中的“编译方程: 稳态” ---->
<---- Liquid Stationary Flow | NUMERICAL_TEST_ONLY/解 3 (sol3) 中的“因变量 1” --------
开始于 2026年8月9日 00:51:07。
           当前进度:   7 % - 因变量 1
Memory: 1115/1115 1184/1184
求解时间：0 s。
物理内存: 1.12 GB
虚拟内存: 1.18 GB
结束时间：2026年8月9日 00:51:08。
----- Liquid Stationary Flow | NUMERICAL_TEST_ONLY/解 3 (sol3) 中的“因变量 1” ------->
<---- Liquid Stationary Flow | NUMERICAL_TEST_ONLY/解 3 (sol3) 中的“稳态求解器 1” ------
开始于 2026年8月9日 00:51:08。
-          当前进度:  12 % - 稳态求解器 1
Memory: 1119/1119 1182/1187
非线性求解器
求解的自由度数：15665（加上 1 个内部自由度）。
-          当前进度:  12 % - 组装稀疏模式
Memory: 1168/1182 1210/1226
找到非对称矩阵。
缩放因变量：
压力 (comp_electrolyte_flow.p): 0.031
速度场 (comp_electrolyte_flow.u): 1
常微分方程助变量 (comp_electrolyte_flow.spf.inlet_liq.Pinl): 0.46
已使用正交零空间函数。
-          当前进度:  12 % - 矩阵分解
Memory: 1215/1217 1243/1246
Iter      SolEst      ResEst     Damping    Stepsize #Res #Jac #Sol   LinErr   LinRes
   1          11     4.5e+03   0.0100000          11    2    1    2  3.5e-11  1.6e-10
--         当前进度:  20 % - 组装矩阵
Memory: 1288/1288 1324/1324
   2         6.4     7.1e+05   0.1000000         7.1    3    2    4  9.5e-12  4.9e-11
--         当前进度:  29 % - 
Memory: 1297/1301 1336/1336
--         当前进度:  29 % - 求解线性方程组
Memory: 1302/1314 1337/1350
   3       0.045     4.8e+07   1.0000000        0.73    4    3    6  1.9e-11  1.4e-13
   4      0.0014     5.8e+06   1.0000000       0.035    5    4    8  1.5e-11  1.2e-13
---------  当前进度:  99 % - 组装矩阵
Memory: 1304/1314 1338/1350
   5      0.0019       5e+04   1.0000000       0.015    7    5   10  9.5e-13  5.7e-14
   6     0.00013     2.7e+03   1.0000000      0.0019    9    6   12  2.4e-11  2.8e-14
---------- 当前进度: 100 % - 
Memory: 1284/1314 1339/1378
求解时间：3 s。
物理内存: 1.31 GB
虚拟内存: 1.38 GB
结束时间：2026年8月9日 00:51:11。
----- Liquid Stationary Flow | NUMERICAL_TEST_ONLY/解 3 (sol3) 中的“稳态求解器 1” ----->
           当前进度:   2 % - 生成方程
Memory: 1285/1314 1339/1378
           当前进度:   3 % - 生成方程
Memory: 1287/1314 1340/1378
<---- Liquid Stationary Flow | NUMERICAL_TEST_ONLY/解 3 (sol3) 中的“编译方程: 稳态” -----
开始于 2026年8月9日 00:51:15。
几何形函数: 线性拉格朗日单元
几何形函数: 线性拉格朗日单元
在 AMD64 Family 25 Model 80 Stepping 0, AuthenticAMD 上运行。
在以下位置使用 1 个插槽： Pokemon 上（共 8 个内核）。
可用内存：15.77 GB。
           当前进度:   5 % - 编译方程: 稳态
Memory: 1338/1339 1394/1395
           当前进度:   7 % - 编译方程: 稳态
           当前进度:   7 % - 正在创建可视化网格
Memory: 1355/1356 1410/1411
时间：4。
物理内存: 1.36 GB
虚拟内存: 1.41 GB
结束时间：2026年8月9日 00:51:19。
----- Liquid Stationary Flow | NUMERICAL_TEST_ONLY/解 3 (sol3) 中的“编译方程: 稳态” ---->
<---- Liquid Stationary Flow | NUMERICAL_TEST_ONLY/解 3 (sol3) 中的“因变量 1” --------
开始于 2026年8月9日 00:51:19。
           当前进度:   7 % - 因变量 1
Memory: 1349/1356 1404/1411
求解时间：0 s。
物理内存: 1.35 GB
虚拟内存: 1.41 GB
结束时间：2026年8月9日 00:51:19。
----- Liquid Stationary Flow | NUMERICAL_TEST_ONLY/解 3 (sol3) 中的“因变量 1” ------->
<---- Liquid Stationary Flow | NUMERICAL_TEST_ONLY/解 3 (sol3) 中的“稳态求解器 1” ------
开始于 2026年8月9日 00:51:19。
非线性求解器
求解的自由度数：15665（加上 1 个内部自由度）。
-          当前进度:  12 % - 组装矩阵
Memory: 1339/1356 1381/1436
找到非对称矩阵。
缩放因变量：
压力 (comp_electrolyte_flow.p): 0.031
速度场 (comp_electrolyte_flow.u): 1
常微分方程助变量 (comp_electrolyte_flow.spf.inlet_liq.Pinl): 0.46
已使用正交零空间函数。
Iter      SolEst      ResEst     Damping    Stepsize #Res #Jac #Sol   LinErr   LinRes
   1          20       9e+03   0.0100000          21    2    1    2  8.2e-12  1.5e-10
--         当前进度:  20 % - 组装稀疏模式
Memory: 1379/1379 1441/1441
--         当前进度:  20 % - 矩阵分解
Memory: 1412/1432 1450/1477
   2         6.5     7.1e+05   0.1000000         7.2    3    2    4  3.2e-11  2.7e-11
--         当前进度:  29 % - 组装矩阵
Memory: 1438/1457 1477/1502
   3        0.12     3.7e+07   1.0000000        0.73    4    3    6  2.1e-12  2.6e-13
--------   当前进度:  84 % - 组装矩阵
   4      0.0016     1.2e+07   1.0000000       0.075    5    4    8  7.2e-12  4.3e-14
---------  当前进度:  98 % - 矩阵分解
Memory: 1442/1457 1474/1502
   5       0.001     1.3e+06   1.0000000      0.0013    6    5   10  3.4e-12  6.7e-14
---------- 当前进度: 100 % - 正在组装残差
Memory: 1441/1457 1471/1502
   6      0.0015     3.5e+04   1.0000000        0.01    8    6   12  2.4e-11  3.3e-14
   7      0.0002     3.1e+03   1.0000000      0.0015   10    7   14  1.8e-11  7.2e-14
---------- 当前进度: 100 % - 
Memory: 1411/1457 1433/1502
求解时间：3 s。
物理内存: 1.46 GB
虚拟内存: 1.5 GB
结束时间：2026年8月9日 00:51:21。
----- Liquid Stationary Flow | NUMERICAL_TEST_ONLY/解 3 (sol3) 中的“稳态求解器 1” ----->
           当前进度:   2 % - 生成方程
Memory: 1404/1457 1425/1502
           当前进度:   3 % - 生成方程
Memory: 1472/1477 1494/1502
<---- Liquid Stationary Flow | NUMERICAL_TEST_ONLY/解 3 (sol3) 中的“编译方程: 稳态” -----
开始于 2026年8月9日 00:51:25。
几何形函数: 线性拉格朗日单元
几何形函数: 线性拉格朗日单元
在 AMD64 Family 25 Model 80 Stepping 0, AuthenticAMD 上运行。
在以下位置使用 1 个插槽： Pokemon 上（共 8 个内核）。
可用内存：15.77 GB。
           当前进度:   7 % - 编译方程: 稳态
Memory: 1468/1478 1489/1533
           当前进度:   7 % - 正在创建可视化网格
Memory: 1474/1486 1494/1533
时间：3。
物理内存: 1.49 GB
虚拟内存: 1.53 GB
结束时间：2026年8月9日 00:51:29。
----- Liquid Stationary Flow | NUMERICAL_TEST_ONLY/解 3 (sol3) 中的“编译方程: 稳态” ---->
<---- Liquid Stationary Flow | NUMERICAL_TEST_ONLY/解 3 (sol3) 中的“因变量 1” --------
开始于 2026年8月9日 00:51:29。
           当前进度:   7 % - 因变量 1
Memory: 1430/1486 1450/1533
求解时间：0 s。
物理内存: 1.43 GB
虚拟内存: 1.45 GB
结束时间：2026年8月9日 00:51:29。
----- Liquid Stationary Flow | NUMERICAL_TEST_ONLY/解 3 (sol3) 中的“因变量 1” ------->
<---- Liquid Stationary Flow | NUMERICAL_TEST_ONLY/解 3 (sol3) 中的“稳态求解器 1” ------
开始于 2026年8月9日 00:51:29。
非线性求解器
求解的自由度数：15665（加上 1 个内部自由度）。
-          当前进度:  12 % - 组装矩阵
Memory: 1427/1486 1456/1533
找到非对称矩阵。
缩放因变量：
压力 (comp_electrolyte_flow.p): 0.031
速度场 (comp_electrolyte_flow.u): 1
常微分方程助变量 (comp_electrolyte_flow.spf.inlet_liq.Pinl): 0.46
已使用正交零空间函数。
Iter      SolEst      ResEst     Damping    Stepsize #Res #Jac #Sol   LinErr   LinRes
   1          36     1.8e+04   0.0100000          36    2    1    2  2.4e-11  1.7e-10
--         当前进度:  20 % - 组装稀疏模式
Memory: 1459/1486 1495/1533
--         当前进度:  20 % - 矩阵分解
Memory: 1489/1510 1509/1536
   2         6.6     6.8e+05   0.1000000         7.3    3    2    4  1.2e-12    2e-11
--         当前进度:  29 % - 组装矩阵
Memory: 1511/1528 1564/1568
   3        0.25     2.5e+07   1.0000000        0.73    4    3    6    4e-12  4.5e-13
--------   当前进度:  80 % - 矩阵分解
Memory: 1514/1528 1567/1570
   4      0.0041     1.6e+07   1.0000000        0.14    5    4    8  3.7e-12  3.3e-14
---------  当前进度:  95 % - 正在组装残差
Memory: 1514/1528 1564/1570
   5      0.0041     3.7e+06   1.0000000      0.0041    6    5   10  1.7e-11    1e-13
---------  当前进度:  95 % - 
Memory: 1519/1528 1560/1570
   6       0.016     1.7e+05   1.0000000        0.05    8    6   12  3.4e-11  8.2e-14
---------  当前进度:  95 % - 正在组装残差
Memory: 1515/1528 1553/1570
   7      0.0037     1.3e+05   1.0000000       0.013    9    7   14  3.5e-11  9.1e-14
   8       0.001     2.9e+04   1.0000000      0.0038   10    8   16    2e-11  1.5e-13
---------- 当前进度: 100 % - 正在组装残差
Memory: 1523/1528 1549/1570
   9     0.00031     2.9e+03   1.0000000       0.001   12    9   18  2.4e-12  3.8e-14
---------- 当前进度: 100 % - 
Memory: 1495/1528 1514/1570
求解时间：3 s。
物理内存: 1.53 GB
虚拟内存: 1.57 GB
结束时间：2026年8月9日 00:51:32。
----- Liquid Stationary Flow | NUMERICAL_TEST_ONLY/解 3 (sol3) 中的“稳态求解器 1” ----->
           当前进度:   2 % - 生成方程
Memory: 1414/1528 1436/1570
           当前进度:   3 % - 生成方程
Memory: 1438/1528 1457/1570
<---- Liquid Stationary Flow | NUMERICAL_TEST_ONLY/解 3 (sol3) 中的“编译方程: 稳态” -----
开始于 2026年8月9日 00:51:35。
几何形函数: 线性拉格朗日单元
几何形函数: 线性拉格朗日单元
在 AMD64 Family 25 Model 80 Stepping 0, AuthenticAMD 上运行。
在以下位置使用 1 个插槽： Pokemon 上（共 8 个内核）。
可用内存：15.77 GB。
           当前进度:   4 % - 编译方程: 稳态
Memory: 1498/1528 1517/1570
           当前进度:   7 % - 编译方程: 稳态
           当前进度:   7 % - 正在创建可视化网格
Memory: 1502/1528 1522/1570
时间：3。
物理内存: 1.5 GB
虚拟内存: 1.52 GB
结束时间：2026年8月9日 00:51:38。
----- Liquid Stationary Flow | NUMERICAL_TEST_ONLY/解 3 (sol3) 中的“编译方程: 稳态” ---->
<---- Liquid Stationary Flow | NUMERICAL_TEST_ONLY/解 3 (sol3) 中的“因变量 1” --------
开始于 2026年8月9日 00:51:38。
           当前进度:   7 % - 因变量 1
Memory: 1459/1528 1478/1570
求解时间：0 s。
物理内存: 1.46 GB
虚拟内存: 1.48 GB
结束时间：2026年8月9日 00:51:38。
----- Liquid Stationary Flow | NUMERICAL_TEST_ONLY/解 3 (sol3) 中的“因变量 1” ------->
<---- Liquid Stationary Flow | NUMERICAL_TEST_ONLY/解 3 (sol3) 中的“稳态求解器 1” ------
开始于 2026年8月9日 00:51:38。
非线性求解器
求解的自由度数：15665（加上 1 个内部自由度）。
-          当前进度:  12 % - 组装矩阵
Memory: 1452/1528 1471/1570
找到非对称矩阵。
缩放因变量：
压力 (comp_electrolyte_flow.p): 0.031
速度场 (comp_electrolyte_flow.u): 1
常微分方程助变量 (comp_electrolyte_flow.spf.inlet_liq.Pinl): 0.46
已使用正交零空间函数。
Iter      SolEst      ResEst     Damping    Stepsize #Res #Jac #Sol   LinErr   LinRes
   1          66     4.5e+04   0.0100000          66    2    1    2  1.3e-12  1.6e-10
--         当前进度:  20 % - 组装稀疏模式
Memory: 1486/1528 1512/1570
--         当前进度:  20 % - 正在组装残差
Memory: 1530/1533 1558/1570
   2         6.7       6e+05   0.1000000         7.4    3    2    4  2.8e-11  1.5e-11
--         当前进度:  29 % - 约束处理
Memory: 1535/1554 1564/1583
   3        0.48     1.2e+07   1.0000000        0.73    4    3    6  4.7e-12    7e-13
-------    当前进度:  76 % - 正在组装残差
Memory: 1539/1554 1569/1583
   4       0.012     1.2e+07   1.0000000        0.26    5    4    8  1.1e-11  5.4e-14
   5      0.0098     9.4e+06   0.3221231      0.0098    7    5   11  6.7e-12  2.9e-14
-------    当前进度:  76 % - 
-------    当前进度:  76 % - 正在组装残差
   6       0.011     9.4e+06   0.7500000      0.0094   19    6   24  1.2e-12  9.1e-14
-------    当前进度:  76 % - 组装矩阵
Memory: 1543/1554 1577/1585
   7      0.0049     9.6e+05   1.0000000        0.01   20    7   26  3.1e-11  2.7e-13
--------   当前进度:  89 % - 求解线性方程组
Memory: 1542/1554 1576/1585
   8      0.0016     2.8e+05   1.0000000      0.0048   21    8   28  2.9e-11  3.5e-13
---------  当前进度:  97 % - 正在组装残差
Memory: 1540/1554 1573/1585
   9      0.0026     3.7e+04   1.0000000      0.0063   23    9   30  3.4e-11    6e-13
  10       0.001     3.8e+04   1.0000000      0.0026   24   10   32  1.7e-11  2.6e-13
---------- 当前进度: 100 % - 正在组装残差
Memory: 1540/1554 1597/1601
  11     0.00045     5.3e+03   1.0000000       0.001   26   11   34  6.3e-11    2e-13
---------- 当前进度: 100 % - 
Memory: 1511/1554 1559/1601
求解时间：4 s。
物理内存: 1.55 GB
虚拟内存: 1.6 GB
结束时间：2026年8月9日 00:51:42。
----- Liquid Stationary Flow | NUMERICAL_TEST_ONLY/解 3 (sol3) 中的“稳态求解器 1” ----->
           当前进度:   2 % - 生成方程
Memory: 1512/1554 1561/1601
           当前进度:   3 % - 生成方程
Memory: 1515/1554 1563/1601
<---- Liquid Stationary Flow | NUMERICAL_TEST_ONLY/解 3 (sol3) 中的“编译方程: 稳态” -----
开始于 2026年8月9日 00:51:46。
几何形函数: 线性拉格朗日单元
几何形函数: 线性拉格朗日单元
在 AMD64 Family 25 Model 80 Stepping 0, AuthenticAMD 上运行。
在以下位置使用 1 个插槽： Pokemon 上（共 8 个内核）。
可用内存：15.77 GB。
           当前进度:   7 % - 编译方程: 稳态
Memory: 1486/1554 1531/1602
           当前进度:   7 % - 正在创建可视化网格
Memory: 1489/1554 1534/1602
时间：3。
物理内存: 1.52 GB
虚拟内存: 1.6 GB
结束时间：2026年8月9日 00:51:49。
----- Liquid Stationary Flow | NUMERICAL_TEST_ONLY/解 3 (sol3) 中的“编译方程: 稳态” ---->
<---- Liquid Stationary Flow | NUMERICAL_TEST_ONLY/解 3 (sol3) 中的“因变量 1” --------
开始于 2026年8月9日 00:51:49。
           当前进度:   7 % - 因变量 1
Memory: 1490/1554 1535/1602
求解时间：0 s。
物理内存: 1.49 GB
虚拟内存: 1.54 GB
结束时间：2026年8月9日 00:51:49。
----- Liquid Stationary Flow | NUMERICAL_TEST_ONLY/解 3 (sol3) 中的“因变量 1” ------->
<---- Liquid Stationary Flow | NUMERICAL_TEST_ONLY/解 3 (sol3) 中的“稳态求解器 1” ------
开始于 2026年8月9日 00:51:49。
非线性求解器
求解的自由度数：15665（加上 1 个内部自由度）。
-          当前进度:  12 % - 组装矩阵
Memory: 1482/1554 1527/1602
找到非对称矩阵。
缩放因变量：
压力 (comp_electrolyte_flow.p): 0.031
速度场 (comp_electrolyte_flow.u): 1
常微分方程助变量 (comp_electrolyte_flow.spf.inlet_liq.Pinl): 0.46
已使用正交零空间函数。
Iter      SolEst      ResEst     Damping    Stepsize #Res #Jac #Sol   LinErr   LinRes
   1          20       9e+03   0.0100000          21    2    1    2  1.4e-11  1.6e-10
--         当前进度:  20 % - 组装稀疏模式
Memory: 1529/1554 1580/1602
--         当前进度:  20 % - 正在组装残差
Memory: 1550/1556 1602/1608
   2         6.5     7.1e+05   0.1000000         7.2    3    2    4  3.4e-11  2.8e-11
--         当前进度:  29 % - 正在组装残差
Memory: 1553/1573 1604/1625
   3        0.12     3.7e+07   1.0000000        0.73    4    3    6  6.4e-12  2.6e-13
   4      0.0016     1.2e+07   1.0000000       0.075    5    4    8  2.9e-11  3.6e-14
---------  当前进度:  98 % - 组装矩阵
Memory: 1555/1573 1604/1625
   5       0.001     1.3e+06   1.0000000      0.0013    6    5   10  2.4e-11    6e-14
---------- 当前进度: 100 % - 组装矩阵
Memory: 1557/1573 1604/1625
   6      0.0015     3.5e+04   1.0000000        0.01    8    6   12  3.3e-12  3.4e-14
---------- 当前进度: 100 % - 
---------- 当前进度: 100 % - 正在组装残差
   7      0.0002     3.1e+03   1.0000000      0.0015   10    7   14  1.9e-11  6.9e-14
---------- 当前进度: 100 % - 
Memory: 1529/1573 1568/1625
求解时间：2 s。
物理内存: 1.57 GB
虚拟内存: 1.63 GB
结束时间：2026年8月9日 00:51:51。
----- Liquid Stationary Flow | NUMERICAL_TEST_ONLY/解 3 (sol3) 中的“稳态求解器 1” ----->
           当前进度:   2 % - 生成方程
Memory: 1530/1573 1569/1625
           当前进度:   3 % - 生成方程
Memory: 1512/1573 1550/1625
<---- N2 Stationary Flow | NUMERICAL_TEST_ONLY/解 4 (sol4) 中的“编译方程: 稳态” ---------
开始于 2026年8月9日 00:51:55。
几何形函数: 线性拉格朗日单元
几何形函数: 线性拉格朗日单元
在 AMD64 Family 25 Model 80 Stepping 0, AuthenticAMD 上运行。
在以下位置使用 1 个插槽： Pokemon 上（共 8 个内核）。
可用内存：15.77 GB。
           当前进度:   4 % - 编译方程: 稳态
Memory: 1476/1573 1514/1625
           当前进度:   7 % - 编译方程: 稳态
           当前进度:   7 % - 正在创建可视化网格
Memory: 1480/1573 1518/1625
时间：4。
物理内存: 1.55 GB
虚拟内存: 1.58 GB
结束时间：2026年8月9日 00:51:59。
----- N2 Stationary Flow | NUMERICAL_TEST_ONLY/解 4 (sol4) 中的“编译方程: 稳态” -------->
<---- N2 Stationary Flow | NUMERICAL_TEST_ONLY/解 4 (sol4) 中的“因变量 1” ------------
开始于 2026年8月9日 00:51:59。
           当前进度:   7 % - 因变量 1
Memory: 1546/1573 1578/1625
求解时间：0 s。
物理内存: 1.55 GB
虚拟内存: 1.58 GB
结束时间：2026年8月9日 00:51:59。
----- N2 Stationary Flow | NUMERICAL_TEST_ONLY/解 4 (sol4) 中的“因变量 1” ----------->
<---- N2 Stationary Flow | NUMERICAL_TEST_ONLY/解 4 (sol4) 中的“稳态求解器 1” ----------
开始于 2026年8月9日 00:51:59。
非线性求解器
求解的自由度数：38733（加上 1 个内部自由度）。
-          当前进度:  12 % - 正在组装残差
Memory: 1607/1607 1635/1643
-          当前进度:  12 % - 组装矩阵
Memory: 1650/1666 1681/1697
找到非对称矩阵。
缩放因变量：
压力 (comp_n2_flow.p2): 0.51
速度场 (comp_n2_flow.u2): 1
常微分方程助变量 (comp_n2_flow.spf2.inlet_n2.Pinl): 0.19
已使用正交零空间函数。
-          当前进度:  12 % - 
Memory: 1702/1702 1744/1744
-          当前进度:  12 % - 矩阵分解
Memory: 1765/1765 1858/1858
Iter      SolEst      ResEst     Damping    Stepsize #Res #Jac #Sol   LinErr   LinRes
   1          64          19   0.0100000          65    2    1    2  8.9e-12  3.7e-11
--         当前进度:  20 % - 
Memory: 1857/1860 1955/1963
--         当前进度:  20 % - 组装稀疏模式
Memory: 1867/1894 1967/1996
--         当前进度:  20 % - 组装矩阵
Memory: 1920/1920 2021/2021
--         当前进度:  20 % - 矩阵分解
Memory: 1841/1964 1931/2067
--         当前进度:  20 % - 求解线性方程组
Memory: 1935/1964 2037/2067
   2         6.5     4.2e+05   0.1000000         7.2    3    2    4    8e-12  3.8e-11
--         当前进度:  29 % - 组装稀疏模式
Memory: 1940/1964 2033/2067
--         当前进度:  29 % - 组装矩阵
Memory: 1944/1964 2040/2067
--         当前进度:  29 % - 矩阵分解
Memory: 1948/1967 2046/2067
   3       0.023     3.1e+07   1.0000000        0.73    4    3    6  1.6e-11  7.4e-14
---------  当前进度:  91 % - 组装矩阵
Memory: 1947/1967 2035/2067
---------  当前进度:  91 % - 正在组装残差
Memory: 1942/1980 2019/2069
   4      0.0073     6.1e+04   1.0000000        0.13    6    4    8  2.9e-12  5.2e-14
---------  当前进度:  91 % - 组装矩阵
Memory: 1971/1980 2050/2069
---------  当前进度:  91 % - 矩阵分解
Memory: 1975/1994 2054/2074
---------  当前进度:  91 % - 
Memory: 1943/1994 2019/2074
   5     0.00052     1.8e+03   1.0000000      0.0073    8    5   10  2.6e-11  2.1e-14
---------- 当前进度: 100 % - 
Memory: 1805/1994 1844/2074
求解时间：5 s。
物理内存: 1.99 GB
虚拟内存: 2.07 GB
结束时间：2026年8月9日 00:52:04。
----- N2 Stationary Flow | NUMERICAL_TEST_ONLY/解 4 (sol4) 中的“稳态求解器 1” --------->
           当前进度:   2 % - 生成方程
Memory: 1774/1994 1807/2074
           当前进度:   3 % - 生成方程
Memory: 1776/1994 1807/2074
<---- N2 Stationary Flow | NUMERICAL_TEST_ONLY/解 4 (sol4) 中的“编译方程: 稳态” ---------
开始于 2026年8月9日 00:52:08。
几何形函数: 线性拉格朗日单元
几何形函数: 线性拉格朗日单元
在 AMD64 Family 25 Model 80 Stepping 0, AuthenticAMD 上运行。
在以下位置使用 1 个插槽： Pokemon 上（共 8 个内核）。
可用内存：15.77 GB。
           当前进度:   5 % - 编译方程: 稳态
Memory: 1759/1994 1788/2074
           当前进度:   7 % - 编译方程: 稳态
           当前进度:   7 % - 正在创建可视化网格
时间：3。
物理内存: 1.78 GB
虚拟内存: 1.81 GB
结束时间：2026年8月9日 00:52:11。
----- N2 Stationary Flow | NUMERICAL_TEST_ONLY/解 4 (sol4) 中的“编译方程: 稳态” -------->
<---- N2 Stationary Flow | NUMERICAL_TEST_ONLY/解 4 (sol4) 中的“因变量 1” ------------
开始于 2026年8月9日 00:52:11。
           当前进度:   7 % - 因变量 1
求解时间：0 s。
物理内存: 1.76 GB
虚拟内存: 1.79 GB
结束时间：2026年8月9日 00:52:11。
----- N2 Stationary Flow | NUMERICAL_TEST_ONLY/解 4 (sol4) 中的“因变量 1” ----------->
<---- N2 Stationary Flow | NUMERICAL_TEST_ONLY/解 4 (sol4) 中的“稳态求解器 1” ----------
开始于 2026年8月9日 00:52:11。
非线性求解器
求解的自由度数：38733（加上 1 个内部自由度）。
-          当前进度:  12 % - 正在组装残差
Memory: 1751/1994 1780/2074
-          当前进度:  12 % - 组装矩阵
Memory: 1780/1994 1810/2074
找到非对称矩阵。
缩放因变量：
压力 (comp_n2_flow.p2): 0.51
速度场 (comp_n2_flow.u2): 1
常微分方程助变量 (comp_n2_flow.spf2.inlet_n2.Pinl): 0.19
已使用正交零空间函数。
-          当前进度:  12 % - 
Memory: 1796/1994 1826/2074
-          当前进度:  12 % - 矩阵分解
Memory: 1863/1994 1946/2074
Iter      SolEst      ResEst     Damping    Stepsize #Res #Jac #Sol   LinErr   LinRes
   1          73          36   0.0100000          73    2    1    2  5.9e-12  3.8e-11
--         当前进度:  20 % - 
Memory: 1922/1994 1988/2074
--         当前进度:  20 % - 组装矩阵
Memory: 1941/1994 2008/2074
--         当前进度:  20 % - 矩阵分解
Memory: 1852/1994 1886/2074
--         当前进度:  20 % - 正在组装残差
Memory: 1924/1994 1992/2074
   2         6.5     4.2e+05   0.1000000         7.2    3    2    4  8.6e-12  3.6e-11
--         当前进度:  29 % - 组装矩阵
Memory: 1943/1994 2011/2074
--         当前进度:  29 % - 求解线性方程组
Memory: 1945/1994 2014/2074
   3       0.066     2.7e+07   1.0000000        0.74    4    3    6  1.2e-11  9.7e-14
--------   当前进度:  87 % - 组装矩阵
Memory: 1943/1994 2011/2074
--------   当前进度:  87 % - 正在组装残差
Memory: 1944/1994 2013/2074
   4      0.0043     1.7e+06   1.0000000       0.052    5    4    8  6.2e-12  1.2e-13
---------  当前进度:  93 % - 组装矩阵
Memory: 1963/1994 2033/2074
---------  当前进度:  93 % - 正在组装残差
Memory: 1944/1994 2013/2074
   5       0.003     1.7e+04   1.0000000       0.024    7    5   10  3.9e-12  2.5e-14
---------  当前进度:  93 % - 组装矩阵
Memory: 1965/1994 2034/2074
---------  当前进度:  93 % - 矩阵分解
Memory: 1978/1997 2048/2074
   6      0.0004     1.4e+03   1.0000000       0.003    9    6   12  4.1e-11  2.9e-14
---------- 当前进度: 100 % - 
Memory: 1946/1997 2015/2074
求解时间：5 s。
物理内存: 2 GB
虚拟内存: 2.05 GB
结束时间：2026年8月9日 00:52:17。
----- N2 Stationary Flow | NUMERICAL_TEST_ONLY/解 4 (sol4) 中的“稳态求解器 1” --------->
           当前进度:   2 % - 生成方程
Memory: 1792/1997 1824/2074
           当前进度:   3 % - 生成方程
Memory: 1793/1997 1824/2074
<---- N2 Stationary Flow | NUMERICAL_TEST_ONLY/解 4 (sol4) 中的“编译方程: 稳态” ---------
开始于 2026年8月9日 00:52:20。
几何形函数: 线性拉格朗日单元
几何形函数: 线性拉格朗日单元
在 AMD64 Family 25 Model 80 Stepping 0, AuthenticAMD 上运行。
在以下位置使用 1 个插槽： Pokemon 上（共 8 个内核）。
可用内存：15.77 GB。
           当前进度:   7 % - 编译方程: 稳态
Memory: 1855/1997 1888/2074
           当前进度:   7 % - 正在创建可视化网格
Memory: 1856/1997 1888/2074
时间：3。
物理内存: 1.86 GB
虚拟内存: 1.89 GB
结束时间：2026年8月9日 00:52:23。
----- N2 Stationary Flow | NUMERICAL_TEST_ONLY/解 4 (sol4) 中的“编译方程: 稳态” -------->
<---- N2 Stationary Flow | NUMERICAL_TEST_ONLY/解 4 (sol4) 中的“因变量 1” ------------
开始于 2026年8月9日 00:52:23。
           当前进度:   7 % - 因变量 1
求解时间：0 s。
物理内存: 1.86 GB
虚拟内存: 1.89 GB
结束时间：2026年8月9日 00:52:23。
----- N2 Stationary Flow | NUMERICAL_TEST_ONLY/解 4 (sol4) 中的“因变量 1” ----------->
<---- N2 Stationary Flow | NUMERICAL_TEST_ONLY/解 4 (sol4) 中的“稳态求解器 1” ----------
开始于 2026年8月9日 00:52:23。
非线性求解器
求解的自由度数：38733（加上 1 个内部自由度）。
-          当前进度:  12 % - 
Memory: 1784/1997 1813/2074
-          当前进度:  12 % - 组装矩阵
Memory: 1801/1997 1831/2074
找到非对称矩阵。
缩放因变量：
压力 (comp_n2_flow.p2): 0.51
速度场 (comp_n2_flow.u2): 1
常微分方程助变量 (comp_n2_flow.spf2.inlet_n2.Pinl): 0.19
已使用正交零空间函数。
-          当前进度:  12 % - 矩阵分解
Memory: 1859/1997 1905/2074
Iter      SolEst      ResEst     Damping    Stepsize #Res #Jac #Sol   LinErr   LinRes
-          当前进度:  12 % - 求解线性方程组
Memory: 1960/1997 2027/2074
   1          74          63   0.0100000          75    2    1    2  8.5e-12  3.8e-11
--         当前进度:  20 % - 组装稀疏模式
Memory: 2002/2002 2078/2078
--         当前进度:  20 % - 组装矩阵
Memory: 1977/2011 2044/2078
--         当前进度:  20 % - 矩阵分解
Memory: 1886/2011 1936/2082
--         当前进度:  20 % - 正在组装残差
Memory: 1976/2011 2044/2082
   2         6.5     4.2e+05   0.1000000         7.3    3    2    4  1.1e-11  3.1e-11
--         当前进度:  29 % - 组装稀疏模式
Memory: 1999/2018 2068/2088
--         当前进度:  29 % - 组装矩阵
Memory: 1996/2018 2065/2088
--         当前进度:  29 % - 矩阵分解
Memory: 1989/2018 2059/2088
   3        0.14     2.1e+07   1.0000000        0.75    4    3    6  2.3e-11  1.2e-13
--------   当前进度:  83 % - 组装矩阵
Memory: 1995/2018 2065/2088
--------   当前进度:  83 % - 正在组装残差
Memory: 1976/2028 2045/2099
   4       0.014     2.6e+06   1.0000000         0.1    5    4    8  3.1e-12  2.2e-13
--------   当前进度:  88 % - 组装矩阵
Memory: 1995/2028 2065/2099
--------   当前进度:  88 % - 矩阵分解
Memory: 2009/2028 2079/2099
   5      0.0013     3.8e+05   1.0000000       0.013    6    5   10  4.1e-11  4.8e-14
---------  当前进度:  99 % - 组装矩阵
Memory: 1995/2028 2065/2099
---------  当前进度:  99 % - 正在组装残差
Memory: 1976/2028 2045/2099
   6      0.0023     7.6e+03   1.0000000       0.012    8    6   12  1.9e-12    3e-14
---------  当前进度:  99 % - 组装矩阵
Memory: 1995/2028 2065/2099
---------  当前进度:  99 % - 约束处理
Memory: 2017/2028 2099/2099
   7     0.00048     1.3e+03   1.0000000      0.0023   10    7   14  8.6e-12  1.3e-14
---------- 当前进度: 100 % - 
Memory: 1976/2028 2045/2099
求解时间：6 s。
物理内存: 2.03 GB
虚拟内存: 2.1 GB
结束时间：2026年8月9日 00:52:30。
----- N2 Stationary Flow | NUMERICAL_TEST_ONLY/解 4 (sol4) 中的“稳态求解器 1” --------->
           当前进度:   2 % - 生成方程
Memory: 1828/2028 1859/2099
           当前进度:   3 % - 生成方程
Memory: 1873/2028 1906/2099
<---- N2 Stationary Flow | NUMERICAL_TEST_ONLY/解 4 (sol4) 中的“编译方程: 稳态” ---------
开始于 2026年8月9日 00:52:33。
几何形函数: 线性拉格朗日单元
几何形函数: 线性拉格朗日单元
在 AMD64 Family 25 Model 80 Stepping 0, AuthenticAMD 上运行。
在以下位置使用 1 个插槽： Pokemon 上（共 8 个内核）。
可用内存：15.77 GB。
           当前进度:   4 % - 编译方程: 稳态
Memory: 1824/2028 1909/2099
           当前进度:   7 % - 编译方程: 稳态
Memory: 1824/2028 1910/2099
           当前进度:   7 % - 正在创建可视化网格
Memory: 1800/2028 1893/2099
时间：4。
物理内存: 1.87 GB
虚拟内存: 1.91 GB
结束时间：2026年8月9日 00:52:37。
----- N2 Stationary Flow | NUMERICAL_TEST_ONLY/解 4 (sol4) 中的“编译方程: 稳态” -------->
<---- N2 Stationary Flow | NUMERICAL_TEST_ONLY/解 4 (sol4) 中的“因变量 1” ------------
开始于 2026年8月9日 00:52:37。
           当前进度:   7 % - 因变量 1
Memory: 1796/2028 1893/2099
求解时间：0 s。
物理内存: 1.8 GB
虚拟内存: 1.89 GB
结束时间：2026年8月9日 00:52:37。
----- N2 Stationary Flow | NUMERICAL_TEST_ONLY/解 4 (sol4) 中的“因变量 1” ----------->
<---- N2 Stationary Flow | NUMERICAL_TEST_ONLY/解 4 (sol4) 中的“稳态求解器 1” ----------
开始于 2026年8月9日 00:52:37。
非线性求解器
求解的自由度数：38733（加上 1 个内部自由度）。
-          当前进度:  12 % - 正在组装残差
Memory: 1733/2028 1847/2099
-          当前进度:  12 % - 组装稀疏模式
Memory: 1551/2028 1892/2099
-          当前进度:  12 % - 组装矩阵
Memory: 1370/2028 1878/2099
找到非对称矩阵。
缩放因变量：
压力 (comp_n2_flow.p2): 0.51
速度场 (comp_n2_flow.u2): 1
常微分方程助变量 (comp_n2_flow.spf2.inlet_n2.Pinl): 0.19
已使用正交零空间函数。
-          当前进度:  12 % - 
Memory: 1186/2028 1924/2099
-          当前进度:  12 % - 矩阵分解
Memory: 980/2028 1962/2099
Iter      SolEst      ResEst     Damping    Stepsize #Res #Jac #Sol   LinErr   LinRes
   1          75          90   0.0100000          76    2    1    2  5.4e-12  3.9e-11
--         当前进度:  20 % - 
Memory: 979/2028 2064/2099
--         当前进度:  20 % - 组装稀疏模式
Memory: 896/2028 2099/2120
--         当前进度:  20 % - 组装矩阵
Memory: 931/2028 2084/2120
--         当前进度:  20 % - 约束处理
Memory: 947/2028 2094/2120
--         当前进度:  20 % - 矩阵分解
Memory: 866/2028 1975/2120
--         当前进度:  20 % - 正在组装残差
Memory: 939/2028 2077/2120
   2         6.6     4.1e+05   0.1000000         7.3    3    2    4  2.8e-11  2.9e-11
--         当前进度:  29 % - 组装矩阵
Memory: 945/2028 2076/2120
--         当前进度:  29 % - 求解线性方程组
Memory: 959/2028 2092/2120
   3        0.22     1.7e+07   1.0000000        0.75    4    3    6    1e-11  1.2e-13
--------   当前进度:  81 % - 组装矩阵
Memory: 950/2028 2076/2120
--------   当前进度:  81 % - 正在组装残差
Memory: 953/2028 2078/2120
   4       0.024     2.7e+06   1.0000000        0.14    5    4    8  5.5e-12  2.9e-13
--------   当前进度:  86 % - 组装矩阵
Memory: 973/2028 2098/2120
--------   当前进度:  86 % - 矩阵分解
Memory: 987/2028 2112/2132
   5      0.0024     5.4e+05   1.0000000       0.022    6    5   10  7.3e-12  3.8e-14
---------  当前进度:  96 % - 组装矩阵
Memory: 974/2028 2098/2132
---------  当前进度:  96 % - 正在组装残差
Memory: 956/2028 2078/2132
   6      0.0043     1.3e+04   1.0000000       0.018    8    6   12  9.1e-12    5e-14
---------  当前进度:  96 % - 组装矩阵
Memory: 975/2028 2098/2132
---------  当前进度:  96 % - 矩阵分解
Memory: 989/2028 2112/2132
   7       0.001     1.2e+04   1.0000000      0.0042    9    7   14  2.4e-12  1.9e-14
---------- 当前进度: 100 % - 组装矩阵
Memory: 977/2028 2098/2132
---------- 当前进度: 100 % - 正在组装残差
Memory: 959/2028 2078/2132
   8     0.00026     7.8e+02   1.0000000       0.001   11    8   16  7.4e-12  2.6e-14
---------- 当前进度: 100 % - 
Memory: 815/2028 1894/2132
求解时间：8 s。
物理内存: 1.78 GB
虚拟内存: 2.13 GB
结束时间：2026年8月9日 00:52:45。
----- N2 Stationary Flow | NUMERICAL_TEST_ONLY/解 4 (sol4) 中的“稳态求解器 1” --------->
---------- 当前进度: 100 % - 正在更新选择
Memory: 1481/2028 1957/2132
           当前进度:   0 % - 导入
Memory: 1481/2028 1955/2132
           当前进度:   0 % - 处理几何
Memory: 1482/2028 1955/2132
           当前进度:   0 % - 正在导入“STEP”
Header : Author::Unknown
Header : Authorization::Unknown
Header : Description::STEP AP203
Header : File Name::block_currentCollector_flowField_v03.2.1_20210525_STEP-AP203.STEP
Header : Implementation Level::1
Header : Organization::Unknown
Header : Originating System::SolidWorks 2022
Header : Preprocessor Version::SwSTEP 2.0
Header : Schema::CONFIG_CONTROL_DESIGN
Header : Time Stamp::2023-09-28T11:10:23
Begin CAD File Read 'F:/LiNRR_COMSOL/worktrees/LiNRR_M10A2/cad/raw/M10A0_2/block_currentCollector_flowField_v03.2.1_20210525_STEP-AP203.STEP'
  
      Summary of STEP Entities
  
Entity Type                                                   Count
-----------                                                   ------
advanced_brep_shape_representation .......................:   1
advanced_face ............................................:   135
application_context ......................................:   2
application_protocol_definition ..........................:   2
applied_approval_assignment ..............................:   3
applied_date_and_time_assignment .........................:   2
applied_person_and_organization_assignment ...............:   5
applied_security_classification_assignment ...............:   1
approval .................................................:   3
approval_date_time .......................................:   3
approval_person_organization .............................:   3
approval_role ............................................:   3
approval_status ..........................................:   3
axis2_placement_3d .......................................:   296
calendar_date ............................................:   5
cartesian_point ..........................................:   753
circle ...................................................:   160
closed_shell .............................................:   1
conical_surface ..........................................:   6
coordinated_universal_time_offset ........................:   5
cylindrical_surface ......................................:   78
date_and_time ............................................:   5
date_time_role ...........................................:   2
direction ................................................:   804
edge_curve ...............................................:   372
edge_loop ................................................:   167
face_bound ...............................................:   32
face_outer_bound .........................................:   135
geometric_representation_context_and_global_uncertainty_a :   1
length_unit_and_si_unit ..................................:   1
line .....................................................:   212
local_time ...............................................:   5
manifold_solid_brep ......................................:   1
organization .............................................:   1
oriented_edge ............................................:   744
person ...................................................:   1
person_and_organization ..................................:   8
person_and_organization_role .............................:   5
plane ....................................................:   51
plane_angle_unit_and_si_unit .............................:   1
product ..................................................:   1
product_context ..........................................:   1
product_definition .......................................:   1
product_definition_context ...............................:   1
product_definition_formation_with_specified_source .......:   1
product_definition_shape .................................:   1
product_related_product_category .........................:   1
security_classification ..................................:   1
security_classification_level ............................:   1
shape_definition_representation ..........................:   1
si_unit_and_solid_angle_unit .............................:   1
uncertainty_measure_with_unit ............................:   1
vector ...................urve ...............................
-----      当前进度:  50 % - 正在导入“STEP”
................:   372
edge_loop ................................................:   167
face_bound ...............................................:   32
face_outer_bound .........................................:   135
geometric_representation_context_and_global_uncertainty_a :   1
length_unit_and_si_unit ..................................:   1
line .....................................................:   212
local_time ...............................................:   5
manifold_solid_brep ......................................:   1
organization .............................................:   1
oriented_edge ............................................:   744
person ...................................................:   1
person_and_organization ..................................:   8
person_and_organization_role .............................:   5
plane ....................................................:   51
plane_angle_unit_and_si_unit .............................:   1
product ..................................................:   1
product_context ..........................................:   1
product_definition .......................................:   1
product_definition_context ...............................:   1
product_definition_formation_with_specified_source .......:   1
product_definition_shape .................................:   1
product_related_product_category .........................:   1
security_classification ..................................:   1
security_classification_level ............................:   1
shape_definition_representation ..........................:   1
si_unit_and_solid_angle_unit .............................:   1
uncertainty_measure_with_unit ............................:   1
vector ...................................................:   212
vertex_point .............................................:   245
                                                             -------
Total                                                         4487
--------   当前进度:  83 % - 正在应用变换
Memory: 1494/2028 1955/2132
           当前进度:   0 % - 旋转 2
Memory: 1496/2028 1955/2132
--         当前进度:  20 % - 移动
Memory: 1497/2028 1955/2132
---        当前进度:  39 % - 镜像
-----      当前进度:  59 % - 长方体
------     当前进度:  61 % - 差集
------     当前进度:  61 % - 执行布尔操作
Memory: 1499/2028 1955/2132
--------   当前进度:  80 % - 形成联合体
--------   当前进度:  80 % - 执行布尔操作
Memory: 1500/2028 1955/2132
---------- 当前进度: 100 % - 正在更新选择
---------- 当前进度: 100 % - 正在创建可视化网格
Memory: 1503/2028 1955/2132
           当前进度:   0 % - 自由四面体网格
Memory: 1428/2028 1821/2132
顶点单元数：148
边单元数：1156
边界单元数：2314
----       当前进度:  43 % - 正在创建初始四面体网格
Memory: 1433/2028 1821/2132
---------  当前进度:  96 % - 正在提高单元质量
Memory: 1434/2028 1821/2132
单元数：2376
最小单元质量：0.139
---------- 当前进度: 100 % - 正在定型网格
           当前进度:   2 % - 生成方程
Memory: 1471/2028 1847/2132
           当前进度:   3 % - 生成方程
Memory: 1520/2028 1883/2132
<---- 研究 2/解 5 (sol5) 中的“编译方程: 稳态” ---------------------------------------------
开始于 2026年8月9日 00:53:02。
几何形函数: 线性拉格朗日单元
几何形函数: 线性拉格朗日单元
几何形函数: 线性拉格朗日单元
在 AMD64 Family 25 Model 80 Stepping 0, AuthenticAMD 上运行。
在以下位置使用 1 个插槽： Pokemon 上（共 8 个内核）。
可用内存：15.77 GB。
           当前进度:   5 % - 编译方程: 稳态
Memory: 1542/2028 1882/2132
           当前进度:   7 % - 编译方程: 稳态
           当前进度:   7 % - 正在创建可视化网格
Memory: 1554/2028 1890/2132
时间：4。
物理内存: 1.62 GB
虚拟内存: 1.93 GB
结束时间：2026年8月9日 00:53:06。
----- 研究 2/解 5 (sol5) 中的“编译方程: 稳态” -------------------------------------------->
<---- 研究 2/解 5 (sol5) 中的“因变量 1” ------------------------------------------------
开始于 2026年8月9日 00:53:06。
           当前进度:   7 % - 因变量 1
Memory: 1619/2028 1892/2132
求解时间：0 s。
物理内存: 1.62 GB
虚拟内存: 1.89 GB
结束时间：2026年8月9日 00:53:06。
----- 研究 2/解 5 (sol5) 中的“因变量 1” ----------------------------------------------->
<---- 研究 2/解 5 (sol5) 中的“稳态求解器 1” ----------------------------------------------
开始于 2026年8月9日 00:53:06。
非线性求解器
求解的自由度数：5017（加上 1 个内部自由度）。
找到非对称矩阵。
缩放因变量：
压力 (comp_h2_flow.pH2): 0.3
速度场 (comp_h2_flow.u3): 1
常微分方程助变量 (comp_h2_flow.spf3.in_h2.Pinl): 0.02
已使用正交零空间函数。
Iter      SolEst      ResEst     Damping    Stepsize #Res #Jac #Sol   LinErr   LinRes
-          当前进度:  12 % - 正在组装残差
Memory: 1635/2028 1893/2132
   1          73          14   0.0100000          74    2    1    2  5.6e-12  4.9e-11
   2         6.6     2.2e+05   0.1000000         7.3    3    2    4  2.5e-11  2.8e-11
--         当前进度:  29 % - 组装稀疏模式
Memory: 1647/2028 1893/2132
   3       0.044     1.7e+07   1.0000000        0.72    4    3    6  5.5e-12  1.3e-14
   4      0.0017     1.3e+06   1.0000000       0.036    5    4    8  6.6e-12  7.9e-15
   5     0.00043     1.4e+03   1.0000000      0.0051    7    5   10  1.9e-11  1.1e-14
---------- 当前进度: 100 % - 
Memory: 1651/2028 1894/2132
求解时间：1 s。
物理内存: 1.65 GB
虚拟内存: 1.89 GB
结束时间：2026年8月9日 00:53:08。
----- 研究 2/解 5 (sol5) 中的“稳态求解器 1” --------------------------------------------->

/***************/
/*****错误********/
/***************/
运行 Java 类时出错。
未知选择。
 - 标记: sel_bnd_h2_inlet
未知选择。
 - 类: LiNRR_M10A2_SSC_Pipe_Wetting
总时间: 163 s.
