*******************************************
***COMSOL 6.4.0.293 progress output file***
*******************************************
Sun Aug 09 00:06:06 CST 2026
COMSOL Multiphysics 6.4 (开发版本: 293) 在批处理模式下启动
正在运行: F:\LiNRR_COMSOL\worktrees\LiNRR_M10A2\src\java\LiNRR_M10A1_1_VariableProbe.class

/***************/
/*****错误********/
/***************/
运行 Java 类时出错。
无法计算表达式。
未定义变量。
 - 变量: spf_liq.T_stressx
 - 几何: geom_electrolyte_fluid
 - 边界: 73-87
无法计算表达式。
 - 表达式: real(spf_liq.T_stressx)
无法计算表达式。
 - 表达式: real(spf_liq.T_stressx)
 - 特征: 表面最大值 1
无法计算表达式。
 - 类: LiNRR_M10A1_1_VariableProbe
总时间: 28 s.
