*******************************************
***COMSOL 6.4.0.293 progress output file***
*******************************************
Sun Aug 09 01:50:28 CST 2026
COMSOL Multiphysics 6.4 (开发版本: 293) 在批处理模式下启动
正在运行: F:\LiNRR_COMSOL\worktrees\LiNRR_M10A2\src\java\LiNRR_M10A2_SSC_Pipe_Wetting.class
---------- 当前进度: 100 % - 正在分析几何
Memory: 742/743 778/778
---------- 当前进度: 100 % - 正在更新选择
Memory: 738/763 772/797
           当前进度:   0 % - Cathode 316L 500-mesh SSC | homogenized physical domain
Memory: 746/763 781/797
           当前进度:   7 % - Anode PtAu/316L 500-mesh SSC | homogenized physical domain
Memory: 730/763 763/797
-          当前进度:  14 % - 工作平面
Memory: 730/763 762/797
-          当前进度:  14 % - 正方形
-          当前进度:  15 % - 正方形 2
Memory: 730/763 763/797
-          当前进度:  17 % - 差集
--         当前进度:  28 % - 解析域和空区域
Memory: 731/763 763/797
---        当前进度:  31 % - 形成联合体
Memory: 732/763 763/797
---        当前进度:  31 % - 执行布尔操作
Memory: 736/763 765/797
---------- 当前进度: 100 % - 正在更新选择
Memory: 736/763 764/797
---------- 当前进度: 100 % - 正在创建可视化网格
Memory: 691/763 740/797
           当前进度:   2 % - 生成方程
Memory: 741/763 776/797
           当前进度:   3 % - 生成方程
Memory: 803/860 838/895
<---- Liquid Stationary Flow | NUMERICAL_TEST_ONLY/解 3 (sol3) 中的“编译方程: 稳态” -----
开始于 2026年8月9日 01:51:06。
几何形函数: 线性拉格朗日单元
几何形函数: 线性拉格朗日单元
在 AMD64 Family 25 Model 80 Stepping 0, AuthenticAMD 上运行。
在以下位置使用 1 个插槽： Pokemon 上（共 8 个内核）。
可用内存：15.77 GB。
           当前进度:   7 % - 编译方程: 稳态
Memory: 1289/1293 1346/1354
           当前进度:   3 % - 正在创建可视化网格
Memory: 1353/1353 1384/1384
           当前进度:   7 % - 正在创建可视化网格
Memory: 1352/1353 1382/1384
时间：5。
物理内存: 1.35 GB
虚拟内存: 1.38 GB
结束时间：2026年8月9日 01:51:11。
----- Liquid Stationary Flow | NUMERICAL_TEST_ONLY/解 3 (sol3) 中的“编译方程: 稳态” ---->
<---- Liquid Stationary Flow | NUMERICAL_TEST_ONLY/解 3 (sol3) 中的“因变量 1” --------
开始于 2026年8月9日 01:51:11。
           当前进度:   7 % - 因变量 1
Memory: 1343/1353 1416/1416
求解时间：0 s。
物理内存: 1.34 GB
虚拟内存: 1.42 GB
结束时间：2026年8月9日 01:51:11。
----- Liquid Stationary Flow | NUMERICAL_TEST_ONLY/解 3 (sol3) 中的“因变量 1” ------->
<---- Liquid Stationary Flow | NUMERICAL_TEST_ONLY/解 3 (sol3) 中的“稳态求解器 1” ------
开始于 2026年8月9日 01:51:11。
-          当前进度:  12 % - 稳态求解器 1
Memory: 1352/1361 1420/1430
非线性求解器
求解的自由度数：15665（加上 1 个内部自由度）。
-          当前进度:  12 % - 组装矩阵
Memory: 1428/1428 1460/1473
找到非对称矩阵。
缩放因变量：
压力 (comp_electrolyte_flow.p): 0.031
速度场 (comp_electrolyte_flow.u): 1
常微分方程助变量 (comp_electrolyte_flow.spf.inlet_liq.Pinl): 0.46
已使用正交零空间函数。
Iter      SolEst      ResEst     Damping    Stepsize #Res #Jac #Sol   LinErr   LinRes
-          当前进度:  12 % - 正在组装残差
Memory: 1463/1471 1501/1510
   1          11     4.5e+03   0.0100000          11    2    1    2    2e-11  1.6e-10
--         当前进度:  20 % - 组装矩阵
Memory: 1514/1514 1549/1549
   2         6.4     7.1e+05   0.1000000         7.1    3    2    4  2.3e-11  4.6e-11
--         当前进度:  29 % - 组装稀疏模式
Memory: 1524/1534 1554/1567
   3       0.045     4.8e+07   1.0000000        0.73    4    3    6  1.6e-11  1.4e-13
--------   当前进度:  88 % - 
Memory: 1534/1544 1568/1578
   4      0.0014     5.8e+06   1.0000000       0.035    5    4    8  2.3e-11  1.1e-13
---------  当前进度:  99 % - 组装矩阵
Memory: 1533/1544 1566/1578
   5      0.0019       5e+04   1.0000000       0.015    7    5   10  8.6e-12  5.5e-14
   6     0.00013     2.7e+03   1.0000000      0.0019    9    6   12  5.5e-12  2.6e-14
---------- 当前进度: 100 % - 
Memory: 1505/1544 1529/1578
求解时间：3 s。
物理内存: 1.54 GB
虚拟内存: 1.58 GB
结束时间：2026年8月9日 01:51:15。
----- Liquid Stationary Flow | NUMERICAL_TEST_ONLY/解 3 (sol3) 中的“稳态求解器 1” ----->
           当前进度:   2 % - 生成方程
Memory: 1347/1544 1365/1578
           当前进度:   3 % - 生成方程
Memory: 1348/1544 1366/1578
<---- Liquid Stationary Flow | NUMERICAL_TEST_ONLY/解 3 (sol3) 中的“编译方程: 稳态” -----
开始于 2026年8月9日 01:51:19。
几何形函数: 线性拉格朗日单元
几何形函数: 线性拉格朗日单元
在 AMD64 Family 25 Model 80 Stepping 0, AuthenticAMD 上运行。
在以下位置使用 1 个插槽： Pokemon 上（共 8 个内核）。
可用内存：15.77 GB。
           当前进度:   7 % - 编译方程: 稳态
Memory: 1402/1544 1423/1578
           当前进度:   7 % - 正在创建可视化网格
Memory: 1443/1544 1463/1578
时间：4。
物理内存: 1.45 GB
虚拟内存: 1.47 GB
结束时间：2026年8月9日 01:51:22。
----- Liquid Stationary Flow | NUMERICAL_TEST_ONLY/解 3 (sol3) 中的“编译方程: 稳态” ---->
<---- Liquid Stationary Flow | NUMERICAL_TEST_ONLY/解 3 (sol3) 中的“因变量 1” --------
开始于 2026年8月9日 01:51:22。
           当前进度:   7 % - 因变量 1
Memory: 1452/1544 1472/1578
求解时间：0 s。
物理内存: 1.45 GB
虚拟内存: 1.47 GB
结束时间：2026年8月9日 01:51:22。
----- Liquid Stationary Flow | NUMERICAL_TEST_ONLY/解 3 (sol3) 中的“因变量 1” ------->
<---- Liquid Stationary Flow | NUMERICAL_TEST_ONLY/解 3 (sol3) 中的“稳态求解器 1” ------
开始于 2026年8月9日 01:51:22。
非线性求解器
求解的自由度数：15665（加上 1 个内部自由度）。
-          当前进度:  12 % - 组装矩阵
Memory: 1426/1544 1444/1578
找到非对称矩阵。
缩放因变量：
压力 (comp_electrolyte_flow.p): 0.031
速度场 (comp_electrolyte_flow.u): 1
常微分方程助变量 (comp_electrolyte_flow.spf.inlet_liq.Pinl): 0.46
已使用正交零空间函数。
Iter      SolEst      ResEst     Damping    Stepsize #Res #Jac #Sol   LinErr   LinRes
   1          20       9e+03   0.0100000          21    2    1    2  2.9e-11  1.5e-10
--         当前进度:  20 % - 组装矩阵
Memory: 1428/1544 1463/1578
   2         6.5     7.1e+05   0.1000000         7.2    3    2    4  3.9e-11    3e-11
--         当前进度:  29 % - 组装稀疏模式
Memory: 1458/1544 1503/1578
   3        0.12     3.7e+07   1.0000000        0.73    4    3    6  4.5e-12  2.6e-13
--------   当前进度:  84 % - 组装矩阵
Memory: 1466/1544 1523/1578
   4      0.0016     1.2e+07   1.0000000       0.075    5    4    8  1.8e-11  3.7e-14
---------  当前进度:  98 % - 组装矩阵
Memory: 1468/1544 1523/1578
   5       0.001     1.3e+06   1.0000000      0.0013    6    5   10  2.3e-11  6.4e-14
---------- 当前进度: 100 % - 正在组装残差
   6      0.0015     3.5e+04   1.0000000        0.01    8    6   12  5.7e-12  3.3e-14
   7      0.0002     3.1e+03   1.0000000      0.0015   10    7   14  3.5e-11  6.9e-14
---------- 当前进度: 100 % - 
Memory: 1441/1544 1489/1578
求解时间：2 s。
物理内存: 1.47 GB
虚拟内存: 1.52 GB
结束时间：2026年8月9日 01:51:25。
----- Liquid Stationary Flow | NUMERICAL_TEST_ONLY/解 3 (sol3) 中的“稳态求解器 1” ----->
           当前进度:   2 % - 生成方程
Memory: 1438/1544 1483/1578
           当前进度:   3 % - 生成方程
Memory: 1460/1544 1500/1578
<---- Liquid Stationary Flow | NUMERICAL_TEST_ONLY/解 3 (sol3) 中的“编译方程: 稳态” -----
开始于 2026年8月9日 01:51:29。
几何形函数: 线性拉格朗日单元
几何形函数: 线性拉格朗日单元
在 AMD64 Family 25 Model 80 Stepping 0, AuthenticAMD 上运行。
在以下位置使用 1 个插槽： Pokemon 上（共 8 个内核）。
可用内存：15.77 GB。
           当前进度:   4 % - 编译方程: 稳态
Memory: 1432/1544 1470/1578
           当前进度:   7 % - 编译方程: 稳态
           当前进度:   7 % - 正在创建可视化网格
Memory: 1438/1544 1476/1578
时间：3。
物理内存: 1.46 GB
虚拟内存: 1.5 GB
结束时间：2026年8月9日 01:51:32。
----- Liquid Stationary Flow | NUMERICAL_TEST_ONLY/解 3 (sol3) 中的“编译方程: 稳态” ---->
<---- Liquid Stationary Flow | NUMERICAL_TEST_ONLY/解 3 (sol3) 中的“因变量 1” --------
开始于 2026年8月9日 01:51:32。
           当前进度:   7 % - 因变量 1
Memory: 1440/1544 1478/1578
求解时间：0 s。
物理内存: 1.44 GB
虚拟内存: 1.48 GB
结束时间：2026年8月9日 01:51:32。
----- Liquid Stationary Flow | NUMERICAL_TEST_ONLY/解 3 (sol3) 中的“因变量 1” ------->
<---- Liquid Stationary Flow | NUMERICAL_TEST_ONLY/解 3 (sol3) 中的“稳态求解器 1” ------
开始于 2026年8月9日 01:51:32。
非线性求解器
求解的自由度数：15665（加上 1 个内部自由度）。
-          当前进度:  12 % - 组装矩阵
Memory: 1426/1544 1463/1578
找到非对称矩阵。
缩放因变量：
压力 (comp_electrolyte_flow.p): 0.031
速度场 (comp_electrolyte_flow.u): 1
常微分方程助变量 (comp_electrolyte_flow.spf.inlet_liq.Pinl): 0.46
已使用正交零空间函数。
Iter      SolEst      ResEst     Damping    Stepsize #Res #Jac #Sol   LinErr   LinRes
   1          36     1.8e+04   0.0100000          36    2    1    2  3.8e-11  1.8e-10
--         当前进度:  20 % - 
Memory: 1462/1544 1501/1578
--         当前进度:  20 % - 约束处理
Memory: 1512/1544 1554/1578
   2         6.6     6.8e+05   0.1000000         7.3    3    2    4  5.4e-12  2.1e-11
--         当前进度:  29 % - 组装矩阵
Memory: 1525/1544 1564/1581
   3        0.25     2.5e+07   1.0000000        0.73    4    3    6  1.1e-11  4.1e-13
--------   当前进度:  80 % - 组装矩阵
Memory: 1519/1544 1558/1581
   4      0.0041     1.6e+07   1.0000000        0.14    5    4    8  1.3e-12  3.1e-14
---------  当前进度:  95 % - 组装矩阵
Memory: 1521/1544 1558/1581
   5      0.0041     3.7e+06   1.0000000      0.0041    6    5   10  8.9e-12  1.3e-13
   6       0.016     1.7e+05   1.0000000        0.05    8    6   12  1.1e-12  8.3e-14
   7      0.0037     1.3e+05   1.0000000       0.013    9    7   14  2.8e-11  9.1e-14
   8       0.001     2.9e+04   1.0000000      0.0038   10    8   16  2.3e-11  1.6e-13
---------- 当前进度: 100 % - 约束处理
Memory: 1525/1544 1553/1581
   9     0.00031     2.9e+03   1.0000000       0.001   12    9   18    4e-12  3.4e-14
---------- 当前进度: 100 % - 
Memory: 1500/1544 1551/1598
求解时间：3 s。
物理内存: 1.53 GB
虚拟内存: 1.6 GB
结束时间：2026年8月9日 01:51:36。
----- Liquid Stationary Flow | NUMERICAL_TEST_ONLY/解 3 (sol3) 中的“稳态求解器 1” ----->
           当前进度:   2 % - 生成方程
Memory: 1484/1544 1535/1598
           当前进度:   3 % - 生成方程
<---- Liquid Stationary Flow | NUMERICAL_TEST_ONLY/解 3 (sol3) 中的“编译方程: 稳态” -----
开始于 2026年8月9日 01:51:39。
几何形函数: 线性拉格朗日单元
几何形函数: 线性拉格朗日单元
在 AMD64 Family 25 Model 80 Stepping 0, AuthenticAMD 上运行。
在以下位置使用 1 个插槽： Pokemon 上（共 8 个内核）。
可用内存：15.77 GB。
           当前进度:   5 % - 编译方程: 稳态
Memory: 1488/1544 1539/1598
           当前进度:   7 % - 编译方程: 稳态
           当前进度:   7 % - 正在创建可视化网格
时间：3。
物理内存: 1.49 GB
虚拟内存: 1.54 GB
结束时间：2026年8月9日 01:51:42。
----- Liquid Stationary Flow | NUMERICAL_TEST_ONLY/解 3 (sol3) 中的“编译方程: 稳态” ---->
<---- Liquid Stationary Flow | NUMERICAL_TEST_ONLY/解 3 (sol3) 中的“因变量 1” --------
开始于 2026年8月9日 01:51:42。
           当前进度:   7 % - 因变量 1
Memory: 1449/1544 1500/1598
求解时间：0 s。
物理内存: 1.49 GB
虚拟内存: 1.54 GB
结束时间：2026年8月9日 01:51:42。
----- Liquid Stationary Flow | NUMERICAL_TEST_ONLY/解 3 (sol3) 中的“因变量 1” ------->
<---- Liquid Stationary Flow | NUMERICAL_TEST_ONLY/解 3 (sol3) 中的“稳态求解器 1” ------
开始于 2026年8月9日 01:51:42。
非线性求解器
求解的自由度数：15665（加上 1 个内部自由度）。
-          当前进度:  12 % - 组装矩阵
Memory: 1457/1544 1507/1598
找到非对称矩阵。
缩放因变量：
压力 (comp_electrolyte_flow.p): 0.031
速度场 (comp_electrolyte_flow.u): 1
常微分方程助变量 (comp_electrolyte_flow.spf.inlet_liq.Pinl): 0.46
已使用正交零空间函数。
Iter      SolEst      ResEst     Damping    Stepsize #Res #Jac #Sol   LinErr   LinRes
   1          66     4.5e+04   0.0100000          66    2    1    2  2.8e-12  1.6e-10
--         当前进度:  20 % - 
Memory: 1490/1544 1548/1598
--         当前进度:  20 % - 组装矩阵
Memory: 1502/1544 1560/1598
   2         6.7       6e+05   0.1000000         7.4    3    2    4  2.2e-11  1.5e-11
--         当前进度:  29 % - 组装稀疏模式
Memory: 1515/1544 1573/1598
   3        0.48     1.2e+07   1.0000000        0.73    4    3    6  6.1e-12  7.5e-13
-------    当前进度:  76 % - 组装矩阵
Memory: 1518/1544 1578/1598
   4       0.012     1.2e+07   1.0000000        0.26    5    4    8  3.8e-12  5.4e-14
---------  当前进度:  92 % - 组装矩阵
   5      0.0098     9.4e+06   0.3221231      0.0098    7    5   11  1.6e-11  2.5e-14
---------  当前进度:  92 % - 求解线性方程组
Memory: 1518/1544 1573/1598
---------  当前进度:  92 % - 正在组装残差
Memory: 1516/1544 1553/1598
   6       0.011     9.4e+06   0.7500000      0.0094   19    6   24  2.6e-12    9e-14
---------  当前进度:  92 % - 组装矩阵
Memory: 1516/1544 1545/1598
   7      0.0049     9.6e+05   1.0000000        0.01   20    7   26  5.4e-12  2.8e-13
   8      0.0016     2.8e+05   1.0000000      0.0048   21    8   28  9.4e-12  3.5e-13
---------  当前进度:  97 % - 
Memory: 1517/1544 1545/1598
   9      0.0026     3.7e+04   1.0000000      0.0063   23    9   30  1.5e-11  6.5e-13
---------  当前进度:  97 % - 组装矩阵
Memory: 1516/1544 1541/1598
  10       0.001     3.8e+04   1.0000000      0.0026   24   10   32  3.7e-11  2.3e-13
---------- 当前进度: 100 % - 矩阵分解
Memory: 1519/1544 1544/1598
  11     0.00045     5.3e+03   1.0000000       0.001   26   11   34  1.4e-12  1.9e-13
---------- 当前进度: 100 % - 
Memory: 1488/1544 1511/1598
求解时间：4 s。
物理内存: 1.52 GB
虚拟内存: 1.58 GB
结束时间：2026年8月9日 01:51:46。
----- Liquid Stationary Flow | NUMERICAL_TEST_ONLY/解 3 (sol3) 中的“稳态求解器 1” ----->
           当前进度:   2 % - 生成方程
Memory: 1489/1544 1511/1598
           当前进度:   3 % - 生成方程
Memory: 1490/1544 1511/1598
<---- Liquid Stationary Flow | NUMERICAL_TEST_ONLY/解 3 (sol3) 中的“编译方程: 稳态” -----
开始于 2026年8月9日 01:51:50。
几何形函数: 线性拉格朗日单元
几何形函数: 线性拉格朗日单元
在 AMD64 Family 25 Model 80 Stepping 0, AuthenticAMD 上运行。
在以下位置使用 1 个插槽： Pokemon 上（共 8 个内核）。
可用内存：15.77 GB。
           当前进度:   5 % - 编译方程: 稳态
Memory: 1483/1544 1504/1598
           当前进度:   7 % - 编译方程: 稳态
           当前进度:   7 % - 正在创建可视化网格
Memory: 1486/1544 1507/1598
时间：3。
物理内存: 1.49 GB
虚拟内存: 1.51 GB
结束时间：2026年8月9日 01:51:53。
----- Liquid Stationary Flow | NUMERICAL_TEST_ONLY/解 3 (sol3) 中的“编译方程: 稳态” ---->
<---- Liquid Stationary Flow | NUMERICAL_TEST_ONLY/解 3 (sol3) 中的“因变量 1” --------
开始于 2026年8月9日 01:51:53。
           当前进度:   7 % - 因变量 1
Memory: 1474/1544 1496/1598
求解时间：0 s。
物理内存: 1.49 GB
虚拟内存: 1.51 GB
结束时间：2026年8月9日 01:51:53。
----- Liquid Stationary Flow | NUMERICAL_TEST_ONLY/解 3 (sol3) 中的“因变量 1” ------->
<---- Liquid Stationary Flow | NUMERICAL_TEST_ONLY/解 3 (sol3) 中的“稳态求解器 1” ------
开始于 2026年8月9日 01:51:53。
非线性求解器
求解的自由度数：15665（加上 1 个内部自由度）。
-          当前进度:  12 % - 组装矩阵
Memory: 1471/1544 1492/1598
找到非对称矩阵。
缩放因变量：
压力 (comp_electrolyte_flow.p): 0.031
速度场 (comp_electrolyte_flow.u): 1
常微分方程助变量 (comp_electrolyte_flow.spf.inlet_liq.Pinl): 0.46
已使用正交零空间函数。
Iter      SolEst      ResEst     Damping    Stepsize #Res #Jac #Sol   LinErr   LinRes
   1          20       9e+03   0.0100000          21    2    1    2  9.6e-12  1.8e-10
--         当前进度:  20 % - 组装稀疏模式
Memory: 1504/1544 1532/1598
--         当前进度:  20 % - 正在组装残差
Memory: 1521/1544 1553/1598
   2         6.5     7.1e+05   0.1000000         7.2    3    2    4  4.1e-11  2.7e-11
--         当前进度:  29 % - 约束处理
Memory: 1525/1545 1558/1598
   3        0.12     3.7e+07   1.0000000        0.73    4    3    6  3.1e-12  2.7e-13
--------   当前进度:  84 % - 正在组装残差
Memory: 1528/1545 1558/1598
   4      0.0016     1.2e+07   1.0000000       0.075    5    4    8  1.2e-11  3.2e-14
   5       0.001     1.3e+06   1.0000000      0.0013    6    5   10  1.2e-11  6.9e-14
---------- 当前进度: 100 % - 组装矩阵
   6      0.0015     3.5e+04   1.0000000        0.01    8    6   12  1.2e-11  3.3e-14
   7      0.0002     3.1e+03   1.0000000      0.0015   10    7   14  4.2e-11  7.3e-14
---------- 当前进度: 100 % - 
Memory: 1502/1545 1523/1598
求解时间：2 s。
物理内存: 1.54 GB
虚拟内存: 1.56 GB
结束时间：2026年8月9日 01:51:55。
----- Liquid Stationary Flow | NUMERICAL_TEST_ONLY/解 3 (sol3) 中的“稳态求解器 1” ----->
           当前进度:   2 % - 生成方程
           当前进度:   3 % - 生成方程
Memory: 1438/1545 1463/1598
<---- N2 Stationary Flow | NUMERICAL_TEST_ONLY/解 4 (sol4) 中的“编译方程: 稳态” ---------
开始于 2026年8月9日 01:51:59。
几何形函数: 线性拉格朗日单元
几何形函数: 线性拉格朗日单元
在 AMD64 Family 25 Model 80 Stepping 0, AuthenticAMD 上运行。
在以下位置使用 1 个插槽： Pokemon 上（共 8 个内核）。
可用内存：15.77 GB。
           当前进度:   7 % - 编译方程: 稳态
Memory: 1482/1545 1505/1598
           当前进度:   7 % - 正在创建可视化网格
Memory: 1488/1545 1511/1598
时间：3。
物理内存: 1.49 GB
虚拟内存: 1.51 GB
结束时间：2026年8月9日 01:52:02。
----- N2 Stationary Flow | NUMERICAL_TEST_ONLY/解 4 (sol4) 中的“编译方程: 稳态” -------->
<---- N2 Stationary Flow | NUMERICAL_TEST_ONLY/解 4 (sol4) 中的“因变量 1” ------------
开始于 2026年8月9日 01:52:02。
           当前进度:   7 % - 因变量 1
Memory: 1477/1545 1500/1598
求解时间：0 s。
物理内存: 1.48 GB
虚拟内存: 1.5 GB
结束时间：2026年8月9日 01:52:02。
----- N2 Stationary Flow | NUMERICAL_TEST_ONLY/解 4 (sol4) 中的“因变量 1” ----------->
<---- N2 Stationary Flow | NUMERICAL_TEST_ONLY/解 4 (sol4) 中的“稳态求解器 1” ----------
开始于 2026年8月9日 01:52:02。
非线性求解器
求解的自由度数：38733（加上 1 个内部自由度）。
-          当前进度:  12 % - 组装稀疏模式
Memory: 1500/1545 1520/1598
-          当前进度:  12 % - 组装矩阵
Memory: 1529/1554 1550/1598
找到非对称矩阵。
缩放因变量：
压力 (comp_n2_flow.p2): 0.51
速度场 (comp_n2_flow.u2): 1
常微分方程助变量 (comp_n2_flow.spf2.inlet_n2.Pinl): 0.19
已使用正交零空间函数。
-          当前进度:  12 % - 矩阵分解
Memory: 1611/1611 1686/1686
Iter      SolEst      ResEst     Damping    Stepsize #Res #Jac #Sol   LinErr   LinRes
   1          64          19   0.0100000          65    2    1    2  8.2e-13  3.6e-11
--         当前进度:  20 % - 组装稀疏模式
Memory: 1691/1703 1786/1799
--         当前进度:  20 % - 组装矩阵
Memory: 1737/1737 1838/1838
--         当前进度:  20 % - 矩阵分解
Memory: 1683/1797 1766/1901
--         当前进度:  20 % - 正在组装残差
Memory: 1774/1797 1875/1901
   2         6.5     4.2e+05   0.1000000         7.2    3    2    4    3e-11  3.7e-11
--         当前进度:  29 % - 组装矩阵
Memory: 1765/1801 1857/1901
--         当前进度:  29 % - 矩阵分解
Memory: 1801/1819 1897/1915
   3       0.023     3.1e+07   1.0000000        0.73    4    3    6  1.6e-11  7.8e-14
---------  当前进度:  91 % - 组装矩阵
Memory: 1793/1819 1877/1915
---------  当前进度:  91 % - 矩阵分解
Memory: 1809/1827 1893/1915
   4      0.0073     6.1e+04   1.0000000        0.13    6    4    8  2.4e-11  4.9e-14
---------  当前进度:  91 % - 
Memory: 1790/1827 1869/1915
---------  当前进度:  91 % - 组装矩阵
Memory: 1837/1837 1916/1916
---------  当前进度:  91 % - 求解线性方程组
Memory: 1818/1849 1892/1928
   5     0.00052     1.8e+03   1.0000000      0.0073    8    5   10  3.1e-11  2.1e-14
---------- 当前进度: 100 % - 
Memory: 1671/1849 1704/1928
求解时间：4 s。
物理内存: 1.85 GB
虚拟内存: 1.93 GB
结束时间：2026年8月9日 01:52:06。
----- N2 Stationary Flow | NUMERICAL_TEST_ONLY/解 4 (sol4) 中的“稳态求解器 1” --------->
           当前进度:   2 % - 生成方程
Memory: 1672/1849 1706/1928
           当前进度:   3 % - 生成方程
Memory: 1673/1849 1707/1928
<---- N2 Stationary Flow | NUMERICAL_TEST_ONLY/解 4 (sol4) 中的“编译方程: 稳态” ---------
开始于 2026年8月9日 01:52:10。
几何形函数: 线性拉格朗日单元
几何形函数: 线性拉格朗日单元
在 AMD64 Family 25 Model 80 Stepping 0, AuthenticAMD 上运行。
在以下位置使用 1 个插槽： Pokemon 上（共 8 个内核）。
可用内存：15.77 GB。
           当前进度:   4 % - 编译方程: 稳态
Memory: 1649/1849 1677/1928
           当前进度:   7 % - 编译方程: 稳态
           当前进度:   7 % - 正在创建可视化网格
时间：3。
物理内存: 1.68 GB
虚拟内存: 1.72 GB
结束时间：2026年8月9日 01:52:13。
----- N2 Stationary Flow | NUMERICAL_TEST_ONLY/解 4 (sol4) 中的“编译方程: 稳态” -------->
<---- N2 Stationary Flow | NUMERICAL_TEST_ONLY/解 4 (sol4) 中的“因变量 1” ------------
开始于 2026年8月9日 01:52:13。
           当前进度:   7 % - 因变量 1
求解时间：0 s。
物理内存: 1.65 GB
虚拟内存: 1.68 GB
结束时间：2026年8月9日 01:52:13。
----- N2 Stationary Flow | NUMERICAL_TEST_ONLY/解 4 (sol4) 中的“因变量 1” ----------->
<---- N2 Stationary Flow | NUMERICAL_TEST_ONLY/解 4 (sol4) 中的“稳态求解器 1” ----------
开始于 2026年8月9日 01:52:13。
非线性求解器
求解的自由度数：38733（加上 1 个内部自由度）。
-          当前进度:  12 % - 
Memory: 1634/1849 1661/1928
-          当前进度:  12 % - 组装矩阵
Memory: 1643/1849 1671/1928
找到非对称矩阵。
缩放因变量：
压力 (comp_n2_flow.p2): 0.51
速度场 (comp_n2_flow.u2): 1
常微分方程助变量 (comp_n2_flow.spf2.inlet_n2.Pinl): 0.19
已使用正交零空间函数。
-          当前进度:  12 % - 矩阵分解
Memory: 1719/1849 1762/1928
Iter      SolEst      ResEst     Damping    Stepsize #Res #Jac #Sol   LinErr   LinRes
-          当前进度:  12 % - 正在组装残差
Memory: 1785/1849 1849/1928
   1          73          36   0.0100000          73    2    1    2  1.7e-11  3.8e-11
--         当前进度:  20 % - 组装矩阵
Memory: 1805/1850 1869/1928
--         当前进度:  20 % - 矩阵分解
Memory: 1744/1850 1790/1928
--         当前进度:  20 % - 正在组装残差
Memory: 1816/1850 1883/1928
   2         6.5     4.2e+05   0.1000000         7.2    3    2    4    3e-11  3.7e-11
--         当前进度:  29 % - 组装矩阵
Memory: 1815/1850 1882/1928
--         当前进度:  29 % - 求解线性方程组
Memory: 1820/1850 1888/1928
   3       0.066     2.7e+07   1.0000000        0.74    4    3    6  2.9e-11    1e-13
--------   当前进度:  87 % - 组装矩阵
Memory: 1815/1850 1882/1928
   4      0.0043     1.7e+06   1.0000000       0.052    5    4    8    4e-11  1.2e-13
---------  当前进度:  93 % - 组装矩阵
Memory: 1836/1850 1905/1928
---------  当前进度:  93 % - 正在组装残差
Memory: 1816/1850 1885/1928
   5       0.003     1.7e+04   1.0000000       0.024    7    5   10  1.6e-11  2.6e-14
---------  当前进度:  93 % - 组装矩阵
Memory: 1836/1850 1905/1928
---------  当前进度:  93 % - 求解线性方程组
Memory: 1807/1858 1874/1929
   6      0.0004     1.4e+03   1.0000000       0.003    9    6   12  2.1e-11  2.8e-14
---------- 当前进度: 100 % - 
Memory: 1670/1858 1701/1929
求解时间：5 s。
物理内存: 1.86 GB
虚拟内存: 1.93 GB
结束时间：2026年8月9日 01:52:19。
----- N2 Stationary Flow | NUMERICAL_TEST_ONLY/解 4 (sol4) 中的“稳态求解器 1” --------->
           当前进度:   2 % - 生成方程
           当前进度:   3 % - 生成方程
<---- N2 Stationary Flow | NUMERICAL_TEST_ONLY/解 4 (sol4) 中的“编译方程: 稳态” ---------
开始于 2026年8月9日 01:52:22。
几何形函数: 线性拉格朗日单元
几何形函数: 线性拉格朗日单元
在 AMD64 Family 25 Model 80 Stepping 0, AuthenticAMD 上运行。
在以下位置使用 1 个插槽： Pokemon 上（共 8 个内核）。
可用内存：15.77 GB。
           当前进度:   4 % - 编译方程: 稳态
Memory: 1673/1858 1704/1929
           当前进度:   7 % - 编译方程: 稳态
           当前进度:   7 % - 正在创建可视化网格
时间：3。
物理内存: 1.67 GB
虚拟内存: 1.7 GB
结束时间：2026年8月9日 01:52:25。
----- N2 Stationary Flow | NUMERICAL_TEST_ONLY/解 4 (sol4) 中的“编译方程: 稳态” -------->
<---- N2 Stationary Flow | NUMERICAL_TEST_ONLY/解 4 (sol4) 中的“因变量 1” ------------
开始于 2026年8月9日 01:52:25。
           当前进度:   7 % - 因变量 1
求解时间：0 s。
物理内存: 1.67 GB
虚拟内存: 1.7 GB
结束时间：2026年8月9日 01:52:25。
----- N2 Stationary Flow | NUMERICAL_TEST_ONLY/解 4 (sol4) 中的“因变量 1” ----------->
<---- N2 Stationary Flow | NUMERICAL_TEST_ONLY/解 4 (sol4) 中的“稳态求解器 1” ----------
开始于 2026年8月9日 01:52:25。
非线性求解器
求解的自由度数：38733（加上 1 个内部自由度）。
-          当前进度:  12 % - 正在组装残差
-          当前进度:  12 % - 组装矩阵
Memory: 1658/1858 1685/1929
找到非对称矩阵。
缩放因变量：
压力 (comp_n2_flow.p2): 0.51
速度场 (comp_n2_flow.u2): 1
常微分方程助变量 (comp_n2_flow.spf2.inlet_n2.Pinl): 0.19
已使用正交零空间函数。
-          当前进度:  12 % - 矩阵分解
Memory: 1715/1858 1743/1929
Iter      SolEst      ResEst     Damping    Stepsize #Res #Jac #Sol   LinErr   LinRes
   1          74          63   0.0100000          75    2    1    2  1.5e-12  3.7e-11
--         当前进度:  20 % - 组装稀疏模式
Memory: 1812/1858 1876/1929
--         当前进度:  20 % - 组装矩阵
Memory: 1832/1867 1896/1933
--         当前进度:  20 % - 矩阵分解
Memory: 1719/1867 1751/1934
   2         6.5     4.2e+05   0.1000000         7.3    3    2    4  8.2e-13  3.3e-11
--         当前进度:  29 % - 组装稀疏模式
Memory: 1867/1867 1935/1935
--         当前进度:  29 % - 组装矩阵
Memory: 1825/1872 1891/1940
   3        0.14     2.1e+07   1.0000000        0.75    4    3    6  1.3e-11  1.2e-13
--------   当前进度:  83 % - 
Memory: 1824/1872 1890/1940
--------   当前进度:  83 % - 组装矩阵
Memory: 1825/1872 1890/1940
--------   当前进度:  83 % - 正在组装残差
Memory: 1826/1872 1893/1940
   4       0.014     2.6e+06   1.0000000         0.1    5    4    8  1.7e-11  2.3e-13
--------   当前进度:  88 % - 组装矩阵
Memory: 1845/1872 1913/1940
--------   当前进度:  88 % - 矩阵分解
Memory: 1859/1878 1927/1947
   5      0.0013     3.8e+05   1.0000000       0.013    6    5   10  1.9e-11  4.8e-14
---------  当前进度:  99 % - 组装矩阵
Memory: 1845/1878 1912/1947
---------  当前进度:  99 % - 正在组装残差
Memory: 1826/1878 1892/1947
   6      0.0023     7.6e+03   1.0000000       0.012    8    6   12  1.3e-11  2.9e-14
---------  当前进度:  99 % - 组装矩阵
Memory: 1846/1878 1912/1947
---------  当前进度:  99 % - 正在组装残差
Memory: 1827/1878 1892/1947
   7     0.00048     1.3e+03   1.0000000      0.0023   10    7   14  4.7e-12  1.3e-14
---------- 当前进度: 100 % - 
Memory: 1689/1878 1717/1947
求解时间：6 s。
物理内存: 1.88 GB
虚拟内存: 1.95 GB
结束时间：2026年8月9日 01:52:31。
----- N2 Stationary Flow | NUMERICAL_TEST_ONLY/解 4 (sol4) 中的“稳态求解器 1” --------->
           当前进度:   2 % - 生成方程
Memory: 1680/1878 1708/1947
           当前进度:   3 % - 生成方程
Memory: 1728/1878 1758/1947
<---- N2 Stationary Flow | NUMERICAL_TEST_ONLY/解 4 (sol4) 中的“编译方程: 稳态” ---------
开始于 2026年8月9日 01:52:34。
几何形函数: 线性拉格朗日单元
几何形函数: 线性拉格朗日单元
在 AMD64 Family 25 Model 80 Stepping 0, AuthenticAMD 上运行。
在以下位置使用 1 个插槽： Pokemon 上（共 8 个内核）。
可用内存：15.77 GB。
           当前进度:   7 % - 编译方程: 稳态
Memory: 1719/1878 1746/1947
           当前进度:   7 % - 正在创建可视化网格
Memory: 1720/1878 1747/1947
时间：3。
物理内存: 1.72 GB
虚拟内存: 1.75 GB
结束时间：2026年8月9日 01:52:37。
----- N2 Stationary Flow | NUMERICAL_TEST_ONLY/解 4 (sol4) 中的“编译方程: 稳态” -------->
<---- N2 Stationary Flow | NUMERICAL_TEST_ONLY/解 4 (sol4) 中的“因变量 1” ------------
开始于 2026年8月9日 01:52:37。
           当前进度:   7 % - 因变量 1
求解时间：0 s。
物理内存: 1.72 GB
虚拟内存: 1.75 GB
结束时间：2026年8月9日 01:52:37。
----- N2 Stationary Flow | NUMERICAL_TEST_ONLY/解 4 (sol4) 中的“因变量 1” ----------->
<---- N2 Stationary Flow | NUMERICAL_TEST_ONLY/解 4 (sol4) 中的“稳态求解器 1” ----------
开始于 2026年8月9日 01:52:38。
非线性求解器
求解的自由度数：38733（加上 1 个内部自由度）。
-          当前进度:  12 % - 正在组装残差
Memory: 1725/1878 1752/1947
-          当前进度:  12 % - 组装矩阵
Memory: 1722/1878 1748/1947
找到非对称矩阵。
缩放因变量：
压力 (comp_n2_flow.p2): 0.51
速度场 (comp_n2_flow.u2): 1
常微分方程助变量 (comp_n2_flow.spf2.inlet_n2.Pinl): 0.19
已使用正交零空间函数。
-          当前进度:  12 % - 矩阵分解
Memory: 1775/1878 1805/1947
Iter      SolEst      ResEst     Damping    Stepsize #Res #Jac #Sol   LinErr   LinRes
-          当前进度:  12 % - 正在组装残差
Memory: 1871/1885 1933/1947
   1          75          90   0.0100000          76    2    1    2  5.6e-12  3.7e-11
--         当前进度:  20 % - 组装稀疏模式
Memory: 1870/1890 1933/1953
--         当前进度:  20 % - 组装矩阵
Memory: 1865/1890 1928/1953
--         当前进度:  20 % - 矩阵分解
Memory: 1784/1897 1827/1962
--         当前进度:  20 % - 正在组装残差
Memory: 1866/1897 1930/1962
   2         6.6     4.1e+05   0.1000000         7.3    3    2    4    5e-12  2.9e-11
--         当前进度:  29 % - 组装稀疏模式
Memory: 1853/1897 1917/1962
--         当前进度:  29 % - 组装矩阵
Memory: 1872/1897 1937/1962
--         当前进度:  29 % - 求解线性方程组
Memory: 1853/1904 1917/1971
   3        0.22     1.7e+07   1.0000000        0.75    4    3    6  2.3e-11  1.3e-13
--------   当前进度:  81 % - 组装矩阵
Memory: 1872/1904 1937/1971
--------   当前进度:  81 % - 正在组装残差
Memory: 1853/1905 1917/1971
   4       0.024     2.7e+06   1.0000000        0.14    5    4    8  9.9e-13  2.9e-13
--------   当前进度:  86 % - 组装矩阵
Memory: 1872/1905 1937/1971
--------   当前进度:  86 % - 正在组装残差
Memory: 1853/1905 1917/1971
   5      0.0024     5.4e+05   1.0000000       0.022    6    5   10    1e-11  3.7e-14
---------  当前进度:  96 % - 组装矩阵
Memory: 1872/1905 1937/1971
---------  当前进度:  96 % - 正在组装残差
Memory: 1853/1905 1917/1971
   6      0.0043     1.3e+04   1.0000000       0.018    8    6   12  1.3e-11  4.7e-14
---------  当前进度:  96 % - 组装矩阵
Memory: 1872/1905 1937/1971
---------  当前进度:  96 % - 矩阵分解
Memory: 1886/1905 1951/1971
   7       0.001     1.2e+04   1.0000000      0.0042    9    7   14  2.9e-12  1.8e-14
---------- 当前进度: 100 % - 组装矩阵
Memory: 1872/1905 1937/1971
---------- 当前进度: 100 % - 矩阵分解
Memory: 1886/1905 1951/1971
   8     0.00026     7.8e+02   1.0000000       0.001   11    8   16  2.2e-11  2.4e-14
---------- 当前进度: 100 % - 
Memory: 1716/1905 1743/1971
求解时间：6 s。
物理内存: 1.9 GB
虚拟内存: 1.97 GB
结束时间：2026年8月9日 01:52:44。
----- N2 Stationary Flow | NUMERICAL_TEST_ONLY/解 4 (sol4) 中的“稳态求解器 1” --------->
---------- 当前进度: 100 % - 正在更新选择
Memory: 1724/1905 1750/1971
           当前进度:   0 % - 导入
Memory: 1728/1905 1754/1971
           当前进度:   0 % - 正在导入“STEP”
Memory: 1737/1905 1764/1971
Header : Author::Unknown
Header : Authorization::Unknown
Header : Description::STEP AP203
Header : File Name::block_currentCollector_flowField_v03.2.1_20210525_STEP-AP203.STEP
Header : Implementation Level::1
Header : Organization::Unknown
Header : Originating System::SolidWorks 2022
Header : Preprocessor Version::SwSTEP 2.0
Header : Schema::CONFIG_CONTROL_DESIGN
Header : Time Stamp::2023-09-28T11:10:23
Begin CAD File Read 'F:/LiNRR_COMSOL/worktrees/LiNRR_M10A2/cad/raw/M10A0_2/block_currentCollector_flowField_v03.2.1_20210525_STEP-AP203.STEP'
  
      Summary of STEP Entities
  
Entity Type                                                   Count
-----------                                                   ------
advanced_brep_shape_representation .......................:   1
advanced_face ............................................:   135
application_context ......................................:   2
application_protocol_definition ..........................:   2
applied_approval_assignment ..............................:   3
applied_date_and_time_assignment .........................:   2
applied_person_and_organization_assignment ...............:   5
applied_security_classification_assignment ...............:   1
approval .................................................:   3
approval_date_time .......................................:   3
approval_person_organization .............................:   3
approval_role ............................................:   3
approval_status ..........................................:   3
axis2_placement_3d .......................................:   296
calendar_date ............................................:   5
cartesian_point ..........................................:   753
circle ...................................................:   160
closed_shell .............................................:   1
conical_surface ..........................................:   6
coordinated_universal_time_offset ........................:   5
cylindrical_surface ......................................:   78
date_and_time ............................................:   5
date_time_role ...........................................:   2
direction ................................................:   804
edge_curve ...............................................:   372
edge_loop ................................................:   167
face_bound ...............................................:   32
face_outer_bound .........................................:   135
geometric_representation_context_and_global_uncertainty_a :   1
length_unit_and_si_unit ..................................:   1
line .....................................................:   212
local_time ...............................................:   5
manifold_solid_brep ......................................:   1
organization .............................................:   1
oriented_edge ............................................:   744
person ...................................................:   1
person_and_organization ..................................:   8
person_and_organization_role .............................:   5
plane ....................................................:   51
plane_angle_unit_and_si_unit .............................:   1
product ..................................................:   1
product_context ..........................................:   1
product_definition .......................................:   1
product_definition_context ...............................:   1
product_definition_formation_with_specified_source .......:   1
product_definition_shape .................................:   1
product_related_product_category .........................:   1
security_classification ..................................:   1
security_classification_level ............................:   1
shape_definition_representation ..........................:   1
si_unit_and_solid_angle_unit .............................:   1
uncertainty_measure_with_unit ............................:   1
vector ...................urve ...............................
-----      当前进度:  50 % - 正在导入“STEP”
Memory: 1727/1905 1753/1971
................:   372
edge_loop ................................................:   167
face_bound ...............................................:   32
face_outer_bound .........................................:   135
geometric_representation_context_and_global_uncertainty_a :   1
length_unit_and_si_unit ..................................:   1
line .....................................................:   212
local_time ...............................................:   5
manifold_solid_brep ......................................:   1
organization .............................................:   1
oriented_edge ............................................:   744
person ...................................................:   1
person_and_organization ..................................:   8
person_and_organization_role .............................:   5
plane ....................................................:   51
plane_angle_unit_and_si_unit .............................:   1
product ..................................................:   1
product_context ..........................................:   1
product_definition .......................................:   1
product_definition_context ...............................:   1
product_definition_formation_with_specified_source .......:   1
product_definition_shape .................................:   1
product_related_product_category .........................:   1
security_classification ..................................:   1
security_classification_level ............................:   1
shape_definition_representation ..........................:   1
si_unit_and_solid_angle_unit .............................:   1
uncertainty_measure_with_unit ............................:   1
vector ...................................................:   212
vertex_point .............................................:   245
                                                             -------
Total                                                         4487
--------   当前进度:  83 % - 正在应用变换
Memory: 1728/1905 1753/1971
           当前进度:   0 % - 旋转 2
Memory: 1729/1905 1754/1971
--         当前进度:  20 % - 移动
---        当前进度:  39 % - 镜像
-----      当前进度:  59 % - 长方体
------     当前进度:  61 % - 差集
Memory: 1729/1905 1753/1971
------     当前进度:  61 % - 执行布尔操作
--------   当前进度:  80 % - 形成联合体
--------   当前进度:  80 % - 执行布尔操作
---------- 当前进度: 100 % - 正在更新选择
Memory: 1678/1905 1709/1971
---------- 当前进度: 100 % - 正在创建可视化网格
Memory: 1693/1905 1730/1971
           当前进度:   0 % - 自由四面体网格
Memory: 1726/1905 1751/1971
顶点单元数：148
边单元数：1156
边界单元数：2314
-----      当前进度:  54 % - 相关边界
Memory: 1729/1905 1751/1971
---------  当前进度:  96 % - 正在提高单元质量
单元数：2376
最小单元质量：0.139
---------- 当前进度: 100 % - 正在定型网格
           当前进度:   2 % - 生成方程
Memory: 1730/1905 1751/1971
           当前进度:   3 % - 生成方程
Memory: 1683/1905 1709/1971
<---- 研究 2/解 5 (sol5) 中的“编译方程: 稳态” ---------------------------------------------
开始于 2026年8月9日 01:52:57。
几何形函数: 线性拉格朗日单元
几何形函数: 线性拉格朗日单元
几何形函数: 线性拉格朗日单元
在 AMD64 Family 25 Model 80 Stepping 0, AuthenticAMD 上运行。
在以下位置使用 1 个插槽： Pokemon 上（共 8 个内核）。
可用内存：15.77 GB。
           当前进度:   4 % - 编译方程: 稳态
Memory: 1718/1905 1743/1971
           当前进度:   7 % - 编译方程: 稳态
           当前进度:   7 % - 正在创建可视化网格
Memory: 1720/1905 1745/1971
时间：4。
物理内存: 1.72 GB
虚拟内存: 1.75 GB
结束时间：2026年8月9日 01:53:01。
----- 研究 2/解 5 (sol5) 中的“编译方程: 稳态” -------------------------------------------->
<---- 研究 2/解 5 (sol5) 中的“因变量 1” ------------------------------------------------
开始于 2026年8月9日 01:53:01。
           当前进度:   7 % - 因变量 1
Memory: 1683/1905 1705/1971
求解时间：0 s。
物理内存: 1.69 GB
虚拟内存: 1.71 GB
结束时间：2026年8月9日 01:53:01。
----- 研究 2/解 5 (sol5) 中的“因变量 1” ----------------------------------------------->
<---- 研究 2/解 5 (sol5) 中的“稳态求解器 1” ----------------------------------------------
开始于 2026年8月9日 01:53:01。
非线性求解器
求解的自由度数：5017（加上 1 个内部自由度）。
找到非对称矩阵。
缩放因变量：
压力 (comp_h2_flow.pH2): 0.3
速度场 (comp_h2_flow.u3): 1
常微分方程助变量 (comp_h2_flow.spf3.in_h2.Pinl): 0.02
已使用正交零空间函数。
Iter      SolEst      ResEst     Damping    Stepsize #Res #Jac #Sol   LinErr   LinRes
   1          73          14   0.0100000          74    2    1    2  3.6e-12  4.7e-11
--         当前进度:  20 % - 
Memory: 1682/1905 1704/1971
   2         6.6     2.2e+05   0.1000000         7.3    3    2    4  5.8e-12  2.8e-11
--         当前进度:  29 % - 组装稀疏模式
Memory: 1683/1905 1704/1971
   3       0.044     1.7e+07   1.0000000        0.72    4    3    6  1.7e-11  1.3e-14
   4      0.0017     1.3e+06   1.0000000       0.036    5    4    8  1.6e-11  7.2e-15
   5     0.00043     1.4e+03   1.0000000      0.0051    7    5   10  2.2e-11  1.1e-14
---------- 当前进度: 100 % - 
Memory: 1683/1905 1705/1971
求解时间：1 s。
物理内存: 1.68 GB
虚拟内存: 1.71 GB
结束时间：2026年8月9日 01:53:02。
----- 研究 2/解 5 (sol5) 中的“稳态求解器 1” --------------------------------------------->
---------- 当前进度: 100 % - 正在更新选择
Memory: 1696/1905 1715/1971
           当前进度:   0 % - 多边形
           当前进度:   9 % - 形成联合体
----       当前进度:  42 % - 解析域和空区域
---------- 当前进度: 100 % - 正在更新选择
---------- 当前进度: 100 % - 正在创建可视化网格
Memory: 1693/1905 1712/1971
           当前进度:   0 % - 边
Memory: 1542/1905 1565/1971
顶点单元数：2
边界单元数：15
---------- 当前进度: 100 % - 正在创建边界网格
           当前进度:   2 % - 生成方程
Memory: 1587/1905 1610/1971
           当前进度:   3 % - 生成方程
Memory: 1630/1905 1649/1971
<---- 研究 2a/解 6 (sol6) 中的“编译方程: 稳态” --------------------------------------------
开始于 2026年8月9日 01:53:10。
几何形函数: 线性拉格朗日单元
几何形函数: 线性拉格朗日单元
几何形函数: 线性拉格朗日单元
几何形函数: 二次拉格朗日单元
在 AMD64 Family 25 Model 80 Stepping 0, AuthenticAMD 上运行。
在以下位置使用 1 个插槽： Pokemon 上（共 8 个内核）。
可用内存：15.77 GB。
           当前进度:   4 % - 编译方程: 稳态
Memory: 1831/1905 1862/1971
           当前进度:   7 % - 编译方程: 稳态
           当前进度:   7 % - 正在创建可视化网格
Memory: 2010/2010 2281/2281
时间：6。
物理内存: 2.04 GB
虚拟内存: 2.28 GB
结束时间：2026年8月9日 01:53:17。
----- 研究 2a/解 6 (sol6) 中的“编译方程: 稳态” ------------------------------------------->
<---- 研究 2a/解 6 (sol6) 中的“因变量 1” -----------------------------------------------
开始于 2026年8月9日 01:53:17。
           当前进度:   7 % - 因变量 1
Memory: 2036/2036 2273/2281
求解时间：0 s。
物理内存: 2.04 GB
虚拟内存: 2.27 GB
结束时间：2026年8月9日 01:53:17。
----- 研究 2a/解 6 (sol6) 中的“因变量 1” ---------------------------------------------->
<---- 研究 2a/解 6 (sol6) 中的“稳态求解器 1” ---------------------------------------------
开始于 2026年8月9日 01:53:17。
-          当前进度:  12 % - 稳态求解器 1
Memory: 2167/2167 2273/2281
非线性求解器
求解的自由度数：61。
找到非对称矩阵。
缩放因变量：
压力 (comp_pipe_n2.p_pfl_n2): 1e+05
切向速度 (comp_pipe_n2.u4): 1.8e+02
已使用正交零空间函数。
Iter      SolEst      ResEst     Damping    Stepsize #Res #Jac #Sol   LinErr   LinRes
   1     3.5e-11     4.1e+03   1.0000000     1.3e+05    2    1    2  1.2e-15  4.4e-16
   2     5.2e-16       0.017   1.0000000     3.2e-11    4    2    4  1.1e-15  1.1e-15
---------- 当前进度: 100 % - 
Memory: 2169/2169 2274/2281
求解时间：2 s。
物理内存: 2.18 GB
虚拟内存: 2.31 GB
结束时间：2026年8月9日 01:53:18。
----- 研究 2a/解 6 (sol6) 中的“稳态求解器 1” -------------------------------------------->
---------- 当前进度: 100 % - 正在更新选择
Memory: 1888/2184 1912/2313
           当前进度:   0 % - 多边形
           当前进度:   9 % - 形成联合体
----       当前进度:  42 % - 解析域和空区域
---------- 当前进度: 100 % - 正在更新选择
---------- 当前进度: 100 % - 正在创建可视化网格
Memory: 1889/2184 1913/2313
           当前进度:   0 % - 边
Memory: 1822/2184 1842/2313
顶点单元数：2
边界单元数：15
---------- 当前进度: 100 % - 正在创建边界网格
           当前进度:   2 % - 生成方程
Memory: 1823/2184 1842/2313
           当前进度:   3 % - 生成方程
Memory: 1824/2184 1842/2313
<---- 研究 2b/解 7 (sol7) 中的“编译方程: 稳态” --------------------------------------------
开始于 2026年8月9日 01:53:24。
几何形函数: 线性拉格朗日单元
几何形函数: 线性拉格朗日单元
几何形函数: 线性拉格朗日单元
几何形函数: 二次拉格朗日单元
几何形函数: 二次拉格朗日单元
在 AMD64 Family 25 Model 80 Stepping 0, AuthenticAMD 上运行。
在以下位置使用 1 个插槽： Pokemon 上（共 8 个内核）。
可用内存：15.77 GB。
           当前进度:   4 % - 编译方程: 稳态
Memory: 1890/2184 1916/2313
           当前进度:   7 % - 编译方程: 稳态
           当前进度:   7 % - 正在创建可视化网格
Memory: 1895/2184 1919/2313
时间：7。
物理内存: 1.9 GB
虚拟内存: 1.92 GB
结束时间：2026年8月9日 01:53:31。
----- 研究 2b/解 7 (sol7) 中的“编译方程: 稳态” ------------------------------------------->
<---- 研究 2b/解 7 (sol7) 中的“因变量 1” -----------------------------------------------
开始于 2026年8月9日 01:53:31。
           当前进度:   7 % - 因变量 1
求解时间：0 s。
物理内存: 1.89 GB
虚拟内存: 1.92 GB
结束时间：2026年8月9日 01:53:32。
----- 研究 2b/解 7 (sol7) 中的“因变量 1” ---------------------------------------------->
<---- 研究 2b/解 7 (sol7) 中的“稳态求解器 1” ---------------------------------------------
开始于 2026年8月9日 01:53:32。
非线性求解器
求解的自由度数：61。
找到非对称矩阵。
缩放因变量：
压力 (comp_pipe_h2.p_pfl_h2): 1e+05
切向速度 (comp_pipe_h2.u5): 96
已使用正交零空间函数。
Iter      SolEst      ResEst     Damping    Stepsize #Res #Jac #Sol   LinErr   LinRes
   1     2.4e-11     2.7e+03   1.0000000     1.8e+05    2    1    2  9.7e-16  3.6e-16
   2       7e-16       0.022   1.0000000     2.1e-11    4    2    4  5.5e-16  1.6e-15
---------- 当前进度: 100 % - 
Memory: 1925/2184 1952/2313
求解时间：1 s。
物理内存: 1.93 GB
虚拟内存: 1.95 GB
结束时间：2026年8月9日 01:53:33。
----- 研究 2b/解 7 (sol7) 中的“稳态求解器 1” -------------------------------------------->
---------- 当前进度: 100 % - 正在更新选择
Memory: 1928/2184 1951/2313
           当前进度:   0 % - 多边形
           当前进度:   9 % - 形成联合体
----       当前进度:  42 % - 解析域和空区域
---------- 当前进度: 100 % - 正在更新选择
---------- 当前进度: 100 % - 正在创建可视化网格
           当前进度:   0 % - 边
Memory: 1881/2184 1902/2313
顶点单元数：5
边界单元数：45
---------- 当前进度: 100 % - 正在创建边界网格
           当前进度:   2 % - 生成方程
Memory: 1880/2184 1900/2313
           当前进度:   3 % - 生成方程
Memory: 1880/2184 1901/2313
<---- 研究/解 8 (sol8) 中的“编译方程: 稳态” -----------------------------------------------
开始于 2026年8月9日 01:53:39。
几何形函数: 线性拉格朗日单元
几何形函数: 线性拉格朗日单元
几何形函数: 线性拉格朗日单元
几何形函数: 二次拉格朗日单元
几何形函数: 二次拉格朗日单元
几何形函数: 二次拉格朗日单元
在 AMD64 Family 25 Model 80 Stepping 0, AuthenticAMD 上运行。
在以下位置使用 1 个插槽： Pokemon 上（共 8 个内核）。
可用内存：15.77 GB。
           当前进度:   4 % - 编译方程: 稳态
Memory: 1942/2184 1965/2313
           当前进度:   7 % - 编译方程: 稳态
           当前进度:   7 % - 正在创建可视化网格
Memory: 1944/2184 1966/2313
时间：7。
物理内存: 1.95 GB
虚拟内存: 1.97 GB
结束时间：2026年8月9日 01:53:47。
----- 研究/解 8 (sol8) 中的“编译方程: 稳态” ---------------------------------------------->
<---- 研究/解 8 (sol8) 中的“因变量 1” --------------------------------------------------
开始于 2026年8月9日 01:53:47。
           当前进度:   7 % - 因变量 1
Memory: 1946/2184 1968/2313
求解时间：0 s。
物理内存: 1.95 GB
虚拟内存: 1.97 GB
结束时间：2026年8月9日 01:53:47。
----- 研究/解 8 (sol8) 中的“因变量 1” ------------------------------------------------->
<---- 研究/解 8 (sol8) 中的“稳态求解器 1” ------------------------------------------------
开始于 2026年8月9日 01:53:47。
非线性求解器
求解的自由度数：181。
找到非对称矩阵。
缩放因变量：
压力 (comp_pipe_liq.p_pfl_liq): 1e+05
切向速度 (comp_pipe_liq.u6): 94
已使用正交零空间函数。
Iter      SolEst      ResEst     Damping    Stepsize #Res #Jac #Sol   LinErr   LinRes
   1     1.1e-10     1.8e+03   1.0000000     7.9e+04    2    1    2  6.6e-14  2.2e-14
   2     9.6e-16        0.17   1.0000000     1.4e-10    4    2    4  3.7e-14  2.5e-14
---------- 当前进度: 100 % - 
Memory: 1969/2184 1993/2313
求解时间：1 s。
物理内存: 1.97 GB
虚拟内存: 1.99 GB
结束时间：2026年8月9日 01:53:48。
----- 研究/解 8 (sol8) 中的“稳态求解器 1” ----------------------------------------------->
---------- 当前进度: 100 % - 正在更新选择
Memory: 1973/2184 1995/2313
           当前进度:   0 % - 矩形
           当前进度:   9 % - 形成联合体
----       当前进度:  42 % - 解析域和空区域
---------- 当前进度: 100 % - 正在更新选择
---------- 当前进度: 100 % - 正在创建可视化网格
           当前进度:   0 % - 映射
Memory: 1826/2184 1848/2313
顶点单元数：4
边界单元数：132
最小单元质量：1
---------- 当前进度: 100 % - 正在定型网格
           当前进度:   2 % - 生成方程
Memory: 1875/2184 1897/2313
           当前进度:   3 % - 生成方程
Memory: 1911/2184 1928/2313
<---- 研究 3/解 9 (sol9) 中的“编译方程: 稳态” ---------------------------------------------
开始于 2026年8月9日 01:53:58。
几何形函数: 线性拉格朗日单元
几何形函数: 线性拉格朗日单元
几何形函数: 线性拉格朗日单元
几何形函数: 二次拉格朗日单元
几何形函数: 二次拉格朗日单元
几何形函数: 二次拉格朗日单元
几何形函数: 二次拉格朗日单元
在 AMD64 Family 25 Model 80 Stepping 0, AuthenticAMD 上运行。
在以下位置使用 1 个插槽： Pokemon 上（共 8 个内核）。
可用内存：15.77 GB。
           当前进度:   6 % - 编译方程: 稳态
Memory: 1965/2184 1997/2313
           当前进度:   7 % - 编译方程: 稳态
           当前进度:   7 % - 正在创建可视化网格
Memory: 1980/2184 2006/2313
时间：8。
物理内存: 1.98 GB
虚拟内存: 2.01 GB
结束时间：2026年8月9日 01:54:06。
----- 研究 3/解 9 (sol9) 中的“编译方程: 稳态” -------------------------------------------->
<---- 研究 3/解 9 (sol9) 中的“因变量 1” ------------------------------------------------
开始于 2026年8月9日 01:54:06。
           当前进度:   7 % - 因变量 1
Memory: 1977/2184 2003/2313
求解时间：0 s。
物理内存: 1.98 GB
虚拟内存: 2 GB
结束时间：2026年8月9日 01:54:07。
----- 研究 3/解 9 (sol9) 中的“因变量 1” ----------------------------------------------->
<---- 研究 3/解 9 (sol9) 中的“稳态求解器 1” ----------------------------------------------
开始于 2026年8月9日 01:54:07。
线性求解器 
求解的自由度数：1573。
找到对称矩阵。
缩放因变量：
压力 (comp_ssc_darcy.pDarcy): 1
已使用正交零空间函数。
Iter      SolEst     Damping    Stepsize #Res #Jac #Sol   LinErr   LinRes
   1        0.98   1.0000000        0.98    1    1    1  1.1e-13  2.1e-15
---------- 当前进度: 100 % - 
Memory: 2012/2184 2041/2313
求解时间：1 s。
物理内存: 2.01 GB
虚拟内存: 2.04 GB
结束时间：2026年8月9日 01:54:08。
----- 研究 3/解 9 (sol9) 中的“稳态求解器 1” --------------------------------------------->
           当前进度:   2 % - 生成方程
Memory: 2018/2184 2044/2313
           当前进度:   3 % - 生成方程
Memory: 2018/2184 2042/2313
<---- 研究 3/解 9 (sol9) 中的“编译方程: 稳态” ---------------------------------------------
开始于 2026年8月9日 01:54:13。
几何形函数: 线性拉格朗日单元
几何形函数: 线性拉格朗日单元
几何形函数: 线性拉格朗日单元
几何形函数: 二次拉格朗日单元
几何形函数: 二次拉格朗日单元
几何形函数: 二次拉格朗日单元
几何形函数: 二次拉格朗日单元
在 AMD64 Family 25 Model 80 Stepping 0, AuthenticAMD 上运行。
在以下位置使用 1 个插槽： Pokemon 上（共 8 个内核）。
可用内存：15.77 GB。
           当前进度:   6 % - 编译方程: 稳态
Memory: 2153/2184 2184/2313
           当前进度:   7 % - 编译方程: 稳态
           当前进度:   7 % - 正在创建可视化网格
Memory: 2155/2184 2185/2313
时间：8。
物理内存: 2.15 GB
虚拟内存: 2.18 GB
结束时间：2026年8月9日 01:54:21。
----- 研究 3/解 9 (sol9) 中的“编译方程: 稳态” -------------------------------------------->
<---- 研究 3/解 9 (sol9) 中的“因变量 1” ------------------------------------------------
开始于 2026年8月9日 01:54:21。
           当前进度:   7 % - 因变量 1
求解时间：0 s。
物理内存: 2.15 GB
虚拟内存: 2.18 GB
结束时间：2026年8月9日 01:54:21。
----- 研究 3/解 9 (sol9) 中的“因变量 1” ----------------------------------------------->
<---- 研究 3/解 9 (sol9) 中的“稳态求解器 1” ----------------------------------------------
开始于 2026年8月9日 01:54:21。
线性求解器 
求解的自由度数：1573。
找到对称矩阵。
缩放因变量：
压力 (comp_ssc_darcy.pDarcy): 1
已使用正交零空间函数。
Iter      SolEst     Damping    Stepsize #Res #Jac #Sol   LinErr   LinRes
   1        0.98   1.0000000        0.98    1    1    1  9.3e-14  2.1e-15
---------- 当前进度: 100 % - 
求解时间：1 s。
物理内存: 2.15 GB
虚拟内存: 2.18 GB
结束时间：2026年8月9日 01:54:22。
----- 研究 3/解 9 (sol9) 中的“稳态求解器 1” --------------------------------------------->
           当前进度:   2 % - 生成方程
Memory: 2023/2184 2069/2313
           当前进度:   3 % - 生成方程
Memory: 2050/2184 2089/2313
<---- 研究 3/解 9 (sol9) 中的“编译方程: 稳态” ---------------------------------------------
开始于 2026年8月9日 01:54:27。
几何形函数: 线性拉格朗日单元
几何形函数: 线性拉格朗日单元
几何形函数: 线性拉格朗日单元
几何形函数: 二次拉格朗日单元
几何形函数: 二次拉格朗日单元
几何形函数: 二次拉格朗日单元
几何形函数: 二次拉格朗日单元
在 AMD64 Family 25 Model 80 Stepping 0, AuthenticAMD 上运行。
在以下位置使用 1 个插槽： Pokemon 上（共 8 个内核）。
可用内存：15.77 GB。
           当前进度:   6 % - 编译方程: 稳态
Memory: 2208/2208 2245/2313
           当前进度:   7 % - 编译方程: 稳态
           当前进度:   7 % - 正在创建可视化网格
Memory: 2216/2218 2249/2313
时间：7。
物理内存: 2.22 GB
虚拟内存: 2.25 GB
结束时间：2026年8月9日 01:54:35。
----- 研究 3/解 9 (sol9) 中的“编译方程: 稳态” -------------------------------------------->
<---- 研究 3/解 9 (sol9) 中的“因变量 1” ------------------------------------------------
开始于 2026年8月9日 01:54:35。
           当前进度:   7 % - 因变量 1
Memory: 2217/2219 2248/2313
求解时间：0 s。
物理内存: 2.22 GB
虚拟内存: 2.25 GB
结束时间：2026年8月9日 01:54:35。
----- 研究 3/解 9 (sol9) 中的“因变量 1” ----------------------------------------------->
<---- 研究 3/解 9 (sol9) 中的“稳态求解器 1” ----------------------------------------------
开始于 2026年8月9日 01:54:35。
线性求解器 
求解的自由度数：1573。
找到对称矩阵。
缩放因变量：
压力 (comp_ssc_darcy.pDarcy): 1
已使用正交零空间函数。
Iter      SolEst     Damping    Stepsize #Res #Jac #Sol   LinErr   LinRes
   1        0.98   1.0000000        0.98    1    1    1  1.1e-13  2.1e-15
---------- 当前进度: 100 % - 
Memory: 2200/2222 2232/2313
求解时间：1 s。
物理内存: 2.22 GB
虚拟内存: 2.25 GB
结束时间：2026年8月9日 01:54:36。
----- 研究 3/解 9 (sol9) 中的“稳态求解器 1” --------------------------------------------->
           当前进度:   2 % - 生成方程
Memory: 2156/2222 2185/2313
           当前进度:   3 % - 生成方程
Memory: 2157/2222 2185/2313
<---- 研究 3/解 9 (sol9) 中的“编译方程: 稳态” ---------------------------------------------
开始于 2026年8月9日 01:54:42。
几何形函数: 线性拉格朗日单元
几何形函数: 线性拉格朗日单元
几何形函数: 线性拉格朗日单元
几何形函数: 二次拉格朗日单元
几何形函数: 二次拉格朗日单元
几何形函数: 二次拉格朗日单元
几何形函数: 二次拉格朗日单元
在 AMD64 Family 25 Model 80 Stepping 0, AuthenticAMD 上运行。
在以下位置使用 1 个插槽： Pokemon 上（共 8 个内核）。
可用内存：15.77 GB。
           当前进度:   6 % - 编译方程: 稳态
Memory: 2231/2231 2264/2313
           当前进度:   7 % - 编译方程: 稳态
           当前进度:   7 % - 正在创建可视化网格
Memory: 2233/2235 2265/2313
时间：8。
物理内存: 2.23 GB
虚拟内存: 2.27 GB
结束时间：2026年8月9日 01:54:50。
----- 研究 3/解 9 (sol9) 中的“编译方程: 稳态” -------------------------------------------->
<---- 研究 3/解 9 (sol9) 中的“因变量 1” ------------------------------------------------
开始于 2026年8月9日 01:54:50。
           当前进度:   7 % - 因变量 1
求解时间：0 s。
物理内存: 2.23 GB
虚拟内存: 2.27 GB
结束时间：2026年8月9日 01:54:50。
----- 研究 3/解 9 (sol9) 中的“因变量 1” ----------------------------------------------->
<---- 研究 3/解 9 (sol9) 中的“稳态求解器 1” ----------------------------------------------
开始于 2026年8月9日 01:54:50。
线性求解器 
求解的自由度数：1573。
找到对称矩阵。
缩放因变量：
压力 (comp_ssc_darcy.pDarcy): 1
已使用正交零空间函数。
Iter      SolEst     Damping    Stepsize #Res #Jac #Sol   LinErr   LinRes
   1        0.98   1.0000000        0.98    1    1    1  1.3e-13    2e-15
---------- 当前进度: 100 % - 
Memory: 2205/2238 2236/2313
求解时间：1 s。
物理内存: 2.23 GB
虚拟内存: 2.27 GB
结束时间：2026年8月9日 01:54:51。
----- 研究 3/解 9 (sol9) 中的“稳态求解器 1” --------------------------------------------->
           当前进度:   2 % - 生成方程
Memory: 2185/2238 2216/2313
           当前进度:   3 % - 生成方程
Memory: 2186/2238 2216/2313
<---- 研究 3/解 9 (sol9) 中的“编译方程: 稳态” ---------------------------------------------
开始于 2026年8月9日 01:54:58。
几何形函数: 线性拉格朗日单元
几何形函数: 线性拉格朗日单元
几何形函数: 线性拉格朗日单元
几何形函数: 二次拉格朗日单元
几何形函数: 二次拉格朗日单元
几何形函数: 二次拉格朗日单元
几何形函数: 二次拉格朗日单元
在 AMD64 Family 25 Model 80 Stepping 0, AuthenticAMD 上运行。
在以下位置使用 1 个插槽： Pokemon 上（共 8 个内核）。
可用内存：15.77 GB。
           当前进度:   6 % - 编译方程: 稳态
Memory: 2233/2238 2265/2313
           当前进度:   7 % - 编译方程: 稳态
           当前进度:   7 % - 正在创建可视化网格
Memory: 2235/2238 2266/2313
时间：8。
物理内存: 2.23 GB
虚拟内存: 2.27 GB
结束时间：2026年8月9日 01:55:06。
----- 研究 3/解 9 (sol9) 中的“编译方程: 稳态” -------------------------------------------->
<---- 研究 3/解 9 (sol9) 中的“因变量 1” ------------------------------------------------
开始于 2026年8月9日 01:55:06。
           当前进度:   7 % - 因变量 1
Memory: 2236/2238 2269/2313
求解时间：0 s。
物理内存: 2.24 GB
虚拟内存: 2.27 GB
结束时间：2026年8月9日 01:55:06。
----- 研究 3/解 9 (sol9) 中的“因变量 1” ----------------------------------------------->
<---- 研究 3/解 9 (sol9) 中的“稳态求解器 1” ----------------------------------------------
开始于 2026年8月9日 01:55:06。
线性求解器 
求解的自由度数：1573。
找到对称矩阵。
缩放因变量：
压力 (comp_ssc_darcy.pDarcy): 1
已使用正交零空间函数。
Iter      SolEst     Damping    Stepsize #Res #Jac #Sol   LinErr   LinRes
   1        0.98   1.0000000        0.98    1    1    1  1.3e-13  2.2e-15
---------- 当前进度: 100 % - 
Memory: 2210/2241 2242/2313
求解时间：1 s。
物理内存: 2.23 GB
虚拟内存: 2.27 GB
结束时间：2026年8月9日 01:55:07。
----- 研究 3/解 9 (sol9) 中的“稳态求解器 1” --------------------------------------------->
           当前进度:   2 % - 生成方程
Memory: 2174/2241 2203/2313
           当前进度:   3 % - 生成方程
Memory: 2177/2241 2205/2313
<---- 研究 3/解 9 (sol9) 中的“编译方程: 稳态” ---------------------------------------------
开始于 2026年8月9日 01:55:13。
几何形函数: 线性拉格朗日单元
几何形函数: 线性拉格朗日单元
几何形函数: 线性拉格朗日单元
几何形函数: 二次拉格朗日单元
几何形函数: 二次拉格朗日单元
几何形函数: 二次拉格朗日单元
几何形函数: 二次拉格朗日单元
在 AMD64 Family 25 Model 80 Stepping 0, AuthenticAMD 上运行。
在以下位置使用 1 个插槽： Pokemon 上（共 8 个内核）。
可用内存：15.77 GB。
           当前进度:   6 % - 编译方程: 稳态
Memory: 979/2241 2288/2313
           当前进度:   7 % - 编译方程: 稳态
           当前进度:   7 % - 正在创建可视化网格
Memory: 1406/2241 2290/2313
时间：10。
物理内存: 2.17 GB
虚拟内存: 2.29 GB
结束时间：2026年8月9日 01:55:23。
----- 研究 3/解 9 (sol9) 中的“编译方程: 稳态” -------------------------------------------->
<---- 研究 3/解 9 (sol9) 中的“因变量 1” ------------------------------------------------
开始于 2026年8月9日 01:55:23。
           当前进度:   7 % - 因变量 1
Memory: 1439/2241 2293/2313
求解时间：0 s。
物理内存: 1.44 GB
虚拟内存: 2.3 GB
结束时间：2026年8月9日 01:55:23。
----- 研究 3/解 9 (sol9) 中的“因变量 1” ----------------------------------------------->
<---- 研究 3/解 9 (sol9) 中的“稳态求解器 1” ----------------------------------------------
开始于 2026年8月9日 01:55:23。
线性求解器 
求解的自由度数：1573。
找到对称矩阵。
缩放因变量：
压力 (comp_ssc_darcy.pDarcy): 1
已使用正交零空间函数。
Iter      SolEst     Damping    Stepsize #Res #Jac #Sol   LinErr   LinRes
   1        0.98   1.0000000        0.98    1    1    1  1.2e-13  2.1e-15
---------- 当前进度: 100 % - 
Memory: 1426/2241 2244/2331
求解时间：1 s。
物理内存: 1.45 GB
虚拟内存: 2.29 GB
结束时间：2026年8月9日 01:55:24。
----- 研究 3/解 9 (sol9) 中的“稳态求解器 1” --------------------------------------------->
---------- 当前进度: 100 % - 正在更新选择
Memory: 1505/2241 2251/2331
           当前进度:   0 % - 矩形
Memory: 1506/2241 2251/2331
           当前进度:   9 % - 形成联合体
Memory: 1507/2241 2251/2331
----       当前进度:  42 % - 解析域和空区域
Memory: 1508/2241 2251/2331
---------- 当前进度: 100 % - 正在更新选择
---------- 当前进度: 100 % - 正在创建可视化网格
Memory: 1514/2241 2251/2331
           当前进度:   0 % - 映射
Memory: 1384/2241 1891/2331
顶点单元数：4
边界单元数：172
最小单元质量：1
---------- 当前进度: 100 % - 正在定型网格
Memory: 1386/2241 1892/2331
           当前进度:   3 % - 生成方程
Memory: 1461/2241 1968/2331
<---- 研究 4/解 10 (sol10) 中的“编译方程: 瞬态” -------------------------------------------
开始于 2026年8月9日 01:55:41。
几何形函数: 线性拉格朗日单元
几何形函数: 线性拉格朗日单元
几何形函数: 线性拉格朗日单元
几何形函数: 二次拉格朗日单元
几何形函数: 二次拉格朗日单元
几何形函数: 二次拉格朗日单元
几何形函数: 二次拉格朗日单元
几何形函数: 线性拉格朗日单元
在 AMD64 Family 25 Model 80 Stepping 0, AuthenticAMD 上运行。
在以下位置使用 1 个插槽： Pokemon 上（共 8 个内核）。
可用内存：15.77 GB。
           当前进度:   4 % - 编译方程: 瞬态
Memory: 1653/2241 2102/2331
           当前进度:   5 % - 编译方程: 瞬态
Memory: 1659/2241 2102/2331
           当前进度:   5 % - 正在创建可视化网格
Memory: 1861/2241 2297/2331
时间：9。
物理内存: 1.86 GB
虚拟内存: 2.3 GB
结束时间：2026年8月9日 01:55:50。
----- 研究 4/解 10 (sol10) 中的“编译方程: 瞬态” ------------------------------------------>
<---- 研究 4/解 10 (sol10) 中的“因变量 1” ----------------------------------------------
开始于 2026年8月9日 01:55:50。
           当前进度:   5 % - 因变量 1
Memory: 1872/2241 2301/2331
求解时间：0 s。
物理内存: 1.87 GB
虚拟内存: 2.3 GB
结束时间：2026年8月9日 01:55:50。
----- 研究 4/解 10 (sol10) 中的“因变量 1” --------------------------------------------->
<---- 研究 4/解 10 (sol10) 中的“瞬态求解器 1” --------------------------------------------
开始于 2026年8月9日 01:55:50。
瞬态求解器 (BDF)
求解的自由度数：2660（加上 480 个内部自由度）。
找到非对称矩阵。
缩放因变量：
压力 (comp_ssc_wetting.pWet): 0.31
体积分数 (comp_ssc_wetting.s2): 1
Step        Time    Stepsize      Res  Jac  Sol Order Tfail NLfail   LinErr   LinRes
           当前进度:   7 % - 正在组装残差
Memory: 1904/2241 2312/2331
   0           0           - out    2    3    2                  0    2e-13  1.6e-15
   1    5.01e-06       5e-06        3    4    3     1     0      0  1.8e-13  1.8e-15
   2   1.001e-05       5e-06        4    5    4     1     0      0  1.4e-13  1.8e-15
   3   2.001e-05       1e-05        5    6    5     2     0      0  2.5e-13    2e-15
   4   4.001e-05       2e-05        6    7    6     1     0      0  2.2e-13  1.7e-15
   5   8.001e-05       4e-05        7    8    7     1     0      0  1.5e-13  1.8e-15
   -      0.0001           - out
   6  0.00016001       8e-05        8    9    8     1     0      0  2.4e-13  1.8e-15
   -      0.0002           - out
   -      0.0003           - out
   7  0.00032001     0.00016        9   10    9     1     0      0  2.4e-13  1.8e-15
-          当前进度:  19 % - 
Memory: 1919/2241 2312/2331
   -      0.0004           - out
   -      0.0005           - out
   -      0.0006           - out
   8  0.00064001     0.00032       10   11   10     1     0      0    2e-13  1.4e-15
   -      0.0007           - out
   -      0.0008           - out
   -      0.0009           - out
   -       0.001           - out
   -      0.0011           - out
   9     0.00114      0.0005       11   12   11     1     0      0  1.5e-13  1.9e-15
   -      0.0012           - out
   -      0.0013           - out
   -      0.0014           - out
   -      0.0015           - out
   -      0.0016           - out
  10     0.00164      0.0005       12   13   12     1     0      0  1.8e-13  1.8e-15
   -      0.0017           - out
   -      0.0018           - out
   -      0.0019           - out
   -       0.002           - out
   -      0.0021           - out
  11     0.00214      0.0005       13   14   13     1     0      0    2e-13  1.8e-15
   -      0.0022           - out
   -      0.0023           - out
   -      0.0024           - out
   -      0.0025           - out
   -      0.0026           - out
  12     0.00264      0.0005       14   15   14     1     0      0  1.6e-13  1.8e-15
   -      0.0027           - out
   -      0.0028           - out
   -      0.0029           - out
   -       0.003           - out
   -      0.0031           - out
  13     0.00314      0.0005       15   16   15     1     0      0  1.9e-13  1.7e-15
   -      0.0032           - out
   -      0.0033           - out
   -      0.0034           - out
   -      0.0035           - out
   -      0.0036           - out
  14     0.00364      0.0005       16   17   16     1     0      0  1.9e-13  2.1e-15
   -      0.0037           - out
   -      0.0038           - out
   -      0.0039           - out
   -       0.004           - out
   -      0.0041           - out
  15     0.00414      0.0005       17   18   17     1     0      0  1.7e-13  2.1e-15
   -      0.0042           - out
   -      0.0043           - out
   -      0.0044           - out
   -      0.0045           - out
   -      0.0046           - out
  16     0.00464      0.0005       18   19   18     2     0      0  1.6e-13  1.6e-15
---------  当前进度:  93 % - 组装矩阵
Memory: 1923/2241 2312/2331
   -      0.0047           - out
   -      0.0048           - out
   -      0.0049           - out
   -       0.005           - out
  17     0.00514      0.0005       19   20   19     2     0      0    2e-13  1.6e-15
时间步进已完成。
---------- 当前进度: 100 % - 
Memory: 1922/2241 2310/2331
求解时间：2 s。
物理内存: 1.92 GB
虚拟内存: 2.35 GB
结束时间：2026年8月9日 01:55:52。
----- 研究 4/解 10 (sol10) 中的“瞬态求解器 1” ------------------------------------------->
           当前进度:   3 % - 生成方程
Memory: 1806/2241 2182/2349
<---- 研究 4/解 10 (sol10) 中的“编译方程: 瞬态” -------------------------------------------
开始于 2026年8月9日 01:55:58。
几何形函数: 线性拉格朗日单元
几何形函数: 线性拉格朗日单元
几何形函数: 线性拉格朗日单元
几何形函数: 二次拉格朗日单元
几何形函数: 二次拉格朗日单元
几何形函数: 二次拉格朗日单元
几何形函数: 二次拉格朗日单元
几何形函数: 线性拉格朗日单元
在 AMD64 Family 25 Model 80 Stepping 0, AuthenticAMD 上运行。
在以下位置使用 1 个插槽： Pokemon 上（共 8 个内核）。
可用内存：15.77 GB。
           当前进度:   4 % - 编译方程: 瞬态
Memory: 1969/2241 2342/2349
           当前进度:   5 % - 编译方程: 瞬态
           当前进度:   5 % - 正在创建可视化网格
Memory: 2016/2241 2392/2392
时间：8。
物理内存: 2.02 GB
虚拟内存: 2.39 GB
结束时间：2026年8月9日 01:56:06。
----- 研究 4/解 10 (sol10) 中的“编译方程: 瞬态” ------------------------------------------>
<---- 研究 4/解 10 (sol10) 中的“因变量 1” ----------------------------------------------
开始于 2026年8月9日 01:56:06。
           当前进度:   5 % - 因变量 1
Memory: 2016/2241 2392/2395
求解时间：0 s。
物理内存: 2.02 GB
虚拟内存: 2.39 GB
结束时间：2026年8月9日 01:56:06。
----- 研究 4/解 10 (sol10) 中的“因变量 1” --------------------------------------------->
<---- 研究 4/解 10 (sol10) 中的“瞬态求解器 1” --------------------------------------------
开始于 2026年8月9日 01:56:07。
瞬态求解器 (BDF)
求解的自由度数：2660（加上 480 个内部自由度）。
找到非对称矩阵。
缩放因变量：
压力 (comp_ssc_wetting.pWet): 0.31
体积分数 (comp_ssc_wetting.s2): 1
Step        Time    Stepsize      Res  Jac  Sol Order Tfail NLfail   LinErr   LinRes
           当前进度:   7 % - 正在组装残差
Memory: 1979/2241 2342/2433
   0           0           - out    8    9    8                  0  2.1e-13  6.6e-16
   1    5.01e-06       5e-06        9   10    9     1     0      0  1.1e-13  7.3e-15
   2   1.001e-05       5e-06       10   11   10     1     0      0  6.6e-14  5.4e-15
   3   2.001e-05       1e-05       11   12   11     2     0      0    7e-14  3.7e-15
   4   4.001e-05       2e-05       12   13   12     1     0      0    7e-14  3.6e-15
   5   8.001e-05       4e-05       13   14   13     1     0      0  9.5e-14  3.7e-15
   -      0.0001           - out
   6  0.00016001       8e-05       14   15   14     1     0      0  9.8e-14  2.7e-15
   -      0.0002           - out
   -      0.0003           - out
   7  0.00032001     0.00016       15   16   15     1     0      0  7.4e-14  2.6e-15
   -      0.0004           - out
   -      0.0005           - out
   -      0.0006           - out
   8  0.00064001     0.00032       16   17   16     1     0      0  6.6e-14  1.2e-15
   -      0.0007           - out
   -      0.0008           - out
   -      0.0009           - out
   -       0.001           - out
   -      0.0011           - out
   9     0.00114      0.0005       17   18   17     1     0      0  6.9e-14  3.8e-15
   -      0.0012           - out
   -      0.0013           - out
   -      0.0014           - out
   -      0.0015           - out
   -      0.0016           - out
  10     0.00164      0.0005       18   19   18     1     0      0  6.9e-14  3.3e-15
---        当前进度:  37 % - 正在组装残差
Memory: 1984/2241 2343/2433
   -      0.0017           - out
   -      0.0018           - out
   -      0.0019           - out
   -       0.002           - out
   -      0.0021           - out
  11     0.00214      0.0005       19   20   19     1     0      0  4.9e-14  9.7e-16
   -      0.0022           - out
   -      0.0023           - out
   -      0.0024           - out
   -      0.0025           - out
   -      0.0026           - out
  12     0.00264      0.0005       20   21   20     2     0      0  7.7e-14  2.9e-15
   -      0.0027           - out
   -      0.0028           - out
   -      0.0029           - out
   -       0.003           - out
   -      0.0031           - out
  13     0.00314      0.0005       21   22   21     2     0      0  9.3e-14  8.6e-15
   -      0.0032           - out
   -      0.0033           - out
   -      0.0034           - out
   -      0.0035           - out
   -      0.0036           - out
  14     0.00364      0.0005       22   23   22     2     0      0  8.7e-14  2.2e-15
   -      0.0037           - out
   -      0.0038           - out
   -      0.0039           - out
   -       0.004           - out
   -      0.0041           - out
  15     0.00414      0.0005       23   24   23     2     0      0  9.1e-14  1.8e-15
   -      0.0042           - out
   -      0.0043           - out
   -      0.0044           - out
   -      0.0045           - out
   -      0.0046           - out
  16     0.00464      0.0005       24   25   24     2     0      0  8.3e-14  2.1e-15
   -      0.0047           - out
   -      0.0048           - out
   -      0.0049           - out
   -       0.005           - out
  17     0.00514      0.0005       25   26   25     2     0      0  9.3e-14  9.9e-16
时间步进已完成。
---------- 当前进度: 100 % - 
Memory: 1982/2241 2341/2433
求解时间：2 s。
物理内存: 2.02 GB
虚拟内存: 2.39 GB
结束时间：2026年8月9日 01:56:09。
----- 研究 4/解 10 (sol10) 中的“瞬态求解器 1” ------------------------------------------->
           当前进度:   3 % - 生成方程
Memory: 1835/2241 2220/2433
<---- 研究 4/解 10 (sol10) 中的“编译方程: 瞬态” -------------------------------------------
开始于 2026年8月9日 01:56:17。
几何形函数: 线性拉格朗日单元
几何形函数: 线性拉格朗日单元
几何形函数: 线性拉格朗日单元
几何形函数: 二次拉格朗日单元
几何形函数: 二次拉格朗日单元
几何形函数: 二次拉格朗日单元
几何形函数: 二次拉格朗日单元
几何形函数: 线性拉格朗日单元
在 AMD64 Family 25 Model 80 Stepping 0, AuthenticAMD 上运行。
在以下位置使用 1 个插槽： Pokemon 上（共 8 个内核）。
可用内存：15.77 GB。
           当前进度:   4 % - 编译方程: 瞬态
Memory: 1979/2241 2329/2433
           当前进度:   5 % - 编译方程: 瞬态
Memory: 1981/2241 2329/2433
           当前进度:   5 % - 正在创建可视化网格
Memory: 1982/2241 2330/2433
时间：8。
物理内存: 1.98 GB
虚拟内存: 2.33 GB
结束时间：2026年8月9日 01:56:25。
----- 研究 4/解 10 (sol10) 中的“编译方程: 瞬态” ------------------------------------------>
<---- 研究 4/解 10 (sol10) 中的“因变量 1” ----------------------------------------------
开始于 2026年8月9日 01:56:25。
           当前进度:   5 % - 因变量 1
Memory: 2020/2241 2370/2433
求解时间：0 s。
物理内存: 2.02 GB
虚拟内存: 2.37 GB
结束时间：2026年8月9日 01:56:25。
----- 研究 4/解 10 (sol10) 中的“因变量 1” --------------------------------------------->
<---- 研究 4/解 10 (sol10) 中的“瞬态求解器 1” --------------------------------------------
开始于 2026年8月9日 01:56:25。
瞬态求解器 (BDF)
求解的自由度数：2660（加上 480 个内部自由度）。
找到非对称矩阵。
缩放因变量：
压力 (comp_ssc_wetting.pWet): 0.31
体积分数 (comp_ssc_wetting.s2): 1
Step        Time    Stepsize      Res  Jac  Sol Order Tfail NLfail   LinErr   LinRes
           当前进度:   7 % - 矩阵分解
Memory: 1995/2241 2341/2433
   0           0           - out    8    9    8                  0  2.5e-13  9.2e-16
   1    5.01e-06       5e-06        9   10    9     1     0      0  1.5e-13  8.8e-15
   2   1.001e-05       5e-06       10   11   10     1     0      0  9.3e-14  5.1e-15
   3   2.001e-05       1e-05       11   12   11     2     0      0  6.2e-14  3.5e-15
   4   4.001e-05       2e-05       12   13   12     1     0      0  7.5e-14  3.8e-15
   5   8.001e-05       4e-05       13   14   13     1     0      0    6e-14  3.9e-15
   -      0.0001           - out
   6  0.00016001       8e-05       14   15   14     1     0      0  8.1e-14  2.7e-15
-          当前进度:  10 % - 矩阵分解
Memory: 1993/2241 2338/2433
   -      0.0002           - out
   -      0.0003           - out
   7  0.00032001     0.00016       15   16   15     1     0      0  9.7e-14  2.6e-15
   -      0.0004           - out
   -      0.0005           - out
   -      0.0006           - out
   8  0.00064001     0.00032       16   17   16     1     0      0  5.5e-14  1.3e-15
   -      0.0007           - out
   -      0.0008           - out
   -      0.0009           - out
   -       0.001           - out
   -      0.0011           - out
   9     0.00114      0.0005       17   18   17     1     0      0  9.6e-14  3.4e-15
   -      0.0012           - out
   -      0.0013           - out
   -      0.0014           - out
   -      0.0015           - out
   -      0.0016           - out
  10     0.00164      0.0005       18   19   18     1     0      0  6.4e-14  2.9e-15
   -      0.0017           - out
   -      0.0018           - out
   -      0.0019           - out
   -       0.002           - out
   -      0.0021           - out
  11     0.00214      0.0005       19   20   19     1     0      0  4.7e-14  9.2e-16
   -      0.0022           - out
   -      0.0023           - out
   -      0.0024           - out
   -      0.0025           - out
   -      0.0026           - out
  12     0.00264      0.0005       20   21   20     2     0      0    9e-14  2.3e-15
   -      0.0027           - out
   -      0.0028           - out
   -      0.0029           - out
   -       0.003           - out
   -      0.0031           - out
  13     0.00314      0.0005       21   22   21     2     0      0    1e-13  5.7e-15
   -      0.0032           - out
   -      0.0033           - out
   -      0.0034           - out
   -      0.0035           - out
   -      0.0036           - out
  14     0.00364      0.0005       22   23   22     2     0      0  8.4e-14  2.1e-15
   -      0.0037           - out
   -      0.0038           - out
   -      0.0039           - out
   -       0.004           - out
   -      0.0041           - out
  15     0.00414      0.0005       23   24   23     2     0      0  1.1e-13  2.2e-15
--------   当前进度:  84 % - 
Memory: 1996/2241 2341/2433
   -      0.0042           - out
   -      0.0043           - out
   -      0.0044           - out
   -      0.0045           - out
   -      0.0046           - out
  16     0.00464      0.0005       24   25   24     2     0      0  7.1e-14  1.9e-15
   -      0.0047           - out
   -      0.0048           - out
   -      0.0049           - out
   -       0.005           - out
  17     0.00514      0.0005       25   26   25     2     0      0  1.1e-13  1.2e-15
时间步进已完成。
---------- 当前进度: 100 % - 
Memory: 1991/2241 2335/2433
求解时间：2 s。
物理内存: 2.02 GB
虚拟内存: 2.37 GB
结束时间：2026年8月9日 01:56:27。
----- 研究 4/解 10 (sol10) 中的“瞬态求解器 1” ------------------------------------------->
           当前进度:   3 % - 生成方程
Memory: 1953/2241 2295/2433
<---- 研究 4/解 10 (sol10) 中的“编译方程: 瞬态” -------------------------------------------
开始于 2026年8月9日 01:56:33。
几何形函数: 线性拉格朗日单元
几何形函数: 线性拉格朗日单元
几何形函数: 线性拉格朗日单元
几何形函数: 二次拉格朗日单元
几何形函数: 二次拉格朗日单元
几何形函数: 二次拉格朗日单元
几何形函数: 二次拉格朗日单元
几何形函数: 线性拉格朗日单元
在 AMD64 Family 25 Model 80 Stepping 0, AuthenticAMD 上运行。
在以下位置使用 1 个插槽： Pokemon 上（共 8 个内核）。
可用内存：15.77 GB。
           当前进度:   4 % - 编译方程: 瞬态
Memory: 1538/2241 2288/2433
           当前进度:   5 % - 编译方程: 瞬态
Memory: 1551/2241 2288/2433
           当前进度:   5 % - 正在创建可视化网格
Memory: 1578/2241 2288/2433
时间：8。
物理内存: 1.91 GB
虚拟内存: 2.29 GB
结束时间：2026年8月9日 01:56:41。
----- 研究 4/解 10 (sol10) 中的“编译方程: 瞬态” ------------------------------------------>
<---- 研究 4/解 10 (sol10) 中的“因变量 1” ----------------------------------------------
开始于 2026年8月9日 01:56:41。
           当前进度:   5 % - 因变量 1
Memory: 1588/2241 2288/2433
求解时间：0 s。
物理内存: 1.59 GB
虚拟内存: 2.29 GB
结束时间：2026年8月9日 01:56:42。
----- 研究 4/解 10 (sol10) 中的“因变量 1” --------------------------------------------->
<---- 研究 4/解 10 (sol10) 中的“瞬态求解器 1” --------------------------------------------
开始于 2026年8月9日 01:56:42。
瞬态求解器 (BDF)
求解的自由度数：2660（加上 480 个内部自由度）。
找到非对称矩阵。
缩放因变量：
压力 (comp_ssc_wetting.pWet): 0.31
体积分数 (comp_ssc_wetting.s2): 1
Step        Time    Stepsize      Res  Jac  Sol Order Tfail NLfail   LinErr   LinRes
           当前进度:   7 % - 组装矩阵
Memory: 1624/2241 2295/2433
   0           0           - out    8    9    8                  0  1.8e-13  9.1e-16
   1    5.01e-06       5e-06        9   10    9     1     0      0  1.2e-13  8.8e-15
   2   1.001e-05       5e-06       10   11   10     1     0      0  9.5e-14  5.1e-15
   3   2.001e-05       1e-05       11   12   11     2     0      0  7.7e-14  3.6e-15
   4   4.001e-05       2e-05       12   13   12     2     0      0  7.5e-14    8e-15
           当前进度:   7 % - 
Memory: 1627/2241 2296/2433
   5   8.001e-05       4e-05       13   14   13     1     0      0  1.1e-13  7.2e-15
   -      0.0001           - out
   6  0.00016001       8e-05       14   15   14     1     0      0  5.4e-14  2.8e-15
   -      0.0002           - out
   -      0.0003           - out
   7  0.00032001     0.00016       15   16   15     1     0      0  9.2e-14    5e-15
   -      0.0004           - out
   -      0.0005           - out
   -      0.0006           - out
   8  0.00064001     0.00032       16   17   16     1     0      0    8e-14  5.2e-15
   -      0.0007           - out
   -      0.0008           - out
   -      0.0009           - out
   -       0.001           - out
   -      0.0011           - out
   9     0.00114      0.0005       17   18   17     1     0      0  7.2e-14  3.2e-15
   -      0.0012           - out
   -      0.0013           - out
   -      0.0014           - out
   -      0.0015           - out
   -      0.0016           - out
  10     0.00164      0.0005       18   19   18     1     0      0  6.8e-14  4.1e-15
   -      0.0017           - out
   -      0.0018           - out
   -      0.0019           - out
   -       0.002           - out
   -      0.0021           - out
  11     0.00214      0.0005       19   20   19     1     0      0  5.4e-14  1.7e-15
   -      0.0022           - out
   -      0.0023           - out
   -      0.0024           - out
   -      0.0025           - out
   -      0.0026           - out
  12     0.00264      0.0005       20   21   20     2     0      0  6.8e-14  3.3e-15
   -      0.0027           - out
   -      0.0028           - out
   -      0.0029           - out
   -       0.003           - out
   -      0.0031           - out
------     当前进度:  65 % - 
Memory: 1628/2241 2296/2433
  13     0.00314      0.0005       21   22   21     2     0      0  2.1e-13  3.5e-15
   -      0.0032           - out
   -      0.0033           - out
   -      0.0034           - out
   -      0.0035           - out
   -      0.0036           - out
  14     0.00364      0.0005       22   23   22     2     0      0  1.1e-13    3e-15
   -      0.0037           - out
   -      0.0038           - out
   -      0.0039           - out
   -       0.004           - out
   -      0.0041           - out
  15     0.00414      0.0005       23   24   23     2     0      0    2e-13  2.4e-15
   -      0.0042           - out
   -      0.0043           - out
   -      0.0044           - out
   -      0.0045           - out
   -      0.0046           - out
  16     0.00464      0.0005       24   25   24     2     0      0  1.2e-13  2.1e-15
   -      0.0047           - out
   -      0.0048           - out
   -      0.0049           - out
   -       0.005           - out
  17     0.00514      0.0005       25   26   25     2     0      0  1.1e-13  1.5e-15
时间步进已完成。
---------- 当前进度: 100 % - 
Memory: 1624/2241 2289/2433
求解时间：2 s。
物理内存: 1.63 GB
虚拟内存: 2.3 GB
结束时间：2026年8月9日 01:56:44。
----- 研究 4/解 10 (sol10) 中的“瞬态求解器 1” ------------------------------------------->
           当前进度:   3 % - 生成方程
Memory: 1772/2241 2279/2433
<---- 研究 4/解 10 (sol10) 中的“编译方程: 瞬态” -------------------------------------------
开始于 2026年8月9日 01:56:50。
几何形函数: 线性拉格朗日单元
几何形函数: 线性拉格朗日单元
几何形函数: 线性拉格朗日单元
几何形函数: 二次拉格朗日单元
几何形函数: 二次拉格朗日单元
几何形函数: 二次拉格朗日单元
几何形函数: 二次拉格朗日单元
几何形函数: 线性拉格朗日单元
在 AMD64 Family 25 Model 80 Stepping 0, AuthenticAMD 上运行。
在以下位置使用 1 个插槽： Pokemon 上（共 8 个内核）。
可用内存：15.77 GB。
           当前进度:   4 % - 编译方程: 瞬态
Memory: 1866/2241 2340/2433
           当前进度:   5 % - 编译方程: 瞬态
Memory: 1870/2241 2340/2433
           当前进度:   5 % - 正在创建可视化网格
Memory: 1877/2241 2340/2433
时间：7。
物理内存: 1.88 GB
虚拟内存: 2.34 GB
结束时间：2026年8月9日 01:56:57。
----- 研究 4/解 10 (sol10) 中的“编译方程: 瞬态” ------------------------------------------>
<---- 研究 4/解 10 (sol10) 中的“因变量 1” ----------------------------------------------
开始于 2026年8月9日 01:56:57。
           当前进度:   5 % - 因变量 1
Memory: 1879/2241 2340/2433
求解时间：0 s。
物理内存: 1.88 GB
虚拟内存: 2.34 GB
结束时间：2026年8月9日 01:56:57。
----- 研究 4/解 10 (sol10) 中的“因变量 1” --------------------------------------------->
<---- 研究 4/解 10 (sol10) 中的“瞬态求解器 1” --------------------------------------------
开始于 2026年8月9日 01:56:58。
瞬态求解器 (BDF)
求解的自由度数：2660（加上 480 个内部自由度）。
找到非对称矩阵。
缩放因变量：
压力 (comp_ssc_wetting.pWet): 0.31
体积分数 (comp_ssc_wetting.s2): 1
Step        Time    Stepsize      Res  Jac  Sol Order Tfail NLfail   LinErr   LinRes
           当前进度:   7 % - 组装矩阵
Memory: 1889/2241 2347/2433
   0           0           - out    8    9    8                  0  2.8e-13    8e-16
   1    5.01e-06       5e-06        9   10    9     1     0      0  1.7e-13  9.1e-15
   2   1.001e-05       5e-06       10   11   10     1     0      0  1.5e-13  7.6e-15
   3   2.001e-05       1e-05       11   12   11     2     0      0  2.4e-13  5.3e-15
           当前进度:   7 % - 矩阵分解
Memory: 1890/2241 2346/2433
   4   4.001e-05       2e-05       12   13   12     2     0      0  1.6e-13  1.3e-14
   5   8.001e-05       4e-05       13   14   13     1     0      0  1.9e-13  1.1e-14
   -      0.0001           - out
   6  0.00016001       8e-05       14   15   14     1     0      0  1.4e-13    4e-15
   -      0.0002           - out
   -      0.0003           - out
   7  0.00032001     0.00016       15   16   15     1     0      0  1.4e-13  7.2e-15
   -      0.0004           - out
   -      0.0005           - out
   -      0.0006           - out
   8  0.00064001     0.00032       16   17   16     1     0      0  1.5e-13  7.1e-15
   -      0.0007           - out
   -      0.0008           - out
   -      0.0009           - out
   -       0.001           - out
   -      0.0011           - out
   9     0.00114      0.0005       17   18   17     1     0      0  1.2e-13  3.7e-15
   -      0.0012           - out
   -      0.0013           - out
   -      0.0014           - out
   -      0.0015           - out
   -      0.0016           - out
  10     0.00164      0.0005       18   19   18     1     0      0  1.3e-13  3.4e-15
   -      0.0017           - out
   -      0.0018           - out
   -      0.0019           - out
   -       0.002           - out
   -      0.0021           - out
----       当前进度:  47 % - 正在组装残差
Memory: 1892/2241 2348/2433
  11     0.00214      0.0005       19   20   19     1     0      0  1.9e-13  2.7e-15
   -      0.0022           - out
   -      0.0023           - out
   -      0.0024           - out
   -      0.0025           - out
   -      0.0026           - out
  12     0.00264      0.0005       20   21   20     1     0      0  1.1e-13  2.1e-15
   -      0.0027           - out
   -      0.0028           - out
   -      0.0029           - out
   -       0.003           - out
   -      0.0031           - out
  13     0.00314      0.0005       22   23   22     1     0      0  3.3e-14  1.7e-15
   -      0.0032           - out
   -      0.0033           - out
   -      0.0034           - out
   -      0.0035           - out
   -      0.0036           - out
  14     0.00364      0.0005       23   24   23     1     0      0  1.3e-13  9.7e-15
   -      0.0037           - out
   -      0.0038           - out
   -      0.0039           - out
   -       0.004           - out
   -      0.0041           - out
  15     0.00414      0.0005       25   26   25     1     0      0  1.5e-13  3.4e-15
   -      0.0042           - out
   -      0.0043           - out
   -      0.0044           - out
   -      0.0045           - out
   -      0.0046           - out
  16     0.00464      0.0005       27   28   27     1     0      0  9.9e-14    2e-15
---------  当前进度:  93 % - 正在组装残差
   -      0.0047           - out
   -      0.0048           - out
   -      0.0049           - out
   -       0.005           - out
  17     0.00514      0.0005       28   29   28     2     0      0  8.4e-14  5.4e-15
时间步进已完成。
---------- 当前进度: 100 % - 
Memory: 1889/2241 2344/2433
求解时间：2 s。
物理内存: 1.89 GB
虚拟内存: 2.35 GB
结束时间：2026年8月9日 01:57:00。
----- 研究 4/解 10 (sol10) 中的“瞬态求解器 1” ------------------------------------------->
           当前进度:   3 % - 生成方程
Memory: 1863/2241 2313/2433
<---- 研究 4/解 10 (sol10) 中的“编译方程: 瞬态” -------------------------------------------
开始于 2026年8月9日 01:57:06。
几何形函数: 线性拉格朗日单元
几何形函数: 线性拉格朗日单元
几何形函数: 线性拉格朗日单元
几何形函数: 二次拉格朗日单元
几何形函数: 二次拉格朗日单元
几何形函数: 二次拉格朗日单元
几何形函数: 二次拉格朗日单元
几何形函数: 线性拉格朗日单元
在 AMD64 Family 25 Model 80 Stepping 0, AuthenticAMD 上运行。
在以下位置使用 1 个插槽： Pokemon 上（共 8 个内核）。
可用内存：15.77 GB。
           当前进度:   4 % - 编译方程: 瞬态
Memory: 1916/2241 2357/2433
           当前进度:   5 % - 编译方程: 瞬态
           当前进度:   5 % - 正在创建可视化网格
Memory: 1917/2241 2357/2433
时间：8。
物理内存: 1.92 GB
虚拟内存: 2.36 GB
结束时间：2026年8月9日 01:57:13。
----- 研究 4/解 10 (sol10) 中的“编译方程: 瞬态” ------------------------------------------>
<---- 研究 4/解 10 (sol10) 中的“因变量 1” ----------------------------------------------
开始于 2026年8月9日 01:57:13。
           当前进度:   5 % - 因变量 1
Memory: 1919/2241 2358/2433
求解时间：0 s。
物理内存: 1.92 GB
虚拟内存: 2.36 GB
结束时间：2026年8月9日 01:57:13。
----- 研究 4/解 10 (sol10) 中的“因变量 1” --------------------------------------------->
<---- 研究 4/解 10 (sol10) 中的“瞬态求解器 1” --------------------------------------------
开始于 2026年8月9日 01:57:14。
瞬态求解器 (BDF)
求解的自由度数：2660（加上 480 个内部自由度）。
找到非对称矩阵。
缩放因变量：
压力 (comp_ssc_wetting.pWet): 0.31
体积分数 (comp_ssc_wetting.s2): 1
Step        Time    Stepsize      Res  Jac  Sol Order Tfail NLfail   LinErr   LinRes
           当前进度:   7 % - 正在组装残差
Memory: 1913/2241 2351/2433
   0           0           - out    8    9    8                  0  1.6e-13  7.6e-16
   1    5.01e-06       5e-06        9   10    9     1     0      0  1.5e-13  2.3e-15
   2   1.001e-05       5e-06       10   11   10     1     0      0  1.4e-13  5.8e-15
           当前进度:   7 % - 矩阵分解
Memory: 1911/2241 2348/2433
   3   2.001e-05       1e-05       11   12   11     2     0      0    1e-13  5.2e-15
   4   4.001e-05       2e-05       13   14   13     2     0      0  1.2e-13  1.3e-14
   5   8.001e-05       4e-05       14   15   14     1     0      0  1.9e-13  2.2e-15
   -      0.0001           - out
   6  0.00016001       8e-05       15   16   15     1     0      0  1.3e-13  4.4e-15
   -      0.0002           - out
   -      0.0003           - out
   7  0.00032001     0.00016       16   17   16     1     0      0    1e-13  1.6e-15
   -      0.0004           - out
-          当前进度:  19 % - 正在组装残差
Memory: 1914/2241 2351/2433
   -      0.0005           - out
   -      0.0006           - out
   8  0.00064001     0.00032       17   18   17     1     0      0  8.6e-14  3.9e-15
   -      0.0007           - out
   -      0.0008           - out
   -      0.0009           - out
   -       0.001           - out
   -      0.0011           - out
   9     0.00114      0.0005       18   19   18     1     0      0  1.9e-13  1.7e-15
   -      0.0012           - out
   -      0.0013           - out
   -      0.0014           - out
   -      0.0015           - out
   -      0.0016           - out
  10     0.00164      0.0005       20   21   20     1     0      0  3.8e-14  1.8e-15
   -      0.0017           - out
   -      0.0018           - out
   -      0.0019           - out
   -       0.002           - out
   -      0.0021           - out
  11     0.00214      0.0005       22   23   22     1     0      0  1.1e-13  3.2e-15
----       当前进度:  47 % - 矩阵分解
Memory: 1913/2241 2350/2433
   -      0.0022           - out
   -      0.0023           - out
   -      0.0024           - out
   -      0.0025           - out
   -      0.0026           - out
  12     0.00264      0.0005       24   25   24     1     0      0  5.3e-14  1.7e-15
   -      0.0027           - out
   -      0.0028           - out
   -      0.0029           - out
   -       0.003           - out
   -      0.0031           - out
  13     0.00314      0.0005       26   27   26     2     0      0  8.8e-14  1.2e-15
   -      0.0032           - out
   -      0.0033           - out
   -      0.0034           - out
   -      0.0035           - out
   -      0.0036           - out
  14     0.00364      0.0005       28   29   28     2     0      0  1.4e-13  2.2e-15
-------    当前进度:  75 % - 求解线性方程组
Memory: 1915/2241 2352/2433
   -      0.0037           - out
   -      0.0038           - out
   -      0.0039           - out
   -       0.004           - out
   -      0.0041           - out
  15     0.00414      0.0005       39   40   39     1     0      0  9.1e-14  1.6e-15
   -      0.0042           - out
   -      0.0043           - out
   -      0.0044           - out
   -      0.0045           - out
   -      0.0046           - out
  16     0.00464      0.0005       41   42   41     1     0      0  9.7e-14    3e-15
   -      0.0047           - out
   -      0.0048           - out
   -      0.0049           - out
   -       0.005           - out
  17     0.00514      0.0005       43   44   43     1     0      0  2.3e-14  2.4e-15
时间步进已完成。
---------- 当前进度: 100 % - 
Memory: 1912/2241 2347/2433
求解时间：2 s。
物理内存: 1.92 GB
虚拟内存: 2.36 GB
结束时间：2026年8月9日 01:57:16。
----- 研究 4/解 10 (sol10) 中的“瞬态求解器 1” ------------------------------------------->
           当前进度:   3 % - 生成方程
Memory: 1755/2241 2213/2433
<---- 研究 4/解 10 (sol10) 中的“编译方程: 瞬态” -------------------------------------------
开始于 2026年8月9日 01:57:23。
几何形函数: 线性拉格朗日单元
几何形函数: 线性拉格朗日单元
几何形函数: 线性拉格朗日单元
几何形函数: 二次拉格朗日单元
几何形函数: 二次拉格朗日单元
几何形函数: 二次拉格朗日单元
几何形函数: 二次拉格朗日单元
几何形函数: 线性拉格朗日单元
在 AMD64 Family 25 Model 80 Stepping 0, AuthenticAMD 上运行。
在以下位置使用 1 个插槽： Pokemon 上（共 8 个内核）。
可用内存：15.77 GB。
           当前进度:   4 % - 编译方程: 瞬态
Memory: 1903/2241 2331/2433
           当前进度:   5 % - 编译方程: 瞬态
           当前进度:   5 % - 正在创建可视化网格
Memory: 1904/2241 2331/2433
时间：8。
物理内存: 1.9 GB
虚拟内存: 2.33 GB
结束时间：2026年8月9日 01:57:31。
----- 研究 4/解 10 (sol10) 中的“编译方程: 瞬态” ------------------------------------------>
<---- 研究 4/解 10 (sol10) 中的“因变量 1” ----------------------------------------------
开始于 2026年8月9日 01:57:31。
           当前进度:   5 % - 因变量 1
Memory: 1906/2241 2332/2433
求解时间：0 s。
物理内存: 1.91 GB
虚拟内存: 2.34 GB
结束时间：2026年8月9日 01:57:31。
----- 研究 4/解 10 (sol10) 中的“因变量 1” --------------------------------------------->
<---- 研究 4/解 10 (sol10) 中的“瞬态求解器 1” --------------------------------------------
开始于 2026年8月9日 01:57:31。
瞬态求解器 (BDF)
求解的自由度数：2660（加上 480 个内部自由度）。
找到非对称矩阵。
缩放因变量：
压力 (comp_ssc_wetting.pWet): 0.31
体积分数 (comp_ssc_wetting.s2): 1
Step        Time    Stepsize      Res  Jac  Sol Order Tfail NLfail   LinErr   LinRes
           当前进度:   7 % - 矩阵分解
Memory: 1912/2241 2338/2433
   0           0           - out    8    9    8                  0  1.4e-13    9e-16
   1    5.01e-06       5e-06        9   10    9     1     0      0  1.9e-13  9.1e-15
   2   1.001e-05       5e-06       10   11   10     1     0      0  4.9e-14  5.2e-15
   3   2.001e-05       1e-05       11   12   11     2     0      0  9.9e-14  3.4e-15
   4   4.001e-05       2e-05       12   13   12     2     0      0  7.7e-14  8.7e-15
   5   8.001e-05       4e-05       13   14   13     1     0      0    1e-13  7.2e-15
   -      0.0001           - out
   6  0.00016001       8e-05       14   15   14     1     0      0  9.8e-14  2.7e-15
   -      0.0002           - out
   -      0.0003           - out
   7  0.00032001     0.00016       15   16   15     1     0      0  9.6e-14    5e-15
   -      0.0004           - out
   -      0.0005           - out
   -      0.0006           - out
   8  0.00064001     0.00032       16   17   16     1     0      0  7.2e-14  4.9e-15
-          当前进度:  19 % - 矩阵分解
Memory: 1913/2241 2337/2433
   -      0.0007           - out
   -      0.0008           - out
   -      0.0009           - out
   -       0.001           - out
   -      0.0011           - out
   9     0.00114      0.0005       17   18   17     1     0      0  7.2e-14  3.2e-15
   -      0.0012           - out
   -      0.0013           - out
   -      0.0014           - out
   -      0.0015           - out
   -      0.0016           - out
  10     0.00164      0.0005       18   19   18     1     0      0  7.8e-14    4e-15
   -      0.0017           - out
   -      0.0018           - out
   -      0.0019           - out
   -       0.002           - out
   -      0.0021           - out
  11     0.00214      0.0005       19   20   19     1     0      0  3.9e-14  1.8e-15
   -      0.0022           - out
   -      0.0023           - out
   -      0.0024           - out
   -      0.0025           - out
   -      0.0026           - out
  12     0.00264      0.0005       20   21   20     2     0      0  7.3e-14  3.3e-15
   -      0.0027           - out
   -      0.0028           - out
   -      0.0029           - out
   -       0.003           - out
   -      0.0031           - out
  13     0.00314      0.0005       21   22   21     2     0      0  1.8e-13  3.4e-15
   -      0.0032           - out
   -      0.0033           - out
   -      0.0034           - out
   -      0.0035           - out
   -      0.0036           - out
  14     0.00364      0.0005       22   23   22     2     0      0  7.3e-14  2.9e-15
   -      0.0037           - out
   -      0.0038           - out
   -      0.0039           - out
   -       0.004           - out
   -      0.0041           - out
  15     0.00414      0.0005       23   24   23     2     0      0  2.3e-13  2.5e-15
--------   当前进度:  84 % - 正在组装残差
Memory: 1915/2241 2340/2433
   -      0.0042           - out
   -      0.0043           - out
   -      0.0044           - out
   -      0.0045           - out
   -      0.0046           - out
  16     0.00464      0.0005       24   25   24     2     0      0  1.1e-13  2.2e-15
   -      0.0047           - out
   -      0.0048           - out
   -      0.0049           - out
   -       0.005           - out
  17     0.00514      0.0005       25   26   25     2     0      0  1.2e-13  1.6e-15
时间步进已完成。
---------- 当前进度: 100 % - 
Memory: 1913/2241 2336/2433
求解时间：2 s。
物理内存: 1.91 GB
虚拟内存: 2.34 GB
结束时间：2026年8月9日 01:57:34。
----- 研究 4/解 10 (sol10) 中的“瞬态求解器 1” ------------------------------------------->
---------- 当前进度: 100 % - 正在更新选择
Memory: 1931/2241 2337/2433
           当前进度:   0 % - 矩形
Memory: 1932/2241 2337/2433
           当前进度:   8 % - 矩形 2
Memory: 1933/2241 2337/2433
-          当前进度:  17 % - 形成联合体
--------   当前进度:  87 % - 解析域和空区域
Memory: 1934/2241 2337/2433
---------- 当前进度: 100 % - 正在更新选择
---------- 当前进度: 100 % - 正在创建可视化网格
           当前进度:   0 % - 映射
Memory: 1613/2241 1983/2433
顶点单元数：6
边界单元数：700
最小单元质量：1
---------- 当前进度: 100 % - 正在定型网格
           当前进度:   3 % - 生成方程
Memory: 1652/2241 2022/2433
<---- 研究 5/解 11 (sol11) 中的“编译方程: 稳态” -------------------------------------------
开始于 2026年8月9日 01:57:47。
几何形函数: 线性拉格朗日单元
几何形函数: 线性拉格朗日单元
几何形函数: 线性拉格朗日单元
几何形函数: 二次拉格朗日单元
几何形函数: 二次拉格朗日单元
几何形函数: 二次拉格朗日单元
几何形函数: 二次拉格朗日单元
几何形函数: 线性拉格朗日单元
几何形函数: 线性拉格朗日单元
在 AMD64 Family 25 Model 80 Stepping 0, AuthenticAMD 上运行。
在以下位置使用 1 个插槽： Pokemon 上（共 8 个内核）。
可用内存：15.77 GB。
           当前进度:   6 % - 编译方程: 稳态
Memory: 1850/2241 2215/2433
           当前进度:   7 % - 编译方程: 稳态
           当前进度:   7 % - 正在创建可视化网格
Memory: 1856/2241 2216/2433
时间：10。
物理内存: 1.86 GB
虚拟内存: 2.22 GB
结束时间：2026年8月9日 01:57:57。
----- 研究 5/解 11 (sol11) 中的“编译方程: 稳态” ------------------------------------------>
<---- 研究 5/解 11 (sol11) 中的“因变量 1” ----------------------------------------------
开始于 2026年8月9日 01:57:57。
           当前进度:   7 % - 因变量 1
Memory: 1857/2241 2216/2433
求解时间：0 s。
物理内存: 1.86 GB
虚拟内存: 2.22 GB
结束时间：2026年8月9日 01:57:57。
----- 研究 5/解 11 (sol11) 中的“因变量 1” --------------------------------------------->
<---- 研究 5/解 11 (sol11) 中的“稳态求解器 1” --------------------------------------------
开始于 2026年8月9日 01:57:57。
线性求解器 
求解的自由度数：6741（加上 728 个内部自由度）。
找到对称矩阵。
缩放因变量：
浓度 (comp_n2_transfer.cN2d): 1
已使用正交零空间函数。
Iter      SolEst     Damping    Stepsize #Res #Jac #Sol   LinErr   LinRes
   1        0.99   1.0000000        0.99    1    1    1  6.9e-13  3.3e-15
---------- 当前进度: 100 % - 
Memory: 1864/2241 2219/2433
求解时间：1 s。
物理内存: 1.86 GB
虚拟内存: 2.22 GB
结束时间：2026年8月9日 01:57:58。
----- 研究 5/解 11 (sol11) 中的“稳态求解器 1” ------------------------------------------->
           当前进度:   1 % - 正在初始化
Memory: 1718/2241 2015/2433
           当前进度:   6 % - 正在计算
Memory: 1738/2241 2033/2433
-          当前进度:  10 % - 正在绘制
---        当前进度:  31 % - 正在计算
Memory: 1741/2241 2033/2433
----       当前进度:  47 % - 正在计算
Memory: 1742/2241 2033/2433
-----      当前进度:  50 % - 正在计算
-----      当前进度:  55 % - 正在绘制
Memory: 1743/2241 2034/2433
--------   当前进度:  84 % - 正在计算
Memory: 1745/2241 2036/2433
--------   当前进度:  89 % - 正在计算
---------  当前进度:  90 % - 正在计算
---------  当前进度:  92 % - 正在计算
---------  当前进度:  94 % - 正在计算
---------  当前进度:  96 % - 正在计算
---------  当前进度:  97 % - 正在计算
---------  当前进度:  98 % - 正在计算
---------  当前进度:  99 % - 正在计算
           当前进度:   0 % - 正在绘制
Memory: 1747/2241 2038/2433
           当前进度:   6 % - 正在计算
-          当前进度:  10 % - 正在绘制
---        当前进度:  31 % - 正在计算
----       当前进度:  47 % - 正在计算
-----      当前进度:  50 % - 正在计算
-----      当前进度:  55 % - 正在绘制
--------   当前进度:  84 % - 正在计算
Memory: 1751/2241 2043/2433
--------   当前进度:  89 % - 正在计算
---------  当前进度:  90 % - 正在计算
---------  当前进度:  92 % - 正在计算
Memory: 1748/2241 2040/2433
---------  当前进度:  94 % - 正在计算
---------  当前进度:  96 % - 正在计算
---------  当前进度:  97 % - 正在计算
---------  当前进度:  98 % - 正在计算
---------  当前进度:  99 % - 正在计算
           当前进度:   0 % - 正在绘制
Memory: 1749/2241 2040/2433
           当前进度:   6 % - 正在计算
-          当前进度:  10 % - 正在绘制
-          当前进度:  19 % - 正在计算
Memory: 1750/2241 2041/2433
--         当前进度:  24 % - 正在计算
Memory: 1753/2241 2043/2433
---        当前进度:  35 % - 正在计算
---        当前进度:  37 % - 正在计算
---        当前进度:  38 % - 正在计算
---------  当前进度:  93 % - 正在计算
Memory: 1754/2241 2044/2433
---------  当前进度:  98 % - 正在计算
           当前进度:   0 % - 正在绘制
Memory: 1755/2241 2045/2433
           当前进度:   6 % - 正在计算
-          当前进度:  10 % - 正在绘制
-          当前进度:  19 % - 正在计算
Memory: 1758/2241 2047/2433
--------   当前进度:  83 % - 正在计算
---------  当前进度:  90 % - 正在计算
           当前进度:   1 % - 正在初始化
Memory: 1768/2241 2058/2433
           当前进度:   6 % - 正在计算
Memory: 1807/2241 2109/2433
-          当前进度:  10 % - 正在绘制
---        当前进度:  36 % - 正在计算
Memory: 1809/2241 2109/2433
----       当前进度:  47 % - 正在计算
-----      当前进度:  50 % - 正在计算
-----      当前进度:  55 % - 正在绘制
--------   当前进度:  87 % - 正在计算
--------   当前进度:  89 % - 正在计算
---------  当前进度:  90 % - 正在计算
Memory: 1810/2241 2109/2433
---------  当前进度:  92 % - 正在计算
---------  当前进度:  94 % - 正在计算
---------  当前进度:  96 % - 正在计算
---------  当前进度:  97 % - 正在计算
Memory: 1809/2241 2109/2433
---------  当前进度:  98 % - 正在计算
---------  当前进度:  99 % - 正在计算
           当前进度:   0 % - 正在绘制
           当前进度:   6 % - 正在计算
-          当前进度:  10 % - 正在绘制
---        当前进度:  36 % - 正在计算
Memory: 1810/2241 2109/2433
----       当前进度:  47 % - 正在计算
-----      当前进度:  50 % - 正在计算
-----      当前进度:  55 % - 正在绘制
--------   当前进度:  87 % - 正在计算
--------   当前进度:  89 % - 正在计算
---------  当前进度:  90 % - 正在计算
---------  当前进度:  92 % - 正在计算
---------  当前进度:  94 % - 正在计算
---------  当前进度:  96 % - 正在计算
---------  当前进度:  97 % - 正在计算
---------  当前进度:  98 % - 正在计算
---------  当前进度:  99 % - 正在计算
           当前进度:   0 % - 正在绘制
           当前进度:   6 % - 正在计算
-          当前进度:  10 % - 正在绘制
--         当前进度:  22 % - 正在计算
Memory: 1822/2241 2109/2433
--         当前进度:  24 % - 正在计算
Memory: 1840/2241 2109/2433
---        当前进度:  35 % - 正在计算
Memory: 1852/2241 2109/2433
---        当前进度:  37 % - 正在计算
---        当前进度:  38 % - 正在计算
---------  当前进度:  93 % - 正在计算
Memory: 1853/2241 2109/2433
---------  当前进度:  98 % - 正在计算
           当前进度:   0 % - 正在绘制
           当前进度:   6 % - 正在计算
-          当前进度:  10 % - 正在绘制
Memory: 1854/2241 2110/2433
-----      当前进度:  51 % - 正在计算
Memory: 1855/2241 2110/2433
--------   当前进度:  83 % - 正在计算
---------  当前进度:  90 % - 正在计算
           当前进度:   1 % - 正在初始化
Memory: 1862/2241 2117/2433
           当前进度:   6 % - 正在计算
Memory: 1914/2241 2170/2433
-          当前进度:  10 % - 正在绘制
-----      当前进度:  51 % - 正在计算
Memory: 1915/2241 2171/2433
--------   当前进度:  83 % - 正在计算
---------  当前进度:  90 % - 正在计算
           当前进度:   0 % - 正在绘制
           当前进度:   6 % - 正在计算
-          当前进度:  10 % - 正在绘制
-----      当前进度:  51 % - 正在计算
--------   当前进度:  83 % - 正在计算
---------  当前进度:  90 % - 正在计算
-          当前进度:  10 % - 正在初始化
Memory: 1924/2241 2180/2433
           当前进度:   1 % - 正在初始化
Memory: 2102/2241 2348/2433
           当前进度:   6 % - 正在计算
Memory: 2292/2292 2537/2537
-          当前进度:  10 % - 正在绘制
-          当前进度:  19 % - 正在计算
--------   当前进度:  83 % - 正在计算
--------   当前进度:  86 % - 正在计算
           当前进度:   1 % - 正在初始化
Memory: 2306/2306 2551/2551
           当前进度:   6 % - 正在计算
Memory: 2299/2315 2558/2607
-          当前进度:  10 % - 正在绘制
-          当前进度:  19 % - 正在计算
--------   当前进度:  83 % - 正在计算
--------   当前进度:  86 % - 正在计算
           当前进度:   0 % - 正在绘制
           当前进度:   6 % - 正在计算
-          当前进度:  10 % - 正在绘制
-          当前进度:  19 % - 正在计算
--------   当前进度:  83 % - 正在计算
--------   当前进度:  86 % - 正在计算
           当前进度:   0 % - 正在绘制
           当前进度:   6 % - 正在计算
-          当前进度:  10 % - 正在绘制
-          当前进度:  19 % - 正在计算
--------   当前进度:  83 % - 正在计算
--------   当前进度:  86 % - 正在计算
           当前进度:   0 % - 正在绘制
           当前进度:   6 % - 正在计算
-          当前进度:  10 % - 正在绘制
-          当前进度:  16 % - 正在计算
-----      当前进度:  55 % - 正在计算
------     当前进度:  60 % - 正在计算
---------  当前进度:  97 % - 正在计算
           当前进度:   1 % - 正在初始化
Memory: 2300/2315 2558/2607
           当前进度:   6 % - 正在计算
Memory: 2307/2315 2574/2607
-          当前进度:  10 % - 正在绘制
-          当前进度:  19 % - 正在计算
--------   当前进度:  83 % - 正在计算
--------   当前进度:  86 % - 正在计算
           当前进度:   0 % - 正在绘制
           当前进度:   6 % - 正在计算
-          当前进度:  10 % - 正在绘制
-          当前进度:  19 % - 正在计算
--------   当前进度:  83 % - 正在计算
--------   当前进度:  86 % - 正在计算
类运行时: 476 s.
总时间: 476 s.
