*******************************************
***COMSOL 6.4.0.293 progress output file***
*******************************************
Sun Aug 09 01:13:26 CST 2026
COMSOL Multiphysics 6.4 (开发版本: 293) 在批处理模式下启动
正在运行: F:\LiNRR_COMSOL\worktrees\LiNRR_M10A2\src\java\LiNRR_M10A2_SSC_Pipe_Wetting.class
---------- 当前进度: 100 % - 正在分析几何
Memory: 781/791 822/839
---------- 当前进度: 100 % - 正在更新选择
Memory: 776/791 817/839
           当前进度:   0 % - 多边形
Memory: 800/800 842/842
           当前进度:   9 % - 形成联合体
Memory: 798/801 842/842
----       当前进度:  42 % - 解析域和空区域
Memory: 798/806 847/856
---------- 当前进度: 100 % - 正在更新选择
Memory: 780/806 828/856
---------- 当前进度: 100 % - 正在创建可视化网格
Memory: 807/807 840/856
           当前进度:   0 % - 边
Memory: 806/824 839/856
顶点单元数：2
边界单元数：15
---------- 当前进度: 100 % - 正在创建边界网格
Memory: 807/824 839/856
           当前进度:   2 % - 生成方程
Memory: 823/824 855/856
           当前进度:   3 % - 生成方程
Memory: 900/918 931/948
<---- 研究 2a/解 6 (sol6) 中的“编译方程: 稳态” --------------------------------------------
开始于 2026年8月9日 01:14:09。
几何形函数: 线性拉格朗日单元
几何形函数: 线性拉格朗日单元
几何形函数: 线性拉格朗日单元
几何形函数: 二次拉格朗日单元
在 AMD64 Family 25 Model 80 Stepping 0, AuthenticAMD 上运行。
在以下位置使用 1 个插槽： Pokemon 上（共 8 个内核）。
可用内存：15.77 GB。
           当前进度:   4 % - 编译方程: 稳态
Memory: 1554/1554 1603/1603
           当前进度:   7 % - 编译方程: 稳态
Memory: 1565/1568 1614/1619
           当前进度:   7 % - 正在创建可视化网格
Memory: 1579/1584 1624/1629
时间：8。
物理内存: 1.58 GB
虚拟内存: 1.63 GB
结束时间：2026年8月9日 01:14:17。
----- 研究 2a/解 6 (sol6) 中的“编译方程: 稳态” ------------------------------------------->
<---- 研究 2a/解 6 (sol6) 中的“因变量 1” -----------------------------------------------
开始于 2026年8月9日 01:14:17。
           当前进度:   7 % - 因变量 1
Memory: 1577/1584 1619/1629
求解时间：0 s。
物理内存: 1.58 GB
虚拟内存: 1.62 GB
结束时间：2026年8月9日 01:14:17。
----- 研究 2a/解 6 (sol6) 中的“因变量 1” ---------------------------------------------->
<---- 研究 2a/解 6 (sol6) 中的“稳态求解器 1” ---------------------------------------------
开始于 2026年8月9日 01:14:17。
-          当前进度:  12 % - 稳态求解器 1
Memory: 1581/1587 1621/1629
非线性求解器
求解的自由度数：61。
找到非对称矩阵。
缩放因变量：
压力 (comp_pipe_n2.p_pfl_n2): 1e+05
切向速度 (comp_pipe_n2.u4): 1.8e+02
已使用正交零空间函数。
Iter      SolEst      ResEst     Damping    Stepsize #Res #Jac #Sol   LinErr   LinRes
   1     3.5e-11     4.1e+03   1.0000000     1.3e+05    2    1    2  1.2e-15  4.4e-16
   2     5.2e-16       0.017   1.0000000     3.2e-11    4    2    4  1.1e-15  1.1e-15
---------- 当前进度: 100 % - 
Memory: 1587/1587 1622/1629
求解时间：2 s。
物理内存: 1.6 GB
虚拟内存: 1.66 GB
结束时间：2026年8月9日 01:14:19。
----- 研究 2a/解 6 (sol6) 中的“稳态求解器 1” -------------------------------------------->
---------- 当前进度: 100 % - 正在更新选择
Memory: 1466/1597 1494/1661
           当前进度:   0 % - 多边形
           当前进度:   9 % - 形成联合体
----       当前进度:  42 % - 解析域和空区域
---------- 当前进度: 100 % - 正在更新选择
---------- 当前进度: 100 % - 正在创建可视化网格
Memory: 1467/1597 1494/1661
           当前进度:   0 % - 边
Memory: 1375/1597 1413/1661
顶点单元数：2
边界单元数：15
---------- 当前进度: 100 % - 正在创建边界网格
           当前进度:   2 % - 生成方程
Memory: 1390/1597 1427/1661
           当前进度:   3 % - 生成方程
Memory: 1417/1597 1448/1661
<---- 研究 2b/解 7 (sol7) 中的“编译方程: 稳态” --------------------------------------------
开始于 2026年8月9日 01:14:27。
几何形函数: 线性拉格朗日单元
几何形函数: 线性拉格朗日单元
几何形函数: 线性拉格朗日单元
几何形函数: 二次拉格朗日单元
几何形函数: 二次拉格朗日单元
在 AMD64 Family 25 Model 80 Stepping 0, AuthenticAMD 上运行。
在以下位置使用 1 个插槽： Pokemon 上（共 8 个内核）。
可用内存：15.77 GB。
           当前进度:   4 % - 编译方程: 稳态
Memory: 1636/1639 1677/1680
           当前进度:   7 % - 编译方程: 稳态
Memory: 1648/1651 1689/1693
           当前进度:   7 % - 正在创建可视化网格
Memory: 1657/1658 1695/1696
时间：7。
物理内存: 1.66 GB
虚拟内存: 1.7 GB
结束时间：2026年8月9日 01:14:34。
----- 研究 2b/解 7 (sol7) 中的“编译方程: 稳态” ------------------------------------------->
<---- 研究 2b/解 7 (sol7) 中的“因变量 1” -----------------------------------------------
开始于 2026年8月9日 01:14:34。
           当前进度:   7 % - 因变量 1
Memory: 1655/1660 1692/1698
求解时间：0 s。
物理内存: 1.66 GB
虚拟内存: 1.7 GB
结束时间：2026年8月9日 01:14:34。
----- 研究 2b/解 7 (sol7) 中的“因变量 1” ---------------------------------------------->
<---- 研究 2b/解 7 (sol7) 中的“稳态求解器 1” ---------------------------------------------
开始于 2026年8月9日 01:14:34。
非线性求解器
求解的自由度数：61。
找到非对称矩阵。
缩放因变量：
压力 (comp_pipe_h2.p_pfl_h2): 1e+05
切向速度 (comp_pipe_h2.u5): 96
已使用正交零空间函数。
Iter      SolEst      ResEst     Damping    Stepsize #Res #Jac #Sol   LinErr   LinRes
   1     2.4e-11     2.7e+03   1.0000000     1.8e+05    2    1    2  9.7e-16  3.6e-16
   2       7e-16       0.022   1.0000000     2.1e-11    4    2    4  5.5e-16  1.6e-15
---------- 当前进度: 100 % - 
Memory: 1676/1676 1718/1721
求解时间：1 s。
物理内存: 1.68 GB
虚拟内存: 1.76 GB
结束时间：2026年8月9日 01:14:35。
----- 研究 2b/解 7 (sol7) 中的“稳态求解器 1” -------------------------------------------->
---------- 当前进度: 100 % - 正在更新选择
Memory: 1723/1723 1887/1887
           当前进度:   0 % - 多边形
Memory: 1775/1775 1887/1887
           当前进度:   9 % - 形成联合体
----       当前进度:  42 % - 解析域和空区域
---------- 当前进度: 100 % - 正在更新选择
Memory: 1776/1776 1887/1887
---------- 当前进度: 100 % - 正在创建可视化网格
Memory: 1826/1826 1887/1887
           当前进度:   0 % - 边
Memory: 1621/1829 1661/1887
顶点单元数：5
边界单元数：45
---------- 当前进度: 100 % - 正在创建边界网格
           当前进度:   2 % - 生成方程
Memory: 1668/1829 1709/1887
           当前进度:   3 % - 生成方程
Memory: 1687/1829 1727/1887
<---- 研究/解 8 (sol8) 中的“编译方程: 稳态” -----------------------------------------------
开始于 2026年8月9日 01:14:42。
几何形函数: 线性拉格朗日单元
几何形函数: 线性拉格朗日单元
几何形函数: 线性拉格朗日单元
几何形函数: 二次拉格朗日单元
几何形函数: 二次拉格朗日单元
几何形函数: 二次拉格朗日单元
在 AMD64 Family 25 Model 80 Stepping 0, AuthenticAMD 上运行。
在以下位置使用 1 个插槽： Pokemon 上（共 8 个内核）。
可用内存：15.77 GB。
           当前进度:   4 % - 编译方程: 稳态
Memory: 1880/1882 1930/1932
           当前进度:   7 % - 编译方程: 稳态
Memory: 1881/1888 1930/1940
           当前进度:   7 % - 正在创建可视化网格
Memory: 1886/1888 1933/1940
时间：7。
物理内存: 1.89 GB
虚拟内存: 1.94 GB
结束时间：2026年8月9日 01:14:49。
----- 研究/解 8 (sol8) 中的“编译方程: 稳态” ---------------------------------------------->
<---- 研究/解 8 (sol8) 中的“因变量 1” --------------------------------------------------
开始于 2026年8月9日 01:14:49。
           当前进度:   7 % - 因变量 1
Memory: 1890/1892 1936/1940
求解时间：0 s。
物理内存: 1.89 GB
虚拟内存: 1.94 GB
结束时间：2026年8月9日 01:14:49。
----- 研究/解 8 (sol8) 中的“因变量 1” ------------------------------------------------->
<---- 研究/解 8 (sol8) 中的“稳态求解器 1” ------------------------------------------------
开始于 2026年8月9日 01:14:49。
非线性求解器
求解的自由度数：181。
找到非对称矩阵。
缩放因变量：
压力 (comp_pipe_liq.p_pfl_liq): 1e+05
切向速度 (comp_pipe_liq.u6): 94
已使用正交零空间函数。
Iter      SolEst      ResEst     Damping    Stepsize #Res #Jac #Sol   LinErr   LinRes
   1     1.1e-10     1.8e+03   1.0000000     7.9e+04    2    1    2  6.6e-14  2.2e-14
   2     9.6e-16        0.17   1.0000000     1.4e-10    4    2    4  5.7e-14  2.5e-14
---------- 当前进度: 100 % - 
Memory: 1888/1892 1934/1940
求解时间：1 s。
物理内存: 1.89 GB
虚拟内存: 1.97 GB
结束时间：2026年8月9日 01:14:50。
----- 研究/解 8 (sol8) 中的“稳态求解器 1” ----------------------------------------------->
---------- 当前进度: 100 % - 正在更新选择
Memory: 1785/1895 1828/1973
           当前进度:   0 % - 矩形
           当前进度:   9 % - 形成联合体
----       当前进度:  42 % - 解析域和空区域
---------- 当前进度: 100 % - 正在更新选择
---------- 当前进度: 100 % - 正在创建可视化网格
Memory: 1786/1895 1828/1973
           当前进度:   0 % - 映射
Memory: 1728/1895 1766/1973
顶点单元数：4
边界单元数：132
最小单元质量：1
---------- 当前进度: 100 % - 正在定型网格
Memory: 1729/1895 1766/1973
           当前进度:   2 % - 生成方程
Memory: 1732/1895 1768/1973
           当前进度:   3 % - 生成方程
Memory: 1598/1895 1634/1973
<---- 研究 3/解 9 (sol9) 中的“编译方程: 稳态” ---------------------------------------------
开始于 2026年8月9日 01:15:01。
几何形函数: 线性拉格朗日单元
几何形函数: 线性拉格朗日单元
几何形函数: 线性拉格朗日单元
几何形函数: 二次拉格朗日单元
几何形函数: 二次拉格朗日单元
几何形函数: 二次拉格朗日单元
几何形函数: 二次拉格朗日单元
在 AMD64 Family 25 Model 80 Stepping 0, AuthenticAMD 上运行。
在以下位置使用 1 个插槽： Pokemon 上（共 8 个内核）。
可用内存：15.77 GB。
           当前进度:   6 % - 编译方程: 稳态
Memory: 1813/1895 1862/1973
           当前进度:   7 % - 编译方程: 稳态
Memory: 1813/1895 1861/1973
           当前进度:   7 % - 正在创建可视化网格
Memory: 1817/1895 1862/1973
时间：8。
物理内存: 1.82 GB
虚拟内存: 1.86 GB
结束时间：2026年8月9日 01:15:10。
----- 研究 3/解 9 (sol9) 中的“编译方程: 稳态” -------------------------------------------->
<---- 研究 3/解 9 (sol9) 中的“因变量 1” ------------------------------------------------
开始于 2026年8月9日 01:15:10。
           当前进度:   7 % - 因变量 1
Memory: 1820/1895 1868/1973
求解时间：0 s。
物理内存: 1.82 GB
虚拟内存: 1.87 GB
结束时间：2026年8月9日 01:15:10。
----- 研究 3/解 9 (sol9) 中的“因变量 1” ----------------------------------------------->
<---- 研究 3/解 9 (sol9) 中的“稳态求解器 1” ----------------------------------------------
开始于 2026年8月9日 01:15:10。
-          当前进度:  12 % - 稳态求解器 1
Memory: 1855/1895 1904/1973
线性求解器 
求解的自由度数：1573。
找到对称矩阵。
缩放因变量：
压力 (comp_ssc_darcy.pDarcy): 1
已使用正交零空间函数。
Iter      SolEst     Damping    Stepsize #Res #Jac #Sol   LinErr   LinRes
   1        0.98   1.0000000        0.98    1    1    1  1.1e-13  2.2e-15
---------- 当前进度: 100 % - 
Memory: 1860/1895 1909/1973
求解时间：2 s。
物理内存: 1.86 GB
虚拟内存: 1.91 GB
结束时间：2026年8月9日 01:15:12。
----- 研究 3/解 9 (sol9) 中的“稳态求解器 1” --------------------------------------------->
           当前进度:   2 % - 生成方程
Memory: 1771/1895 1812/1973
           当前进度:   3 % - 生成方程
Memory: 1828/1895 1868/1973
<---- 研究 3/解 9 (sol9) 中的“编译方程: 稳态” ---------------------------------------------
开始于 2026年8月9日 01:15:17。
几何形函数: 线性拉格朗日单元
几何形函数: 线性拉格朗日单元
几何形函数: 线性拉格朗日单元
几何形函数: 二次拉格朗日单元
几何形函数: 二次拉格朗日单元
几何形函数: 二次拉格朗日单元
几何形函数: 二次拉格朗日单元
在 AMD64 Family 25 Model 80 Stepping 0, AuthenticAMD 上运行。
在以下位置使用 1 个插槽： Pokemon 上（共 8 个内核）。
可用内存：15.77 GB。
           当前进度:   6 % - 编译方程: 稳态
Memory: 1933/1933 1974/1974
           当前进度:   7 % - 编译方程: 稳态
Memory: 1933/1938 1974/1981
           当前进度:   7 % - 正在创建可视化网格
时间：7。
物理内存: 1.94 GB
虚拟内存: 1.98 GB
结束时间：2026年8月9日 01:15:25。
----- 研究 3/解 9 (sol9) 中的“编译方程: 稳态” -------------------------------------------->
<---- 研究 3/解 9 (sol9) 中的“因变量 1” ------------------------------------------------
开始于 2026年8月9日 01:15:25。
           当前进度:   7 % - 因变量 1
Memory: 1934/1938 1974/1981
求解时间：0 s。
物理内存: 1.93 GB
虚拟内存: 1.97 GB
结束时间：2026年8月9日 01:15:25。
----- 研究 3/解 9 (sol9) 中的“因变量 1” ----------------------------------------------->
<---- 研究 3/解 9 (sol9) 中的“稳态求解器 1” ----------------------------------------------
开始于 2026年8月9日 01:15:25。
线性求解器 
求解的自由度数：1573。
找到对称矩阵。
缩放因变量：
压力 (comp_ssc_darcy.pDarcy): 1
已使用正交零空间函数。
Iter      SolEst     Damping    Stepsize #Res #Jac #Sol   LinErr   LinRes
   1        0.98   1.0000000        0.98    1    1    1  9.3e-14  2.1e-15
---------- 当前进度: 100 % - 
Memory: 1901/1939 1944/2013
求解时间：1 s。
物理内存: 1.93 GB
虚拟内存: 1.97 GB
结束时间：2026年8月9日 01:15:26。
----- 研究 3/解 9 (sol9) 中的“稳态求解器 1” --------------------------------------------->
           当前进度:   2 % - 生成方程
Memory: 1820/1939 1855/2013
           当前进度:   3 % - 生成方程
Memory: 1830/1939 1863/2013
<---- 研究 3/解 9 (sol9) 中的“编译方程: 稳态” ---------------------------------------------
开始于 2026年8月9日 01:15:32。
几何形函数: 线性拉格朗日单元
几何形函数: 线性拉格朗日单元
几何形函数: 线性拉格朗日单元
几何形函数: 二次拉格朗日单元
几何形函数: 二次拉格朗日单元
几何形函数: 二次拉格朗日单元
几何形函数: 二次拉格朗日单元
在 AMD64 Family 25 Model 80 Stepping 0, AuthenticAMD 上运行。
在以下位置使用 1 个插槽： Pokemon 上（共 8 个内核）。
可用内存：15.77 GB。
           当前进度:   6 % - 编译方程: 稳态
Memory: 1917/1939 1954/2013
           当前进度:   7 % - 编译方程: 稳态
           当前进度:   7 % - 正在创建可视化网格
Memory: 1920/1939 1956/2013
时间：7。
物理内存: 1.92 GB
虚拟内存: 1.97 GB
结束时间：2026年8月9日 01:15:40。
----- 研究 3/解 9 (sol9) 中的“编译方程: 稳态” -------------------------------------------->
<---- 研究 3/解 9 (sol9) 中的“因变量 1” ------------------------------------------------
开始于 2026年8月9日 01:15:40。
           当前进度:   7 % - 因变量 1
Memory: 1923/1939 1972/2013
求解时间：0 s。
物理内存: 1.92 GB
虚拟内存: 1.97 GB
结束时间：2026年8月9日 01:15:40。
----- 研究 3/解 9 (sol9) 中的“因变量 1” ----------------------------------------------->
<---- 研究 3/解 9 (sol9) 中的“稳态求解器 1” ----------------------------------------------
开始于 2026年8月9日 01:15:40。
线性求解器 
求解的自由度数：1573。
找到对称矩阵。
缩放因变量：
压力 (comp_ssc_darcy.pDarcy): 1
已使用正交零空间函数。
Iter      SolEst     Damping    Stepsize #Res #Jac #Sol   LinErr   LinRes
   1        0.98   1.0000000        0.98    1    1    1  1.1e-13  2.2e-15
---------- 当前进度: 100 % - 
Memory: 1923/1939 1971/2013
求解时间：1 s。
物理内存: 1.92 GB
虚拟内存: 1.97 GB
结束时间：2026年8月9日 01:15:41。
----- 研究 3/解 9 (sol9) 中的“稳态求解器 1” --------------------------------------------->
           当前进度:   2 % - 生成方程
Memory: 1837/1939 1881/2013
           当前进度:   3 % - 生成方程
Memory: 1838/1939 1881/2013
<---- 研究 3/解 9 (sol9) 中的“编译方程: 稳态” ---------------------------------------------
开始于 2026年8月9日 01:15:47。
几何形函数: 线性拉格朗日单元
几何形函数: 线性拉格朗日单元
几何形函数: 线性拉格朗日单元
几何形函数: 二次拉格朗日单元
几何形函数: 二次拉格朗日单元
几何形函数: 二次拉格朗日单元
几何形函数: 二次拉格朗日单元
在 AMD64 Family 25 Model 80 Stepping 0, AuthenticAMD 上运行。
在以下位置使用 1 个插槽： Pokemon 上（共 8 个内核）。
可用内存：15.77 GB。
           当前进度:   6 % - 编译方程: 稳态
Memory: 1903/1939 1951/2013
           当前进度:   7 % - 编译方程: 稳态
Memory: 1896/1939 1943/2013
           当前进度:   7 % - 正在创建可视化网格
Memory: 1900/1939 1947/2013
时间：7。
物理内存: 1.9 GB
虚拟内存: 1.95 GB
结束时间：2026年8月9日 01:15:54。
----- 研究 3/解 9 (sol9) 中的“编译方程: 稳态” -------------------------------------------->
<---- 研究 3/解 9 (sol9) 中的“因变量 1” ------------------------------------------------
开始于 2026年8月9日 01:15:54。
           当前进度:   7 % - 因变量 1
Memory: 1899/1939 1944/2013
求解时间：0 s。
物理内存: 1.9 GB
虚拟内存: 1.94 GB
结束时间：2026年8月9日 01:15:54。
----- 研究 3/解 9 (sol9) 中的“因变量 1” ----------------------------------------------->
<---- 研究 3/解 9 (sol9) 中的“稳态求解器 1” ----------------------------------------------
开始于 2026年8月9日 01:15:54。
线性求解器 
求解的自由度数：1573。
找到对称矩阵。
缩放因变量：
压力 (comp_ssc_darcy.pDarcy): 1
已使用正交零空间函数。
Iter      SolEst     Damping    Stepsize #Res #Jac #Sol   LinErr   LinRes
   1        0.98   1.0000000        0.98    1    1    1  1.3e-13  2.1e-15
---------- 当前进度: 100 % - 
Memory: 1900/1939 1944/2013
求解时间：1 s。
物理内存: 1.9 GB
虚拟内存: 1.95 GB
结束时间：2026年8月9日 01:15:55。
----- 研究 3/解 9 (sol9) 中的“稳态求解器 1” --------------------------------------------->
           当前进度:   2 % - 生成方程
Memory: 1846/1939 1889/2013
           当前进度:   3 % - 生成方程
Memory: 1847/1939 1889/2013
<---- 研究 3/解 9 (sol9) 中的“编译方程: 稳态” ---------------------------------------------
开始于 2026年8月9日 01:16:00。
几何形函数: 线性拉格朗日单元
几何形函数: 线性拉格朗日单元
几何形函数: 线性拉格朗日单元
几何形函数: 二次拉格朗日单元
几何形函数: 二次拉格朗日单元
几何形函数: 二次拉格朗日单元
几何形函数: 二次拉格朗日单元
在 AMD64 Family 25 Model 80 Stepping 0, AuthenticAMD 上运行。
在以下位置使用 1 个插槽： Pokemon 上（共 8 个内核）。
可用内存：15.77 GB。
           当前进度:   6 % - 编译方程: 稳态
Memory: 1902/1939 1946/2013
           当前进度:   7 % - 编译方程: 稳态
           当前进度:   7 % - 正在创建可视化网格
Memory: 1904/1939 1947/2013
时间：8。
物理内存: 1.9 GB
虚拟内存: 1.95 GB
结束时间：2026年8月9日 01:16:08。
----- 研究 3/解 9 (sol9) 中的“编译方程: 稳态” -------------------------------------------->
<---- 研究 3/解 9 (sol9) 中的“因变量 1” ------------------------------------------------
开始于 2026年8月9日 01:16:08。
           当前进度:   7 % - 因变量 1
求解时间：0 s。
物理内存: 1.9 GB
虚拟内存: 1.95 GB
结束时间：2026年8月9日 01:16:08。
----- 研究 3/解 9 (sol9) 中的“因变量 1” ----------------------------------------------->
<---- 研究 3/解 9 (sol9) 中的“稳态求解器 1” ----------------------------------------------
开始于 2026年8月9日 01:16:08。
线性求解器 
求解的自由度数：1573。
找到对称矩阵。
缩放因变量：
压力 (comp_ssc_darcy.pDarcy): 1
已使用正交零空间函数。
Iter      SolEst     Damping    Stepsize #Res #Jac #Sol   LinErr   LinRes
   1        0.98   1.0000000        0.98    1    1    1  1.2e-13  2.1e-15
---------- 当前进度: 100 % - 
求解时间：1 s。
物理内存: 1.9 GB
虚拟内存: 1.95 GB
结束时间：2026年8月9日 01:16:09。
----- 研究 3/解 9 (sol9) 中的“稳态求解器 1” --------------------------------------------->
           当前进度:   2 % - 生成方程
Memory: 1837/1939 1876/2013
           当前进度:   3 % - 生成方程
Memory: 1832/1939 1871/2013
<---- 研究 3/解 9 (sol9) 中的“编译方程: 稳态” ---------------------------------------------
开始于 2026年8月9日 01:16:15。
几何形函数: 线性拉格朗日单元
几何形函数: 线性拉格朗日单元
几何形函数: 线性拉格朗日单元
几何形函数: 二次拉格朗日单元
几何形函数: 二次拉格朗日单元
几何形函数: 二次拉格朗日单元
几何形函数: 二次拉格朗日单元
在 AMD64 Family 25 Model 80 Stepping 0, AuthenticAMD 上运行。
在以下位置使用 1 个插槽： Pokemon 上（共 8 个内核）。
可用内存：15.77 GB。
           当前进度:   6 % - 编译方程: 稳态
Memory: 1965/1967 2007/2013
           当前进度:   7 % - 编译方程: 稳态
Memory: 1965/1971 2007/2014
           当前进度:   7 % - 正在创建可视化网格
Memory: 1966/1971 2007/2014
时间：8。
物理内存: 1.97 GB
虚拟内存: 2.01 GB
结束时间：2026年8月9日 01:16:22。
----- 研究 3/解 9 (sol9) 中的“编译方程: 稳态” -------------------------------------------->
<---- 研究 3/解 9 (sol9) 中的“因变量 1” ------------------------------------------------
开始于 2026年8月9日 01:16:22。
           当前进度:   7 % - 因变量 1
求解时间：0 s。
物理内存: 1.97 GB
虚拟内存: 2.01 GB
结束时间：2026年8月9日 01:16:23。
----- 研究 3/解 9 (sol9) 中的“因变量 1” ----------------------------------------------->
<---- 研究 3/解 9 (sol9) 中的“稳态求解器 1” ----------------------------------------------
开始于 2026年8月9日 01:16:23。
线性求解器 
求解的自由度数：1573。
找到对称矩阵。
缩放因变量：
压力 (comp_ssc_darcy.pDarcy): 1
已使用正交零空间函数。
Iter      SolEst     Damping    Stepsize #Res #Jac #Sol   LinErr   LinRes
   1        0.98   1.0000000        0.98    1    1    1  1.5e-13  2.1e-15
---------- 当前进度: 100 % - 
Memory: 1925/1971 1966/2046
求解时间：1 s。
物理内存: 1.97 GB
虚拟内存: 2.01 GB
结束时间：2026年8月9日 01:16:24。
----- 研究 3/解 9 (sol9) 中的“稳态求解器 1” --------------------------------------------->
---------- 当前进度: 100 % - 正在更新选择
Memory: 1943/1971 1980/2046
           当前进度:   0 % - 矩形
Memory: 1945/1971 1982/2046
           当前进度:   9 % - 形成联合体
----       当前进度:  42 % - 解析域和空区域
---------- 当前进度: 100 % - 正在更新选择
---------- 当前进度: 100 % - 正在创建可视化网格
Memory: 1742/1971 1797/2046
           当前进度:   0 % - 映射
Memory: 1824/1971 1868/2046
顶点单元数：4
边界单元数：172
最小单元质量：1
---------- 当前进度: 100 % - 正在定型网格
           当前进度:   3 % - 生成方程
Memory: 1829/1971 1871/2046
<---- 研究 4/解 10 (sol10) 中的“编译方程: 瞬态” -------------------------------------------
开始于 2026年8月9日 01:16:40。
几何形函数: 线性拉格朗日单元
几何形函数: 线性拉格朗日单元
几何形函数: 线性拉格朗日单元
几何形函数: 二次拉格朗日单元
几何形函数: 二次拉格朗日单元
几何形函数: 二次拉格朗日单元
几何形函数: 二次拉格朗日单元
几何形函数: 线性拉格朗日单元
在 AMD64 Family 25 Model 80 Stepping 0, AuthenticAMD 上运行。
在以下位置使用 1 个插槽： Pokemon 上（共 8 个内核）。
可用内存：15.77 GB。
           当前进度:   4 % - 编译方程: 瞬态
Memory: 1941/1971 1991/2046
           当前进度:   5 % - 编译方程: 瞬态
           当前进度:   5 % - 正在创建可视化网格
Memory: 1931/1971 2039/2046
时间：10。
物理内存: 2.12 GB
虚拟内存: 2.24 GB
结束时间：2026年8月9日 01:16:49。
----- 研究 4/解 10 (sol10) 中的“编译方程: 瞬态” ------------------------------------------>
<---- 研究 4/解 10 (sol10) 中的“因变量 1” ----------------------------------------------
开始于 2026年8月9日 01:16:49。
           当前进度:   5 % - 因变量 1
Memory: 2129/2129 2240/2240
求解时间：0 s。
物理内存: 2.13 GB
虚拟内存: 2.24 GB
结束时间：2026年8月9日 01:16:49。
----- 研究 4/解 10 (sol10) 中的“因变量 1” --------------------------------------------->
<---- 研究 4/解 10 (sol10) 中的“瞬态求解器 1” --------------------------------------------
开始于 2026年8月9日 01:16:49。
瞬态求解器 (BDF)
求解的自由度数：2660（加上 480 个内部自由度）。
找到非对称矩阵。
缩放因变量：
压力 (comp_ssc_wetting.pWet): 0.31
体积分数 (comp_ssc_wetting.s2): 1
Step        Time    Stepsize      Res  Jac  Sol Order Tfail NLfail   LinErr   LinRes
           当前进度:   7 % - 矩阵分解
Memory: 2156/2157 2252/2253
   0           0           - out    2    3    2                  0  1.1e-14  1.7e-16
   1  8.1866e-05  8.1466e-05        4    5    4     1     0      0  9.6e-15  1.4e-16
   2  0.00016333  8.1466e-05        6    7    6     1     0      0  7.1e-15  1.4e-16
           当前进度:   7 % - 正在组装残差
Memory: 2163/2165 2251/2254
   3  0.00032627  0.00016293        8    9    8     2     0      0    6e-15  1.7e-16
   4  0.00065213  0.00032587       10   11   10     1     0      0  7.1e-15  1.7e-16
   5   0.0013039  0.00065173       12   13   12     1     0      0  1.1e-14  2.3e-16
           当前进度:   7 % - 矩阵分解
Memory: 2162/2165 2249/2254
   6   0.0026073   0.0013035       14   15   14     1     0      0  6.1e-15  2.4e-16
   -       0.005           - out
   7   0.0052143   0.0026069       16   17   16     1     0      0  3.5e-15  3.5e-16
   -        0.01           - out
   8    0.010428   0.0052139       18   19   18     1     0      0  3.4e-15  6.9e-16
   -       0.015           - out
   -        0.02           - out
   9    0.020856    0.010428       20   21   20     1     0      0  8.2e-15  8.5e-16
-          当前进度:  16 % - 矩阵分解
Memory: 2163/2165 2249/2254
   -       0.025           - out
   -        0.03           - out
   -       0.035           - out
   -        0.04           - out
  10    0.040856        0.02       22   23   22     1     0      0  4.9e-15  1.6e-15
   -       0.045           - out
   -        0.05           - out
   -       0.055           - out
   -        0.06           - out
  11    0.060856        0.02       24   25   24     1     0      0  1.1e-14  2.2e-15
   -       0.065           - out
   -        0.07           - out
   -       0.075           - out
   -        0.08           - out
  12    0.080856        0.02       26   27   26     1     0      0  1.5e-14    3e-15
   -       0.085           - out
   -        0.09           - out
   -       0.095           - out
   -         0.1           - out
  13     0.10086        0.02       28   29   28     1     0      0  2.2e-14  3.2e-15
-----      当前进度:  54 % - 矩阵分解
Memory: 2164/2165 2250/2254
   -       0.105           - out
   -        0.11           - out
   -       0.115           - out
   -        0.12           - out
  14     0.12086        0.02       30   31   30     1     0      0    2e-14  4.2e-15
   -       0.125           - out
   -        0.13           - out
   -       0.135           - out
   -        0.14           - out
  15     0.14086        0.02       32   33   32     2     0      0  2.6e-14  3.6e-15
   -       0.145           - out
   -        0.15           - out
   -       0.155           - out
   -        0.16           - out
  16     0.16086        0.02       33   34   33     2     0      0  2.5e-14  2.4e-15
   -       0.165           - out
   -        0.17           - out
   -       0.175           - out
   -        0.18           - out
  17     0.18086        0.02       34   35   34     2     0      0  2.7e-14  2.5e-15
   -       0.185           - out
   -        0.19           - out
   -       0.195           - out
   -         0.2           - out
  18     0.20086        0.02       35   36   35     2     0      0  4.8e-14  2.8e-15
时间步进已完成。
---------- 当前进度: 100 % - 
Memory: 2161/2165 2246/2254
求解时间：3 s。
物理内存: 2.17 GB
虚拟内存: 2.29 GB
结束时间：2026年8月9日 01:16:52。
----- 研究 4/解 10 (sol10) 中的“瞬态求解器 1” ------------------------------------------->
           当前进度:   3 % - 生成方程
Memory: 1962/2168 2036/2285
<---- 研究 4/解 10 (sol10) 中的“编译方程: 瞬态” -------------------------------------------
开始于 2026年8月9日 01:16:59。
几何形函数: 线性拉格朗日单元
几何形函数: 线性拉格朗日单元
几何形函数: 线性拉格朗日单元
几何形函数: 二次拉格朗日单元
几何形函数: 二次拉格朗日单元
几何形函数: 二次拉格朗日单元
几何形函数: 二次拉格朗日单元
几何形函数: 线性拉格朗日单元
在 AMD64 Family 25 Model 80 Stepping 0, AuthenticAMD 上运行。
在以下位置使用 1 个插槽： Pokemon 上（共 8 个内核）。
可用内存：15.77 GB。
           当前进度:   4 % - 编译方程: 瞬态
Memory: 2172/2172 2255/2285
           当前进度:   5 % - 编译方程: 瞬态
Memory: 2172/2178 2255/2285
           当前进度:   5 % - 正在创建可视化网格
Memory: 2176/2180 2255/2285
时间：8。
物理内存: 2.21 GB
虚拟内存: 2.3 GB
结束时间：2026年8月9日 01:17:07。
----- 研究 4/解 10 (sol10) 中的“编译方程: 瞬态” ------------------------------------------>
<---- 研究 4/解 10 (sol10) 中的“因变量 1” ----------------------------------------------
开始于 2026年8月9日 01:17:07。
           当前进度:   5 % - 因变量 1
Memory: 2214/2214 2297/2297
求解时间：0 s。
物理内存: 2.21 GB
虚拟内存: 2.3 GB
结束时间：2026年8月9日 01:17:07。
----- 研究 4/解 10 (sol10) 中的“因变量 1” --------------------------------------------->
<---- 研究 4/解 10 (sol10) 中的“瞬态求解器 1” --------------------------------------------
开始于 2026年8月9日 01:17:08。
瞬态求解器 (BDF)
求解的自由度数：2660（加上 480 个内部自由度）。
找到非对称矩阵。
缩放因变量：
压力 (comp_ssc_wetting.pWet): 0.31
体积分数 (comp_ssc_wetting.s2): 1
Step        Time    Stepsize      Res  Jac  Sol Order Tfail NLfail   LinErr   LinRes
           当前进度:   7 % - 组装矩阵
Memory: 2234/2234 2325/2336
   0           0           - out    8    9    8                  0  1.5e-13  8.9e-15
   1   0.0002004      0.0002       10   11   10     1     0      0  1.6e-13  7.5e-15
           当前进度:   7 % - 
Memory: 2235/2235 2325/2336
   2   0.0004004      0.0002       12   13   12     1     0      0  2.2e-13  7.2e-15
   3   0.0008004      0.0004       14   15   14     2     0      0  1.5e-13  7.3e-15
   4   0.0012004      0.0004       16   17   16     2     0      0  1.4e-13  7.3e-15
   5   0.0020004      0.0008       18   19   18     2     0      0  1.5e-13  7.2e-15
           当前进度:   8 % - 矩阵分解
Memory: 2235/2236 2325/2336
   6   0.0036004      0.0016       20   21   20     1     0      0  7.8e-14  6.3e-15
   -       0.005           - out
   7   0.0052004      0.0016       22   23   22     1     0      0  5.4e-14  9.9e-15
   8   0.0084004      0.0032       24   25   24     1     0      0  5.3e-14  1.9e-14
   -        0.01           - out
-          当前进度:  12 % - 正在组装残差
Memory: 2236/2236 2327/2336
   9      0.0116      0.0032       26   27   26     1     0      0  5.7e-14  2.6e-14
  10      0.0148      0.0032       28   29   28     1     0      0  9.5e-14  3.2e-14
   -       0.015           - out
   -        0.02           - out
  11      0.0212      0.0064       30   31   30     1     0      0  1.4e-13  7.5e-14
   -       0.025           - out
  12      0.0276      0.0064       32   33   32     1     0      0  1.6e-13  7.2e-14
--         当前进度:  20 % - 组装矩阵
Memory: 2237/2237 2327/2336
   -        0.03           - out
  13       0.034      0.0064       34   35   34     1     0      0  1.9e-13  8.3e-14
   -       0.035           - out
   -        0.04           - out
  14      0.0404      0.0064       36   37   36     1     0      0  2.2e-13    1e-13
   -       0.045           - out
   -        0.05           - out
  15      0.0532      0.0128       38   39   38     1     0      0  3.9e-13  1.6e-13
   -       0.055           - out
   -        0.06           - out
   -       0.065           - out
---        当前进度:  38 % - 正在组装残差
  16       0.066      0.0128       40   41   40     1     0      0  3.8e-13  1.8e-13
   -        0.07           - out
   -       0.075           - out
  17      0.0788      0.0128       42   43   42     1     0      0  2.2e-13  1.8e-13
   -        0.08           - out
   -       0.085           - out
   -        0.09           - out
  18      0.0916      0.0128       44   45   44     1     0      0  9.7e-13  1.6e-13
   -       0.095           - out
   -         0.1           - out
   -       0.105           - out
   -        0.11           - out
  19      0.1116        0.02       46   47   46     2     0      0  9.9e-13  3.6e-14
-----      当前进度:  59 % - 组装矩阵
Memory: 2233/2237 2323/2336
   -       0.115           - out
   -        0.12           - out
   -       0.125           - out
   -        0.13           - out
  20      0.1316        0.02       48   49   48     2     0      0  1.1e-12  1.3e-14
   -       0.135           - out
   -        0.14           - out
   -       0.145           - out
   -        0.15           - out
  21      0.1516        0.02       50   51   50     2     0      0  5.7e-13  1.6e-14
   -       0.155           - out
   -        0.16           - out
   -       0.165           - out
   -        0.17           - out
  22      0.1716        0.02       52   53   52     2     0      0  9.3e-13  1.2e-13
--------   当前进度:  87 % - 组装矩阵
Memory: 2229/2237 2319/2336
   -       0.175           - out
   -        0.18           - out
   -       0.185           - out
   -        0.19           - out
  23      0.1916        0.02       54   55   54     2     0      0  1.5e-12  3.4e-14
   -       0.195           - out
   -         0.2           - out
  24      0.2116        0.02       56   57   56     2     0      0    7e-13  5.4e-14
时间步进已完成。
---------- 当前进度: 100 % - 
Memory: 2226/2237 2316/2336
求解时间：3 s。
物理内存: 2.24 GB
虚拟内存: 2.33 GB
结束时间：2026年8月9日 01:17:11。
----- 研究 4/解 10 (sol10) 中的“瞬态求解器 1” ------------------------------------------->
           当前进度:   3 % - 生成方程
Memory: 2210/2237 2302/2336
<---- 研究 4/解 10 (sol10) 中的“编译方程: 瞬态” -------------------------------------------
开始于 2026年8月9日 01:17:18。
几何形函数: 线性拉格朗日单元
几何形函数: 线性拉格朗日单元
几何形函数: 线性拉格朗日单元
几何形函数: 二次拉格朗日单元
几何形函数: 二次拉格朗日单元
几何形函数: 二次拉格朗日单元
几何形函数: 二次拉格朗日单元
几何形函数: 线性拉格朗日单元
在 AMD64 Family 25 Model 80 Stepping 0, AuthenticAMD 上运行。
在以下位置使用 1 个插槽： Pokemon 上（共 8 个内核）。
可用内存：15.77 GB。
           当前进度:   4 % - 编译方程: 瞬态
Memory: 2203/2309 2293/2598
           当前进度:   5 % - 编译方程: 瞬态
           当前进度:   5 % - 正在创建可视化网格
Memory: 2243/2309 2337/2598
时间：9。
物理内存: 2.25 GB
虚拟内存: 2.34 GB
结束时间：2026年8月9日 01:17:27。
----- 研究 4/解 10 (sol10) 中的“编译方程: 瞬态” ------------------------------------------>
<---- 研究 4/解 10 (sol10) 中的“因变量 1” ----------------------------------------------
开始于 2026年8月9日 01:17:27。
           当前进度:   5 % - 因变量 1
Memory: 2247/2309 2337/2598
求解时间：0 s。
物理内存: 2.25 GB
虚拟内存: 2.34 GB
结束时间：2026年8月9日 01:17:27。
----- 研究 4/解 10 (sol10) 中的“因变量 1” --------------------------------------------->
<---- 研究 4/解 10 (sol10) 中的“瞬态求解器 1” --------------------------------------------
开始于 2026年8月9日 01:17:27。
瞬态求解器 (BDF)
求解的自由度数：2660（加上 480 个内部自由度）。
找到非对称矩阵。
缩放因变量：
压力 (comp_ssc_wetting.pWet): 0.31
体积分数 (comp_ssc_wetting.s2): 1
Step        Time    Stepsize      Res  Jac  Sol Order Tfail NLfail   LinErr   LinRes
           当前进度:   7 % - 矩阵分解
Memory: 2251/2309 2342/2598
   0           0           - out    8    9    8                  0  3.9e-14  4.5e-16
   1  0.00012183  0.00012143       10   11   10     1     0      0  1.5e-13  8.7e-15
           当前进度:   7 % - 组装矩阵
Memory: 2254/2309 2344/2598
   2  0.00024326  0.00012143       12   13   12     1     0      0  1.4e-13  8.9e-15
   3  0.00048613  0.00024286       14   15   14     2     0      0  1.7e-13  9.7e-15
   4  0.00097185  0.00048573       16   17   16     1     0      0  7.8e-14  1.9e-15
   5    0.001409  0.00043715       18   19   18     1     0      0    7e-14  1.3e-15
           当前进度:   7 % - 
   6   0.0018462  0.00043715       20   21   20     1     0      0  4.3e-14    1e-14
   7   0.0027205  0.00087431       22   23   22     1     0      0  4.4e-14  1.1e-14
   8   0.0044691   0.0017486       24   25   24     1     0      0  4.3e-14  8.1e-15
   -       0.005           - out
   9   0.0062177   0.0017486       26   27   26     1     0      0  7.1e-14    1e-14
-          当前进度:  10 % - 矩阵分解
Memory: 2251/2309 2340/2598
  10   0.0079663   0.0017486       28   29   28     1     0      0  9.4e-14  3.9e-14
   -        0.01           - out
  11    0.011464   0.0034972       30   31   30     1     0      0  1.4e-13    2e-14
  12    0.014611   0.0031475       32   33   32     1     0      0  1.5e-13  3.2e-14
-          当前进度:  14 % - 矩阵分解
Memory: 2253/2309 2343/2598
   -       0.015           - out
  13    0.017759   0.0031475       34   35   34     1     0      0  1.9e-13  3.3e-14
   -        0.02           - out
  14    0.020906   0.0031475       36   37   36     1     0      0  2.9e-13  2.7e-14
   -       0.025           - out
  15    0.027201    0.006295       39   40   39     2     0      0  1.3e-12  5.7e-15
-          当前进度:  19 % - 矩阵分解
Memory: 2254/2309 2344/2598
   -        0.03           - out
  16    0.033496    0.006295       41   42   41     1     0      0  5.3e-13  6.1e-14
   -       0.035           - out
  17    0.039791    0.006295       43   44   43     1     0      0  5.6e-13    1e-13
   -        0.04           - out
   -       0.045           - out
  18    0.046086    0.006295       45   46   45     1     0      0  7.7e-13  6.2e-14
   -        0.05           - out
  19    0.052381    0.006295       47   48   47     1     0      0  7.7e-13  6.4e-14
---        当前进度:  31 % - 矩阵分解
Memory: 2253/2309 2342/2598
   -       0.055           - out
  20    0.058676    0.006295       49   50   49     1     0      0  6.8e-13    1e-13
   -        0.06           - out
   -       0.065           - out
   -        0.07           - out
  21    0.071266     0.01259       51   52   51     1     0      0  2.3e-12    1e-13
   -       0.075           - out
   -        0.08           - out
  22    0.083856     0.01259       53   54   53     1     0      0    2e-12  6.1e-14
----       当前进度:  46 % - 矩阵分解
   -       0.085           - out
   -        0.09           - out
   -       0.095           - out
  23    0.096446     0.01259       55   56   55     1     0      0  3.3e-12  5.9e-14
   -         0.1           - out
   -       0.105           - out
   -        0.11           - out
   -       0.115           - out
  24     0.11645        0.02       57   58   57     1     0      0  5.2e-12  4.3e-14
   -        0.12           - out
   -       0.125           - out
   -        0.13           - out
   -       0.135           - out
  25     0.13645        0.02       59   60   59     1     0      0  8.9e-12  2.9e-14
   -        0.14           - out
   -       0.145           - out
   -        0.15           - out
   -       0.155           - out
  26     0.15645        0.02       61   62   61     1     0      0  7.1e-12  9.4e-15
--------   当前进度:  80 % - 矩阵分解
   -        0.16           - out
   -       0.165           - out
   -        0.17           - out
   -       0.175           - out
  27     0.17645        0.02       63   64   63     1     0      0  3.4e-12  3.7e-14
   -        0.18           - out
   -       0.185           - out
   -        0.19           - out
   -       0.195           - out
  28     0.19645        0.02       65   66   65     1     0      0    2e-12    1e-13
   -         0.2           - out
  29     0.21645        0.02       67   68   67     1     0      0    1e-11  1.8e-14
时间步进已完成。
---------- 当前进度: 100 % - 
Memory: 2252/2309 2341/2598
求解时间：3 s。
物理内存: 2.25 GB
虚拟内存: 2.34 GB
结束时间：2026年8月9日 01:17:30。
----- 研究 4/解 10 (sol10) 中的“瞬态求解器 1” ------------------------------------------->
           当前进度:   3 % - 生成方程
Memory: 2236/2309 2323/2598
<---- 研究 4/解 10 (sol10) 中的“编译方程: 瞬态” -------------------------------------------
开始于 2026年8月9日 01:17:37。
几何形函数: 线性拉格朗日单元
几何形函数: 线性拉格朗日单元
几何形函数: 线性拉格朗日单元
几何形函数: 二次拉格朗日单元
几何形函数: 二次拉格朗日单元
几何形函数: 二次拉格朗日单元
几何形函数: 二次拉格朗日单元
几何形函数: 线性拉格朗日单元
在 AMD64 Family 25 Model 80 Stepping 0, AuthenticAMD 上运行。
在以下位置使用 1 个插槽： Pokemon 上（共 8 个内核）。
可用内存：15.77 GB。
           当前进度:   4 % - 编译方程: 瞬态
Memory: 2097/2309 2338/2598
           当前进度:   5 % - 编译方程: 瞬态
Memory: 2095/2309 2338/2598
           当前进度:   5 % - 正在创建可视化网格
Memory: 2068/2309 2338/2598
时间：9。
物理内存: 2.23 GB
虚拟内存: 2.34 GB
结束时间：2026年8月9日 01:17:46。
----- 研究 4/解 10 (sol10) 中的“编译方程: 瞬态” ------------------------------------------>
<---- 研究 4/解 10 (sol10) 中的“因变量 1” ----------------------------------------------
开始于 2026年8月9日 01:17:46。
           当前进度:   5 % - 因变量 1
Memory: 2049/2309 2338/2598
求解时间：0 s。
物理内存: 2.05 GB
虚拟内存: 2.34 GB
结束时间：2026年8月9日 01:17:46。
----- 研究 4/解 10 (sol10) 中的“因变量 1” --------------------------------------------->
<---- 研究 4/解 10 (sol10) 中的“瞬态求解器 1” --------------------------------------------
开始于 2026年8月9日 01:17:46。
瞬态求解器 (BDF)
求解的自由度数：2660（加上 480 个内部自由度）。
找到非对称矩阵。
缩放因变量：
压力 (comp_ssc_wetting.pWet): 0.31
体积分数 (comp_ssc_wetting.s2): 1
Step        Time    Stepsize      Res  Jac  Sol Order Tfail NLfail   LinErr   LinRes
           当前进度:   7 % - 正在组装残差
Memory: 1908/2309 2345/2598
           当前进度:   7 % - 矩阵分解
Memory: 1782/2309 2342/2598
   0           0           - out   11   12   11                  0  1.1e-13  2.2e-15
   1  1.2715e-06  8.7154e-07       15   16   15     1     1      0  1.3e-13    2e-15
           当前进度:   7 % - 正在组装残差
Memory: 1677/2309 2345/2598
   2  2.0124e-06  7.4089e-07       17   18   17     1     1      0  1.5e-13  2.1e-15
   3  3.4942e-06  1.4818e-06       19   20   19     1     1      0    1e-13  2.9e-15
   4  4.7975e-06  1.3033e-06       21   22   21     1     1      0  5.4e-14  6.4e-16
           当前进度:   7 % - 组装矩阵
Memory: 1681/2309 2345/2598
   5  6.1008e-06  1.3033e-06       23   24   23     1     1      0  1.7e-13  1.1e-15
   6  7.4041e-06  1.3033e-06       25   26   25     1     1      0  6.8e-14  8.7e-16
   7  1.0011e-05  2.6066e-06       27   28   27     1     1      0    1e-13  1.3e-15
   8  1.2617e-05  2.6066e-06       29   30   29     1     1      0  1.1e-13  2.9e-15
           当前进度:   7 % - 
Memory: 1682/2309 2345/2598
   9   1.783e-05  5.2132e-06       31   32   31     1     1      0  1.3e-13  3.6e-15
  10  2.3044e-05  5.2132e-06       33   34   33     1     1      0  1.8e-14  1.3e-15
  11  2.9126e-05  6.0828e-06       37   38   37     1     2      0  4.8e-14  1.4e-15
  12  3.5209e-05  6.0828e-06       39   40   39     1     2      0  1.9e-14  1.2e-15
  13  4.1292e-05  6.0828e-06       41   42   41     1     2      0  6.1e-14  2.5e-15
           当前进度:   7 % - 组装矩阵
Memory: 1672/2309 2345/2598
  14  4.7984e-05  6.6917e-06       45   46   45     1     3      0  3.2e-14  1.8e-15
  15  5.4675e-05  6.6917e-06       47   48   47     1     3      0  3.2e-14  1.8e-15
  16  6.1367e-05  6.6917e-06       49   50   49     1     3      0  3.7e-14  2.2e-15
  17  6.8059e-05  6.6917e-06       51   52   51     1     3      0  3.8e-14  2.4e-15
  18   7.475e-05  6.6917e-06       53   54   53     1     3      0  5.5e-14  2.1e-15
  19  8.4799e-05  1.0048e-05       58   59   58     1     4      0  2.8e-14  3.8e-15
  20  9.4847e-05  1.0048e-05       60   61   60     1     4      0  5.6e-14  2.6e-15
           当前进度:   7 % - 
Memory: 1643/2309 2345/2598
  21  0.00010348  8.6285e-06       62   63   62     1     4      0  3.4e-14  2.3e-15
  22   0.0001121  8.6285e-06       64   65   64     1     4      0    8e-14  3.6e-15
  23  0.00012073  8.6285e-06       66   67   66     1     4      0  4.1e-14  2.4e-15
  24  0.00012936  8.6285e-06       68   69   68     1     4      0    4e-14  3.7e-15
  25  0.00013799  8.6285e-06       70   71   70     1     4      0  3.8e-14    2e-15
  26  0.00014662  8.6285e-06       72   73   72     1     4      0  3.8e-14  2.3e-15
           当前进度:   7 % - 矩阵分解
Memory: 1603/2309 2342/2598
  27  0.00015525  8.6285e-06       74   75   74     1     4      0  4.9e-14  3.2e-15
  28  0.00016388  8.6285e-06       76   77   76     1     4      0  8.1e-14  1.9e-15
  29   0.0001725  8.6285e-06       78   79   78     2     4      0  1.4e-13  1.2e-15
  30  0.00018113  8.6285e-06       80   81   80     2     4      0  6.4e-14  9.5e-16
           当前进度:   7 % - 组装矩阵
Memory: 1539/2309 2345/2598
  31  0.00018976  8.6285e-06       82   83   82     2     4      0  7.8e-14  2.8e-15
  32  0.00019839  8.6285e-06       84   85   84     2     4      0  1.2e-13  1.1e-15
  33  0.00020702  8.6285e-06       86   87   86     2     4      0  9.8e-14  1.3e-15
           当前进度:   7 % - 矩阵分解
Memory: 1472/2309 2345/2598
  34  0.00021565  8.6285e-06       88   89   88     2     4      0  1.2e-13  1.6e-15
  35  0.00022427  8.6285e-06       90   91   90     2     4      0    1e-13  1.3e-15
  36   0.0002329  8.6285e-06       92   93   92     2     4      0  1.3e-13  1.8e-15
  37  0.00024153  8.6285e-06       94   95   94     2     4      0  6.8e-14  1.1e-15
  38  0.00025016  8.6285e-06       96   97   96     2     4      0    1e-13  7.8e-16
  39  0.00025879  8.6285e-06       98   99   98     2     4      0  1.4e-13  2.2e-15
  40  0.00026742  8.6285e-06      100  101  100     2     4      0  1.2e-13  1.1e-15
  41  0.00027605  8.6285e-06      102  103  102     2     4      0  7.5e-14  8.3e-16
           当前进度:   7 % - 正在组装残差
Memory: 1337/2309 2345/2598
  42  0.00028467  8.6285e-06      104  105  104     2     4      0  1.6e-13    1e-15
  43   0.0002933  8.6285e-06      106  107  106     2     4      0  7.8e-14  8.3e-16
  44  0.00030193  8.6285e-06      108  109  108     2     4      0  1.9e-13    3e-15
           当前进度:   7 % - 矩阵分解
Memory: 1282/2309 2342/2598
  45  0.00030999  8.0582e-06      114  115  114     1     5      0  1.2e-13  4.1e-15
  46  0.00031805  8.0582e-06      116  117  116     1     5      0    8e-14    2e-15
  47   0.0003253  7.2523e-06      118  119  118     1     5      0  1.2e-13  2.1e-15
  48  0.00033255  7.2523e-06      120  121  120     1     5      0  7.6e-14  2.5e-15
  49  0.00033981  7.2523e-06      122  123  122     1     5      0  1.7e-13  2.2e-15
           当前进度:   7 % - 组装矩阵
Memory: 1204/2309 2345/2598
  50  0.00035142  1.1616e-05      127  128  127     1     6      0  1.1e-13  2.9e-15
  51  0.00036188  1.0454e-05      129  130  129     1     6      0  1.3e-13  2.3e-15
  52  0.00037111  9.2351e-06      131  132  131     1     6      0  1.2e-13  2.8e-15
  53  0.00038035  9.2351e-06      133  134  133     1     6      0  8.1e-14  2.9e-15
  54  0.00038866  8.3116e-06      135  136  135     1     6      0    1e-13  1.6e-15
  55  0.00039697  8.3116e-06      137  138  137     1     6      0    1e-13  3.2e-15
  56  0.00040528  8.3116e-06      139  140  139     1     6      0  1.2e-13  2.3e-15
  57  0.00041359  8.3116e-06      141  142  141     1     6      0  1.2e-13  2.2e-15
  58   0.0004219  8.3116e-06      143  144  143     1     6      0  9.6e-14  3.9e-15
  59  0.00043022  8.3116e-06      145  146  145     1     6      0  1.6e-13  2.1e-15
  60  0.00043853  8.3116e-06      147  148  147     2     6      0  1.3e-13  1.7e-15
  61  0.00044684  8.3116e-06      149  150  149     2     6      0  1.1e-13  1.5e-15
  62  0.00045515  8.3116e-06      151  152  151     2     6      0  1.8e-13  1.8e-15
           当前进度:   7 % - 矩阵分解
Memory: 1202/2309 2342/2598
  63  0.00046346  8.3116e-06      153  154  153     2     6      0  1.4e-13  1.2e-15
  64  0.00047177  8.3116e-06      155  156  155     2     6      0  1.1e-13  1.1e-15
  65  0.00048008  8.3116e-06      157  158  157     2     6      0  1.5e-13  2.3e-15
           当前进度:   7 % - 正在组装残差
Memory: 1205/2309 2345/2598
  66  0.00048921  9.1262e-06      163  164  163     1     7      0  2.1e-13  4.1e-15
  67  0.00049834  9.1262e-06      165  166  165     1     7      0  1.1e-13  1.7e-15
  68  0.00050649  8.1515e-06      167  168  167     1     7      0  1.2e-13  1.8e-15
  69  0.00051464  8.1515e-06      169  170  169     1     7      0  8.8e-14  2.7e-15
           当前进度:   7 % - 矩阵分解
Memory: 1202/2309 2342/2598
  70  0.00052279  8.1515e-06      171  172  171     1     7      0  1.5e-13  2.1e-15
  71  0.00053333  1.0537e-05      177  178  177     1     8      0  1.5e-13  3.3e-15
  72  0.00054387  1.0537e-05      179  180  179     1     8      0  1.8e-13  2.3e-15
           当前进度:   7 % - 正在组装残差
Memory: 1205/2309 2345/2598
  73  0.00055303  9.1631e-06      181  182  181     1     8      0  8.1e-14  2.8e-15
  74  0.00056219  9.1631e-06      183  184  183     1     8      0  1.4e-13  2.4e-15
  75  0.00057044  8.2468e-06      185  186  185     1     8      0    9e-14  2.2e-15
  76  0.00057869  8.2468e-06      187  188  187     1     8      0  9.3e-14  3.2e-15
  77  0.00058693  8.2468e-06      189  190  189     1     8      0  1.1e-13  2.2e-15
  78  0.00059518  8.2468e-06      191  192  191     1     8      0  6.5e-14  1.9e-15
           当前进度:   7 % - 矩阵分解
Memory: 1202/2309 2342/2598
  79  0.00060343  8.2468e-06      193  194  193     1     8      0  1.2e-13  3.9e-15
  80  0.00061167  8.2468e-06      195  196  195     1     8      0  9.1e-14  2.1e-15
  81  0.00061992  8.2468e-06      197  198  197     2     8      0  1.5e-13  1.7e-15
           当前进度:   7 % - 
Memory: 1205/2309 2345/2598
  82  0.00062817  8.2468e-06      199  200  199     2     8      0  1.4e-13  1.3e-15
  83  0.00063641  8.2468e-06      201  202  201     2     8      0  2.3e-13  1.4e-15
  84  0.00064466  8.2468e-06      203  204  203     2     8      0  1.8e-13  1.5e-15
  85  0.00065291  8.2468e-06      205  206  205     2     8      0  1.2e-13  1.1e-15
           当前进度:   7 % - 矩阵分解
  86  0.00066115  8.2468e-06      207  208  207     2     8      0  1.7e-13  1.2e-15
  87   0.0006694  8.2468e-06      209  210  209     2     8      0  2.2e-13  1.1e-15
  88  0.00067765  8.2468e-06      211  212  211     2     8      0  1.9e-13  1.2e-15
  89  0.00068589  8.2468e-06      213  214  213     2     8      0  1.3e-13  1.9e-15
  90  0.00069524  9.3495e-06      219  220  219     1     9      0    2e-13    3e-15
  91  0.00070459  9.3495e-06      221  222  221     1     9      0  1.9e-13  1.6e-15
           当前进度:   7 % - 正在组装残差
  92  0.00071283  8.2347e-06      223  224  223     1     9      0  1.5e-13  1.7e-15
  93  0.00072106  8.2347e-06      225  226  225     1     9      0  1.1e-13  2.8e-15
  94   0.0007293  8.2347e-06      227  228  227     1     9      0  1.3e-13  1.6e-15
           当前进度:   7 % - 矩阵分解
Memory: 1202/2309 2342/2598
  95  0.00073996  1.0663e-05      233  234  233     1    10      0    2e-13  3.4e-15
  96  0.00075062  1.0663e-05      235  236  235     1    10      0  1.8e-13  2.5e-15
  97   0.0007599  9.2762e-06      237  238  237     1    10      0  1.3e-13  2.6e-15
  98  0.00076918  9.2762e-06      239  240  239     1    10      0  1.9e-13  3.6e-15
  99  0.00077752  8.3486e-06      241  242  241     1    10      0  1.3e-13  2.3e-15
 100  0.00078587  8.3486e-06      243  244  243     1    10      0  1.4e-13  3.9e-15
 101  0.00079422  8.3486e-06      245  246  245     1    10      0  9.8e-14  2.1e-15
 102  0.00080257  8.3486e-06      247  248  247     1    10      0  1.6e-13  2.3e-15
 103  0.00081092  8.3486e-06      249  250  249     1    10      0  1.3e-13  3.5e-15
 104  0.00081927  8.3486e-06      251  252  251     1    10      0  9.9e-14  2.5e-15
 105  0.00082762  8.3486e-06      253  254  253     2    10      0  2.1e-13  1.4e-15
 106  0.00083597  8.3486e-06      255  256  255     2    10      0  1.6e-13  1.1e-15
 107  0.00084431  8.3486e-06      257  258  257     2    10      0  1.2e-13  1.2e-15
 108  0.00085266  8.3486e-06      259  260  259     2    10      0  2.6e-13  1.5e-15
 109  0.00086101  8.3486e-06      261  262  261     2    10      0    2e-13  9.4e-16
 110  0.00086936  8.3486e-06      263  264  263     2    10      0  2.1e-13  1.3e-15
 111  0.00087771  8.3486e-06      265  266  265     2    10      0  1.6e-13  1.2e-15
 112  0.00088606  8.3486e-06      267  268  267     2    10      0  3.3e-13  1.5e-15
 113  0.00089441  8.3486e-06      269  270  269     2    10      0  1.6e-13  1.7e-15
 114  0.00090391  9.5054e-06      275  276  275     1    11      0  1.5e-13  3.7e-15
 115  0.00091342  9.5054e-06      277  278  277     1    11      0  1.7e-13    2e-15
 116  0.00092177  8.3573e-06      279  280  279     1    11      0  1.3e-13  1.6e-15
 117  0.00093013  8.3573e-06      281  282  281     1    11      0  1.2e-13  2.4e-15
 118  0.00093849  8.3573e-06      283  284  283     1    11      0  1.5e-13  1.9e-15
 119  0.00094925  1.0762e-05      289  290  289     1    12      0  1.6e-13  3.8e-15
           当前进度:   7 % - 组装矩阵
Memory: 1207/2309 2345/2598
 120  0.00096001  1.0762e-05      291  292  291     1    12      0  1.6e-13  2.2e-15
 121  0.00096941  9.4009e-06      293  294  293     1    12      0  1.7e-13  2.6e-15
 122  0.00097881  9.4009e-06      295  296  295     1    12      0    2e-13  3.2e-15
 123  0.00098727  8.4608e-06      297  298  297     1    12      0  1.5e-13  1.8e-15
           当前进度:   7 % - 矩阵分解
Memory: 1206/2309 2345/2598
 124  0.00099574  8.4608e-06      299  300  299     1    12      0  1.4e-13  3.8e-15
 125   0.0010042  8.4608e-06      301  302  301     1    12      0  2.5e-13  2.1e-15
 126   0.0010127  8.4608e-06      303  304  303     1    12      0  1.2e-13    2e-15
 127   0.0010211  8.4608e-06      305  306  305     1    12      0    2e-13  3.8e-15
 128   0.0010296  8.4608e-06      307  308  307     1    12      0  2.2e-13  2.2e-15
 129    0.001038  8.4608e-06      309  310  309     2    12      0  1.2e-13  1.4e-15
 130   0.0010465  8.4608e-06      311  312  311     2    12      0  1.7e-13  1.2e-15
 131    0.001055  8.4608e-06      313  314  313     2    12      0  1.9e-13  1.3e-15
           当前进度:   7 % - 
Memory: 1207/2309 2345/2598
 132   0.0010634  8.4608e-06      315  316  315     2    12      0  1.5e-13  1.1e-15
 133   0.0010719  8.4608e-06      317  318  317     2    12      0  1.1e-13    8e-16
 134   0.0010803  8.4608e-06      319  320  319     2    12      0  1.2e-13  1.4e-15
 135   0.0010888  8.4608e-06      321  322  321     2    12      0  2.1e-13  9.3e-16
           当前进度:   7 % - 矩阵分解
Memory: 1205/2309 2343/2598
 136   0.0010973  8.4608e-06      323  324  323     2    12      0  2.2e-13  1.1e-15
 137   0.0011057  8.4608e-06      325  326  325     2    12      0  1.6e-13  1.9e-15
 138   0.0011153  9.5715e-06      331  332  331     1    13      0  1.3e-13  3.2e-15
 139   0.0011249  9.5715e-06      333  334  333     1    13      0  1.6e-13  1.9e-15
 140   0.0011333  8.4547e-06      335  336  335     1    13      0  9.5e-14  2.3e-15
 141   0.0011418  8.4547e-06      337  338  337     1    13      0  2.2e-13  3.7e-15
 142   0.0011502  8.4547e-06      339  340  339     1    13      0  1.3e-13  1.6e-15
 143   0.0011612  1.0924e-05      345  346  345     1    14      0  1.5e-13  4.1e-15
 144   0.0011721  1.0924e-05      347  348  347     1    14      0  2.1e-13  2.6e-15
 145   0.0011816  9.5332e-06      349  350  349     1    14      0  1.3e-13  2.3e-15
 146   0.0011911  9.5332e-06      351  352  351     1    14      0    9e-14  2.6e-15
 147   0.0011997  8.5798e-06      353  354  353     1    14      0  1.1e-13  1.9e-15
           当前进度:   7 % - 
Memory: 1207/2309 2345/2598
 148   0.0012083  8.5798e-06      355  356  355     1    14      0  1.4e-13  2.8e-15
 149   0.0012169  8.5798e-06      357  358  357     1    14      0  1.8e-13  2.6e-15
 150   0.0012255  8.5798e-06      359  360  359     1    14      0  1.1e-13  2.1e-15
 151    0.001234  8.5798e-06      361  362  361     1    14      0  7.9e-14  3.1e-15
 152   0.0012426  8.5798e-06      363  364  363     1    14      0  1.6e-13  2.2e-15
 153   0.0012512  8.5798e-06      365  366  365     2    14      0  8.8e-14  1.2e-15
 154   0.0012598  8.5798e-06      367  368  367     2    14      0  1.4e-13  1.3e-15
 155   0.0012684  8.5798e-06      369  370  369     2    14      0  1.3e-13  1.4e-15
           当前进度:   7 % - 矩阵分解
 156   0.0012769  8.5798e-06      371  372  371     2    14      0  1.3e-13  1.1e-15
 157   0.0012855  8.5798e-06      373  374  373     2    14      0  1.3e-13  9.6e-16
 158   0.0012941  8.5798e-06      375  376  375     2    14      0  8.4e-14  1.4e-15
 159   0.0013027  8.5798e-06      377  378  377     2    14      0  1.7e-13    9e-16
           当前进度:   7 % - 求解线性方程组
 160   0.0013113  8.5798e-06      379  380  379     2    14      0  1.6e-13    1e-15
 161   0.0013198  8.5798e-06      381  382  381     2    14      0  1.2e-13  2.1e-15
 162   0.0013294  9.5765e-06      387  388  387     1    15      0  8.1e-14  3.3e-15
           当前进度:   7 % - 矩阵分解
Memory: 1207/2309 2346/2598
 163    0.001339  9.5765e-06      389  390  389     1    15      0  1.1e-13  1.6e-15
 164   0.0013475  8.5403e-06      391  392  391     1    15      0  1.2e-13  1.8e-15
 165   0.0013561  8.5403e-06      393  394  393     1    15      0  1.1e-13  3.3e-15
 166   0.0013646  8.5403e-06      395  396  395     1    15      0  1.1e-13  2.4e-15
 167   0.0013757  1.1108e-05      401  402  401     1    16      0    1e-13  3.9e-15
 168   0.0013868  1.1108e-05      403  404  403     1    16      0  1.3e-13  2.3e-15
           当前进度:   7 % - 组装矩阵
 169   0.0013965  9.6684e-06      405  406  405     1    16      0  2.5e-13  3.7e-15
 170   0.0014062  9.6684e-06      407  408  407     1    16      0  9.7e-14  2.3e-15
 171   0.0014149  8.7016e-06      409  410  409     1    16      0  1.3e-13  2.2e-15
 172   0.0014236  8.7016e-06      411  412  411     1    16      0  1.4e-13  3.3e-15
 173   0.0014323  8.7016e-06      413  414  413     1    16      0  1.4e-13    2e-15
           当前进度:   7 % - 正在组装残差
 174    0.001441  8.7016e-06      415  416  415     1    16      0  1.2e-13    2e-15
 175   0.0014497  8.7016e-06      417  418  417     1    16      0  8.4e-14  3.5e-15
 176   0.0014584  8.7016e-06      419  420  419     1    16      0    1e-13  2.2e-15
 177   0.0014671  8.7016e-06      421  422  421     2    16      0  1.5e-13  1.7e-15
           当前进度:   7 % - 矩阵分解
Memory: 1200/2309 2338/2598
 178   0.0014758  8.7016e-06      423  424  423     2    16      0    1e-13  1.5e-15
 179   0.0014845  8.7016e-06      425  426  425     2    16      0  1.8e-13  1.5e-15
 180   0.0014932  8.7016e-06      427  428  427     2    16      0  1.5e-13  1.3e-15
 181   0.0015019  8.7016e-06      429  430  429     2    16      0  8.2e-14  1.2e-15
 182   0.0015106  8.7016e-06      431  432  431     2    16      0    1e-13  1.7e-15
           当前进度:   7 % - 组装矩阵
Memory: 1204/2309 2341/2598
 183   0.0015193  8.7016e-06      433  434  433     2    16      0  7.8e-14  9.2e-16
 184    0.001528  8.7016e-06      435  436  435     2    16      0    1e-13  9.8e-16
 185   0.0015367  8.7016e-06      437  438  437     2    16      0  1.1e-13    3e-15
 186   0.0015463  9.5672e-06      443  444  443     1    17      0  1.2e-13  3.4e-15
           当前进度:   7 % - 矩阵分解
 187   0.0015558  9.5672e-06      445  446  445     1    17      0  7.1e-14  1.3e-15
 188   0.0015644  8.6105e-06      447  448  447     1    17      0  5.6e-14  1.5e-15
 189   0.0015731  8.6105e-06      449  450  449     1    17      0  9.3e-14  3.5e-15
 190   0.0015817  8.6105e-06      451  452  451     1    17      0    8e-14  2.6e-15
 191    0.001593   1.131e-05      457  458  457     1    18      0  6.5e-14  4.1e-15
 192   0.0016043   1.131e-05      459  460  459     1    18      0  4.1e-14  2.2e-15
 193   0.0016141  9.8063e-06      461  462  461     1    18      0    1e-13  2.6e-15
 194   0.0016239  9.8063e-06      463  464  463     1    18      0  9.1e-14  3.3e-15
 195   0.0016327  8.8257e-06      465  466  465     1    18      0  7.1e-14    2e-15
 196   0.0016415  8.8257e-06      467  468  467     1    18      0  6.5e-14  4.1e-15
 197   0.0016504  8.8257e-06      469  470  469     1    18      0  7.9e-14  2.1e-15
 198   0.0016592  8.8257e-06      471  472  471     1    18      0  4.6e-14  1.9e-15
 199    0.001668  8.8257e-06      473  474  473     1    18      0  4.2e-14  3.9e-15
 200   0.0016768  8.8257e-06      475  476  475     1    18      0  5.3e-14    2e-15
 201   0.0016857  8.8257e-06      477  478  477     2    18      0    1e-13  1.2e-15
 202   0.0016945  8.8257e-06      479  480  479     2    18      0  4.6e-14  1.3e-15
 203   0.0017033  8.8257e-06      481  482  481     2    18      0  1.1e-13  1.6e-15
 204   0.0017122  8.8257e-06      483  484  483     2    18      0  5.8e-14  1.3e-15
           当前进度:   8 % - 组装矩阵
Memory: 1203/2309 2341/2598
 205    0.001721  8.8257e-06      485  486  485     2    18      0  9.8e-14  1.2e-15
 206   0.0017298  8.8257e-06      487  488  487     2    18      0  1.5e-13    2e-15
 207   0.0017386  8.8257e-06      489  490  489     2    18      0  5.5e-14    9e-16
 208   0.0017475  8.8257e-06      491  492  491     2    18      0  1.1e-13  1.3e-15
 209   0.0017563  8.8257e-06      493  494  493     2    18      0  1.1e-13  3.3e-15
 210   0.0017658   9.494e-06      499  500  499     1    19      0    4e-14  3.4e-15
 211   0.0017753   9.494e-06      501  502  501     1    19      0    4e-14  1.3e-15
 212   0.0017838  8.5446e-06      503  504  503     1    19      0  3.4e-14  1.4e-15
 213   0.0017924  8.5446e-06      505  506  505     1    19      0  2.7e-14  2.1e-15
           当前进度:   8 % - 
 214   0.0018009  8.5446e-06      507  508  507     1    19      0  1.8e-14  1.9e-15
 215   0.0018133  1.2355e-05      513  514  513     1    20      0    4e-14  3.8e-15
 216   0.0018256  1.2355e-05      515  516  515     1    20      0  3.7e-14  2.4e-15
 217   0.0018367   1.112e-05      517  518  517     1    20      0  6.8e-14  3.3e-15
 218   0.0018479   1.112e-05      519  520  519     1    20      0  1.5e-13    5e-15
 219    0.001859   1.112e-05      521  522  521     1    20      0  1.1e-13  1.4e-14
 220   0.0018812   2.224e-05      523  524  523     1    20      0  1.3e-13  5.3e-15
 221   0.0019034   2.224e-05      525  526  525     1    20      0  9.9e-14  7.9e-15
 222   0.0019257   2.224e-05      527  528  527     1    20      0  1.2e-13  1.3e-14
 223   0.0019479   2.224e-05      529  530  529     1    20      0  1.2e-13  1.9e-14
           当前进度:   8 % - 组装矩阵
 224   0.0019702   2.224e-05      531  532  531     1    20      0  1.1e-13  2.6e-14
 225   0.0020146  4.4479e-05      533  534  533     1    20      0  1.7e-13  3.7e-14
 226   0.0020591  4.4479e-05      535  536  535     1    20      0  1.9e-13  5.4e-14
 227   0.0021036  4.4479e-05      537  538  537     1    20      0  1.7e-13  8.1e-14
 228   0.0021481  4.4479e-05      539  540  539     1    20      0  1.5e-13  9.9e-14
 229    0.002237  8.8958e-05      541  542  541     2    20      0  5.8e-13  2.1e-15
 230    0.002326  8.8958e-05      543  544  543     2    20      0  3.5e-13  1.5e-14
 231    0.002415  8.8958e-05      545  546  545     2    20      0  6.5e-13  7.1e-15
 232   0.0025039  8.8958e-05      547  548  547     2    20      0  5.4e-13  1.3e-14
 233   0.0025929  8.8958e-05      549  550  549     2    20      0  2.1e-13    2e-14
 234   0.0027708  0.00017792      551  552  551     2    20      0  5.8e-13  2.7e-14
 235   0.0029487  0.00017792      553  554  553     2    20      0  8.2e-13  3.8e-14
           当前进度:   8 % - 矩阵分解
 236   0.0031266  0.00017792      555  556  555     2    20      0  7.5e-13  5.8e-14
 237   0.0033045  0.00017792      557  558  557     2    20      0    8e-13  7.8e-14
 238   0.0034825  0.00017792      559  560  559     2    20      0  1.1e-12  8.6e-14
 239   0.0036604  0.00017792      561  562  561     2    20      0  1.6e-12  8.3e-14
 240   0.0038383  0.00017792      563  564  563     2    20      0    1e-12  6.5e-14
 241   0.0040162  0.00017792      565  566  565     2    20      0  2.6e-12  4.3e-14
 242   0.0041941  0.00017792      567  568  567     2    20      0  5.1e-12  2.3e-14
 243    0.004372  0.00017792      569  570  569     2    20      0  8.3e-12  7.3e-15
 244     0.00455  0.00017792      571  572  571     2    20      0    3e-12  1.8e-14
 245   0.0049058  0.00035583      573  574  573     2    20      0  5.9e-12  3.5e-14
   -       0.005           - out
 246   0.0052616  0.00035583      575  576  575     2    20      0  1.5e-12  5.8e-14
           当前进度:   9 % - 矩阵分解
 247   0.0056175  0.00035583      577  578  577     2    20      0  3.3e-12  7.6e-14
 248   0.0059733  0.00035583      579  580  579     2    20      0  3.2e-12  1.8e-13
 249   0.0063291  0.00035583      588  589  588     2    20      0  2.3e-12    2e-12
-          当前进度:  10 % - 矩阵分解
Memory: 1202/2309 2338/2598
 250   0.0064181  8.8958e-05      603  604  603     2    20      1  1.9e-12  1.7e-12
-          当前进度:  10 % - 
Memory: 1205/2309 2341/2598
-          当前进度:  10 % - 矩阵分解
Memory: 1206/2309 2338/2598
 251   0.0064236  5.5599e-06      627  628  627     2    20      3  1.6e-12  2.8e-12
-          当前进度:  10 % - 
Memory: 1210/2309 2341/2598
 252   0.0064242  6.0172e-07      655  656  655     2    22      4  5.6e-12  3.5e-12
 253    0.006425  7.5391e-07      664  665  664     2    23      4  2.2e-12  9.1e-13
-          当前进度:  10 % - 矩阵分解
-          当前进度:  10 % - 求解线性方程组
 254    0.006425  5.6061e-09      707  708  707     2    24      7  2.1e-12  4.5e-14
-          当前进度:  10 % - 矩阵分解
 255    0.006425  6.7273e-09      723  724  723     2    24      8  1.3e-12  1.9e-13
-          当前进度:  10 % - 正在组装残差
 256    0.006425  7.2643e-10      754  755  754     1    25     10  2.7e-11  5.9e-13
 257    0.006425  1.8161e-10      769  770  769     1    25     11    1e-11  3.1e-13
 258    0.006425  1.9205e-11      790  791  790     1    26     12  1.1e-12  6.5e-12
-          当前进度:  10 % - 矩阵分解
 259    0.006425  6.2496e-13      836  837  836     1    27     15  6.7e-13  2.3e-12
-          当前进度:  10 % - 正在组装残差
Memory: 1211/2309 2341/2598
-          当前进度:  10 % - 组装矩阵
-          当前进度:  10 % - 矩阵分解
-          当前进度:  10 % - 组装矩阵
 259    0.006425  6.2496e-13 out  941  942  941     1    27     25  1.1e-12  8.1e-12
---------- 当前进度: 100 % - 
Memory: 1208/2309 2337/2598
求解时间：22 s。
物理内存: 2 GB
虚拟内存: 2.35 GB
结束时间：2026年8月9日 01:18:09。
----- 研究 4/解 10 (sol10) 中的“瞬态求解器 1” ------------------------------------------->

/***************/
/*****错误********/
/***************/
运行 Java 类时出错。
以下特征遇到问题：
 - 特征: 瞬态求解器 1 (sol10/t1)
非线性求解器不收敛。
达到最大牛顿迭代次数。
时间：0.0064250017932981074。
最后一个时步不收敛。
以下特征遇到问题：
 - 类: LiNRR_M10A2_SSC_Pipe_Wetting
总时间: 283 s.
