*******************************************
***COMSOL 6.4.0.293 progress output file***
*******************************************
Sun Aug 09 00:10:26 CST 2026
COMSOL Multiphysics 6.4 (开发版本: 293) 在批处理模式下启动
正在运行: F:\LiNRR_COMSOL\worktrees\LiNRR_M10A2\src\java\LiNRR_M10A1_1_ResultRepair.class
           当前进度:   0 % - 正在绘制
Memory: 1120/1123 1185/1188
           当前进度:   6 % - 正在计算
-          当前进度:  10 % - 正在绘制
Memory: 1111/1123 1175/1188
---        当前进度:  31 % - 正在计算
Memory: 1094/1123 1160/1188
----       当前进度:  47 % - 正在计算
-----      当前进度:  50 % - 正在计算
Memory: 1095/1123 1162/1188
-----      当前进度:  55 % - 正在绘制
Memory: 1099/1123 1164/1188
--------   当前进度:  84 % - 正在计算
Memory: 1101/1123 1166/1188
--------   当前进度:  89 % - 正在计算
---------  当前进度:  90 % - 正在计算
---------  当前进度:  92 % - 正在计算
---------  当前进度:  94 % - 正在计算
---------  当前进度:  96 % - 正在计算
---------  当前进度:  97 % - 正在计算
---------  当前进度:  98 % - 正在计算
---------  当前进度:  99 % - 正在计算
           当前进度:   0 % - 正在绘制
           当前进度:   6 % - 正在计算
Memory: 1101/1123 1165/1188
-          当前进度:  10 % - 正在绘制
---        当前进度:  31 % - 正在计算
Memory: 1103/1123 1167/1188
----       当前进度:  47 % - 正在计算
-----      当前进度:  50 % - 正在计算
-----      当前进度:  55 % - 正在绘制
--------   当前进度:  84 % - 正在计算
Memory: 1106/1123 1170/1188
--------   当前进度:  89 % - 正在计算
---------  当前进度:  90 % - 正在计算
---------  当前进度:  92 % - 正在计算
Memory: 1103/1123 1167/1188
---------  当前进度:  94 % - 正在计算
---------  当前进度:  96 % - 正在计算
---------  当前进度:  97 % - 正在计算
---------  当前进度:  98 % - 正在计算
---------  当前进度:  99 % - 正在计算
           当前进度:   0 % - 正在绘制
           当前进度:   6 % - 正在计算
Memory: 1103/1123 1168/1188
-          当前进度:  10 % - 正在绘制
-          当前进度:  19 % - 正在计算
Memory: 1104/1123 1168/1188
--         当前进度:  24 % - 正在计算
---        当前进度:  35 % - 正在计算
---        当前进度:  37 % - 正在计算
Memory: 1105/1123 1169/1188
---        当前进度:  38 % - 正在计算
---------  当前进度:  93 % - 正在计算
Memory: 1111/1123 1174/1188
---------  当前进度:  98 % - 正在计算
           当前进度:   0 % - 正在绘制
Memory: 1111/1123 1175/1188
           当前进度:   6 % - 正在计算
-          当前进度:  10 % - 正在绘制
-          当前进度:  19 % - 正在计算
Memory: 1113/1123 1176/1188
--------   当前进度:  83 % - 正在计算
---------  当前进度:  90 % - 正在计算
           当前进度:   0 % - 正在绘制
Memory: 1111/1123 1174/1188
           当前进度:   6 % - 正在计算
-          当前进度:  10 % - 正在绘制
---        当前进度:  36 % - 正在计算
Memory: 1061/1123 1125/1188
----       当前进度:  47 % - 正在计算
Memory: 1055/1123 1121/1188
-----      当前进度:  50 % - 正在计算
Memory: 1044/1123 1118/1188
-----      当前进度:  55 % - 正在绘制
Memory: 1044/1123 1131/1188
--------   当前进度:  87 % - 正在计算
Memory: 1052/1123 1136/1188
--------   当前进度:  89 % - 正在计算
---------  当前进度:  90 % - 正在计算
---------  当前进度:  92 % - 正在计算
---------  当前进度:  94 % - 正在计算
---------  当前进度:  96 % - 正在计算
---------  当前进度:  97 % - 正在计算
---------  当前进度:  98 % - 正在计算
---------  当前进度:  99 % - 正在计算
           当前进度:   0 % - 正在绘制
Memory: 1053/1123 1136/1188
           当前进度:   6 % - 正在计算
Memory: 1054/1123 1137/1188
-          当前进度:  10 % - 正在绘制
Memory: 1055/1123 1138/1188
---        当前进度:  36 % - 正在计算
Memory: 1059/1123 1141/1188
----       当前进度:  47 % - 正在计算
Memory: 1060/1123 1142/1188
-----      当前进度:  50 % - 正在计算
-----      当前进度:  55 % - 正在绘制
Memory: 1061/1123 1143/1188
--------   当前进度:  87 % - 正在计算
Memory: 1064/1123 1144/1188
--------   当前进度:  89 % - 正在计算
Memory: 1065/1123 1144/1188
---------  当前进度:  90 % - 正在计算
---------  当前进度:  92 % - 正在计算
---------  当前进度:  94 % - 正在计算
---------  当前进度:  96 % - 正在计算
---------  当前进度:  97 % - 正在计算
---------  当前进度:  98 % - 正在计算
---------  当前进度:  99 % - 正在计算
           当前进度:   0 % - 正在绘制
           当前进度:   6 % - 正在计算
Memory: 1065/1123 1145/1188
-          当前进度:  10 % - 正在绘制
--         当前进度:  22 % - 正在计算
Memory: 1088/1123 1161/1188
--         当前进度:  24 % - 正在计算
Memory: 1108/1123 1177/1188
---        当前进度:  35 % - 正在计算
Memory: 1116/1123 1181/1188
---        当前进度:  37 % - 正在计算
---        当前进度:  38 % - 正在计算
---------  当前进度:  94 % - 正在计算
Memory: 1115/1123 1178/1188
---------  当前进度:  98 % - 正在计算
           当前进度:   0 % - 正在绘制
           当前进度:   6 % - 正在计算
-          当前进度:  10 % - 正在绘制
-----      当前进度:  51 % - 正在计算
Memory: 1117/1123 1179/1188
--------   当前进度:  83 % - 正在计算
---------  当前进度:  90 % - 正在计算
           当前进度:   1 % - 正在初始化
Memory: 1169/1192 1209/1237
           当前进度:   6 % - 正在计算
Memory: 1184/1192 1226/1237
-          当前进度:  10 % - 正在绘制
---        当前进度:  31 % - 正在计算
Memory: 1185/1192 1226/1237
----       当前进度:  47 % - 正在计算
-----      当前进度:  50 % - 正在计算
-----      当前进度:  55 % - 正在绘制
--------   当前进度:  84 % - 正在计算
--------   当前进度:  89 % - 正在计算
---------  当前进度:  90 % - 正在计算
---------  当前进度:  92 % - 正在计算
---------  当前进度:  94 % - 正在计算
---------  当前进度:  96 % - 正在计算
---------  当前进度:  97 % - 正在计算
---------  当前进度:  98 % - 正在计算
---------  当前进度:  99 % - 正在计算
           当前进度:   0 % - 正在绘制
           当前进度:   6 % - 正在计算
-          当前进度:  10 % - 正在绘制
---        当前进度:  31 % - 正在计算
----       当前进度:  47 % - 正在计算
Memory: 1186/1192 1227/1237
-----      当前进度:  50 % - 正在计算
-----      当前进度:  55 % - 正在绘制
--------   当前进度:  84 % - 正在计算
--------   当前进度:  89 % - 正在计算
Memory: 1187/1192 1228/1237
---------  当前进度:  90 % - 正在计算
Memory: 1186/1192 1227/1237
---------  当前进度:  92 % - 正在计算
---------  当前进度:  94 % - 正在计算
---------  当前进度:  96 % - 正在计算
---------  当前进度:  97 % - 正在计算
---------  当前进度:  98 % - 正在计算
---------  当前进度:  99 % - 正在计算
           当前进度:   0 % - 正在绘制
           当前进度:   6 % - 正在计算
-          当前进度:  10 % - 正在绘制
-          当前进度:  19 % - 正在计算
Memory: 1187/1192 1228/1237
--         当前进度:  24 % - 正在计算
Memory: 1187/1192 1227/1237
---        当前进度:  35 % - 正在计算
---        当前进度:  37 % - 正在计算
Memory: 1188/1192 1228/1237
---        当前进度:  38 % - 正在计算
Memory: 1187/1192 1227/1237
---------  当前进度:  93 % - 正在计算
---------  当前进度:  98 % - 正在计算
           当前进度:   0 % - 正在绘制
           当前进度:   6 % - 正在计算
-          当前进度:  10 % - 正在绘制
-          当前进度:  19 % - 正在计算
Memory: 1192/1192 1233/1237
--------   当前进度:  83 % - 正在计算
---------  当前进度:  90 % - 正在计算
           当前进度:   1 % - 正在初始化
Memory: 1192/1195 1233/1237
           当前进度:   6 % - 正在计算
Memory: 1220/1220 1262/1262
-          当前进度:  10 % - 正在绘制
---        当前进度:  36 % - 正在计算
Memory: 1221/1221 1262/1262
----       当前进度:  47 % - 正在计算
-----      当前进度:  50 % - 正在计算
-----      当前进度:  55 % - 正在绘制
--------   当前进度:  87 % - 正在计算
--------   当前进度:  89 % - 正在计算
---------  当前进度:  90 % - 正在计算
---------  当前进度:  92 % - 正在计算
---------  当前进度:  94 % - 正在计算
---------  当前进度:  96 % - 正在计算
---------  当前进度:  97 % - 正在计算
---------  当前进度:  98 % - 正在计算
---------  当前进度:  99 % - 正在计算
           当前进度:   0 % - 正在绘制
           当前进度:   6 % - 正在计算
-          当前进度:  10 % - 正在绘制
---        当前进度:  36 % - 正在计算
----       当前进度:  47 % - 正在计算
-----      当前进度:  50 % - 正在计算
-----      当前进度:  55 % - 正在绘制
--------   当前进度:  87 % - 正在计算
--------   当前进度:  89 % - 正在计算
---------  当前进度:  90 % - 正在计算
---------  当前进度:  92 % - 正在计算
---------  当前进度:  94 % - 正在计算
---------  当前进度:  96 % - 正在计算
---------  当前进度:  97 % - 正在计算
---------  当前进度:  98 % - 正在计算
---------  当前进度:  99 % - 正在计算
           当前进度:   0 % - 正在绘制
           当前进度:   6 % - 正在计算
-          当前进度:  10 % - 正在绘制
--         当前进度:  22 % - 正在计算
Memory: 1232/1232 1275/1275
--         当前进度:  24 % - 正在计算
Memory: 1233/1233 1275/1279
---        当前进度:  35 % - 正在计算
Memory: 1235/1235 1279/1279
---        当前进度:  37 % - 正在计算
---        当前进度:  38 % - 正在计算
---------  当前进度:  94 % - 正在计算
Memory: 1233/1235 1275/1279
---------  当前进度:  98 % - 正在计算
           当前进度:   0 % - 正在绘制
           当前进度:   6 % - 正在计算
-          当前进度:  10 % - 正在绘制
-----      当前进度:  51 % - 正在计算
Memory: 1234/1235 1275/1279
--------   当前进度:  83 % - 正在计算
---------  当前进度:  90 % - 正在计算
类运行时: 41 s.
总时间: 41 s.
