*******************************************
***COMSOL 6.4.0.293 progress output file***
*******************************************
Sun Aug 09 01:28:37 CST 2026
COMSOL Multiphysics 6.4 (开发版本: 293) 在批处理模式下启动
正在运行: F:\LiNRR_COMSOL\worktrees\LiNRR_M10A2\src\java\LiNRR_M10A2_SSC_Pipe_Wetting.class
---------- 当前进度: 100 % - 正在分析几何
Memory: 872/885 912/921
---------- 当前进度: 100 % - 正在更新选择
Memory: 901/912 940/954
           当前进度:   0 % - 矩形
Memory: 933/933 1044/1046
           当前进度:   9 % - 形成联合体
Memory: 884/933 994/1046
----       当前进度:  42 % - 解析域和空区域
---------- 当前进度: 100 % - 正在更新选择
---------- 当前进度: 100 % - 正在创建可视化网格
Memory: 991/992 1036/1046
           当前进度:   0 % - 映射
Memory: 973/1016 1029/1049
顶点单元数：4
边界单元数：172
最小单元质量：1
---------- 当前进度: 100 % - 正在定型网格
Memory: 975/1016 1030/1049
           当前进度:   3 % - 生成方程
Memory: 935/1016 1017/1049
<---- 研究 4/解 10 (sol10) 中的“编译方程: 瞬态” -------------------------------------------
开始于 2026年8月9日 01:29:33。
几何形函数: 线性拉格朗日单元
几何形函数: 线性拉格朗日单元
几何形函数: 线性拉格朗日单元
几何形函数: 二次拉格朗日单元
几何形函数: 二次拉格朗日单元
几何形函数: 二次拉格朗日单元
几何形函数: 二次拉格朗日单元
几何形函数: 线性拉格朗日单元
在 AMD64 Family 25 Model 80 Stepping 0, AuthenticAMD 上运行。
在以下位置使用 1 个插槽： Pokemon 上（共 8 个内核）。
可用内存：15.77 GB。
           当前进度:   4 % - 编译方程: 瞬态
Memory: 1384/1386 1476/1476
           当前进度:   5 % - 编译方程: 瞬态
Memory: 1395/1403 1484/1492
           当前进度:   3 % - 正在创建可视化网格
Memory: 1439/1443 1527/1533
           当前进度:   5 % - 正在创建可视化网格
Memory: 1443/1443 1529/1533
时间：11。
物理内存: 1.44 GB
虚拟内存: 1.53 GB
结束时间：2026年8月9日 01:29:44。
----- 研究 4/解 10 (sol10) 中的“编译方程: 瞬态” ------------------------------------------>
<---- 研究 4/解 10 (sol10) 中的“因变量 1” ----------------------------------------------
开始于 2026年8月9日 01:29:44。
           当前进度:   5 % - 因变量 1
Memory: 1444/1445 1525/1533
求解时间：0 s。
物理内存: 1.45 GB
虚拟内存: 1.52 GB
结束时间：2026年8月9日 01:29:44。
----- 研究 4/解 10 (sol10) 中的“因变量 1” --------------------------------------------->
<---- 研究 4/解 10 (sol10) 中的“瞬态求解器 1” --------------------------------------------
开始于 2026年8月9日 01:29:44。
瞬态求解器 (BDF)
           当前进度:   7 % - 瞬态求解器 1
Memory: 1355/1459 1439/1533
求解的自由度数：2660（加上 480 个内部自由度）。
找到非对称矩阵。
缩放因变量：
压力 (comp_ssc_wetting.pWet): 0.31
体积分数 (comp_ssc_wetting.s2): 1
Step        Time    Stepsize      Res  Jac  Sol Order Tfail NLfail   LinErr   LinRes
           当前进度:   7 % - 矩阵分解
Memory: 1374/1459 1454/1533
   0           0           - out    2    3    2                  0  1.8e-13  1.7e-15
   1    5.01e-06       5e-06        3    4    3     1     0      0  1.6e-13  1.8e-15
   2   1.001e-05       5e-06        4    5    4     1     0      0  1.3e-13  1.8e-15
   3   2.001e-05       1e-05        5    6    5     2     0      0  2.3e-13    2e-15
   4   4.001e-05       2e-05        6    7    6     1     0      0  2.5e-13  1.7e-15
   5   8.001e-05       4e-05        7    8    7     1     0      0  1.6e-13  1.9e-15
           当前进度:   8 % - 矩阵分解
Memory: 1402/1459 1504/1533
   -      0.0001           - out
   6  0.00016001       8e-05        8    9    8     1     0      0  2.5e-13  1.8e-15
   -      0.0002           - out
   -      0.0003           - out
   7  0.00032001     0.00016        9   10    9     1     0      0  2.1e-13  1.8e-15
   -      0.0004           - out
   -      0.0005           - out
   -      0.0006           - out
   8  0.00064001     0.00032       10   11   10     1     0      0  2.5e-13  1.4e-15
   -      0.0007           - out
   -      0.0008           - out
   -      0.0009           - out
   -       0.001           - out
   -      0.0011           - out
   9     0.00114      0.0005       11   12   11     1     0      0  2.1e-13  1.8e-15
   -      0.0012           - out
   -      0.0013           - out
   -      0.0014           - out
   -      0.0015           - out
   -      0.0016           - out
  10     0.00164      0.0005       12   13   12     1     0      0  1.8e-13  1.9e-15
   -      0.0017           - out
   -      0.0018           - out
   -      0.0019           - out
   -       0.002           - out
   -      0.0021           - out
  11     0.00214      0.0005       13   14   13     1     0      0  1.6e-13  1.8e-15
   -      0.0022           - out
   -      0.0023           - out
   -      0.0024           - out
   -      0.0025           - out
   -      0.0026           - out
  12     0.00264      0.0005       14   15   14     1     0      0  2.1e-13  1.9e-15
   -      0.0027           - out
   -      0.0028           - out
   -      0.0029           - out
   -       0.003           - out
   -      0.0031           - out
  13     0.00314      0.0005       15   16   15     1     0      0    2e-13  1.7e-15
   -      0.0032           - out
   -      0.0033           - out
   -      0.0034           - out
   -      0.0035           - out
   -      0.0036           - out
  14     0.00364      0.0005       16   17   16     1     0      0  2.1e-13    2e-15
   -      0.0037           - out
   -      0.0038           - out
   -      0.0039           - out
   -       0.004           - out
   -      0.0041           - out
  15     0.00414      0.0005       17   18   17     1     0      0  1.8e-13    2e-15
   -      0.0042           - out
   -      0.0043           - out
   -      0.0044           - out
   -      0.0045           - out
   -      0.0046           - out
  16     0.00464      0.0005       18   19   18     2     0      0  2.3e-13  1.5e-15
---------  当前进度:  93 % - 组装矩阵
   -      0.0047           - out
   -      0.0048           - out
   -      0.0049           - out
   -       0.005           - out
  17     0.00514      0.0005       19   20   19     2     0      0  2.1e-13  1.6e-15
时间步进已完成。
---------- 当前进度: 100 % - 
Memory: 1400/1459 1502/1533
求解时间：4 s。
物理内存: 1.46 GB
虚拟内存: 1.54 GB
结束时间：2026年8月9日 01:29:48。
----- 研究 4/解 10 (sol10) 中的“瞬态求解器 1” ------------------------------------------->
           当前进度:   3 % - 生成方程
Memory: 1450/1459 1543/1546
<---- 研究 4/解 10 (sol10) 中的“编译方程: 瞬态” -------------------------------------------
开始于 2026年8月9日 01:29:55。
几何形函数: 线性拉格朗日单元
几何形函数: 线性拉格朗日单元
几何形函数: 线性拉格朗日单元
几何形函数: 二次拉格朗日单元
几何形函数: 二次拉格朗日单元
几何形函数: 二次拉格朗日单元
几何形函数: 二次拉格朗日单元
几何形函数: 线性拉格朗日单元
在 AMD64 Family 25 Model 80 Stepping 0, AuthenticAMD 上运行。
在以下位置使用 1 个插槽： Pokemon 上（共 8 个内核）。
可用内存：15.77 GB。
           当前进度:   4 % - 编译方程: 瞬态
Memory: 1722/1722 1808/1817
           当前进度:   5 % - 编译方程: 瞬态
Memory: 1731/1738 1800/1817
           当前进度:   5 % - 正在创建可视化网格
Memory: 1761/1761 1833/1833
时间：9。
物理内存: 1.76 GB
虚拟内存: 1.84 GB
结束时间：2026年8月9日 01:30:04。
----- 研究 4/解 10 (sol10) 中的“编译方程: 瞬态” ------------------------------------------>
<---- 研究 4/解 10 (sol10) 中的“因变量 1” ----------------------------------------------
开始于 2026年8月9日 01:30:04。
           当前进度:   5 % - 因变量 1
Memory: 1762/1765 1834/1837
求解时间：0 s。
物理内存: 1.76 GB
虚拟内存: 1.84 GB
结束时间：2026年8月9日 01:30:04。
----- 研究 4/解 10 (sol10) 中的“因变量 1” --------------------------------------------->
<---- 研究 4/解 10 (sol10) 中的“瞬态求解器 1” --------------------------------------------
开始于 2026年8月9日 01:30:05。
瞬态求解器 (BDF)
求解的自由度数：2660（加上 480 个内部自由度）。
找到非对称矩阵。
缩放因变量：
压力 (comp_ssc_wetting.pWet): 0.31
体积分数 (comp_ssc_wetting.s2): 1
Step        Time    Stepsize      Res  Jac  Sol Order Tfail NLfail   LinErr   LinRes
   0           0           - out    8    9    8                  0  1.7e-13  6.1e-16
           当前进度:   7 % - 
Memory: 1769/1770 1836/1875
   1    5.01e-06       5e-06        9   10    9     1     0      0  1.3e-13  7.3e-15
   2   1.001e-05       5e-06       10   11   10     1     0      0  9.6e-14    5e-15
   3   2.001e-05       1e-05       11   12   11     2     0      0  1.1e-13  3.5e-15
   4   4.001e-05       2e-05       12   13   12     1     0      0    9e-14  3.5e-15
   5   8.001e-05       4e-05       13   14   13     1     0      0  8.4e-14    4e-15
   -      0.0001           - out
   6  0.00016001       8e-05       14   15   14     1     0      0  6.1e-14  2.7e-15
   -      0.0002           - out
   -      0.0003           - out
   7  0.00032001     0.00016       15   16   15     1     0      0  8.5e-14  2.7e-15
   -      0.0004           - out
   -      0.0005           - out
   -      0.0006           - out
   8  0.00064001     0.00032       16   17   16     1     0      0  6.5e-14  1.2e-15
   -      0.0007           - out
   -      0.0008           - out
   -      0.0009           - out
   -       0.001           - out
--         当前进度:  28 % - 
Memory: 1770/1770 1841/1875
   -      0.0011           - out
   9     0.00114      0.0005       17   18   17     1     0      0  8.7e-14    4e-15
   -      0.0012           - out
   -      0.0013           - out
   -      0.0014           - out
   -      0.0015           - out
   -      0.0016           - out
  10     0.00164      0.0005       18   19   18     1     0      0  6.1e-14  3.1e-15
   -      0.0017           - out
   -      0.0018           - out
   -      0.0019           - out
   -       0.002           - out
   -      0.0021           - out
  11     0.00214      0.0005       19   20   19     1     0      0  5.7e-14  9.8e-16
   -      0.0022           - out
   -      0.0023           - out
   -      0.0024           - out
   -      0.0025           - out
   -      0.0026           - out
  12     0.00264      0.0005       20   21   20     2     0      0    1e-13    3e-15
   -      0.0027           - out
   -      0.0028           - out
   -      0.0029           - out
   -       0.003           - out
   -      0.0031           - out
  13     0.00314      0.0005       21   22   21     2     0      0  9.8e-14    9e-15
   -      0.0032           - out
   -      0.0033           - out
   -      0.0034           - out
   -      0.0035           - out
   -      0.0036           - out
  14     0.00364      0.0005       22   23   22     2     0      0  9.7e-14  2.4e-15
   -      0.0037           - out
   -      0.0038           - out
   -      0.0039           - out
   -       0.004           - out
   -      0.0041           - out
  15     0.00414      0.0005       23   24   23     2     0      0  1.2e-13  1.8e-15
   -      0.0042           - out
   -      0.0043           - out
   -      0.0044           - out
   -      0.0045           - out
   -      0.0046           - out
  16     0.00464      0.0005       24   25   24     2     0      0  1.1e-13  2.1e-15
   -      0.0047           - out
   -      0.0048           - out
   -      0.0049           - out
   -       0.005           - out
---------- 当前进度: 100 % - 正在组装残差
Memory: 1770/1770 1840/1875
  17     0.00514      0.0005       25   26   25     2     0      0  1.3e-13    1e-15
时间步进已完成。
---------- 当前进度: 100 % - 
Memory: 1769/1770 1838/1875
求解时间：2 s。
物理内存: 1.77 GB
虚拟内存: 1.84 GB
结束时间：2026年8月9日 01:30:06。
----- 研究 4/解 10 (sol10) 中的“瞬态求解器 1” ------------------------------------------->
           当前进度:   3 % - 生成方程
Memory: 1562/1771 1961/1961
<---- 研究 4/解 10 (sol10) 中的“编译方程: 瞬态” -------------------------------------------
开始于 2026年8月9日 01:30:14。
几何形函数: 线性拉格朗日单元
几何形函数: 线性拉格朗日单元
几何形函数: 线性拉格朗日单元
几何形函数: 二次拉格朗日单元
几何形函数: 二次拉格朗日单元
几何形函数: 二次拉格朗日单元
几何形函数: 二次拉格朗日单元
几何形函数: 线性拉格朗日单元
在 AMD64 Family 25 Model 80 Stepping 0, AuthenticAMD 上运行。
在以下位置使用 1 个插槽： Pokemon 上（共 8 个内核）。
可用内存：15.77 GB。
           当前进度:   4 % - 编译方程: 瞬态
Memory: 1893/1893 1975/1977
           当前进度:   5 % - 编译方程: 瞬态
Memory: 1897/1904 1978/1987
           当前进度:   5 % - 正在创建可视化网格
Memory: 1899/1904 1979/1987
时间：8。
物理内存: 1.9 GB
虚拟内存: 1.99 GB
结束时间：2026年8月9日 01:30:23。
----- 研究 4/解 10 (sol10) 中的“编译方程: 瞬态” ------------------------------------------>
<---- 研究 4/解 10 (sol10) 中的“因变量 1” ----------------------------------------------
开始于 2026年8月9日 01:30:23。
           当前进度:   5 % - 因变量 1
Memory: 1897/1904 1977/1987
求解时间：0 s。
物理内存: 1.9 GB
虚拟内存: 1.98 GB
结束时间：2026年8月9日 01:30:23。
----- 研究 4/解 10 (sol10) 中的“因变量 1” --------------------------------------------->
<---- 研究 4/解 10 (sol10) 中的“瞬态求解器 1” --------------------------------------------
开始于 2026年8月9日 01:30:23。
瞬态求解器 (BDF)
求解的自由度数：2660（加上 480 个内部自由度）。
找到非对称矩阵。
缩放因变量：
压力 (comp_ssc_wetting.pWet): 0.31
体积分数 (comp_ssc_wetting.s2): 1
Step        Time    Stepsize      Res  Jac  Sol Order Tfail NLfail   LinErr   LinRes
           当前进度:   7 % - 组装矩阵
Memory: 1901/1904 1980/2016
   0           0           - out    8    9    8                  0  2.2e-13  8.1e-16
   1    5.01e-06       5e-06        9   10    9     1     0      0  1.4e-13  9.1e-15
   2   1.001e-05       5e-06       10   11   10     1     0      0    8e-14    5e-15
   3   2.001e-05       1e-05       11   12   11     2     0      0  8.2e-14  3.7e-15
   4   4.001e-05       2e-05       12   13   12     1     0      0  9.2e-14  3.6e-15
   5   8.001e-05       4e-05       13   14   13     1     0      0  8.8e-14  3.8e-15
           当前进度:   8 % - 正在组装残差
   -      0.0001           - out
   6  0.00016001       8e-05       14   15   14     1     0      0  9.9e-14  2.7e-15
   -      0.0002           - out
   -      0.0003           - out
   7  0.00032001     0.00016       15   16   15     1     0      0  1.2e-13  2.7e-15
   -      0.0004           - out
   -      0.0005           - out
   -      0.0006           - out
   8  0.00064001     0.00032       16   17   16     1     0      0  6.3e-14  1.2e-15
   -      0.0007           - out
   -      0.0008           - out
   -      0.0009           - out
   -       0.001           - out
   -      0.0011           - out
   9     0.00114      0.0005       17   18   17     1     0      0  7.5e-14  3.4e-15
   -      0.0012           - out
   -      0.0013           - out
   -      0.0014           - out
   -      0.0015           - out
   -      0.0016           - out
  10     0.00164      0.0005       18   19   18     1     0      0  7.8e-14  3.1e-15
   -      0.0017           - out
   -      0.0018           - out
   -      0.0019           - out
   -       0.002           - out
   -      0.0021           - out
  11     0.00214      0.0005       19   20   19     1     0      0  3.2e-14  1.1e-15
   -      0.0022           - out
   -      0.0023           - out
   -      0.0024           - out
   -      0.0025           - out
   -      0.0026           - out
  12     0.00264      0.0005       20   21   20     2     0      0  9.4e-14  2.4e-15
   -      0.0027           - out
------     当前进度:  65 % - 
   -      0.0028           - out
   -      0.0029           - out
   -       0.003           - out
   -      0.0031           - out
  13     0.00314      0.0005       21   22   21     2     0      0  1.1e-13  5.9e-15
   -      0.0032           - out
   -      0.0033           - out
   -      0.0034           - out
   -      0.0035           - out
   -      0.0036           - out
  14     0.00364      0.0005       22   23   22     2     0      0  7.3e-14    2e-15
   -      0.0037           - out
   -      0.0038           - out
   -      0.0039           - out
   -       0.004           - out
   -      0.0041           - out
  15     0.00414      0.0005       23   24   23     2     0      0  9.9e-14  2.2e-15
   -      0.0042           - out
   -      0.0043           - out
   -      0.0044           - out
   -      0.0045           - out
   -      0.0046           - out
  16     0.00464      0.0005       24   25   24     2     0      0  1.4e-13  1.9e-15
   -      0.0047           - out
   -      0.0048           - out
   -      0.0049           - out
   -       0.005           - out
  17     0.00514      0.0005       25   26   25     2     0      0  1.8e-13  1.3e-15
时间步进已完成。
---------- 当前进度: 100 % - 
Memory: 1900/1904 1978/2016
求解时间：2 s。
物理内存: 1.9 GB
虚拟内存: 1.98 GB
结束时间：2026年8月9日 01:30:25。
----- 研究 4/解 10 (sol10) 中的“瞬态求解器 1” ------------------------------------------->
           当前进度:   3 % - 生成方程
Memory: 1794/1904 1868/2016
<---- 研究 4/解 10 (sol10) 中的“编译方程: 瞬态” -------------------------------------------
开始于 2026年8月9日 01:30:32。
几何形函数: 线性拉格朗日单元
几何形函数: 线性拉格朗日单元
几何形函数: 线性拉格朗日单元
几何形函数: 二次拉格朗日单元
几何形函数: 二次拉格朗日单元
几何形函数: 二次拉格朗日单元
几何形函数: 二次拉格朗日单元
几何形函数: 线性拉格朗日单元
在 AMD64 Family 25 Model 80 Stepping 0, AuthenticAMD 上运行。
在以下位置使用 1 个插槽： Pokemon 上（共 8 个内核）。
可用内存：15.77 GB。
           当前进度:   4 % - 编译方程: 瞬态
Memory: 1958/1958 2035/2035
           当前进度:   5 % - 编译方程: 瞬态
Memory: 1962/1970 2038/2047
           当前进度:   5 % - 正在创建可视化网格
Memory: 1982/1985 2059/2062
时间：8。
物理内存: 1.99 GB
虚拟内存: 2.06 GB
结束时间：2026年8月9日 01:30:40。
----- 研究 4/解 10 (sol10) 中的“编译方程: 瞬态” ------------------------------------------>
<---- 研究 4/解 10 (sol10) 中的“因变量 1” ----------------------------------------------
开始于 2026年8月9日 01:30:40。
           当前进度:   5 % - 因变量 1
Memory: 1974/1985 2052/2062
求解时间：0 s。
物理内存: 1.98 GB
虚拟内存: 2.06 GB
结束时间：2026年8月9日 01:30:40。
----- 研究 4/解 10 (sol10) 中的“因变量 1” --------------------------------------------->
<---- 研究 4/解 10 (sol10) 中的“瞬态求解器 1” --------------------------------------------
开始于 2026年8月9日 01:30:40。
瞬态求解器 (BDF)
求解的自由度数：2660（加上 480 个内部自由度）。
找到非对称矩阵。
缩放因变量：
压力 (comp_ssc_wetting.pWet): 0.31
体积分数 (comp_ssc_wetting.s2): 1
Step        Time    Stepsize      Res  Jac  Sol Order Tfail NLfail   LinErr   LinRes
           当前进度:   7 % - 组装矩阵
Memory: 1976/1985 2050/2091
   0           0           - out    8    9    8                  0  1.7e-13  9.6e-16
   1    5.01e-06       5e-06        9   10    9     1     0      0  2.1e-13  8.6e-15
   2   1.001e-05       5e-06       10   11   10     1     0      0    1e-13  4.8e-15
   3   2.001e-05       1e-05       11   12   11     2     0      0    7e-14  3.7e-15
   4   4.001e-05       2e-05       12   13   12     2     0      0  9.8e-14  8.8e-15
   5   8.001e-05       4e-05       13   14   13     1     0      0  8.3e-14  6.9e-15
   -      0.0001           - out
   6  0.00016001       8e-05       14   15   14     1     0      0    1e-13  2.8e-15
   -      0.0002           - out
   -      0.0003           - out
   7  0.00032001     0.00016       15   16   15     1     0      0  7.5e-14  5.1e-15
-          当前进度:  13 % - 矩阵分解
Memory: 1973/1985 2047/2091
   -      0.0004           - out
   -      0.0005           - out
   -      0.0006           - out
   8  0.00064001     0.00032       16   17   16     1     0      0  6.2e-14    5e-15
   -      0.0007           - out
   -      0.0008           - out
   -      0.0009           - out
   -       0.001           - out
   -      0.0011           - out
   9     0.00114      0.0005       17   18   17     1     0      0  8.4e-14  3.3e-15
   -      0.0012           - out
   -      0.0013           - out
   -      0.0014           - out
   -      0.0015           - out
   -      0.0016           - out
  10     0.00164      0.0005       18   19   18     1     0      0  7.7e-14  3.8e-15
   -      0.0017           - out
   -      0.0018           - out
   -      0.0019           - out
   -       0.002           - out
   -      0.0021           - out
  11     0.00214      0.0005       19   20   19     1     0      0  5.6e-14  1.9e-15
   -      0.0022           - out
   -      0.0023           - out
   -      0.0024           - out
   -      0.0025           - out
   -      0.0026           - out
  12     0.00264      0.0005       20   21   20     2     0      0  7.7e-14  3.4e-15
   -      0.0027           - out
   -      0.0028           - out
   -      0.0029           - out
   -       0.003           - out
   -      0.0031           - out
  13     0.00314      0.0005       21   22   21     2     0      0  1.4e-13  3.4e-15
   -      0.0032           - out
   -      0.0033           - out
   -      0.0034           - out
   -      0.0035           - out
   -      0.0036           - out
  14     0.00364      0.0005       22   23   22     2     0      0  8.3e-14  2.9e-15
   -      0.0037           - out
   -      0.0038           - out
   -      0.0039           - out
   -       0.004           - out
   -      0.0041           - out
  15     0.00414      0.0005       23   24   23     2     0      0  8.5e-14  2.4e-15
   -      0.0042           - out
   -      0.0043           - out
   -      0.0044           - out
   -      0.0045           - out
   -      0.0046           - out
  16     0.00464      0.0005       24   25   24     2     0      0  1.1e-13  2.1e-15
   -      0.0047           - out
   -      0.0048           - out
---------- 当前进度: 100 % - 正在组装残差
Memory: 1974/1985 2048/2091
   -      0.0049           - out
   -       0.005           - out
  17     0.00514      0.0005       25   26   25     2     0      0  9.6e-14  1.6e-15
时间步进已完成。
---------- 当前进度: 100 % - 
Memory: 1970/1985 2044/2091
求解时间：2 s。
物理内存: 1.98 GB
虚拟内存: 2.05 GB
结束时间：2026年8月9日 01:30:42。
----- 研究 4/解 10 (sol10) 中的“瞬态求解器 1” ------------------------------------------->
           当前进度:   3 % - 生成方程
Memory: 1760/1985 1834/2091
<---- 研究 4/解 10 (sol10) 中的“编译方程: 瞬态” -------------------------------------------
开始于 2026年8月9日 01:30:49。
几何形函数: 线性拉格朗日单元
几何形函数: 线性拉格朗日单元
几何形函数: 线性拉格朗日单元
几何形函数: 二次拉格朗日单元
几何形函数: 二次拉格朗日单元
几何形函数: 二次拉格朗日单元
几何形函数: 二次拉格朗日单元
几何形函数: 线性拉格朗日单元
在 AMD64 Family 25 Model 80 Stepping 0, AuthenticAMD 上运行。
在以下位置使用 1 个插槽： Pokemon 上（共 8 个内核）。
可用内存：15.77 GB。
           当前进度:   4 % - 编译方程: 瞬态
Memory: 1969/1985 2050/2091
           当前进度:   5 % - 编译方程: 瞬态
Memory: 1974/1985 2054/2091
           当前进度:   5 % - 正在创建可视化网格
Memory: 2017/2017 2096/2096
时间：8。
物理内存: 2.02 GB
虚拟内存: 2.1 GB
结束时间：2026年8月9日 01:30:57。
----- 研究 4/解 10 (sol10) 中的“编译方程: 瞬态” ------------------------------------------>
<---- 研究 4/解 10 (sol10) 中的“因变量 1” ----------------------------------------------
开始于 2026年8月9日 01:30:57。
           当前进度:   5 % - 因变量 1
Memory: 2009/2018 2087/2096
求解时间：0 s。
物理内存: 2.02 GB
虚拟内存: 2.1 GB
结束时间：2026年8月9日 01:30:57。
----- 研究 4/解 10 (sol10) 中的“因变量 1” --------------------------------------------->
<---- 研究 4/解 10 (sol10) 中的“瞬态求解器 1” --------------------------------------------
开始于 2026年8月9日 01:30:57。
瞬态求解器 (BDF)
求解的自由度数：2660（加上 480 个内部自由度）。
找到非对称矩阵。
缩放因变量：
压力 (comp_ssc_wetting.pWet): 0.31
体积分数 (comp_ssc_wetting.s2): 1
Step        Time    Stepsize      Res  Jac  Sol Order Tfail NLfail   LinErr   LinRes
           当前进度:   7 % - 组装矩阵
Memory: 1979/2018 2055/2126
   0           0           - out    8    9    8                  0  2.4e-13  8.5e-16
   1    5.01e-06       5e-06        9   10    9     1     0      0  1.3e-13  9.4e-15
   2   1.001e-05       5e-06       10   11   10     1     0      0  1.7e-13  7.4e-15
   3   2.001e-05       1e-05       11   12   11     2     0      0  1.3e-13  5.3e-15
   4   4.001e-05       2e-05       12   13   12     2     0      0    2e-13  1.3e-14
   5   8.001e-05       4e-05       13   14   13     1     0      0  1.6e-13  1.1e-14
   -      0.0001           - out
   6  0.00016001       8e-05       14   15   14     1     0      0  1.7e-13  4.1e-15
-          当前进度:  10 % - 矩阵分解
Memory: 1979/2018 2054/2126
   -      0.0002           - out
   -      0.0003           - out
   7  0.00032001     0.00016       15   16   15     1     0      0  8.4e-14  7.1e-15
   -      0.0004           - out
   -      0.0005           - out
   -      0.0006           - out
   8  0.00064001     0.00032       16   17   16     1     0      0  1.3e-13  6.6e-15
   -      0.0007           - out
   -      0.0008           - out
   -      0.0009           - out
   -       0.001           - out
   -      0.0011           - out
   9     0.00114      0.0005       17   18   17     1     0      0  1.3e-13  3.7e-15
   -      0.0012           - out
   -      0.0013           - out
   -      0.0014           - out
   -      0.0015           - out
   -      0.0016           - out
  10     0.00164      0.0005       18   19   18     1     0      0  1.5e-13  3.2e-15
   -      0.0017           - out
   -      0.0018           - out
   -      0.0019           - out
   -       0.002           - out
   -      0.0021           - out
  11     0.00214      0.0005       19   20   19     1     0      0  1.2e-13  2.6e-15
   -      0.0022           - out
   -      0.0023           - out
   -      0.0024           - out
   -      0.0025           - out
   -      0.0026           - out
  12     0.00264      0.0005       20   21   20     1     0      0  9.1e-14  2.2e-15
   -      0.0027           - out
   -      0.0028           - out
   -      0.0029           - out
   -       0.003           - out
   -      0.0031           - out
  13     0.00314      0.0005       22   23   22     1     0      0  2.7e-14  1.5e-15
------     当前进度:  65 % - 
Memory: 1980/2018 2055/2126
   -      0.0032           - out
   -      0.0033           - out
   -      0.0034           - out
   -      0.0035           - out
   -      0.0036           - out
  14     0.00364      0.0005       23   24   23     1     0      0  1.5e-13    1e-14
   -      0.0037           - out
   -      0.0038           - out
   -      0.0039           - out
   -       0.004           - out
   -      0.0041           - out
  15     0.00414      0.0005       25   26   25     1     0      0  1.6e-13  3.8e-15
   -      0.0042           - out
   -      0.0043           - out
   -      0.0044           - out
   -      0.0045           - out
   -      0.0046           - out
  16     0.00464      0.0005       27   28   27     1     0      0  8.6e-14  2.2e-15
   -      0.0047           - out
   -      0.0048           - out
   -      0.0049           - out
   -       0.005           - out
  17     0.00514      0.0005       28   29   28     2     0      0    1e-13  5.6e-15
时间步进已完成。
---------- 当前进度: 100 % - 
Memory: 1978/2018 2053/2126
求解时间：2 s。
物理内存: 2.01 GB
虚拟内存: 2.09 GB
结束时间：2026年8月9日 01:30:59。
----- 研究 4/解 10 (sol10) 中的“瞬态求解器 1” ------------------------------------------->
           当前进度:   3 % - 生成方程
Memory: 1888/2018 1959/2126
<---- 研究 4/解 10 (sol10) 中的“编译方程: 瞬态” -------------------------------------------
开始于 2026年8月9日 01:31:06。
几何形函数: 线性拉格朗日单元
几何形函数: 线性拉格朗日单元
几何形函数: 线性拉格朗日单元
几何形函数: 二次拉格朗日单元
几何形函数: 二次拉格朗日单元
几何形函数: 二次拉格朗日单元
几何形函数: 二次拉格朗日单元
几何形函数: 线性拉格朗日单元
在 AMD64 Family 25 Model 80 Stepping 0, AuthenticAMD 上运行。
在以下位置使用 1 个插槽： Pokemon 上（共 8 个内核）。
可用内存：15.77 GB。
           当前进度:   4 % - 编译方程: 瞬态
Memory: 1920/2018 1997/2126
           当前进度:   5 % - 编译方程: 瞬态
Memory: 1926/2018 2001/2126
           当前进度:   5 % - 正在创建可视化网格
Memory: 1928/2018 2002/2126
时间：8。
物理内存: 1.93 GB
虚拟内存: 2 GB
结束时间：2026年8月9日 01:31:14。
----- 研究 4/解 10 (sol10) 中的“编译方程: 瞬态” ------------------------------------------>
<---- 研究 4/解 10 (sol10) 中的“因变量 1” ----------------------------------------------
开始于 2026年8月9日 01:31:14。
           当前进度:   5 % - 因变量 1
Memory: 1925/2018 1998/2126
求解时间：0 s。
物理内存: 1.93 GB
虚拟内存: 2 GB
结束时间：2026年8月9日 01:31:14。
----- 研究 4/解 10 (sol10) 中的“因变量 1” --------------------------------------------->
<---- 研究 4/解 10 (sol10) 中的“瞬态求解器 1” --------------------------------------------
开始于 2026年8月9日 01:31:14。
瞬态求解器 (BDF)
求解的自由度数：2660（加上 480 个内部自由度）。
找到非对称矩阵。
缩放因变量：
压力 (comp_ssc_wetting.pWet): 0.31
体积分数 (comp_ssc_wetting.s2): 1
Step        Time    Stepsize      Res  Jac  Sol Order Tfail NLfail   LinErr   LinRes
   0           0           - out    8    9    8                  0  1.7e-13  8.2e-16
           当前进度:   7 % - 
Memory: 1924/2018 1998/2126
   1    5.01e-06       5e-06        9   10    9     1     0      0  1.2e-13  2.3e-15
   2   1.001e-05       5e-06       10   11   10     1     0      0  1.4e-13  5.6e-15
   3   2.001e-05       1e-05       11   12   11     2     0      0  1.2e-13  5.3e-15
   4   4.001e-05       2e-05       13   14   13     2     0      0  2.1e-13  1.4e-14
   5   8.001e-05       4e-05       14   15   14     1     0      0  1.7e-13  2.3e-15
   -      0.0001           - out
   6  0.00016001       8e-05       15   16   15     1     0      0  1.4e-13  4.3e-15
-          当前进度:  10 % - 正在组装残差
Memory: 1925/2018 1998/2126
   -      0.0002           - out
   -      0.0003           - out
   7  0.00032001     0.00016       16   17   16     1     0      0  1.1e-13  1.6e-15
   -      0.0004           - out
   -      0.0005           - out
   -      0.0006           - out
   8  0.00064001     0.00032       17   18   17     1     0      0  1.1e-13    4e-15
   -      0.0007           - out
   -      0.0008           - out
   -      0.0009           - out
   -       0.001           - out
   -      0.0011           - out
   9     0.00114      0.0005       18   19   18     1     0      0    2e-13  1.6e-15
   -      0.0012           - out
   -      0.0013           - out
   -      0.0014           - out
   -      0.0015           - out
   -      0.0016           - out
  10     0.00164      0.0005       20   21   20     1     0      0  5.6e-14  2.7e-15
   -      0.0017           - out
   -      0.0018           - out
   -      0.0019           - out
   -       0.002           - out
   -      0.0021           - out
  11     0.00214      0.0005       22   23   22     1     0      0  1.3e-13  3.4e-15
   -      0.0022           - out
   -      0.0023           - out
   -      0.0024           - out
   -      0.0025           - out
   -      0.0026           - out
  12     0.00264      0.0005       24   25   24     1     0      0    3e-14  1.6e-15
-----      当前进度:  56 % - 组装矩阵
   -      0.0027           - out
   -      0.0028           - out
   -      0.0029           - out
   -       0.003           - out
   -      0.0031           - out
  13     0.00314      0.0005       26   27   26     2     0      0  1.1e-13  1.4e-15
   -      0.0032           - out
   -      0.0033           - out
   -      0.0034           - out
   -      0.0035           - out
   -      0.0036           - out
  14     0.00364      0.0005       28   29   28     2     0      0  8.8e-14  2.4e-15
   -      0.0037           - out
   -      0.0038           - out
   -      0.0039           - out
   -       0.004           - out
   -      0.0041           - out
  15     0.00414      0.0005       39   40   39     1     0      0  8.7e-14  1.4e-15
   -      0.0042           - out
   -      0.0043           - out
   -      0.0044           - out
   -      0.0045           - out
   -      0.0046           - out
  16     0.00464      0.0005       41   42   41     1     0      0  1.3e-13    3e-15
---------  当前进度:  93 % - 
   -      0.0047           - out
   -      0.0048           - out
   -      0.0049           - out
   -       0.005           - out
  17     0.00514      0.0005       43   44   43     1     0      0    2e-14  2.4e-15
时间步进已完成。
---------- 当前进度: 100 % - 
Memory: 1923/2018 1995/2126
求解时间：2 s。
物理内存: 1.93 GB
虚拟内存: 2 GB
结束时间：2026年8月9日 01:31:16。
----- 研究 4/解 10 (sol10) 中的“瞬态求解器 1” ------------------------------------------->
           当前进度:   3 % - 生成方程
Memory: 1833/2018 1901/2126
<---- 研究 4/解 10 (sol10) 中的“编译方程: 瞬态” -------------------------------------------
开始于 2026年8月9日 01:31:23。
几何形函数: 线性拉格朗日单元
几何形函数: 线性拉格朗日单元
几何形函数: 线性拉格朗日单元
几何形函数: 二次拉格朗日单元
几何形函数: 二次拉格朗日单元
几何形函数: 二次拉格朗日单元
几何形函数: 二次拉格朗日单元
几何形函数: 线性拉格朗日单元
在 AMD64 Family 25 Model 80 Stepping 0, AuthenticAMD 上运行。
在以下位置使用 1 个插槽： Pokemon 上（共 8 个内核）。
可用内存：15.77 GB。
           当前进度:   4 % - 编译方程: 瞬态
Memory: 1934/2018 2010/2126
           当前进度:   5 % - 编译方程: 瞬态
Memory: 1937/2018 2011/2126
           当前进度:   5 % - 正在创建可视化网格
Memory: 1938/2018 2011/2126
时间：8。
物理内存: 1.97 GB
虚拟内存: 2.05 GB
结束时间：2026年8月9日 01:31:31。
----- 研究 4/解 10 (sol10) 中的“编译方程: 瞬态” ------------------------------------------>
<---- 研究 4/解 10 (sol10) 中的“因变量 1” ----------------------------------------------
开始于 2026年8月9日 01:31:31。
           当前进度:   5 % - 因变量 1
Memory: 1961/2018 2037/2126
求解时间：0 s。
物理内存: 1.97 GB
虚拟内存: 2.05 GB
结束时间：2026年8月9日 01:31:31。
----- 研究 4/解 10 (sol10) 中的“因变量 1” --------------------------------------------->
<---- 研究 4/解 10 (sol10) 中的“瞬态求解器 1” --------------------------------------------
开始于 2026年8月9日 01:31:31。
瞬态求解器 (BDF)
求解的自由度数：2660（加上 480 个内部自由度）。
找到非对称矩阵。
缩放因变量：
压力 (comp_ssc_wetting.pWet): 0.31
体积分数 (comp_ssc_wetting.s2): 1
Step        Time    Stepsize      Res  Jac  Sol Order Tfail NLfail   LinErr   LinRes
           当前进度:   7 % - 组装矩阵
Memory: 1968/2018 2042/2126
   0           0           - out    8    9    8                  0    2e-13  8.7e-16
   1    5.01e-06       5e-06        9   10    9     1     0      0    2e-13  8.7e-15
   2   1.001e-05       5e-06       10   11   10     1     0      0  8.1e-14    5e-15
   3   2.001e-05       1e-05       11   12   11     2     0      0  9.2e-14  3.4e-15
   4   4.001e-05       2e-05       12   13   12     2     0      0  9.6e-14  8.7e-15
   5   8.001e-05       4e-05       13   14   13     1     0      0  7.7e-14  7.5e-15
   -      0.0001           - out
   6  0.00016001       8e-05       14   15   14     1     0      0  7.7e-14  2.9e-15
-          当前进度:  10 % - 矩阵分解
Memory: 1965/2018 2037/2126
   -      0.0002           - out
   -      0.0003           - out
   7  0.00032001     0.00016       15   16   15     1     0      0  6.5e-14    5e-15
   -      0.0004           - out
   -      0.0005           - out
   -      0.0006           - out
   8  0.00064001     0.00032       16   17   16     1     0      0    9e-14  5.2e-15
   -      0.0007           - out
   -      0.0008           - out
   -      0.0009           - out
   -       0.001           - out
   -      0.0011           - out
   9     0.00114      0.0005       17   18   17     1     0      0  7.2e-14  3.3e-15
   -      0.0012           - out
   -      0.0013           - out
   -      0.0014           - out
   -      0.0015           - out
   -      0.0016           - out
  10     0.00164      0.0005       18   19   18     1     0      0  7.7e-14    4e-15
   -      0.0017           - out
   -      0.0018           - out
   -      0.0019           - out
   -       0.002           - out
   -      0.0021           - out
  11     0.00214      0.0005       19   20   19     1     0      0  3.9e-14  1.7e-15
   -      0.0022           - out
   -      0.0023           - out
   -      0.0024           - out
   -      0.0025           - out
   -      0.0026           - out
  12     0.00264      0.0005       20   21   20     2     0      0  6.9e-14  3.3e-15
   -      0.0027           - out
   -      0.0028           - out
   -      0.0029           - out
   -       0.003           - out
   -      0.0031           - out
  13     0.00314      0.0005       21   22   21     2     0      0  1.8e-13  3.4e-15
   -      0.0032           - out
   -      0.0033           - out
   -      0.0034           - out
   -      0.0035           - out
   -      0.0036           - out
-------    当前进度:  75 % - 正在组装残差
Memory: 1968/2018 2042/2126
  14     0.00364      0.0005       22   23   22     2     0      0    8e-14    3e-15
   -      0.0037           - out
   -      0.0038           - out
   -      0.0039           - out
   -       0.004           - out
   -      0.0041           - out
  15     0.00414      0.0005       23   24   23     2     0      0  2.6e-13  2.7e-15
   -      0.0042           - out
   -      0.0043           - out
   -      0.0044           - out
   -      0.0045           - out
   -      0.0046           - out
  16     0.00464      0.0005       24   25   24     2     0      0  7.5e-14  2.2e-15
   -      0.0047           - out
   -      0.0048           - out
   -      0.0049           - out
   -       0.005           - out
  17     0.00514      0.0005       25   26   25     2     0      0  1.3e-13  1.5e-15
时间步进已完成。
---------- 当前进度: 100 % - 
Memory: 1965/2018 2037/2126
求解时间：2 s。
物理内存: 1.97 GB
虚拟内存: 2.04 GB
结束时间：2026年8月9日 01:31:33。
----- 研究 4/解 10 (sol10) 中的“瞬态求解器 1” ------------------------------------------->
---------- 当前进度: 100 % - 正在更新选择

/***************/
/*****错误********/
/***************/
运行 Java 类时出错。
未知属性。
 - 属性: intbnd
未知属性。
 - 类: LiNRR_M10A2_SSC_Pipe_Wetting
总时间: 178 s.
