*******************************************
***COMSOL 6.4.0.293 progress output file***
*******************************************
Sun Aug 09 00:38:32 CST 2026
COMSOL Multiphysics 6.4 (开发版本: 293) 在批处理模式下启动
正在运行: F:\LiNRR_COMSOL\worktrees\LiNRR_M10A2\src\java\LiNRR_M10A2_SSC_Pipe_Wetting.class
---------- 当前进度: 100 % - 正在分析几何
Memory: 744/747 783/785
---------- 当前进度: 100 % - 正在更新选择
Memory: 738/751 772/787
           当前进度:   0 % - Cathode 316L 500-mesh SSC | homogenized physical domain
Memory: 730/751 765/787
           当前进度:   7 % - Anode PtAu/316L 500-mesh SSC | homogenized physical domain
Memory: 719/751 751/787
-          当前进度:  14 % - 工作平面
-          当前进度:  14 % - 正方形
-          当前进度:  15 % - 正方形 2
-          当前进度:  17 % - 差集
--         当前进度:  28 % - 解析域和空区域
Memory: 721/751 751/787
---        当前进度:  31 % - 形成联合体
---        当前进度:  31 % - 执行布尔操作
Memory: 729/751 757/787
---------- 当前进度: 100 % - 正在更新选择
Memory: 729/751 758/787
---------- 当前进度: 100 % - 正在创建可视化网格
Memory: 750/751 785/787
           当前进度:   2 % - 生成方程
Memory: 750/757 780/789
           当前进度:   3 % - 生成方程
Memory: 800/852 841/886
<---- Liquid Stationary Flow | NUMERICAL_TEST_ONLY/解 3 (sol3) 中的“编译方程: 稳态” -----
开始于 2026年8月9日 00:39:10。
几何形函数: 线性拉格朗日单元
几何形函数: 线性拉格朗日单元
在 AMD64 Family 25 Model 80 Stepping 0, AuthenticAMD 上运行。
在以下位置使用 1 个插槽： Pokemon 上（共 8 个内核）。
可用内存：15.77 GB。
           当前进度:   4 % - 编译方程: 稳态
Memory: 1009/1009 1199/1199
           当前进度:   7 % - 编译方程: 稳态
Memory: 1010/1015 1191/1199
           当前进度:   7 % - 正在创建可视化网格
Memory: 1198/1200 1225/1228
时间：5。
物理内存: 1.2 GB
虚拟内存: 1.23 GB
结束时间：2026年8月9日 00:39:15。
----- Liquid Stationary Flow | NUMERICAL_TEST_ONLY/解 3 (sol3) 中的“编译方程: 稳态” ---->
<---- Liquid Stationary Flow | NUMERICAL_TEST_ONLY/解 3 (sol3) 中的“因变量 1” --------
开始于 2026年8月9日 00:39:15。
           当前进度:   7 % - 因变量 1
Memory: 1197/1200 1233/1235
求解时间：0 s。
物理内存: 1.2 GB
虚拟内存: 1.24 GB
结束时间：2026年8月9日 00:39:15。
----- Liquid Stationary Flow | NUMERICAL_TEST_ONLY/解 3 (sol3) 中的“因变量 1” ------->
<---- Liquid Stationary Flow | NUMERICAL_TEST_ONLY/解 3 (sol3) 中的“稳态求解器 1” ------
开始于 2026年8月9日 00:39:15。
-          当前进度:  12 % - 稳态求解器 1
Memory: 1209/1214 1241/1245
非线性求解器
求解的自由度数：15665（加上 1 个内部自由度）。
-          当前进度:  12 % - 组装稀疏模式
Memory: 1273/1278 1316/1320
找到非对称矩阵。
缩放因变量：
压力 (comp_electrolyte_flow.p): 0.031
速度场 (comp_electrolyte_flow.u): 1
常微分方程助变量 (comp_electrolyte_flow.spf.inlet_liq.Pinl): 0.46
已使用正交零空间函数。
-          当前进度:  12 % - 矩阵分解
Memory: 1293/1295 1336/1340
Iter      SolEst      ResEst     Damping    Stepsize #Res #Jac #Sol   LinErr   LinRes
   1          11     4.5e+03   0.0100000          11    2    1    2    3e-11  1.8e-10
--         当前进度:  20 % - 组装稀疏模式
Memory: 1326/1326 1378/1378
--         当前进度:  20 % - 求解线性方程组
Memory: 1377/1383 1419/1422
   2         6.4     7.1e+05   0.1000000         7.1    3    2    4  1.7e-12  4.8e-11
--         当前进度:  29 % - 组装矩阵
Memory: 1377/1393 1420/1432
   3       0.045     4.8e+07   1.0000000        0.73    4    3    6  1.9e-11  1.2e-13
--------   当前进度:  88 % - 组装矩阵
Memory: 1383/1393 1419/1432
   4      0.0014     5.8e+06   1.0000000       0.035    5    4    8  2.4e-11  1.1e-13
---------  当前进度:  99 % - 组装矩阵
Memory: 1388/1393 1423/1432
   5      0.0019       5e+04   1.0000000       0.015    7    5   10  1.1e-12  5.4e-14
   6     0.00013     2.7e+03   1.0000000      0.0019    9    6   12  4.2e-12  2.7e-14
---------- 当前进度: 100 % - 
Memory: 1393/1396 1423/1432
求解时间：4 s。
物理内存: 1.4 GB
虚拟内存: 1.43 GB
结束时间：2026年8月9日 00:39:19。
----- Liquid Stationary Flow | NUMERICAL_TEST_ONLY/解 3 (sol3) 中的“稳态求解器 1” ----->
           当前进度:   2 % - 生成方程
Memory: 1353/1396 1375/1432
           当前进度:   3 % - 生成方程
<---- Liquid Stationary Flow | NUMERICAL_TEST_ONLY/解 3 (sol3) 中的“编译方程: 稳态” -----
开始于 2026年8月9日 00:39:23。
几何形函数: 线性拉格朗日单元
几何形函数: 线性拉格朗日单元
在 AMD64 Family 25 Model 80 Stepping 0, AuthenticAMD 上运行。
在以下位置使用 1 个插槽： Pokemon 上（共 8 个内核）。
可用内存：15.77 GB。
           当前进度:   5 % - 编译方程: 稳态
Memory: 1407/1410 1429/1432
           当前进度:   7 % - 编译方程: 稳态
           当前进度:   7 % - 正在创建可视化网格
Memory: 1434/1435 1456/1458
时间：4。
物理内存: 1.43 GB
虚拟内存: 1.46 GB
结束时间：2026年8月9日 00:39:27。
----- Liquid Stationary Flow | NUMERICAL_TEST_ONLY/解 3 (sol3) 中的“编译方程: 稳态” ---->
<---- Liquid Stationary Flow | NUMERICAL_TEST_ONLY/解 3 (sol3) 中的“因变量 1” --------
开始于 2026年8月9日 00:39:27。
           当前进度:   7 % - 因变量 1
Memory: 1430/1435 1452/1458
求解时间：0 s。
物理内存: 1.43 GB
虚拟内存: 1.45 GB
结束时间：2026年8月9日 00:39:27。
----- Liquid Stationary Flow | NUMERICAL_TEST_ONLY/解 3 (sol3) 中的“因变量 1” ------->
<---- Liquid Stationary Flow | NUMERICAL_TEST_ONLY/解 3 (sol3) 中的“稳态求解器 1” ------
开始于 2026年8月9日 00:39:27。
非线性求解器
求解的自由度数：15665（加上 1 个内部自由度）。
-          当前进度:  12 % - 组装矩阵
Memory: 1419/1435 1477/1491
找到非对称矩阵。
缩放因变量：
压力 (comp_electrolyte_flow.p): 0.031
速度场 (comp_electrolyte_flow.u): 1
常微分方程助变量 (comp_electrolyte_flow.spf.inlet_liq.Pinl): 0.46
已使用正交零空间函数。
Iter      SolEst      ResEst     Damping    Stepsize #Res #Jac #Sol   LinErr   LinRes
   1          20       9e+03   0.0100000          21    2    1    2  9.9e-12  1.5e-10
--         当前进度:  20 % - 组装稀疏模式
Memory: 1454/1456 1515/1518
--         当前进度:  20 % - 正在组装残差
Memory: 1498/1502 1556/1558
   2         6.5     7.1e+05   0.1000000         7.2    3    2    4  4.2e-11  2.7e-11
--         当前进度:  29 % - 矩阵分解
Memory: 1505/1523 1556/1580
   3        0.12     3.7e+07   1.0000000        0.73    4    3    6    5e-12  2.6e-13
   4      0.0016     1.2e+07   1.0000000       0.075    5    4    8  9.6e-12  3.5e-14
---------  当前进度:  98 % - 
Memory: 1506/1523 1549/1580
   5       0.001     1.3e+06   1.0000000      0.0013    6    5   10  2.1e-11  6.4e-14
---------- 当前进度: 100 % - 
Memory: 1507/1523 1549/1580
   6      0.0015     3.5e+04   1.0000000        0.01    8    6   12  1.6e-11  3.2e-14
---------- 当前进度: 100 % - 正在组装残差
Memory: 1511/1523 1541/1580
   7      0.0002     3.1e+03   1.0000000      0.0015   10    7   14  9.9e-12  7.2e-14
---------- 当前进度: 100 % - 
Memory: 1483/1523 1506/1580
求解时间：2 s。
物理内存: 1.52 GB
虚拟内存: 1.58 GB
结束时间：2026年8月9日 00:39:30。
----- Liquid Stationary Flow | NUMERICAL_TEST_ONLY/解 3 (sol3) 中的“稳态求解器 1” ----->
           当前进度:   2 % - 生成方程
Memory: 1436/1523 1465/1580
           当前进度:   3 % - 生成方程
Memory: 1435/1523 1458/1580
<---- Liquid Stationary Flow | NUMERICAL_TEST_ONLY/解 3 (sol3) 中的“编译方程: 稳态” -----
开始于 2026年8月9日 00:39:34。
几何形函数: 线性拉格朗日单元
几何形函数: 线性拉格朗日单元
在 AMD64 Family 25 Model 80 Stepping 0, AuthenticAMD 上运行。
在以下位置使用 1 个插槽： Pokemon 上（共 8 个内核）。
可用内存：15.77 GB。
           当前进度:   7 % - 编译方程: 稳态
Memory: 1457/1523 1482/1580
           当前进度:   7 % - 正在创建可视化网格
Memory: 1459/1523 1483/1580
时间：3。
物理内存: 1.48 GB
虚拟内存: 1.5 GB
结束时间：2026年8月9日 00:39:37。
----- Liquid Stationary Flow | NUMERICAL_TEST_ONLY/解 3 (sol3) 中的“编译方程: 稳态” ---->
<---- Liquid Stationary Flow | NUMERICAL_TEST_ONLY/解 3 (sol3) 中的“因变量 1” --------
开始于 2026年8月9日 00:39:37。
           当前进度:   7 % - 因变量 1
Memory: 1445/1523 1468/1580
求解时间：0 s。
物理内存: 1.46 GB
虚拟内存: 1.48 GB
结束时间：2026年8月9日 00:39:37。
----- Liquid Stationary Flow | NUMERICAL_TEST_ONLY/解 3 (sol3) 中的“因变量 1” ------->
<---- Liquid Stationary Flow | NUMERICAL_TEST_ONLY/解 3 (sol3) 中的“稳态求解器 1” ------
开始于 2026年8月9日 00:39:37。
非线性求解器
求解的自由度数：15665（加上 1 个内部自由度）。
-          当前进度:  12 % - 组装矩阵
Memory: 1448/1523 1483/1580
找到非对称矩阵。
缩放因变量：
压力 (comp_electrolyte_flow.p): 0.031
速度场 (comp_electrolyte_flow.u): 1
常微分方程助变量 (comp_electrolyte_flow.spf.inlet_liq.Pinl): 0.46
已使用正交零空间函数。
Iter      SolEst      ResEst     Damping    Stepsize #Res #Jac #Sol   LinErr   LinRes
   1          36     1.8e+04   0.0100000          36    2    1    2  2.3e-11  1.6e-10
--         当前进度:  20 % - 组装稀疏模式
Memory: 1483/1523 1521/1580
--         当前进度:  20 % - 矩阵分解
Memory: 1513/1527 1546/1580
   2         6.6     6.8e+05   0.1000000         7.3    3    2    4  1.3e-11  2.3e-11
--         当前进度:  29 % - 组装矩阵
Memory: 1531/1550 1566/1585
   3        0.25     2.5e+07   1.0000000        0.73    4    3    6    7e-12  4.2e-13
--------   当前进度:  80 % - 组装矩阵
Memory: 1536/1550 1594/1598
   4      0.0041     1.6e+07   1.0000000        0.14    5    4    8  2.1e-11  3.3e-14
---------  当前进度:  95 % - 组装矩阵
Memory: 1537/1550 1594/1600
   5      0.0041     3.7e+06   1.0000000      0.0041    6    5   10  1.8e-11  1.2e-13
   6       0.016     1.7e+05   1.0000000        0.05    8    6   12    1e-11  8.5e-14
---------  当前进度:  95 % - 矩阵分解
Memory: 1541/1550 1589/1600
   7      0.0037     1.3e+05   1.0000000       0.013    9    7   14  2.8e-11  9.6e-14
   8       0.001     2.9e+04   1.0000000      0.0038   10    8   16  2.3e-12  1.6e-13
---------- 当前进度: 100 % - 
Memory: 1541/1550 1586/1600
   9     0.00031     2.9e+03   1.0000000       0.001   12    9   18  2.9e-13  2.1e-14
求解时间：3 s。
物理内存: 1.55 GB
虚拟内存: 1.6 GB
结束时间：2026年8月9日 00:39:40。
----- Liquid Stationary Flow | NUMERICAL_TEST_ONLY/解 3 (sol3) 中的“稳态求解器 1” ----->
           当前进度:   2 % - 生成方程
Memory: 1515/1550 1549/1600
           当前进度:   3 % - 生成方程
Memory: 1477/1550 1515/1600
<---- Liquid Stationary Flow | NUMERICAL_TEST_ONLY/解 3 (sol3) 中的“编译方程: 稳态” -----
开始于 2026年8月9日 00:39:44。
几何形函数: 线性拉格朗日单元
几何形函数: 线性拉格朗日单元
在 AMD64 Family 25 Model 80 Stepping 0, AuthenticAMD 上运行。
在以下位置使用 1 个插槽： Pokemon 上（共 8 个内核）。
可用内存：15.77 GB。
           当前进度:   4 % - 编译方程: 稳态
Memory: 1071/1550 1656/1659
           当前进度:   7 % - 编译方程: 稳态
Memory: 1087/1550 1654/1659
           当前进度:   7 % - 正在创建可视化网格
Memory: 1104/1550 1657/1659
时间：4。
物理内存: 1.11 GB
虚拟内存: 1.66 GB
结束时间：2026年8月9日 00:39:48。
----- Liquid Stationary Flow | NUMERICAL_TEST_ONLY/解 3 (sol3) 中的“编译方程: 稳态” ---->
<---- Liquid Stationary Flow | NUMERICAL_TEST_ONLY/解 3 (sol3) 中的“因变量 1” --------
开始于 2026年8月9日 00:39:48。
           当前进度:   7 % - 因变量 1
Memory: 1121/1550 1657/1659
求解时间：0 s。
物理内存: 1.12 GB
虚拟内存: 1.66 GB
结束时间：2026年8月9日 00:39:48。
----- Liquid Stationary Flow | NUMERICAL_TEST_ONLY/解 3 (sol3) 中的“因变量 1” ------->
<---- Liquid Stationary Flow | NUMERICAL_TEST_ONLY/解 3 (sol3) 中的“稳态求解器 1” ------
开始于 2026年8月9日 00:39:48。
非线性求解器
求解的自由度数：15665（加上 1 个内部自由度）。
-          当前进度:  12 % - 正在组装残差
Memory: 1024/1550 1512/1696
-          当前进度:  12 % - 组装矩阵
Memory: 1084/1550 1511/1696
找到非对称矩阵。
缩放因变量：
压力 (comp_electrolyte_flow.p): 0.031
速度场 (comp_electrolyte_flow.u): 1
常微分方程助变量 (comp_electrolyte_flow.spf.inlet_liq.Pinl): 0.46
已使用正交零空间函数。
-          当前进度:  12 % - 矩阵分解
Memory: 1125/1550 1528/1696
Iter      SolEst      ResEst     Damping    Stepsize #Res #Jac #Sol   LinErr   LinRes
   1          66     4.5e+04   0.0100000          66    2    1    2  1.4e-11  1.6e-10
--         当前进度:  20 % - 组装矩阵
Memory: 1159/1550 1551/1696
--         当前进度:  20 % - 正在组装残差
Memory: 1195/1550 1576/1696
   2         6.7       6e+05   0.1000000         7.4    3    2    4  5.9e-11  1.4e-11
--         当前进度:  29 % - 组装矩阵
Memory: 1202/1550 1583/1696
   3        0.48     1.2e+07   1.0000000        0.73    4    3    6  2.8e-11  7.1e-13
-------    当前进度:  76 % - 组装矩阵
Memory: 1206/1550 1583/1696
   4       0.012     1.2e+07   1.0000000        0.26    5    4    8  3.7e-12  6.1e-14
---------  当前进度:  92 % - 组装矩阵
---------  当前进度:  92 % - 求解线性方程组
Memory: 1207/1550 1583/1696
   5      0.0098     9.4e+06   0.3221231      0.0098    7    5   11  7.7e-12  2.5e-14
---------  当前进度:  92 % - 正在组装残差
Memory: 1211/1550 1586/1696
   6       0.011     9.4e+06   0.7500000      0.0094   19    6   24  7.2e-13  9.4e-14
---------  当前进度:  92 % - 组装矩阵
Memory: 1212/1550 1575/1696
   7      0.0049     9.6e+05   1.0000000        0.01   20    7   26  6.5e-11  2.7e-13
   8      0.0016     2.8e+05   1.0000000      0.0048   21    8   28  4.2e-11  3.5e-13
---------  当前进度:  97 % - 组装矩阵
   9      0.0026     3.7e+04   1.0000000      0.0063   23    9   30  2.3e-11  6.9e-13
  10       0.001     3.8e+04   1.0000000      0.0026   24   10   32  1.8e-11  2.4e-13
---------- 当前进度: 100 % - 组装矩阵
Memory: 1213/1550 1575/1696
---------- 当前进度: 100 % - 正在组装残差
Memory: 1213/1550 1572/1696
  11     0.00045     5.3e+03   1.0000000       0.001   26   11   34  2.6e-11  2.1e-13
---------- 当前进度: 100 % - 
Memory: 1185/1550 1537/1696
求解时间：5 s。
物理内存: 1.21 GB
虚拟内存: 1.66 GB
结束时间：2026年8月9日 00:39:54。
----- Liquid Stationary Flow | NUMERICAL_TEST_ONLY/解 3 (sol3) 中的“稳态求解器 1” ----->
           当前进度:   2 % - 生成方程
Memory: 1257/1550 1539/1696
           当前进度:   3 % - 生成方程
Memory: 1260/1550 1533/1696
<---- Liquid Stationary Flow | NUMERICAL_TEST_ONLY/解 3 (sol3) 中的“编译方程: 稳态” -----
开始于 2026年8月9日 00:39:57。
几何形函数: 线性拉格朗日单元
几何形函数: 线性拉格朗日单元
在 AMD64 Family 25 Model 80 Stepping 0, AuthenticAMD 上运行。
在以下位置使用 1 个插槽： Pokemon 上（共 8 个内核）。
可用内存：15.77 GB。
           当前进度:   4 % - 编译方程: 稳态
Memory: 1258/1550 1530/1696
           当前进度:   7 % - 编译方程: 稳态
Memory: 1260/1550 1530/1696
           当前进度:   7 % - 正在创建可视化网格
Memory: 1266/1550 1533/1696
时间：3。
物理内存: 1.27 GB
虚拟内存: 1.54 GB
结束时间：2026年8月9日 00:40:00。
----- Liquid Stationary Flow | NUMERICAL_TEST_ONLY/解 3 (sol3) 中的“编译方程: 稳态” ---->
<---- Liquid Stationary Flow | NUMERICAL_TEST_ONLY/解 3 (sol3) 中的“因变量 1” --------
开始于 2026年8月9日 00:40:00。
           当前进度:   7 % - 因变量 1
Memory: 1244/1550 1505/1696
求解时间：0 s。
物理内存: 1.24 GB
虚拟内存: 1.5 GB
结束时间：2026年8月9日 00:40:00。
----- Liquid Stationary Flow | NUMERICAL_TEST_ONLY/解 3 (sol3) 中的“因变量 1” ------->
<---- Liquid Stationary Flow | NUMERICAL_TEST_ONLY/解 3 (sol3) 中的“稳态求解器 1” ------
开始于 2026年8月9日 00:40:00。
非线性求解器
求解的自由度数：15665（加上 1 个内部自由度）。
-          当前进度:  12 % - 组装矩阵
Memory: 1248/1550 1503/1696
找到非对称矩阵。
缩放因变量：
压力 (comp_electrolyte_flow.p): 0.031
速度场 (comp_electrolyte_flow.u): 1
常微分方程助变量 (comp_electrolyte_flow.spf.inlet_liq.Pinl): 0.46
已使用正交零空间函数。
Iter      SolEst      ResEst     Damping    Stepsize #Res #Jac #Sol   LinErr   LinRes
   1          20       9e+03   0.0100000          21    2    1    2  1.6e-11  1.8e-10
--         当前进度:  20 % - 组装稀疏模式
Memory: 1283/1550 1545/1696
--         当前进度:  20 % - 矩阵分解
Memory: 1308/1550 1574/1696
   2         6.5     7.1e+05   0.1000000         7.2    3    2    4  4.2e-11  2.7e-11
--         当前进度:  29 % - 组装矩阵
Memory: 1302/1550 1562/1696
   3        0.12     3.7e+07   1.0000000        0.73    4    3    6  1.5e-11  2.4e-13
--------   当前进度:  84 % - 
   4      0.0016     1.2e+07   1.0000000       0.075    5    4    8  1.7e-11  3.5e-14
---------  当前进度:  98 % - 
   5       0.001     1.3e+06   1.0000000      0.0013    6    5   10  1.2e-11  5.8e-14
---------- 当前进度: 100 % - 正在组装残差
Memory: 1303/1550 1562/1696
   6      0.0015     3.5e+04   1.0000000        0.01    8    6   12    1e-11  3.5e-14
   7      0.0002     3.1e+03   1.0000000      0.0015   10    7   14  1.5e-11    7e-14
---------- 当前进度: 100 % - 
Memory: 1277/1550 1552/1696
求解时间：2 s。
物理内存: 1.31 GB
虚拟内存: 1.59 GB
结束时间：2026年8月9日 00:40:03。
----- Liquid Stationary Flow | NUMERICAL_TEST_ONLY/解 3 (sol3) 中的“稳态求解器 1” ----->
           当前进度:   2 % - 生成方程
Memory: 1270/1550 1544/1696
           当前进度:   3 % - 生成方程
Memory: 1274/1550 1544/1696
<---- N2 Stationary Flow | NUMERICAL_TEST_ONLY/解 4 (sol4) 中的“编译方程: 稳态” ---------
开始于 2026年8月9日 00:40:06。
几何形函数: 线性拉格朗日单元
几何形函数: 线性拉格朗日单元
在 AMD64 Family 25 Model 80 Stepping 0, AuthenticAMD 上运行。
在以下位置使用 1 个插槽： Pokemon 上（共 8 个内核）。
可用内存：15.77 GB。
           当前进度:   7 % - 编译方程: 稳态
Memory: 1282/1550 1550/1696
           当前进度:   7 % - 正在创建可视化网格
Memory: 1290/1550 1557/1696
时间：4。
物理内存: 1.36 GB
虚拟内存: 1.62 GB
结束时间：2026年8月9日 00:40:10。
----- N2 Stationary Flow | NUMERICAL_TEST_ONLY/解 4 (sol4) 中的“编译方程: 稳态” -------->
<---- N2 Stationary Flow | NUMERICAL_TEST_ONLY/解 4 (sol4) 中的“因变量 1” ------------
开始于 2026年8月9日 00:40:10。
           当前进度:   7 % - 因变量 1
Memory: 1363/1550 1619/1696
求解时间：0 s。
物理内存: 1.36 GB
虚拟内存: 1.62 GB
结束时间：2026年8月9日 00:40:10。
----- N2 Stationary Flow | NUMERICAL_TEST_ONLY/解 4 (sol4) 中的“因变量 1” ----------->
<---- N2 Stationary Flow | NUMERICAL_TEST_ONLY/解 4 (sol4) 中的“稳态求解器 1” ----------
开始于 2026年8月9日 00:40:10。
非线性求解器
求解的自由度数：38733（加上 1 个内部自由度）。
-          当前进度:  12 % - 
Memory: 1426/1550 1693/1696
-          当前进度:  12 % - 组装矩阵
Memory: 1470/1550 1735/1765
找到非对称矩阵。
缩放因变量：
压力 (comp_n2_flow.p2): 0.51
速度场 (comp_n2_flow.u2): 1
常微分方程助变量 (comp_n2_flow.spf2.inlet_n2.Pinl): 0.19
已使用正交零空间函数。
-          当前进度:  12 % - 矩阵分解
Memory: 1551/1551 1822/1822
Iter      SolEst      ResEst     Damping    Stepsize #Res #Jac #Sol   LinErr   LinRes
   1          64          19   0.0100000          65    2    1    2  7.8e-12  3.9e-11
--         当前进度:  20 % - 组装稀疏模式
Memory: 1640/1670 1928/1960
--         当前进度:  20 % - 组装矩阵
Memory: 1723/1723 2015/2015
--         当前进度:  20 % - 矩阵分解
Memory: 1629/1772 1912/2065
   2         6.5     4.2e+05   0.1000000         7.2    3    2    4    8e-12  3.9e-11
--         当前进度:  29 % - 
Memory: 1743/1772 2026/2065
--         当前进度:  29 % - 组装矩阵
Memory: 1759/1778 2040/2065
--         当前进度:  29 % - 正在组装残差
Memory: 1751/1782 2032/2065
   3       0.023     3.1e+07   1.0000000        0.73    4    3    6  4.3e-12  7.3e-14
---------  当前进度:  91 % - 组装矩阵
Memory: 1771/1782 2081/2081
---------  当前进度:  91 % - 正在组装残差
Memory: 1761/1799 2066/2112
   4      0.0073     6.1e+04   1.0000000        0.13    6    4    8  9.6e-12  5.1e-14
---------  当前进度:  91 % - 组装矩阵
Memory: 1794/1799 2092/2112
---------  当前进度:  91 % - 正在组装残差
Memory: 1767/1817 2062/2116
   5     0.00052     1.8e+03   1.0000000      0.0073    8    5   10  3.3e-11    2e-14
---------- 当前进度: 100 % - 
Memory: 1630/1817 1884/2116
求解时间：5 s。
物理内存: 1.82 GB
虚拟内存: 2.12 GB
结束时间：2026年8月9日 00:40:15。
----- N2 Stationary Flow | NUMERICAL_TEST_ONLY/解 4 (sol4) 中的“稳态求解器 1” --------->
           当前进度:   2 % - 生成方程
Memory: 1573/1817 1824/2116
           当前进度:   3 % - 生成方程
Memory: 1546/1817 1796/2116
<---- N2 Stationary Flow | NUMERICAL_TEST_ONLY/解 4 (sol4) 中的“编译方程: 稳态” ---------
开始于 2026年8月9日 00:40:19。
几何形函数: 线性拉格朗日单元
几何形函数: 线性拉格朗日单元
在 AMD64 Family 25 Model 80 Stepping 0, AuthenticAMD 上运行。
在以下位置使用 1 个插槽： Pokemon 上（共 8 个内核）。
可用内存：15.77 GB。
           当前进度:   4 % - 编译方程: 稳态
Memory: 1553/1817 1801/2116
           当前进度:   7 % - 编译方程: 稳态
Memory: 1549/1817 1797/2116
           当前进度:   7 % - 正在创建可视化网格
Memory: 1552/1817 1797/2116
时间：4。
物理内存: 1.55 GB
虚拟内存: 1.8 GB
结束时间：2026年8月9日 00:40:22。
----- N2 Stationary Flow | NUMERICAL_TEST_ONLY/解 4 (sol4) 中的“编译方程: 稳态” -------->
<---- N2 Stationary Flow | NUMERICAL_TEST_ONLY/解 4 (sol4) 中的“因变量 1” ------------
开始于 2026年8月9日 00:40:22。
           当前进度:   7 % - 因变量 1
求解时间：0 s。
物理内存: 1.55 GB
虚拟内存: 1.8 GB
结束时间：2026年8月9日 00:40:22。
----- N2 Stationary Flow | NUMERICAL_TEST_ONLY/解 4 (sol4) 中的“因变量 1” ----------->
<---- N2 Stationary Flow | NUMERICAL_TEST_ONLY/解 4 (sol4) 中的“稳态求解器 1” ----------
开始于 2026年8月9日 00:40:22。
非线性求解器
求解的自由度数：38733（加上 1 个内部自由度）。
-          当前进度:  12 % - 正在组装残差
Memory: 1549/1817 1793/2116
-          当前进度:  12 % - 组装矩阵
Memory: 1578/1817 1823/2116
找到非对称矩阵。
缩放因变量：
压力 (comp_n2_flow.p2): 0.51
速度场 (comp_n2_flow.u2): 1
常微分方程助变量 (comp_n2_flow.spf2.inlet_n2.Pinl): 0.19
已使用正交零空间函数。
-          当前进度:  12 % - 
Memory: 1596/1817 1845/2116
-          当前进度:  12 % - 矩阵分解
Memory: 1663/1817 1961/2116
Iter      SolEst      ResEst     Damping    Stepsize #Res #Jac #Sol   LinErr   LinRes
-          当前进度:  12 % - 求解线性方程组
Memory: 1723/1817 2004/2116
   1          73          36   0.0100000          73    2    1    2  1.9e-11  3.8e-11
--         当前进度:  20 % - 组装矩阵
Memory: 1742/1817 2024/2116
--         当前进度:  20 % - 矩阵分解
Memory: 1684/1817 1950/2116
--         当前进度:  20 % - 正在组装残差
Memory: 1753/1817 2036/2116
   2         6.5     4.2e+05   0.1000000         7.2    3    2    4  2.8e-11  3.7e-11
--         当前进度:  29 % - 组装矩阵
Memory: 1753/1817 2035/2116
--         当前进度:  29 % - 正在组装残差
Memory: 1755/1817 2039/2116
   3       0.066     2.7e+07   1.0000000        0.74    4    3    6  2.5e-12  9.5e-14
--------   当前进度:  87 % - 组装矩阵
Memory: 1755/1817 2037/2116
--------   当前进度:  87 % - 求解线性方程组
Memory: 1769/1817 2053/2116
   4      0.0043     1.7e+06   1.0000000       0.052    5    4    8  1.4e-11  1.2e-13
---------  当前进度:  93 % - 组装矩阵
Memory: 1775/1817 2059/2116
---------  当前进度:  93 % - 正在组装残差
Memory: 1756/1817 2039/2116
   5       0.003     1.7e+04   1.0000000       0.024    7    5   10  1.7e-11  2.5e-14
---------  当前进度:  93 % - 组装矩阵
Memory: 1775/1817 2059/2116
---------  当前进度:  93 % - 约束处理
Memory: 1795/1817 2079/2116
---------  当前进度:  93 % - 正在组装残差
Memory: 1756/1817 2039/2116
   6      0.0004     1.4e+03   1.0000000       0.003    9    6   12  1.5e-11  2.8e-14
---------- 当前进度: 100 % - 
Memory: 1609/1817 1855/2116
求解时间：6 s。
物理内存: 1.79 GB
虚拟内存: 2.08 GB
结束时间：2026年8月9日 00:40:28。
----- N2 Stationary Flow | NUMERICAL_TEST_ONLY/解 4 (sol4) 中的“稳态求解器 1” --------->
           当前进度:   2 % - 生成方程
Memory: 1607/1817 1851/2116
           当前进度:   3 % - 生成方程
Memory: 1607/1817 1850/2116
<---- N2 Stationary Flow | NUMERICAL_TEST_ONLY/解 4 (sol4) 中的“编译方程: 稳态” ---------
开始于 2026年8月9日 00:40:32。
几何形函数: 线性拉格朗日单元
几何形函数: 线性拉格朗日单元
在 AMD64 Family 25 Model 80 Stepping 0, AuthenticAMD 上运行。
在以下位置使用 1 个插槽： Pokemon 上（共 8 个内核）。
可用内存：15.77 GB。
           当前进度:   4 % - 编译方程: 稳态
Memory: 1613/1817 1853/2116
           当前进度:   7 % - 编译方程: 稳态
           当前进度:   7 % - 正在创建可视化网格
时间：3。
物理内存: 1.61 GB
虚拟内存: 1.85 GB
结束时间：2026年8月9日 00:40:35。
----- N2 Stationary Flow | NUMERICAL_TEST_ONLY/解 4 (sol4) 中的“编译方程: 稳态” -------->
<---- N2 Stationary Flow | NUMERICAL_TEST_ONLY/解 4 (sol4) 中的“因变量 1” ------------
开始于 2026年8月9日 00:40:35。
           当前进度:   7 % - 因变量 1
Memory: 1614/1817 1853/2116
求解时间：0 s。
物理内存: 1.61 GB
虚拟内存: 1.85 GB
结束时间：2026年8月9日 00:40:35。
----- N2 Stationary Flow | NUMERICAL_TEST_ONLY/解 4 (sol4) 中的“因变量 1” ----------->
<---- N2 Stationary Flow | NUMERICAL_TEST_ONLY/解 4 (sol4) 中的“稳态求解器 1” ----------
开始于 2026年8月9日 00:40:35。
非线性求解器
求解的自由度数：38733（加上 1 个内部自由度）。
-          当前进度:  12 % - 组装稀疏模式
Memory: 1567/1817 1804/2116
-          当前进度:  12 % - 组装矩阵
Memory: 1604/1817 1841/2116
找到非对称矩阵。
缩放因变量：
压力 (comp_n2_flow.p2): 0.51
速度场 (comp_n2_flow.u2): 1
常微分方程助变量 (comp_n2_flow.spf2.inlet_n2.Pinl): 0.19
已使用正交零空间函数。
-          当前进度:  12 % - 矩阵分解
Memory: 1664/1817 1917/2116
Iter      SolEst      ResEst     Damping    Stepsize #Res #Jac #Sol   LinErr   LinRes
-          当前进度:  12 % - 
Memory: 1747/1817 2021/2116
   1          74          63   0.0100000          75    2    1    2  1.6e-11  3.7e-11
--         当前进度:  20 % - 组装矩阵
Memory: 1755/1817 2030/2116
--         当前进度:  20 % - 矩阵分解
Memory: 1629/1817 1869/2116
   2         6.5     4.2e+05   0.1000000         7.3    3    2    4  7.8e-12  3.3e-11
--         当前进度:  29 % - 组装稀疏模式
Memory: 1767/1817 2044/2116
--         当前进度:  29 % - 组装矩阵
Memory: 1778/1817 2056/2116
--         当前进度:  29 % - 正在组装残差
Memory: 1793/1817 2071/2116
   3        0.14     2.1e+07   1.0000000        0.75    4    3    6  1.6e-11  1.2e-13
--------   当前进度:  83 % - 组装矩阵
Memory: 1780/1817 2057/2116
--------   当前进度:  83 % - 矩阵分解
Memory: 1793/1817 2071/2116
   4       0.014     2.6e+06   1.0000000         0.1    5    4    8  6.6e-12  2.3e-13
--------   当前进度:  88 % - 组装矩阵
Memory: 1780/1817 2057/2116
--------   当前进度:  88 % - 矩阵分解
Memory: 1793/1817 2071/2116
   5      0.0013     3.8e+05   1.0000000       0.013    6    5   10  1.3e-11  4.8e-14
---------  当前进度:  99 % - 组装矩阵
Memory: 1780/1817 2058/2116
---------  当前进度:  99 % - 正在组装残差
Memory: 1761/1817 2038/2116
   6      0.0023     7.6e+03   1.0000000       0.012    8    6   12  3.5e-12    3e-14
---------  当前进度:  99 % - 组装矩阵
Memory: 1781/1817 2058/2116
---------  当前进度:  99 % - 矩阵分解
Memory: 1794/1817 2072/2116
---------  当前进度:  99 % - 正在组装残差
Memory: 1761/1817 2037/2116
   7     0.00048     1.3e+03   1.0000000      0.0023   10    7   14  9.9e-12  1.3e-14
---------- 当前进度: 100 % - 
Memory: 1614/1817 1853/2116
求解时间：6 s。
物理内存: 1.79 GB
虚拟内存: 2.07 GB
结束时间：2026年8月9日 00:40:41。
----- N2 Stationary Flow | NUMERICAL_TEST_ONLY/解 4 (sol4) 中的“稳态求解器 1” --------->
           当前进度:   2 % - 生成方程
Memory: 1613/1817 1852/2116
           当前进度:   3 % - 生成方程
Memory: 1616/1817 1854/2116
<---- N2 Stationary Flow | NUMERICAL_TEST_ONLY/解 4 (sol4) 中的“编译方程: 稳态” ---------
开始于 2026年8月9日 00:40:44。
几何形函数: 线性拉格朗日单元
几何形函数: 线性拉格朗日单元
在 AMD64 Family 25 Model 80 Stepping 0, AuthenticAMD 上运行。
在以下位置使用 1 个插槽： Pokemon 上（共 8 个内核）。
可用内存：15.77 GB。
           当前进度:   7 % - 编译方程: 稳态
Memory: 1658/1817 1895/2116
           当前进度:   7 % - 正在创建可视化网格
Memory: 1660/1817 1896/2116
时间：3。
物理内存: 1.66 GB
虚拟内存: 1.9 GB
结束时间：2026年8月9日 00:40:47。
----- N2 Stationary Flow | NUMERICAL_TEST_ONLY/解 4 (sol4) 中的“编译方程: 稳态” -------->
<---- N2 Stationary Flow | NUMERICAL_TEST_ONLY/解 4 (sol4) 中的“因变量 1” ------------
开始于 2026年8月9日 00:40:47。
           当前进度:   7 % - 因变量 1
求解时间：0 s。
物理内存: 1.66 GB
虚拟内存: 1.9 GB
结束时间：2026年8月9日 00:40:47。
----- N2 Stationary Flow | NUMERICAL_TEST_ONLY/解 4 (sol4) 中的“因变量 1” ----------->
<---- N2 Stationary Flow | NUMERICAL_TEST_ONLY/解 4 (sol4) 中的“稳态求解器 1” ----------
开始于 2026年8月9日 00:40:47。
非线性求解器
求解的自由度数：38733（加上 1 个内部自由度）。
-          当前进度:  12 % - 正在组装残差
Memory: 1640/1817 1887/2116
-          当前进度:  12 % - 组装矩阵
Memory: 1193/1817 1852/2116
找到非对称矩阵。
缩放因变量：
压力 (comp_n2_flow.p2): 0.51
速度场 (comp_n2_flow.u2): 1
常微分方程助变量 (comp_n2_flow.spf2.inlet_n2.Pinl): 0.19
已使用正交零空间函数。
-          当前进度:  12 % - 矩阵分解
Memory: 1099/1817 1874/2116
Iter      SolEst      ResEst     Damping    Stepsize #Res #Jac #Sol   LinErr   LinRes
-          当前进度:  12 % - 正在组装残差
Memory: 979/1817 2020/2116
   1          75          90   0.0100000          76    2    1    2    7e-12  3.7e-11
--         当前进度:  20 % - 组装稀疏模式
Memory: 941/1817 2041/2116
--         当前进度:  20 % - 组装矩阵
Memory: 979/1817 2055/2116
--         当前进度:  20 % - 矩阵分解
Memory: 855/1817 1947/2116
   2         6.6     4.1e+05   0.1000000         7.3    3    2    4    4e-12  2.8e-11
--         当前进度:  29 % - 组装稀疏模式
Memory: 959/1817 2067/2116
--         当前进度:  29 % - 组装矩阵
Memory: 962/1817 2069/2116
   3        0.22     1.7e+07   1.0000000        0.75    4    3    6  8.2e-12  1.2e-13
--------   当前进度:  81 % - 
Memory: 933/1817 2049/2116
--------   当前进度:  81 % - 组装矩阵
Memory: 953/1817 2069/2116
--------   当前进度:  81 % - 求解线性方程组
Memory: 957/1817 2083/2116
   4       0.024     2.7e+06   1.0000000        0.14    5    4    8  5.9e-12  2.8e-13
--------   当前进度:  86 % - 组装矩阵
Memory: 945/1817 2069/2116
   5      0.0024     5.4e+05   1.0000000       0.022    6    5   10  2.4e-12  3.7e-14
---------  当前进度:  96 % - 
Memory: 927/1817 2049/2116
---------  当前进度:  96 % - 组装矩阵
Memory: 946/1817 2069/2116
---------  当前进度:  96 % - 矩阵分解
Memory: 959/1817 2083/2116
   6      0.0043     1.3e+04   1.0000000       0.018    8    6   12  2.4e-11  4.8e-14
---------  当前进度:  96 % - 
Memory: 918/1817 2039/2116
---------  当前进度:  96 % - 组装矩阵
Memory: 947/1817 2069/2116
---------  当前进度:  96 % - 矩阵分解
Memory: 960/1817 2083/2116
   7       0.001     1.2e+04   1.0000000      0.0042    9    7   14  4.6e-12  1.8e-14
---------- 当前进度: 100 % - 组装矩阵
Memory: 948/1817 2069/2116
---------- 当前进度: 100 % - 正在组装残差
Memory: 929/1817 2049/2116
   8     0.00026     7.8e+02   1.0000000       0.001   11    8   16  5.7e-12  2.5e-14
---------- 当前进度: 100 % - 
Memory: 785/1817 1865/2116
求解时间：8 s。
物理内存: 1.66 GB
虚拟内存: 2.08 GB
结束时间：2026年8月9日 00:40:55。
----- N2 Stationary Flow | NUMERICAL_TEST_ONLY/解 4 (sol4) 中的“稳态求解器 1” --------->
---------- 当前进度: 100 % - 正在更新选择
Memory: 1334/1817 1889/2116
           当前进度:   0 % - 导入
Memory: 1364/1817 1890/2116
           当前进度:   0 % - 处理几何
Memory: 1366/1817 1890/2116
           当前进度:   0 % - 正在导入“STEP”
Memory: 1367/1817 1891/2116
Header : Author::Unknown
Header : Authorization::Unknown
Header : Description::STEP AP203
Header : File Name::block_currentCollector_flowField_v03.2.1_20210525_STEP-AP203.STEP
Header : Implementation Level::1
Header : Organization::Unknown
Header : Originating System::SolidWorks 2022
Header : Preprocessor Version::SwSTEP 2.0
Header : Schema::CONFIG_CONTROL_DESIGN
Header : Time Stamp::2023-09-28T11:10:23
Begin CAD File Read 'F:/LiNRR_COMSOL/worktrees/LiNRR_M10A0/cad/raw/M10A0_2/block_currentCollector_flowField_v03.2.1_20210525_STEP-AP203.STEP'
  
      Summary of STEP Entities
  
Entity Type                                                   Count
-----------                                                   ------
advanced_brep_shape_representation .......................:   1
advanced_face ............................................:   135
application_context ......................................:   2
application_protocol_definition ..........................:   2
applied_approval_assignment ..............................:   3
applied_date_and_time_assignment .........................:   2
applied_person_and_organization_assignment ...............:   5
applied_security_classification_assignment ...............:   1
approval .................................................:   3
approval_date_time .......................................:   3
approval_person_organization .............................:   3
approval_role ............................................:   3
approval_status ..........................................:   3
axis2_placement_3d .......................................:   296
calendar_date ............................................:   5
cartesian_point ..........................................:   753
circle ...................................................:   160
closed_shell .............................................:   1
conical_surface ..........................................:   6
coordinated_universal_time_offset ........................:   5
cylindrical_surface ......................................:   78
date_and_time ............................................:   5
date_time_role ...........................................:   2
direction ................................................:   804
edge_curve ...............................................:   372
edge_loop ................................................:   167
face_bound ...............................................:   32
face_outer_bound .........................................:   135
geometric_representation_context_and_global_uncertainty_a :   1
length_unit_and_si_unit ..................................:   1
line .....................................................:   212
local_time ...............................................:   5
manifold_solid_brep ......................................:   1
organization .............................................:   1
oriented_edge ............................................:   744
person ...................................................:   1
person_and_organization ..................................:   8
person_and_organization_role .............................:   5
plane ....................................................:   51
plane_angle_unit_and_si_unit .............................:   1
product ..................................................:   1
product_context ..........................................:   1
product_definition .......................................:   1
product_definition_context ...............................:   1
product_definition_formation_with_specified_source .......:   1
product_definition_shape .................................:   1
product_related_product_category .........................:   1
security_classification ..................................:   1
security_classification_level ............................:   1
shape_definition_representation ..........................:   1
si_unit_and_solid_angle_unit .............................:   1
uncertainty_measure_with_unit ............................:   1
vector ...................urve ...............................
-          当前进度:  10 % - 正在导入“STEP”
................:   372
edge_loop ................................................:   167
face_bound ...............................................:   32
face_outer_bound .........................................:   135
geometric_representation_context_and_global_uncertainty_a :   1
length_unit_and_si_unit ..................................:   1
line .....................................................:   212
local_time ...............................................:   5
manifold_solid_brep ......................................:   1
organization .............................................:   1
oriented_edge ............................................:   744
person ...................................................:   1
person_and_organization ..................................:   8
person_and_organization_role .............................:   5
plane ....................................................:   51
plane_angle_unit_and_si_unit .............................:   1
product ..................................................:   1
product_context ..........................................:   1
product_definition .......................................:   1
product_definition_context ...............................:   1
product_definition_formation_with_specified_source .......:   1
product_definition_shape .................................:   1
product_related_product_category .........................:   1
security_classification ..................................:   1
security_classification_level ............................:   1
shape_definition_representation ..........................:   1
si_unit_and_solid_angle_unit .............................:   1
uncertainty_measure_with_unit ............................:   1
vector ...................................................:   212
vertex_point .............................................:   245
                                                             -------
Total                                                         4487
-          当前进度:  16 % - 正在应用变换
Memory: 1378/1817 1891/2116
--         当前进度:  20 % - 旋转
Memory: 1379/1817 1891/2116
---        当前进度:  39 % - 移动
Memory: 1380/1817 1891/2116
-----      当前进度:  59 % - 长方体
------     当前进度:  61 % - 差集
Memory: 1381/1817 1891/2116
------     当前进度:  61 % - 执行布尔操作
Memory: 1385/1817 1893/2116
--------   当前进度:  80 % - 形成联合体
--------   当前进度:  80 % - 执行布尔操作
---------- 当前进度: 100 % - 正在更新选择
Memory: 1386/1817 1893/2116
---------- 当前进度: 100 % - 正在创建可视化网格
Memory: 1432/1817 1902/2116

/***************/
/*****错误********/
/***************/
运行 Java 类时出错。
未知实体。
 - 标记: spf_n2
未知实体。
 - 类: LiNRR_M10A2_SSC_Pipe_Wetting
总时间: 153 s.
