*******************************************
***COMSOL 6.4.0.293 progress output file***
*******************************************
Sun Aug 09 00:46:43 CST 2026
COMSOL Multiphysics 6.4 (开发版本: 293) 在批处理模式下启动
正在运行: F:\LiNRR_COMSOL\worktrees\LiNRR_M10A2\src\java\LiNRR_M10A2_SSC_Pipe_Wetting.class
---------- 当前进度: 100 % - 正在分析几何
Memory: 738/741 774/774
---------- 当前进度: 100 % - 正在更新选择
Memory: 739/745 773/780
           当前进度:   0 % - Cathode 316L 500-mesh SSC | homogenized physical domain
Memory: 733/745 767/780
           当前进度:   7 % - Anode PtAu/316L 500-mesh SSC | homogenized physical domain
Memory: 662/745 694/780
-          当前进度:  14 % - 工作平面
-          当前进度:  14 % - 正方形
-          当前进度:  15 % - 正方形 2
-          当前进度:  17 % - 差集
--         当前进度:  28 % - 解析域和空区域
Memory: 661/745 691/780
---        当前进度:  31 % - 形成联合体
Memory: 661/745 693/780
---        当前进度:  31 % - 执行布尔操作
Memory: 666/745 696/780
---------- 当前进度: 100 % - 正在更新选择
---------- 当前进度: 100 % - 正在创建可视化网格
Memory: 700/745 729/780
           当前进度:   2 % - 生成方程
Memory: 725/745 753/780
           当前进度:   3 % - 生成方程
Memory: 839/860 872/894
<---- Liquid Stationary Flow | NUMERICAL_TEST_ONLY/解 3 (sol3) 中的“编译方程: 稳态” -----
开始于 2026年8月9日 00:47:23。
几何形函数: 线性拉格朗日单元
几何形函数: 线性拉格朗日单元
在 AMD64 Family 25 Model 80 Stepping 0, AuthenticAMD 上运行。
在以下位置使用 1 个插槽： Pokemon 上（共 8 个内核）。
可用内存：15.77 GB。
           当前进度:   7 % - 编译方程: 稳态
Memory: 984/988 1010/1018
           当前进度:   7 % - 正在创建可视化网格
Memory: 1024/1030 1048/1056
时间：5。
物理内存: 1.03 GB
虚拟内存: 1.06 GB
结束时间：2026年8月9日 00:47:28。
----- Liquid Stationary Flow | NUMERICAL_TEST_ONLY/解 3 (sol3) 中的“编译方程: 稳态” ---->
<---- Liquid Stationary Flow | NUMERICAL_TEST_ONLY/解 3 (sol3) 中的“因变量 1” --------
开始于 2026年8月9日 00:47:28。
           当前进度:   7 % - 因变量 1
Memory: 1032/1032 1067/1067
求解时间：0 s。
物理内存: 1.03 GB
虚拟内存: 1.07 GB
结束时间：2026年8月9日 00:47:28。
----- Liquid Stationary Flow | NUMERICAL_TEST_ONLY/解 3 (sol3) 中的“因变量 1” ------->
<---- Liquid Stationary Flow | NUMERICAL_TEST_ONLY/解 3 (sol3) 中的“稳态求解器 1” ------
开始于 2026年8月9日 00:47:28。
-          当前进度:  12 % - 稳态求解器 1
Memory: 1034/1036 1065/1070
非线性求解器
求解的自由度数：15665（加上 1 个内部自由度）。
-          当前进度:  12 % - 组装稀疏模式
Memory: 1074/1074 1124/1124
找到非对称矩阵。
缩放因变量：
压力 (comp_electrolyte_flow.p): 0.031
速度场 (comp_electrolyte_flow.u): 1
常微分方程助变量 (comp_electrolyte_flow.spf.inlet_liq.Pinl): 0.46
已使用正交零空间函数。
-          当前进度:  12 % - 矩阵分解
Memory: 1116/1121 1162/1171
Iter      SolEst      ResEst     Damping    Stepsize #Res #Jac #Sol   LinErr   LinRes
   1          11     4.5e+03   0.0100000          11    2    1    2  1.7e-11  1.7e-10
--         当前进度:  20 % - 组装矩阵
Memory: 1193/1193 1239/1239
   2         6.4     7.1e+05   0.1000000         7.1    3    2    4  2.7e-12  4.6e-11
--         当前进度:  29 % - 
Memory: 1203/1210 1242/1249
--         当前进度:  29 % - 正在组装残差
Memory: 1210/1224 1240/1262
   3       0.045     4.8e+07   1.0000000        0.73    4    3    6  2.6e-11  1.3e-13
   4      0.0014     5.8e+06   1.0000000       0.035    5    4    8  7.2e-12  1.1e-13
---------  当前进度:  99 % - 
Memory: 1215/1224 1240/1262
   5      0.0019       5e+04   1.0000000       0.015    7    5   10  6.8e-12  5.3e-14
---------  当前进度:  99 % - 组装矩阵
Memory: 1218/1224 1268/1272
   6     0.00013     2.7e+03   1.0000000      0.0019    9    6   12  6.8e-12  2.5e-14
---------- 当前进度: 100 % - 
Memory: 1191/1224 1230/1272
求解时间：3 s。
物理内存: 1.22 GB
虚拟内存: 1.27 GB
结束时间：2026年8月9日 00:47:31。
----- Liquid Stationary Flow | NUMERICAL_TEST_ONLY/解 3 (sol3) 中的“稳态求解器 1” ----->
           当前进度:   2 % - 生成方程
Memory: 1201/1224 1239/1272
           当前进度:   3 % - 生成方程
Memory: 1351/1398 1394/1486
<---- Liquid Stationary Flow | NUMERICAL_TEST_ONLY/解 3 (sol3) 中的“编译方程: 稳态” -----
开始于 2026年8月9日 00:47:35。
几何形函数: 线性拉格朗日单元
几何形函数: 线性拉格朗日单元
在 AMD64 Family 25 Model 80 Stepping 0, AuthenticAMD 上运行。
在以下位置使用 1 个插槽： Pokemon 上（共 8 个内核）。
可用内存：15.77 GB。
           当前进度:   4 % - 编译方程: 稳态
Memory: 1438/1441 1480/1486
           当前进度:   7 % - 编译方程: 稳态
           当前进度:   7 % - 正在创建可视化网格
Memory: 1444/1452 1485/1495
时间：4。
物理内存: 1.45 GB
虚拟内存: 1.5 GB
结束时间：2026年8月9日 00:47:39。
----- Liquid Stationary Flow | NUMERICAL_TEST_ONLY/解 3 (sol3) 中的“编译方程: 稳态” ---->
<---- Liquid Stationary Flow | NUMERICAL_TEST_ONLY/解 3 (sol3) 中的“因变量 1” --------
开始于 2026年8月9日 00:47:39。
           当前进度:   7 % - 因变量 1
Memory: 1440/1452 1481/1495
求解时间：0 s。
物理内存: 1.44 GB
虚拟内存: 1.49 GB
结束时间：2026年8月9日 00:47:39。
----- Liquid Stationary Flow | NUMERICAL_TEST_ONLY/解 3 (sol3) 中的“因变量 1” ------->
<---- Liquid Stationary Flow | NUMERICAL_TEST_ONLY/解 3 (sol3) 中的“稳态求解器 1” ------
开始于 2026年8月9日 00:47:39。
非线性求解器
求解的自由度数：15665（加上 1 个内部自由度）。
-          当前进度:  12 % - 组装矩阵
Memory: 1401/1452 1426/1523
找到非对称矩阵。
缩放因变量：
压力 (comp_electrolyte_flow.p): 0.031
速度场 (comp_electrolyte_flow.u): 1
常微分方程助变量 (comp_electrolyte_flow.spf.inlet_liq.Pinl): 0.46
已使用正交零空间函数。
Iter      SolEst      ResEst     Damping    Stepsize #Res #Jac #Sol   LinErr   LinRes
   1          20       9e+03   0.0100000          21    2    1    2  5.6e-12  1.7e-10
--         当前进度:  20 % - 组装稀疏模式
Memory: 1437/1452 1464/1523
--         当前进度:  20 % - 矩阵分解
Memory: 1483/1499 1511/1527
   2         6.5     7.1e+05   0.1000000         7.2    3    2    4  3.4e-11  2.9e-11
--         当前进度:  29 % - 组装矩阵
Memory: 1498/1519 1526/1549
   3        0.12     3.7e+07   1.0000000        0.73    4    3    6  2.6e-11    3e-13
--------   当前进度:  84 % - 组装矩阵
Memory: 1501/1519 1546/1554
   4      0.0016     1.2e+07   1.0000000       0.075    5    4    8  1.1e-11  3.6e-14
---------  当前进度:  98 % - 组装矩阵
   5       0.001     1.3e+06   1.0000000      0.0013    6    5   10  1.4e-11  7.1e-14
---------- 当前进度: 100 % - 组装矩阵
   6      0.0015     3.5e+04   1.0000000        0.01    8    6   12  6.4e-12  3.4e-14
   7      0.0002     3.1e+03   1.0000000      0.0015   10    7   14  3.1e-11  7.3e-14
---------- 当前进度: 100 % - 
Memory: 1477/1519 1503/1554
求解时间：3 s。
物理内存: 1.52 GB
虚拟内存: 1.55 GB
结束时间：2026年8月9日 00:47:42。
----- Liquid Stationary Flow | NUMERICAL_TEST_ONLY/解 3 (sol3) 中的“稳态求解器 1” ----->
           当前进度:   2 % - 生成方程
Memory: 1476/1519 1501/1554
           当前进度:   3 % - 生成方程
Memory: 1477/1519 1502/1554
<---- Liquid Stationary Flow | NUMERICAL_TEST_ONLY/解 3 (sol3) 中的“编译方程: 稳态” -----
开始于 2026年8月9日 00:47:46。
几何形函数: 线性拉格朗日单元
几何形函数: 线性拉格朗日单元
在 AMD64 Family 25 Model 80 Stepping 0, AuthenticAMD 上运行。
在以下位置使用 1 个插槽： Pokemon 上（共 8 个内核）。
可用内存：15.77 GB。
           当前进度:   7 % - 编译方程: 稳态
Memory: 1479/1519 1505/1554
           当前进度:   7 % - 正在创建可视化网格
Memory: 1488/1519 1514/1554
时间：3。
物理内存: 1.49 GB
虚拟内存: 1.51 GB
结束时间：2026年8月9日 00:47:49。
----- Liquid Stationary Flow | NUMERICAL_TEST_ONLY/解 3 (sol3) 中的“编译方程: 稳态” ---->
<---- Liquid Stationary Flow | NUMERICAL_TEST_ONLY/解 3 (sol3) 中的“因变量 1” --------
开始于 2026年8月9日 00:47:49。
           当前进度:   7 % - 因变量 1
Memory: 1426/1519 1451/1554
求解时间：0 s。
物理内存: 1.47 GB
虚拟内存: 1.49 GB
结束时间：2026年8月9日 00:47:49。
----- Liquid Stationary Flow | NUMERICAL_TEST_ONLY/解 3 (sol3) 中的“因变量 1” ------->
<---- Liquid Stationary Flow | NUMERICAL_TEST_ONLY/解 3 (sol3) 中的“稳态求解器 1” ------
开始于 2026年8月9日 00:47:49。
非线性求解器
求解的自由度数：15665（加上 1 个内部自由度）。
-          当前进度:  12 % - 组装矩阵
Memory: 1430/1519 1455/1554
找到非对称矩阵。
缩放因变量：
压力 (comp_electrolyte_flow.p): 0.031
速度场 (comp_electrolyte_flow.u): 1
常微分方程助变量 (comp_electrolyte_flow.spf.inlet_liq.Pinl): 0.46
已使用正交零空间函数。
Iter      SolEst      ResEst     Damping    Stepsize #Res #Jac #Sol   LinErr   LinRes
   1          36     1.8e+04   0.0100000          36    2    1    2  1.8e-11  1.6e-10
--         当前进度:  20 % - 
Memory: 1465/1519 1491/1554
--         当前进度:  20 % - 组装矩阵
Memory: 1499/1519 1544/1554
   2         6.6     6.8e+05   0.1000000         7.3    3    2    4  1.3e-11  2.1e-11
--         当前进度:  29 % - 组装稀疏模式
Memory: 1511/1519 1545/1554
--         当前进度:  29 % - 正在组装残差
Memory: 1515/1536 1549/1572
   3        0.25     2.5e+07   1.0000000        0.73    4    3    6  5.4e-12  4.4e-13
   4      0.0041     1.6e+07   1.0000000        0.14    5    4    8    5e-12  3.5e-14
---------  当前进度:  95 % - 
Memory: 1516/1536 1549/1572
---------  当前进度:  95 % - 求解线性方程组
Memory: 1518/1536 1545/1572
   5      0.0041     3.7e+06   1.0000000      0.0041    6    5   10  1.8e-11  1.2e-13
---------  当前进度:  95 % - 正在组装残差
   6       0.016     1.7e+05   1.0000000        0.05    8    6   12  1.6e-11  8.1e-14
---------  当前进度:  95 % - 矩阵分解
Memory: 1521/1536 1548/1572
   7      0.0037     1.3e+05   1.0000000       0.013    9    7   14  9.3e-12  9.4e-14
---------  当前进度:  95 % - 正在组装残差
Memory: 1519/1536 1545/1572
   8       0.001     2.9e+04   1.0000000      0.0038   10    8   16  5.3e-12  1.7e-13
---------- 当前进度: 100 % - 正在组装残差
Memory: 1522/1536 1548/1572
   9     0.00031     2.9e+03   1.0000000       0.001   12    9   18  5.3e-12  2.6e-14
---------- 当前进度: 100 % - 
Memory: 1493/1536 1533/1577
求解时间：3 s。
物理内存: 1.54 GB
虚拟内存: 1.58 GB
结束时间：2026年8月9日 00:47:52。
----- Liquid Stationary Flow | NUMERICAL_TEST_ONLY/解 3 (sol3) 中的“稳态求解器 1” ----->
           当前进度:   2 % - 生成方程
Memory: 1464/1536 1504/1577
           当前进度:   3 % - 生成方程
Memory: 1466/1536 1505/1577
<---- Liquid Stationary Flow | NUMERICAL_TEST_ONLY/解 3 (sol3) 中的“编译方程: 稳态” -----
开始于 2026年8月9日 00:47:56。
几何形函数: 线性拉格朗日单元
几何形函数: 线性拉格朗日单元
在 AMD64 Family 25 Model 80 Stepping 0, AuthenticAMD 上运行。
在以下位置使用 1 个插槽： Pokemon 上（共 8 个内核）。
可用内存：15.77 GB。
           当前进度:   7 % - 编译方程: 稳态
Memory: 1442/1536 1481/1577
           当前进度:   7 % - 正在创建可视化网格
Memory: 1443/1536 1482/1577
时间：3。
物理内存: 1.48 GB
虚拟内存: 1.52 GB
结束时间：2026年8月9日 00:47:59。
----- Liquid Stationary Flow | NUMERICAL_TEST_ONLY/解 3 (sol3) 中的“编译方程: 稳态” ---->
<---- Liquid Stationary Flow | NUMERICAL_TEST_ONLY/解 3 (sol3) 中的“因变量 1” --------
开始于 2026年8月9日 00:47:59。
           当前进度:   7 % - 因变量 1
Memory: 1444/1536 1483/1577
求解时间：0 s。
物理内存: 1.44 GB
虚拟内存: 1.48 GB
结束时间：2026年8月9日 00:47:59。
----- Liquid Stationary Flow | NUMERICAL_TEST_ONLY/解 3 (sol3) 中的“因变量 1” ------->
<---- Liquid Stationary Flow | NUMERICAL_TEST_ONLY/解 3 (sol3) 中的“稳态求解器 1” ------
开始于 2026年8月9日 00:47:59。
非线性求解器
求解的自由度数：15665（加上 1 个内部自由度）。
-          当前进度:  12 % - 组装矩阵
Memory: 1440/1536 1479/1577
找到非对称矩阵。
缩放因变量：
压力 (comp_electrolyte_flow.p): 0.031
速度场 (comp_electrolyte_flow.u): 1
常微分方程助变量 (comp_electrolyte_flow.spf.inlet_liq.Pinl): 0.46
已使用正交零空间函数。
Iter      SolEst      ResEst     Damping    Stepsize #Res #Jac #Sol   LinErr   LinRes
   1          66     4.5e+04   0.0100000          66    2    1    2  2.2e-11  1.6e-10
--         当前进度:  20 % - 组装稀疏模式
Memory: 1473/1536 1519/1577
--         当前进度:  20 % - 矩阵分解
Memory: 1516/1536 1562/1577
   2         6.7       6e+05   0.1000000         7.4    3    2    4  8.1e-13  1.5e-11
--         当前进度:  29 % - 组装矩阵
Memory: 1516/1537 1561/1582
   3        0.48     1.2e+07   1.0000000        0.73    4    3    6  4.1e-12  7.1e-13
-------    当前进度:  76 % - 矩阵分解
Memory: 1519/1537 1560/1582
   4       0.012     1.2e+07   1.0000000        0.26    5    4    8  5.4e-12  4.6e-14
--------   当前进度:  84 % - 正在组装残差
Memory: 1517/1537 1557/1582
   5      0.0098     9.4e+06   0.3221231      0.0098    7    5   11  2.3e-11  2.5e-14
   6       0.011     9.4e+06   0.7500000      0.0094   19    6   24    2e-11  8.3e-14
--------   当前进度:  84 % - 组装矩阵
Memory: 1522/1537 1554/1582
   7      0.0049     9.6e+05   1.0000000        0.01   20    7   26  2.4e-12    3e-13
--------   当前进度:  89 % - 
Memory: 1525/1537 1557/1582
   8      0.0016     2.8e+05   1.0000000      0.0048   21    8   28  2.1e-11  3.5e-13
---------  当前进度:  97 % - 正在组装残差
Memory: 1523/1537 1554/1582
   9      0.0026     3.7e+04   1.0000000      0.0063   23    9   30  1.6e-11    6e-13
  10       0.001     3.8e+04   1.0000000      0.0026   24   10   32  2.2e-11  2.5e-13
---------- 当前进度: 100 % - 
  11     0.00045     5.3e+03   1.0000000       0.001   26   11   34  4.3e-11  2.1e-13
求解时间：4 s。
物理内存: 1.54 GB
虚拟内存: 1.58 GB
结束时间：2026年8月9日 00:48:03。
----- Liquid Stationary Flow | NUMERICAL_TEST_ONLY/解 3 (sol3) 中的“稳态求解器 1” ----->
           当前进度:   2 % - 生成方程
Memory: 1495/1537 1518/1582
           当前进度:   3 % - 生成方程
Memory: 1497/1537 1519/1582
<---- Liquid Stationary Flow | NUMERICAL_TEST_ONLY/解 3 (sol3) 中的“编译方程: 稳态” -----
开始于 2026年8月9日 00:48:06。
几何形函数: 线性拉格朗日单元
几何形函数: 线性拉格朗日单元
在 AMD64 Family 25 Model 80 Stepping 0, AuthenticAMD 上运行。
在以下位置使用 1 个插槽： Pokemon 上（共 8 个内核）。
可用内存：15.77 GB。
           当前进度:   7 % - 编译方程: 稳态
Memory: 1469/1537 1491/1582
           当前进度:   7 % - 正在创建可视化网格
Memory: 1470/1537 1493/1582
时间：3。
物理内存: 1.5 GB
虚拟内存: 1.52 GB
结束时间：2026年8月9日 00:48:10。
----- Liquid Stationary Flow | NUMERICAL_TEST_ONLY/解 3 (sol3) 中的“编译方程: 稳态” ---->
<---- Liquid Stationary Flow | NUMERICAL_TEST_ONLY/解 3 (sol3) 中的“因变量 1” --------
开始于 2026年8月9日 00:48:10。
           当前进度:   7 % - 因变量 1
Memory: 1459/1537 1481/1582
求解时间：0 s。
物理内存: 1.46 GB
虚拟内存: 1.48 GB
结束时间：2026年8月9日 00:48:10。
----- Liquid Stationary Flow | NUMERICAL_TEST_ONLY/解 3 (sol3) 中的“因变量 1” ------->
<---- Liquid Stationary Flow | NUMERICAL_TEST_ONLY/解 3 (sol3) 中的“稳态求解器 1” ------
开始于 2026年8月9日 00:48:10。
非线性求解器
求解的自由度数：15665（加上 1 个内部自由度）。
-          当前进度:  12 % - 组装矩阵
Memory: 1455/1537 1477/1582
找到非对称矩阵。
缩放因变量：
压力 (comp_electrolyte_flow.p): 0.031
速度场 (comp_electrolyte_flow.u): 1
常微分方程助变量 (comp_electrolyte_flow.spf.inlet_liq.Pinl): 0.46
已使用正交零空间函数。
Iter      SolEst      ResEst     Damping    Stepsize #Res #Jac #Sol   LinErr   LinRes
   1          20       9e+03   0.0100000          21    2    1    2  2.8e-11  1.8e-10
--         当前进度:  20 % - 
Memory: 1488/1537 1520/1582
--         当前进度:  20 % - 组装矩阵
Memory: 1530/1537 1564/1582
   2         6.5     7.1e+05   0.1000000         7.2    3    2    4  1.8e-11  2.6e-11
--         当前进度:  29 % - 组装稀疏模式
Memory: 1542/1545 1575/1582
--         当前进度:  29 % - 正在组装残差
Memory: 1548/1566 1580/1600
   3        0.12     3.7e+07   1.0000000        0.73    4    3    6  9.8e-12  2.7e-13
--------   当前进度:  84 % - 求解线性方程组
Memory: 1545/1566 1576/1600
   4      0.0016     1.2e+07   1.0000000       0.075    5    4    8  2.4e-11  3.7e-14
   5       0.001     1.3e+06   1.0000000      0.0013    6    5   10  2.9e-11  5.9e-14
---------- 当前进度: 100 % - 组装矩阵
   6      0.0015     3.5e+04   1.0000000        0.01    8    6   12  3.1e-12  3.5e-14
   7      0.0002     3.1e+03   1.0000000      0.0015   10    7   14  8.8e-12    7e-14
---------- 当前进度: 100 % - 
Memory: 1550/1566 1576/1600
求解时间：3 s。
物理内存: 1.57 GB
虚拟内存: 1.6 GB
结束时间：2026年8月9日 00:48:13。
----- Liquid Stationary Flow | NUMERICAL_TEST_ONLY/解 3 (sol3) 中的“稳态求解器 1” ----->
           当前进度:   2 % - 生成方程
Memory: 1523/1566 1542/1600
           当前进度:   3 % - 生成方程
Memory: 1572/1573 1591/1600
<---- N2 Stationary Flow | NUMERICAL_TEST_ONLY/解 4 (sol4) 中的“编译方程: 稳态” ---------
开始于 2026年8月9日 00:48:16。
几何形函数: 线性拉格朗日单元
几何形函数: 线性拉格朗日单元
在 AMD64 Family 25 Model 80 Stepping 0, AuthenticAMD 上运行。
在以下位置使用 1 个插槽： Pokemon 上（共 8 个内核）。
可用内存：15.77 GB。
           当前进度:   7 % - 编译方程: 稳态
Memory: 1452/1576 1470/1630
           当前进度:   7 % - 正在创建可视化网格
Memory: 1454/1576 1471/1630
时间：4。
物理内存: 1.52 GB
虚拟内存: 1.55 GB
结束时间：2026年8月9日 00:48:19。
----- N2 Stationary Flow | NUMERICAL_TEST_ONLY/解 4 (sol4) 中的“编译方程: 稳态” -------->
<---- N2 Stationary Flow | NUMERICAL_TEST_ONLY/解 4 (sol4) 中的“因变量 1” ------------
开始于 2026年8月9日 00:48:19。
           当前进度:   7 % - 因变量 1
Memory: 1521/1576 1552/1630
求解时间：0 s。
物理内存: 1.52 GB
虚拟内存: 1.55 GB
结束时间：2026年8月9日 00:48:19。
----- N2 Stationary Flow | NUMERICAL_TEST_ONLY/解 4 (sol4) 中的“因变量 1” ----------->
<---- N2 Stationary Flow | NUMERICAL_TEST_ONLY/解 4 (sol4) 中的“稳态求解器 1” ----------
开始于 2026年8月9日 00:48:19。
非线性求解器
求解的自由度数：38733（加上 1 个内部自由度）。
-          当前进度:  12 % - 
Memory: 1602/1602 1634/1634
-          当前进度:  12 % - 组装矩阵
Memory: 1659/1661 1693/1694
找到非对称矩阵。
缩放因变量：
压力 (comp_n2_flow.p2): 0.51
速度场 (comp_n2_flow.u2): 1
常微分方程助变量 (comp_n2_flow.spf2.inlet_n2.Pinl): 0.19
已使用正交零空间函数。
-          当前进度:  12 % - 矩阵分解
Memory: 1728/1729 1784/1784
Iter      SolEst      ResEst     Damping    Stepsize #Res #Jac #Sol   LinErr   LinRes
-          当前进度:  12 % - 正在组装残差
Memory: 1818/1830 1893/1907
   1          64          19   0.0100000          65    2    1    2  8.6e-12  3.7e-11
--         当前进度:  20 % - 组装稀疏模式
Memory: 1844/1892 1938/1989
--         当前进度:  20 % - 组装矩阵
Memory: 1923/1923 2020/2020
--         当前进度:  20 % - 矩阵分解
Memory: 1864/1975 1941/2074
--         当前进度:  20 % - 求解线性方程组
Memory: 1951/1975 2044/2074
   2         6.5     4.2e+05   0.1000000         7.2    3    2    4  5.5e-12  3.9e-11
--         当前进度:  29 % - 组装矩阵
Memory: 1955/1977 2055/2074
--         当前进度:  29 % - 正在组装残差
Memory: 1947/1978 2047/2079
   3       0.023     3.1e+07   1.0000000        0.73    4    3    6  6.9e-13  7.5e-14
---------  当前进度:  91 % - 组装矩阵
Memory: 1959/1978 2051/2079
---------  当前进度:  91 % - 正在组装残差
Memory: 1957/1989 2049/2081
   4      0.0073     6.1e+04   1.0000000        0.13    6    4    8  8.4e-12  5.1e-14
---------  当前进度:  91 % - 组装矩阵
Memory: 1980/1989 2061/2081
---------  当前进度:  91 % - 矩阵分解
Memory: 1983/2003 2065/2085
---------  当前进度:  91 % - 正在组装残差
Memory: 1954/2003 2027/2085
   5     0.00052     1.8e+03   1.0000000      0.0073    8    5   10  3.6e-11  2.1e-14
---------- 当前进度: 100 % - 
Memory: 1817/2003 1853/2085
求解时间：4 s。
物理内存: 2 GB
虚拟内存: 2.09 GB
结束时间：2026年8月9日 00:48:24。
----- N2 Stationary Flow | NUMERICAL_TEST_ONLY/解 4 (sol4) 中的“稳态求解器 1” --------->
           当前进度:   2 % - 生成方程
Memory: 1761/2003 1785/2085
           当前进度:   3 % - 生成方程
Memory: 1762/2003 1785/2085
<---- N2 Stationary Flow | NUMERICAL_TEST_ONLY/解 4 (sol4) 中的“编译方程: 稳态” ---------
开始于 2026年8月9日 00:48:27。
几何形函数: 线性拉格朗日单元
几何形函数: 线性拉格朗日单元
在 AMD64 Family 25 Model 80 Stepping 0, AuthenticAMD 上运行。
在以下位置使用 1 个插槽： Pokemon 上（共 8 个内核）。
可用内存：15.77 GB。
           当前进度:   7 % - 编译方程: 稳态
Memory: 1731/2003 1753/2085
           当前进度:   7 % - 正在创建可视化网格
时间：3。
物理内存: 1.77 GB
虚拟内存: 1.79 GB
结束时间：2026年8月9日 00:48:30。
----- N2 Stationary Flow | NUMERICAL_TEST_ONLY/解 4 (sol4) 中的“编译方程: 稳态” -------->
<---- N2 Stationary Flow | NUMERICAL_TEST_ONLY/解 4 (sol4) 中的“因变量 1” ------------
开始于 2026年8月9日 00:48:30。
           当前进度:   7 % - 因变量 1
求解时间：0 s。
物理内存: 1.73 GB
虚拟内存: 1.75 GB
结束时间：2026年8月9日 00:48:30。
----- N2 Stationary Flow | NUMERICAL_TEST_ONLY/解 4 (sol4) 中的“因变量 1” ----------->
<---- N2 Stationary Flow | NUMERICAL_TEST_ONLY/解 4 (sol4) 中的“稳态求解器 1” ----------
开始于 2026年8月9日 00:48:31。
非线性求解器
求解的自由度数：38733（加上 1 个内部自由度）。
-          当前进度:  12 % - 组装稀疏模式
Memory: 1727/2003 1749/2085
-          当前进度:  12 % - 组装矩阵
Memory: 1756/2003 1779/2085
找到非对称矩阵。
缩放因变量：
压力 (comp_n2_flow.p2): 0.51
速度场 (comp_n2_flow.u2): 1
常微分方程助变量 (comp_n2_flow.spf2.inlet_n2.Pinl): 0.19
已使用正交零空间函数。
-          当前进度:  12 % - 矩阵分解
Memory: 1826/2003 1866/2085
Iter      SolEst      ResEst     Damping    Stepsize #Res #Jac #Sol   LinErr   LinRes
-          当前进度:  12 % - 正在组装残差
Memory: 1902/2003 1962/2085
   1          73          36   0.0100000          73    2    1    2  8.5e-12  3.8e-11
--         当前进度:  20 % - 组装矩阵
Memory: 1921/2003 1982/2085
--         当前进度:  20 % - 矩阵分解
Memory: 1867/2003 1945/2085
   2         6.5     4.2e+05   0.1000000         7.2    3    2    4  1.6e-12  3.7e-11
--         当前进度:  29 % - 组装稀疏模式
Memory: 1941/2003 2005/2085
--         当前进度:  29 % - 组装矩阵
Memory: 1925/2003 1987/2085
--         当前进度:  29 % - 约束处理
Memory: 1955/2003 2021/2085
   3       0.066     2.7e+07   1.0000000        0.74    4    3    6  2.7e-11    1e-13
--------   当前进度:  87 % - 组装矩阵
Memory: 1926/2003 1987/2085
--------   当前进度:  87 % - 求解线性方程组
Memory: 1925/2003 1988/2085
   4      0.0043     1.7e+06   1.0000000       0.052    5    4    8  1.1e-11  1.2e-13
---------  当前进度:  93 % - 组装矩阵
Memory: 1945/2003 2008/2085
---------  当前进度:  93 % - 正在组装残差
Memory: 1925/2003 1988/2085
   5       0.003     1.7e+04   1.0000000       0.024    7    5   10  2.7e-12  2.5e-14
---------  当前进度:  93 % - 组装矩阵
Memory: 1945/2003 2008/2085
---------  当前进度:  93 % - 矩阵分解
Memory: 1958/2003 2022/2085
   6      0.0004     1.4e+03   1.0000000       0.003    9    6   12  6.7e-12  2.8e-14
---------- 当前进度: 100 % - 
Memory: 1926/2003 1988/2085
求解时间：5 s。
物理内存: 1.96 GB
虚拟内存: 2.02 GB
结束时间：2026年8月9日 00:48:36。
----- N2 Stationary Flow | NUMERICAL_TEST_ONLY/解 4 (sol4) 中的“稳态求解器 1” --------->
           当前进度:   2 % - 生成方程
Memory: 1776/2003 1801/2085
           当前进度:   3 % - 生成方程
<---- N2 Stationary Flow | NUMERICAL_TEST_ONLY/解 4 (sol4) 中的“编译方程: 稳态” ---------
开始于 2026年8月9日 00:48:39。
几何形函数: 线性拉格朗日单元
几何形函数: 线性拉格朗日单元
在 AMD64 Family 25 Model 80 Stepping 0, AuthenticAMD 上运行。
在以下位置使用 1 个插槽： Pokemon 上（共 8 个内核）。
可用内存：15.77 GB。
           当前进度:   5 % - 编译方程: 稳态
Memory: 1778/2003 1803/2085
           当前进度:   7 % - 编译方程: 稳态
           当前进度:   7 % - 正在创建可视化网格
时间：3。
物理内存: 1.78 GB
虚拟内存: 1.8 GB
结束时间：2026年8月9日 00:48:42。
----- N2 Stationary Flow | NUMERICAL_TEST_ONLY/解 4 (sol4) 中的“编译方程: 稳态” -------->
<---- N2 Stationary Flow | NUMERICAL_TEST_ONLY/解 4 (sol4) 中的“因变量 1” ------------
开始于 2026年8月9日 00:48:42。
           当前进度:   7 % - 因变量 1
求解时间：0 s。
物理内存: 1.78 GB
虚拟内存: 1.8 GB
结束时间：2026年8月9日 00:48:42。
----- N2 Stationary Flow | NUMERICAL_TEST_ONLY/解 4 (sol4) 中的“因变量 1” ----------->
<---- N2 Stationary Flow | NUMERICAL_TEST_ONLY/解 4 (sol4) 中的“稳态求解器 1” ----------
开始于 2026年8月9日 00:48:43。
非线性求解器
求解的自由度数：38733（加上 1 个内部自由度）。
-          当前进度:  12 % - 正在组装残差
Memory: 1748/2003 1770/2085
-          当前进度:  12 % - 组装矩阵
Memory: 1765/2003 1788/2085
找到非对称矩阵。
缩放因变量：
压力 (comp_n2_flow.p2): 0.51
速度场 (comp_n2_flow.u2): 1
常微分方程助变量 (comp_n2_flow.spf2.inlet_n2.Pinl): 0.19
已使用正交零空间函数。
-          当前进度:  12 % - 矩阵分解
Memory: 1803/2003 1826/2085
Iter      SolEst      ResEst     Damping    Stepsize #Res #Jac #Sol   LinErr   LinRes
   1          74          63   0.0100000          75    2    1    2  8.7e-12  3.7e-11
--         当前进度:  20 % - 组装稀疏模式
Memory: 1914/2003 1973/2085
--         当前进度:  20 % - 组装矩阵
Memory: 1924/2003 1983/2085
--         当前进度:  20 % - 矩阵分解
Memory: 1843/2003 1868/2085
   2         6.5     4.2e+05   0.1000000         7.3    3    2    4  1.5e-11  3.2e-11
--         当前进度:  29 % - 组装稀疏模式
Memory: 1940/2003 2002/2085
--         当前进度:  29 % - 组装矩阵
Memory: 1925/2003 1986/2085
--         当前进度:  29 % - 求解线性方程组
Memory: 1940/2003 2003/2085
   3        0.14     2.1e+07   1.0000000        0.75    4    3    6  2.9e-13  1.2e-13
--------   当前进度:  83 % - 组装矩阵
Memory: 1926/2003 1986/2085
--------   当前进度:  83 % - 
Memory: 1945/2003 2007/2085
   4       0.014     2.6e+06   1.0000000         0.1    5    4    8  5.2e-11  2.3e-13
--------   当前进度:  88 % - 组装矩阵
Memory: 1946/2003 2009/2085
   5      0.0013     3.8e+05   1.0000000       0.013    6    5   10  5.6e-12  4.6e-14
---------  当前进度:  99 % - 
Memory: 1944/2003 2009/2085
---------  当前进度:  99 % - 组装矩阵
Memory: 1946/2003 2009/2085
---------  当前进度:  99 % - 正在组装残差
Memory: 1927/2003 1989/2085
   6      0.0023     7.6e+03   1.0000000       0.012    8    6   12  3.2e-11    3e-14
---------  当前进度:  99 % - 组装矩阵
Memory: 1946/2003 2009/2085
---------  当前进度:  99 % - 正在组装残差
Memory: 1927/2003 1989/2085
   7     0.00048     1.3e+03   1.0000000      0.0023   10    7   14    8e-12  1.4e-14
---------- 当前进度: 100 % - 
Memory: 1790/2003 1815/2085
求解时间：6 s。
物理内存: 1.95 GB
虚拟内存: 2.01 GB
结束时间：2026年8月9日 00:48:49。
----- N2 Stationary Flow | NUMERICAL_TEST_ONLY/解 4 (sol4) 中的“稳态求解器 1” --------->
           当前进度:   2 % - 生成方程
Memory: 1781/2003 1806/2085
           当前进度:   3 % - 生成方程
Memory: 1839/2003 1866/2085
<---- N2 Stationary Flow | NUMERICAL_TEST_ONLY/解 4 (sol4) 中的“编译方程: 稳态” ---------
开始于 2026年8月9日 00:48:52。
几何形函数: 线性拉格朗日单元
几何形函数: 线性拉格朗日单元
在 AMD64 Family 25 Model 80 Stepping 0, AuthenticAMD 上运行。
在以下位置使用 1 个插槽： Pokemon 上（共 8 个内核）。
可用内存：15.77 GB。
           当前进度:   5 % - 编译方程: 稳态
Memory: 1833/2003 1858/2085
           当前进度:   7 % - 编译方程: 稳态
           当前进度:   7 % - 正在创建可视化网格
Memory: 1802/2003 1827/2085
时间：3。
物理内存: 1.83 GB
虚拟内存: 1.86 GB
结束时间：2026年8月9日 00:48:55。
----- N2 Stationary Flow | NUMERICAL_TEST_ONLY/解 4 (sol4) 中的“编译方程: 稳态” -------->
<---- N2 Stationary Flow | NUMERICAL_TEST_ONLY/解 4 (sol4) 中的“因变量 1” ------------
开始于 2026年8月9日 00:48:55。
           当前进度:   7 % - 因变量 1
求解时间：0 s。
物理内存: 1.8 GB
虚拟内存: 1.83 GB
结束时间：2026年8月9日 00:48:55。
----- N2 Stationary Flow | NUMERICAL_TEST_ONLY/解 4 (sol4) 中的“因变量 1” ----------->
<---- N2 Stationary Flow | NUMERICAL_TEST_ONLY/解 4 (sol4) 中的“稳态求解器 1” ----------
开始于 2026年8月9日 00:48:55。
非线性求解器
求解的自由度数：38733（加上 1 个内部自由度）。
-          当前进度:  12 % - 正在组装残差
Memory: 1768/2003 1790/2085
-          当前进度:  12 % - 组装矩阵
Memory: 1785/2003 1808/2085
找到非对称矩阵。
缩放因变量：
压力 (comp_n2_flow.p2): 0.51
速度场 (comp_n2_flow.u2): 1
常微分方程助变量 (comp_n2_flow.spf2.inlet_n2.Pinl): 0.19
已使用正交零空间函数。
-          当前进度:  12 % - 矩阵分解
Memory: 1842/2003 1866/2085
Iter      SolEst      ResEst     Damping    Stepsize #Res #Jac #Sol   LinErr   LinRes
   1          75          90   0.0100000          76    2    1    2  1.7e-11  3.7e-11
--         当前进度:  20 % - 组装稀疏模式
Memory: 1967/2003 2052/2085
--         当前进度:  20 % - 组装矩阵
Memory: 1945/2003 2005/2085
--         当前进度:  20 % - 矩阵分解
Memory: 1832/2003 1858/2085
   2         6.6     4.1e+05   0.1000000         7.3    3    2    4  2.6e-11  2.8e-11
--         当前进度:  29 % - 组装稀疏模式
Memory: 1978/2003 2040/2085
--         当前进度:  29 % - 组装矩阵
Memory: 1945/2003 2006/2085
--         当前进度:  29 % - 约束处理
Memory: 1964/2003 2026/2085
   3        0.22     1.7e+07   1.0000000        0.75    4    3    6  1.4e-11  1.3e-13
--------   当前进度:  81 % - 组装矩阵
Memory: 1945/2003 2006/2085
--------   当前进度:  81 % - 正在组装残差
Memory: 1946/2003 2008/2085
   4       0.024     2.7e+06   1.0000000        0.14    5    4    8  9.4e-12    3e-13
--------   当前进度:  86 % - 组装矩阵
Memory: 1965/2003 2028/2085
--------   当前进度:  86 % - 矩阵分解
Memory: 1978/2003 2042/2085
   5      0.0024     5.4e+05   1.0000000       0.022    6    5   10  5.7e-12    4e-14
---------  当前进度:  96 % - 组装矩阵
Memory: 1965/2003 2028/2085
---------  当前进度:  96 % - 正在组装残差
Memory: 1946/2003 2008/2085
   6      0.0043     1.3e+04   1.0000000       0.018    8    6   12    8e-12    5e-14
---------  当前进度:  96 % - 组装矩阵
Memory: 1965/2003 2028/2085
   7       0.001     1.2e+04   1.0000000      0.0042    9    7   14  7.5e-12  1.9e-14
---------- 当前进度: 100 % - 
Memory: 1946/2003 2008/2085
---------- 当前进度: 100 % - 组装矩阵
Memory: 1965/2003 2028/2085
---------- 当前进度: 100 % - 正在组装残差
Memory: 1946/2003 2008/2085
   8     0.00026     7.8e+02   1.0000000       0.001   11    8   16  8.3e-12  2.6e-14
---------- 当前进度: 100 % - 
Memory: 1799/2003 1824/2085
求解时间：7 s。
物理内存: 1.98 GB
虚拟内存: 2.05 GB
结束时间：2026年8月9日 00:49:02。
----- N2 Stationary Flow | NUMERICAL_TEST_ONLY/解 4 (sol4) 中的“稳态求解器 1” --------->
---------- 当前进度: 100 % - 正在更新选择
Memory: 1820/2003 1846/2085
           当前进度:   0 % - 导入
Memory: 1819/2003 1846/2085
           当前进度:   0 % - 正在导入“STEP”
Memory: 1822/2003 1849/2085
Header : Author::Unknown
Header : Authorization::Unknown
Header : Description::STEP AP203
Header : File Name::block_currentCollector_flowField_v03.2.1_20210525_STEP-AP203.STEP
Header : Implementation Level::1
Header : Organization::Unknown
Header : Originating System::SolidWorks 2022
Header : Preprocessor Version::SwSTEP 2.0
Header : Schema::CONFIG_CONTROL_DESIGN
Header : Time Stamp::2023-09-28T11:10:23
Begin CAD File Read 'F:/LiNRR_COMSOL/worktrees/LiNRR_M10A2/cad/raw/M10A0_2/block_currentCollector_flowField_v03.2.1_20210525_STEP-AP203.STEP'
  
      Summary of STEP Entities
  
Entity Type                                                   Count
-----------                                                   ------
advanced_brep_shape_representation .......................:   1
advanced_face ............................................:   135
application_context ......................................:   2
application_protocol_definition ..........................:   2
applied_approval_assignment ..............................:   3
applied_date_and_time_assignment .........................:   2
applied_person_and_organization_assignment ...............:   5
applied_security_classification_assignment ...............:   1
approval .................................................:   3
approval_date_time .......................................:   3
approval_person_organization .............................:   3
approval_role ............................................:   3
approval_status ..........................................:   3
axis2_placement_3d .......................................:   296
calendar_date ............................................:   5
cartesian_point ..........................................:   753
circle ...................................................:   160
closed_shell .............................................:   1
conical_surface ..........................................:   6
coordinated_universal_time_offset ........................:   5
cylindrical_surface ......................................:   78
date_and_time ............................................:   5
date_time_role ...........................................:   2
direction ................................................:   804
edge_curve ...............................................:   372
edge_loop ................................................:   167
face_bound ...............................................:   32
face_outer_bound .........................................:   135
geometric_representation_context_and_global_uncertainty_a :   1
length_unit_and_si_unit ..................................:   1
line .....................................................:   212
local_time ...............................................:   5
manifold_solid_brep ......................................:   1
organization .............................................:   1
oriented_edge ............................................:   744
person ...................................................:   1
person_and_organization ..................................:   8
person_and_organization_role .............................:   5
plane ....................................................:   51
plane_angle_unit_and_si_unit .............................:   1
product ..................................................:   1
product_context ..........................................:   1
product_definition .......................................:   1
product_definition_context ...............................:   1
product_definition_formation_with_specified_source .......:   1
product_definition_shape .................................:   1
product_related_product_category .........................:   1
security_classification ..................................:   1
security_classification_level ............................:   1
shape_definition_representation ..........................:   1
si_unit_and_solid_angle_unit .............................:   1
uncertainty_measure_with_unit ............................:   1
vector ...................................................:   ................:   372
edge_loop ................................................:   167
face_bound ...............................................:   32
face_outer_bound .........................................:   135
geometric_representation_context_and_global_uncertainty_a :   1
length_unit_and_si_unit ..................................:   1
line .....................................................:   212
local_time ...............................................:   5
manifold_solid_brep ......................................:   1
organization .............................................:   1
oriented_edge ............................................:   744
person ...................................................:   1
person_and_organization ..................................:   8
person_and_organization_role .............................:   5
plane ....................................................:   51
plane_angle_unit_and_si_unit .............................:   1
product ..................................................:   1
product_context ..........................................:   1
product_definition .......................................:   1
product_definition_context ...............................:   1
product_definition_formation_with_specified_source .......:   1
product_definition_shape .................................:   1
product_related_product_category .........................:   1
security_classification ..................................:   1
security_classification_level ............................:   1
shape_definition_representation ..........................:   1
si_unit_and_solid_angle_unit .............................:   1
uncertainty_measure_with_unit ............................:   1
vector ...................................................:   212
vertex_point .............................................:   245
                                                             -------
Total                                                         4487
-----      当前进度:  50 % - 正在导入“STEP”
Memory: 1822/2003 1848/2085
--------   当前进度:  83 % - 正在应用变换
Memory: 1823/2003 1849/2085
           当前进度:   0 % - 旋转 2
--         当前进度:  20 % - 移动
---        当前进度:  39 % - 镜像
-----      当前进度:  59 % - 长方体
Memory: 1824/2003 1850/2085
------     当前进度:  61 % - 差集
------     当前进度:  61 % - 执行布尔操作
Memory: 1827/2003 1853/2085
--------   当前进度:  80 % - 形成联合体
--------   当前进度:  80 % - 执行布尔操作
---------- 当前进度: 100 % - 正在更新选择
---------- 当前进度: 100 % - 正在创建可视化网格
Memory: 1831/2003 1856/2085
           当前进度:   0 % - 自由四面体网格
Memory: 1833/2003 1858/2085
顶点单元数：148
边单元数：1156
边界单元数：2314
-----      当前进度:  54 % - 相关边界
Memory: 1831/2003 1854/2085
单元数：2376
最小单元质量：0.139
---------- 当前进度: 100 % - 正在定型网格
Memory: 1832/2003 1854/2085
           当前进度:   2 % - 生成方程
Memory: 1833/2003 1854/2085
           当前进度:   3 % - 生成方程
Memory: 1834/2003 1855/2085
<---- 研究 2/解 5 (sol5) 中的“编译方程: 稳态” ---------------------------------------------
开始于 2026年8月9日 00:49:12。
几何形函数: 线性拉格朗日单元
几何形函数: 线性拉格朗日单元
几何形函数: 线性拉格朗日单元
在 AMD64 Family 25 Model 80 Stepping 0, AuthenticAMD 上运行。
在以下位置使用 1 个插槽： Pokemon 上（共 8 个内核）。
可用内存：15.77 GB。
           当前进度:   4 % - 编译方程: 稳态
Memory: 1846/2003 1867/2085
           当前进度:   7 % - 编译方程: 稳态
Memory: 1815/2003 1834/2085
           当前进度:   7 % - 正在创建可视化网格
Memory: 1831/2003 1850/2085
时间：5。
物理内存: 1.85 GB
虚拟内存: 1.87 GB
结束时间：2026年8月9日 00:49:16。
----- 研究 2/解 5 (sol5) 中的“编译方程: 稳态” -------------------------------------------->
<---- 研究 2/解 5 (sol5) 中的“因变量 1” ------------------------------------------------
开始于 2026年8月9日 00:49:16。
           当前进度:   7 % - 因变量 1
Memory: 1820/2003 1839/2085
求解时间：0 s。
物理内存: 1.82 GB
虚拟内存: 1.84 GB
结束时间：2026年8月9日 00:49:16。
----- 研究 2/解 5 (sol5) 中的“因变量 1” ----------------------------------------------->
<---- 研究 2/解 5 (sol5) 中的“稳态求解器 1” ----------------------------------------------
开始于 2026年8月9日 00:49:16。
非线性求解器
求解的自由度数：5017（加上 1 个内部自由度）。
找到非对称矩阵。
缩放因变量：
压力 (comp_h2_flow.p3): 0.3
速度场 (comp_h2_flow.u3): 1
常微分方程助变量 (comp_h2_flow.spf3.in_h2.Pinl): 0.02
已使用正交零空间函数。
Iter      SolEst      ResEst     Damping    Stepsize #Res #Jac #Sol   LinErr   LinRes
-          当前进度:  12 % - 求解线性方程组
Memory: 1818/2003 1838/2085
   1          73          14   0.0100000          74    2    1    2  2.3e-12  4.9e-11
   2         6.6     2.2e+05   0.1000000         7.3    3    2    4  2.4e-11  3.1e-11
--         当前进度:  29 % - 组装稀疏模式
Memory: 1819/2003 1838/2085
   3       0.044     1.7e+07   1.0000000        0.72    4    3    6  2.6e-11  1.3e-14
   4      0.0017     1.3e+06   1.0000000       0.036    5    4    8  1.4e-11  6.8e-15
---------  当前进度:  97 % - 正在组装残差
Memory: 1820/2003 1839/2085
   5     0.00043     1.4e+03   1.0000000      0.0051    7    5   10    2e-11    1e-14
---------- 当前进度: 100 % - 
Memory: 1819/2003 1838/2085
求解时间：1 s。
物理内存: 1.82 GB
虚拟内存: 1.84 GB
结束时间：2026年8月9日 00:49:18。
----- 研究 2/解 5 (sol5) 中的“稳态求解器 1” --------------------------------------------->

/***************/
/*****错误********/
/***************/
运行 Java 类时出错。
NATIVE VARIABLE NOT FOUND: spf h2.p
 - 类: LiNRR_M10A2_SSC_Pipe_Wetting
总时间: 155 s.
