*******************************************
***COMSOL 6.4.0.293 progress output file***
*******************************************
Sun Aug 09 01:24:22 CST 2026
COMSOL Multiphysics 6.4 (开发版本: 293) 在批处理模式下启动
正在运行: F:\LiNRR_COMSOL\worktrees\LiNRR_M10A2\src\java\LiNRR_M10A2_SSC_Pipe_Wetting.class
---------- 当前进度: 100 % - 正在分析几何
Memory: 881/882 924/924
---------- 当前进度: 100 % - 正在更新选择
Memory: 902/915 942/956
           当前进度:   0 % - 矩形
Memory: 907/915 1053/1057
           当前进度:   9 % - 形成联合体
Memory: 909/915 1055/1059
----       当前进度:  42 % - 解析域和空区域
Memory: 910/915 1055/1059
---------- 当前进度: 100 % - 正在更新选择
---------- 当前进度: 100 % - 正在创建可视化网格
Memory: 967/967 1046/1059
           当前进度:   0 % - 映射
Memory: 1021/1035 1057/1101
顶点单元数：4
边界单元数：172
最小单元质量：1
---------- 当前进度: 100 % - 正在定型网格
Memory: 1022/1035 1057/1101
           当前进度:   3 % - 生成方程
Memory: 1012/1035 1049/1101
<---- 研究 4/解 10 (sol10) 中的“编译方程: 瞬态” -------------------------------------------
开始于 2026年8月9日 01:25:17。
几何形函数: 线性拉格朗日单元
几何形函数: 线性拉格朗日单元
几何形函数: 线性拉格朗日单元
几何形函数: 二次拉格朗日单元
几何形函数: 二次拉格朗日单元
几何形函数: 二次拉格朗日单元
几何形函数: 二次拉格朗日单元
几何形函数: 线性拉格朗日单元
在 AMD64 Family 25 Model 80 Stepping 0, AuthenticAMD 上运行。
在以下位置使用 1 个插槽： Pokemon 上（共 8 个内核）。
可用内存：15.77 GB。
           当前进度:   4 % - 编译方程: 瞬态
Memory: 1294/1294 1347/1347
           当前进度:   5 % - 编译方程: 瞬态
Memory: 1301/1308 1351/1359
           当前进度:   3 % - 正在创建可视化网格
Memory: 1351/1356 1398/1404
           当前进度:   5 % - 正在创建可视化网格
Memory: 1354/1356 1400/1404
时间：12。
物理内存: 1.36 GB
虚拟内存: 1.4 GB
结束时间：2026年8月9日 01:25:29。
----- 研究 4/解 10 (sol10) 中的“编译方程: 瞬态” ------------------------------------------>
<---- 研究 4/解 10 (sol10) 中的“因变量 1” ----------------------------------------------
开始于 2026年8月9日 01:25:29。
           当前进度:   5 % - 因变量 1
Memory: 1352/1356 1395/1404
求解时间：0 s。
物理内存: 1.35 GB
虚拟内存: 1.39 GB
结束时间：2026年8月9日 01:25:29。
----- 研究 4/解 10 (sol10) 中的“因变量 1” --------------------------------------------->
<---- 研究 4/解 10 (sol10) 中的“瞬态求解器 1” --------------------------------------------
开始于 2026年8月9日 01:25:29。
瞬态求解器 (BDF)
           当前进度:   7 % - 瞬态求解器 1
Memory: 1359/1359 1401/1404
求解的自由度数：2660（加上 480 个内部自由度）。
找到非对称矩阵。
缩放因变量：
压力 (comp_ssc_wetting.pWet): 0.31
体积分数 (comp_ssc_wetting.s2): 1
Step        Time    Stepsize      Res  Jac  Sol Order Tfail NLfail   LinErr   LinRes
           当前进度:   7 % - 求解线性方程组
Memory: 1378/1378 1412/1412
   0           0           - out    2    3    2                  0  1.4e-13  1.7e-15
   1    5.01e-06       5e-06        3    4    3     1     0      0    3e-13  1.7e-15
   2   1.001e-05       5e-06        4    5    4     1     0      0  2.8e-13  1.9e-15
   3   2.001e-05       1e-05        5    6    5     2     0      0  1.1e-13  1.9e-15
   4   4.001e-05       2e-05        6    7    6     1     0      0  2.1e-13  1.8e-15
   5   8.001e-05       4e-05        7    8    7     1     0      0  2.1e-13  1.9e-15
   -      0.0001           - out
   6  0.00016001       8e-05        8    9    8     1     0      0  2.3e-13  1.6e-15
   -      0.0002           - out
   -      0.0003           - out
   7  0.00032001     0.00016        9   10    9     1     0      0  1.6e-13  1.7e-15
   -      0.0004           - out
-          当前进度:  19 % - 
Memory: 1385/1386 1426/1429
   -      0.0005           - out
   -      0.0006           - out
   8  0.00064001     0.00032       10   11   10     1     0      0    2e-13  1.3e-15
   -      0.0007           - out
   -      0.0008           - out
   -      0.0009           - out
   -       0.001           - out
   -      0.0011           - out
   9     0.00114      0.0005       11   12   11     1     0      0    2e-13    2e-15
   -      0.0012           - out
   -      0.0013           - out
   -      0.0014           - out
   -      0.0015           - out
   -      0.0016           - out
  10     0.00164      0.0005       12   13   12     1     0      0  1.8e-13  1.8e-15
   -      0.0017           - out
   -      0.0018           - out
   -      0.0019           - out
   -       0.002           - out
   -      0.0021           - out
  11     0.00214      0.0005       13   14   13     1     0      0  2.4e-13  1.8e-15
   -      0.0022           - out
   -      0.0023           - out
   -      0.0024           - out
   -      0.0025           - out
   -      0.0026           - out
  12     0.00264      0.0005       14   15   14     1     0      0  1.5e-13  1.8e-15
   -      0.0027           - out
   -      0.0028           - out
   -      0.0029           - out
   -       0.003           - out
   -      0.0031           - out
  13     0.00314      0.0005       15   16   15     1     0      0  1.8e-13  1.8e-15
   -      0.0032           - out
   -      0.0033           - out
   -      0.0034           - out
   -      0.0035           - out
   -      0.0036           - out
  14     0.00364      0.0005       16   17   16     1     0      0  2.2e-13  2.2e-15
   -      0.0037           - out
   -      0.0038           - out
   -      0.0039           - out
   -       0.004           - out
   -      0.0041           - out
  15     0.00414      0.0005       17   18   17     1     0      0  1.8e-13  2.1e-15
   -      0.0042           - out
   -      0.0043           - out
   -      0.0044           - out
   -      0.0045           - out
   -      0.0046           - out
  16     0.00464      0.0005       18   19   18     2     0      0    3e-13  1.5e-15
---------  当前进度:  93 % - 
Memory: 1386/1386 1426/1429
   -      0.0047           - out
   -      0.0048           - out
   -      0.0049           - out
   -       0.005           - out
  17     0.00514      0.0005       19   20   19     2     0      0    3e-13  1.6e-15
时间步进已完成。
---------- 当前进度: 100 % - 
Memory: 1384/1386 1423/1429
求解时间：3 s。
物理内存: 1.39 GB
虚拟内存: 1.46 GB
结束时间：2026年8月9日 01:25:32。
----- 研究 4/解 10 (sol10) 中的“瞬态求解器 1” ------------------------------------------->
           当前进度:   3 % - 生成方程
Memory: 1387/1390 1426/1460
<---- 研究 4/解 10 (sol10) 中的“编译方程: 瞬态” -------------------------------------------
开始于 2026年8月9日 01:25:40。
几何形函数: 线性拉格朗日单元
几何形函数: 线性拉格朗日单元
几何形函数: 线性拉格朗日单元
几何形函数: 二次拉格朗日单元
几何形函数: 二次拉格朗日单元
几何形函数: 二次拉格朗日单元
几何形函数: 二次拉格朗日单元
几何形函数: 线性拉格朗日单元
在 AMD64 Family 25 Model 80 Stepping 0, AuthenticAMD 上运行。
在以下位置使用 1 个插槽： Pokemon 上（共 8 个内核）。
可用内存：15.77 GB。
           当前进度:   4 % - 编译方程: 瞬态
Memory: 1723/1723 1767/1771
           当前进度:   5 % - 编译方程: 瞬态
Memory: 1736/1738 1782/1786
           当前进度:   5 % - 正在创建可视化网格
Memory: 1782/1782 1829/1829
时间：9。
物理内存: 1.78 GB
虚拟内存: 1.83 GB
结束时间：2026年8月9日 01:25:49。
----- 研究 4/解 10 (sol10) 中的“编译方程: 瞬态” ------------------------------------------>
<---- 研究 4/解 10 (sol10) 中的“因变量 1” ----------------------------------------------
开始于 2026年8月9日 01:25:49。
           当前进度:   5 % - 因变量 1
Memory: 1784/1786 1831/1833
求解时间：0 s。
物理内存: 1.79 GB
虚拟内存: 1.83 GB
结束时间：2026年8月9日 01:25:49。
----- 研究 4/解 10 (sol10) 中的“因变量 1” --------------------------------------------->
<---- 研究 4/解 10 (sol10) 中的“瞬态求解器 1” --------------------------------------------
开始于 2026年8月9日 01:25:49。
瞬态求解器 (BDF)
求解的自由度数：2660（加上 480 个内部自由度）。
找到非对称矩阵。
缩放因变量：
压力 (comp_ssc_wetting.pWet): 0.31
体积分数 (comp_ssc_wetting.s2): 1
Step        Time    Stepsize      Res  Jac  Sol Order Tfail NLfail   LinErr   LinRes
           当前进度:   7 % - 组装矩阵
Memory: 1792/1793 1835/1871
   0           0           - out    8    9    8                  0    1e-13  4.1e-16
   1    5.01e-06       5e-06        9   10    9     1     0      0  1.5e-13  3.2e-15
   2   1.001e-05       5e-06       10   11   10     1     0      0  6.8e-14  4.8e-15
   3   2.001e-05       1e-05       11   12   11     2     0      0  6.5e-14  3.5e-15
   4   4.001e-05       2e-05       12   13   12     1     0      0  6.8e-14  3.5e-15
   5   8.001e-05       4e-05       13   14   13     1     0      0  7.7e-14  3.9e-15
   -      0.0001           - out
   6  0.00016001       8e-05       14   15   14     1     0      0  8.9e-14  2.5e-15
   -      0.0002           - out
   -      0.0003           - out
   7  0.00032001     0.00016       15   16   15     1     0      0  7.7e-14  2.6e-15
-          当前进度:  13 % - 组装矩阵
Memory: 1790/1793 1833/1871
   -      0.0004           - out
   -      0.0005           - out
   -      0.0006           - out
   8  0.00064001     0.00032       16   17   16     1     0      0  8.4e-14  1.1e-15
   -      0.0007           - out
   -      0.0008           - out
   -      0.0009           - out
   -       0.001           - out
   -      0.0011           - out
   9     0.00114      0.0005       17   18   17     1     0      0  8.8e-14  3.8e-15
   -      0.0012           - out
   -      0.0013           - out
   -      0.0014           - out
   -      0.0015           - out
   -      0.0016           - out
  10     0.00164      0.0005       18   19   18     1     0      0  7.7e-14  3.6e-15
   -      0.0017           - out
   -      0.0018           - out
   -      0.0019           - out
   -       0.002           - out
   -      0.0021           - out
  11     0.00214      0.0005       19   20   19     1     0      0  7.7e-14  3.8e-15
   -      0.0022           - out
   -      0.0023           - out
   -      0.0024           - out
   -      0.0025           - out
   -      0.0026           - out
  12     0.00264      0.0005       20   21   20     1     0      0  5.9e-14  2.7e-15
   -      0.0027           - out
   -      0.0028           - out
   -      0.0029           - out
   -       0.003           - out
   -      0.0031           - out
  13     0.00314      0.0005       21   22   21     1     0      0    6e-14  2.1e-15
   -      0.0032           - out
   -      0.0033           - out
   -      0.0034           - out
   -      0.0035           - out
   -      0.0036           - out
  14     0.00364      0.0005       22   23   22     1     0      0  7.4e-14    7e-15
   -      0.0037           - out
   -      0.0038           - out
   -      0.0039           - out
   -       0.004           - out
   -      0.0041           - out
  15     0.00414      0.0005       23   24   23     1     0      0  6.1e-14  5.7e-15
--------   当前进度:  84 % - 
   -      0.0042           - out
   -      0.0043           - out
   -      0.0044           - out
   -      0.0045           - out
   -      0.0046           - out
  16     0.00464      0.0005       24   25   24     2     0      0  9.7e-14  1.1e-15
   -      0.0047           - out
   -      0.0048           - out
   -      0.0049           - out
   -       0.005           - out
  17     0.00514      0.0005       25   26   25     2     0      0  7.6e-14  4.3e-15
时间步进已完成。
---------- 当前进度: 100 % - 
Memory: 1789/1793 1830/1871
求解时间：2 s。
物理内存: 1.79 GB
虚拟内存: 1.84 GB
结束时间：2026年8月9日 01:25:51。
----- 研究 4/解 10 (sol10) 中的“瞬态求解器 1” ------------------------------------------->
           当前进度:   3 % - 生成方程
Memory: 1688/1793 1724/1871
<---- 研究 4/解 10 (sol10) 中的“编译方程: 瞬态” -------------------------------------------
开始于 2026年8月9日 01:25:59。
几何形函数: 线性拉格朗日单元
几何形函数: 线性拉格朗日单元
几何形函数: 线性拉格朗日单元
几何形函数: 二次拉格朗日单元
几何形函数: 二次拉格朗日单元
几何形函数: 二次拉格朗日单元
几何形函数: 二次拉格朗日单元
几何形函数: 线性拉格朗日单元
在 AMD64 Family 25 Model 80 Stepping 0, AuthenticAMD 上运行。
在以下位置使用 1 个插槽： Pokemon 上（共 8 个内核）。
可用内存：15.77 GB。
           当前进度:   4 % - 编译方程: 瞬态
Memory: 1830/1830 1879/1879
           当前进度:   5 % - 编译方程: 瞬态
Memory: 1835/1842 1883/1891
           当前进度:   5 % - 正在创建可视化网格
Memory: 1879/1882 1929/1932
时间：8。
物理内存: 1.88 GB
虚拟内存: 1.93 GB
结束时间：2026年8月9日 01:26:07。
----- 研究 4/解 10 (sol10) 中的“编译方程: 瞬态” ------------------------------------------>
<---- 研究 4/解 10 (sol10) 中的“因变量 1” ----------------------------------------------
开始于 2026年8月9日 01:26:07。
           当前进度:   5 % - 因变量 1
Memory: 1876/1882 1925/1932
求解时间：0 s。
物理内存: 1.88 GB
虚拟内存: 1.93 GB
结束时间：2026年8月9日 01:26:07。
----- 研究 4/解 10 (sol10) 中的“因变量 1” --------------------------------------------->
<---- 研究 4/解 10 (sol10) 中的“瞬态求解器 1” --------------------------------------------
开始于 2026年8月9日 01:26:07。
瞬态求解器 (BDF)
求解的自由度数：2660（加上 480 个内部自由度）。
找到非对称矩阵。
缩放因变量：
压力 (comp_ssc_wetting.pWet): 0.31
体积分数 (comp_ssc_wetting.s2): 1
Step        Time    Stepsize      Res  Jac  Sol Order Tfail NLfail   LinErr   LinRes
           当前进度:   7 % - 求解线性方程组
Memory: 1882/1883 1927/1964
   0           0           - out    8    9    8                  0  3.1e-13  5.4e-16
   1    5.01e-06       5e-06        9   10    9     1     0      0  1.7e-13  4.9e-15
   2   1.001e-05       5e-06       10   11   10     1     0      0  6.3e-14  4.7e-15
   3   2.001e-05       1e-05       11   12   11     2     0      0  7.9e-14  3.3e-15
   4   4.001e-05       2e-05       12   13   12     1     0      0  7.9e-14  3.3e-15
   5   8.001e-05       4e-05       13   14   13     1     0      0  9.8e-14  3.6e-15
   -      0.0001           - out
   6  0.00016001       8e-05       14   15   14     1     0      0  8.3e-14  2.3e-15
   -      0.0002           - out
   -      0.0003           - out
   7  0.00032001     0.00016       15   16   15     1     0      0  7.8e-14  2.3e-15
   -      0.0004           - out
   -      0.0005           - out
-          当前进度:  19 % - 正在组装残差
   -      0.0006           - out
   8  0.00064001     0.00032       16   17   16     1     0      0  5.6e-14    1e-15
   -      0.0007           - out
   -      0.0008           - out
   -      0.0009           - out
   -       0.001           - out
   -      0.0011           - out
   9     0.00114      0.0005       17   18   17     1     0      0  7.4e-14  3.9e-15
   -      0.0012           - out
   -      0.0013           - out
   -      0.0014           - out
   -      0.0015           - out
   -      0.0016           - out
  10     0.00164      0.0005       18   19   18     1     0      0  7.7e-14  3.7e-15
   -      0.0017           - out
   -      0.0018           - out
   -      0.0019           - out
   -       0.002           - out
   -      0.0021           - out
  11     0.00214      0.0005       19   20   19     1     0      0  8.5e-14  3.6e-15
   -      0.0022           - out
   -      0.0023           - out
   -      0.0024           - out
   -      0.0025           - out
   -      0.0026           - out
  12     0.00264      0.0005       20   21   20     1     0      0  7.3e-14  2.8e-15
   -      0.0027           - out
   -      0.0028           - out
   -      0.0029           - out
   -       0.003           - out
   -      0.0031           - out
  13     0.00314      0.0005       21   22   21     1     0      0  8.4e-14  2.2e-15
   -      0.0032           - out
   -      0.0033           - out
   -      0.0034           - out
   -      0.0035           - out
   -      0.0036           - out
  14     0.00364      0.0005       22   23   22     1     0      0    1e-13  6.2e-15
   -      0.0037           - out
   -      0.0038           - out
   -      0.0039           - out
   -       0.004           - out
   -      0.0041           - out
  15     0.00414      0.0005       23   24   23     1     0      0  7.4e-14  5.2e-15
   -      0.0042           - out
   -      0.0043           - out
   -      0.0044           - out
   -      0.0045           - out
   -      0.0046           - out
  16     0.00464      0.0005       24   25   24     2     0      0  1.1e-13  1.3e-15
   -      0.0047           - out
   -      0.0048           - out
   -      0.0049           - out
   -       0.005           - out
---------- 当前进度: 100 % - 正在组装残差
Memory: 1881/1883 1926/1964
  17     0.00514      0.0005       25   26   25     2     0      0  7.5e-14  4.1e-15
时间步进已完成。
---------- 当前进度: 100 % - 
Memory: 1880/1883 1925/1964
求解时间：2 s。
物理内存: 1.88 GB
虚拟内存: 1.93 GB
结束时间：2026年8月9日 01:26:09。
----- 研究 4/解 10 (sol10) 中的“瞬态求解器 1” ------------------------------------------->
           当前进度:   3 % - 生成方程
Memory: 1642/1883 1985/1985
<---- 研究 4/解 10 (sol10) 中的“编译方程: 瞬态” -------------------------------------------
开始于 2026年8月9日 01:26:16。
几何形函数: 线性拉格朗日单元
几何形函数: 线性拉格朗日单元
几何形函数: 线性拉格朗日单元
几何形函数: 二次拉格朗日单元
几何形函数: 二次拉格朗日单元
几何形函数: 二次拉格朗日单元
几何形函数: 二次拉格朗日单元
几何形函数: 线性拉格朗日单元
在 AMD64 Family 25 Model 80 Stepping 0, AuthenticAMD 上运行。
在以下位置使用 1 个插槽： Pokemon 上（共 8 个内核）。
可用内存：15.77 GB。
           当前进度:   4 % - 编译方程: 瞬态
Memory: 1951/1951 2005/2005
           当前进度:   5 % - 编译方程: 瞬态
Memory: 1960/1965 2013/2019
           当前进度:   5 % - 正在创建可视化网格
Memory: 1994/1994 2046/2046
时间：8。
物理内存: 2 GB
虚拟内存: 2.05 GB
结束时间：2026年8月9日 01:26:24。
----- 研究 4/解 10 (sol10) 中的“编译方程: 瞬态” ------------------------------------------>
<---- 研究 4/解 10 (sol10) 中的“因变量 1” ----------------------------------------------
开始于 2026年8月9日 01:26:24。
           当前进度:   5 % - 因变量 1
Memory: 1989/1996 2041/2048
求解时间：0 s。
物理内存: 2 GB
虚拟内存: 2.05 GB
结束时间：2026年8月9日 01:26:24。
----- 研究 4/解 10 (sol10) 中的“因变量 1” --------------------------------------------->
<---- 研究 4/解 10 (sol10) 中的“瞬态求解器 1” --------------------------------------------
开始于 2026年8月9日 01:26:24。
瞬态求解器 (BDF)
求解的自由度数：2660（加上 480 个内部自由度）。
找到非对称矩阵。
缩放因变量：
压力 (comp_ssc_wetting.pWet): 0.31
体积分数 (comp_ssc_wetting.s2): 1
Step        Time    Stepsize      Res  Jac  Sol Order Tfail NLfail   LinErr   LinRes
           当前进度:   7 % - 正在组装残差
Memory: 1989/1996 2038/2078
   0           0           - out    8    9    8                  0    2e-13    6e-16
   1    5.01e-06       5e-06        9   10    9     1     0      0  1.6e-13  7.5e-15
   2   1.001e-05       5e-06       10   11   10     1     0      0  1.1e-13  4.8e-15
   3   2.001e-05       1e-05       11   12   11     2     0      0  8.5e-14  3.5e-15
   4   4.001e-05       2e-05       12   13   12     1     0      0  8.1e-14  3.5e-15
           当前进度:   7 % - 
Memory: 1992/1996 2041/2078
   5   8.001e-05       4e-05       13   14   13     1     0      0  7.2e-14  3.7e-15
   -      0.0001           - out
   6  0.00016001       8e-05       14   15   14     1     0      0    8e-14  2.5e-15
   -      0.0002           - out
   -      0.0003           - out
   7  0.00032001     0.00016       15   16   15     1     0      0  9.2e-14  2.6e-15
   -      0.0004           - out
   -      0.0005           - out
   -      0.0006           - out
   8  0.00064001     0.00032       16   17   16     1     0      0  6.4e-14  1.2e-15
   -      0.0007           - out
   -      0.0008           - out
   -      0.0009           - out
   -       0.001           - out
   -      0.0011           - out
   9     0.00114      0.0005       17   18   17     1     0      0  6.8e-14  3.9e-15
   -      0.0012           - out
   -      0.0013           - out
   -      0.0014           - out
   -      0.0015           - out
   -      0.0016           - out
  10     0.00164      0.0005       18   19   18     1     0      0  6.4e-14  3.6e-15
   -      0.0017           - out
   -      0.0018           - out
   -      0.0019           - out
   -       0.002           - out
   -      0.0021           - out
  11     0.00214      0.0005       19   20   19     1     0      0  9.5e-14  3.2e-15
   -      0.0022           - out
   -      0.0023           - out
   -      0.0024           - out
   -      0.0025           - out
   -      0.0026           - out
  12     0.00264      0.0005       20   21   20     1     0      0  6.4e-14  2.8e-15
   -      0.0027           - out
   -      0.0028           - out
   -      0.0029           - out
   -       0.003           - out
   -      0.0031           - out
  13     0.00314      0.0005       21   22   21     1     0      0  6.8e-14  2.2e-15
   -      0.0032           - out
   -      0.0033           - out
   -      0.0034           - out
-------    当前进度:  75 % - 
Memory: 1989/1996 2038/2078
   -      0.0035           - out
   -      0.0036           - out
  14     0.00364      0.0005       22   23   22     1     0      0  9.9e-14    5e-15
   -      0.0037           - out
   -      0.0038           - out
   -      0.0039           - out
   -       0.004           - out
   -      0.0041           - out
  15     0.00414      0.0005       23   24   23     2     0      0  8.9e-14  4.4e-15
   -      0.0042           - out
   -      0.0043           - out
   -      0.0044           - out
   -      0.0045           - out
   -      0.0046           - out
  16     0.00464      0.0005       24   25   24     2     0      0  6.9e-14  4.1e-15
   -      0.0047           - out
   -      0.0048           - out
   -      0.0049           - out
   -       0.005           - out
  17     0.00514      0.0005       25   26   25     2     0      0  8.2e-14  1.5e-15
时间步进已完成。
---------- 当前进度: 100 % - 
Memory: 1987/1996 2036/2078
求解时间：2 s。
物理内存: 1.99 GB
虚拟内存: 2.04 GB
结束时间：2026年8月9日 01:26:26。
----- 研究 4/解 10 (sol10) 中的“瞬态求解器 1” ------------------------------------------->
           当前进度:   3 % - 生成方程
Memory: 1904/1996 1949/2078
<---- 研究 4/解 10 (sol10) 中的“编译方程: 瞬态” -------------------------------------------
开始于 2026年8月9日 01:26:33。
几何形函数: 线性拉格朗日单元
几何形函数: 线性拉格朗日单元
几何形函数: 线性拉格朗日单元
几何形函数: 二次拉格朗日单元
几何形函数: 二次拉格朗日单元
几何形函数: 二次拉格朗日单元
几何形函数: 二次拉格朗日单元
几何形函数: 线性拉格朗日单元
在 AMD64 Family 25 Model 80 Stepping 0, AuthenticAMD 上运行。
在以下位置使用 1 个插槽： Pokemon 上（共 8 个内核）。
可用内存：15.77 GB。
           当前进度:   4 % - 编译方程: 瞬态
Memory: 1965/1996 2014/2078
           当前进度:   5 % - 编译方程: 瞬态
Memory: 1969/1996 2016/2078
           当前进度:   5 % - 正在创建可视化网格
Memory: 2017/2017 2063/2078
时间：8。
物理内存: 2.02 GB
虚拟内存: 2.06 GB
结束时间：2026年8月9日 01:26:41。
----- 研究 4/解 10 (sol10) 中的“编译方程: 瞬态” ------------------------------------------>
<---- 研究 4/解 10 (sol10) 中的“因变量 1” ----------------------------------------------
开始于 2026年8月9日 01:26:41。
           当前进度:   5 % - 因变量 1
Memory: 2008/2017 2053/2078
求解时间：0 s。
物理内存: 2.01 GB
虚拟内存: 2.05 GB
结束时间：2026年8月9日 01:26:41。
----- 研究 4/解 10 (sol10) 中的“因变量 1” --------------------------------------------->
<---- 研究 4/解 10 (sol10) 中的“瞬态求解器 1” --------------------------------------------
开始于 2026年8月9日 01:26:42。
瞬态求解器 (BDF)
求解的自由度数：2660（加上 480 个内部自由度）。
找到非对称矩阵。
缩放因变量：
压力 (comp_ssc_wetting.pWet): 0.31
体积分数 (comp_ssc_wetting.s2): 1
Step        Time    Stepsize      Res  Jac  Sol Order Tfail NLfail   LinErr   LinRes
           当前进度:   7 % - 矩阵分解
Memory: 2009/2017 2054/2092
   0           0           - out    9   10    9                  0  2.6e-13  4.5e-15
   1  5.0915e-07  4.9915e-07       11   12   11     1     0      0  1.3e-13  5.6e-15
   2  1.0083e-06  4.9915e-07       12   13   12     1     0      0  1.7e-13  5.8e-15
   3  2.0066e-06  9.9831e-07       16   17   16     2     0      0  3.5e-13  9.9e-15
   4  2.8085e-06  8.0186e-07       18   19   18     2     0      0  1.3e-13  3.4e-15
   5  3.6103e-06  8.0186e-07       20   21   20     1     0      0  1.9e-13  2.3e-15
   6  4.2494e-06  6.3911e-07       22   23   22     1     0      0  3.4e-13  3.1e-15
   7  5.5277e-06  1.2782e-06       24   25   24     1     0      0    2e-13  1.3e-14
   8  6.8059e-06  1.2782e-06       26   27   26     1     0      0  1.5e-13  2.2e-15
   9  9.3623e-06  2.5565e-06       28   29   28     1     0      0  2.1e-13  3.6e-15
  10  1.4475e-05  5.1129e-06       30   31   30     1     0      0  1.3e-13  1.1e-15
           当前进度:   7 % - 
Memory: 2012/2017 2057/2092
  11  1.9588e-05  5.1129e-06       32   33   32     1     0      0  2.1e-13  4.5e-15
  12  2.4701e-05  5.1129e-06       34   35   34     1     0      0  9.8e-14  1.1e-14
  13  3.4927e-05  1.0226e-05       36   37   36     2     0      0  1.8e-13  2.2e-15
  14  4.5153e-05  1.0226e-05       38   39   38     2     0      0  1.6e-13  1.5e-14
           当前进度:   8 % - 矩阵分解
Memory: 2010/2017 2055/2092
  15  5.0274e-05  5.1215e-06       48   49   48     2     1      0  1.6e-13  2.3e-15
           当前进度:   8 % - 组装稀疏模式
Memory: 2012/2017 2057/2092
  16  5.1555e-05  1.2804e-06       63   64   63     2     1      1    2e-13  1.7e-15
           当前进度:   8 % - 组装矩阵
  17  5.3299e-05  1.7449e-06       67   68   67     2     2      1  1.1e-13  4.8e-15
  18  5.5044e-05  1.7449e-06       69   70   69     2     2      1  1.3e-13  1.1e-15
  19  5.6789e-05  1.7449e-06       74   75   74     2     2      1  2.2e-13  6.4e-15
           当前进度:   8 % - 矩阵分解
  20  5.8534e-05  1.7449e-06       76   77   76     2     2      1  1.6e-13  1.4e-14
  21  6.0105e-05  1.5704e-06       78   79   78     2     2      1  1.7e-13  3.4e-16
  22  6.1675e-05  1.5704e-06       80   81   80     2     2      1    3e-13  1.1e-14
  23  6.3245e-05  1.5704e-06       85   86   85     1     2      1  2.3e-13    6e-15
  24  6.4816e-05  1.5704e-06       87   88   87     1     2      1  2.7e-13  1.7e-15
  25  6.7957e-05  3.1408e-06       91   92   91     1     2      1  2.4e-13  9.6e-15
  26  7.4238e-05  6.2816e-06       93   94   93     1     2      1  2.1e-13  1.6e-15
  27   8.052e-05  6.2816e-06       95   96   95     1     2      1  1.4e-13  2.6e-14
  28  8.6801e-05  6.2816e-06       97   98   97     1     2      1  2.4e-13    2e-14
  29  9.3083e-05  6.2816e-06       99  100   99     1     2      1  1.9e-13  1.6e-14
   -      0.0001           - out
  30  0.00010565  1.2563e-05      101  102  101     2     2      1  1.4e-13  1.1e-14
  31  0.00011695  1.1307e-05      103  104  103     2     2      1  1.8e-13  2.5e-14
  32  0.00012826  1.1307e-05      105  106  105     1     2      1  1.5e-13    2e-15
  33  0.00013957  1.1307e-05      107  108  107     1     2      1  2.4e-13  3.1e-15
           当前进度:   9 % - 正在组装残差
  34  0.00015087  1.1307e-05      109  110  109     1     2      1  1.6e-13  1.6e-14
  35  0.00016105  1.0176e-05      111  112  111     1     2      1  1.9e-13  7.1e-15
  36  0.00017123  1.0176e-05      115  116  115     1     2      1  1.6e-13  7.5e-15
  37  0.00017915  7.9247e-06      117  118  117     1     2      1  1.7e-13  2.5e-15
-          当前进度:  10 % - 组装矩阵
  38  0.00018708  7.9247e-06      122  123  122     1     2      1  1.9e-13  5.6e-15
  39    0.000195  7.9247e-06      124  125  124     1     2      1  1.7e-13  6.6e-16
   -      0.0002           - out
  40  0.00021085  1.5849e-05      126  127  126     1     2      1    2e-13  2.7e-15
  41  0.00022462  1.3774e-05      128  129  128     1     2      1  1.7e-13    2e-15
  42   0.0002384  1.3774e-05      130  131  130     1     2      1  1.3e-13  7.3e-15
  43  0.00025217  1.3774e-05      132  133  132     1     2      1  1.7e-13  1.4e-15
  44  0.00026594  1.3774e-05      134  135  134     1     2      1  2.4e-13  7.8e-16
-          当前进度:  12 % - 
  45   0.0002829  1.6954e-05      138  139  138     1     3      1    2e-13  5.3e-16
  46  0.00029985  1.6954e-05      140  141  140     1     3      1  1.2e-13    1e-14
   -      0.0003           - out
  47  0.00031511  1.5259e-05      144  145  144     1     3      1  2.1e-13  6.5e-15
  48  0.00032677  1.1659e-05      146  147  146     1     3      1    2e-13  4.8e-15
  49  0.00033843  1.1659e-05      148  149  148     1     3      1  2.5e-13  3.9e-15
-          当前进度:  13 % - 
  50  0.00035009  1.1659e-05      150  151  150     1     3      1  3.1e-13  1.9e-15
  51  0.00036175  1.1659e-05      152  153  152     1     3      1  1.2e-13  1.5e-15
  52  0.00037341  1.1659e-05      154  155  154     1     3      1  1.3e-13  1.3e-14
  53  0.00038507  1.1659e-05      156  157  156     1     3      1  9.8e-14  1.2e-14
  54  0.00039673  1.1659e-05      158  159  158     1     3      1  1.7e-13    3e-15
   -      0.0004           - out
  55  0.00040839  1.1659e-05      160  161  160     1     3      1  1.2e-13  7.4e-16
  56  0.00043171  2.3319e-05      162  163  162     1     3      1  2.6e-13  8.4e-16
  57  0.00045502  2.3319e-05      164  165  164     1     3      1  1.9e-13  6.6e-15
-          当前进度:  15 % - 矩阵分解
Memory: 2011/2017 2056/2092
  58  0.00046801  1.2986e-05      172  173  172     1     4      1    2e-13    1e-14
  59    0.000481  1.2986e-05      174  175  174     1     4      1  2.1e-13  3.7e-15
-          当前进度:  16 % - 矩阵分解
Memory: 2010/2017 2055/2092
  60  0.00049398  1.2986e-05      176  177  176     1     4      1  1.1e-13  2.9e-15
   -      0.0005           - out
  61  0.00051234  1.8358e-05      180  181  180     2     5      1  1.1e-13  5.3e-15
-          当前进度:  16 % - 
Memory: 2012/2017 2057/2092
  62   0.0005307  1.8358e-05      189  190  189     2     5      1  1.9e-13  4.2e-14
  63  0.00054905  1.8358e-05      191  192  191     2     5      1  3.1e-13  4.7e-15
  64  0.00056741  1.8358e-05      193  194  193     1     5      1  1.3e-13  6.2e-15
  65  0.00058577  1.8358e-05      195  196  195     1     5      1  1.3e-13  8.1e-16
   -      0.0006           - out
  66  0.00060413  1.8358e-05      197  198  197     1     5      1  1.7e-13  1.5e-15
-          当前进度:  18 % - 组装矩阵
  67  0.00062249  1.8358e-05      199  200  199     1     5      1  1.4e-13  4.6e-16
  68  0.00063549  1.3006e-05      207  208  207     1     6      1  1.1e-13  9.6e-15
  69   0.0006485  1.3006e-05      209  210  209     1     6      1  1.7e-13  3.2e-15
  70  0.00066151  1.3006e-05      211  212  211     1     6      1  2.3e-13  1.3e-15
-          当前进度:  19 % - 正在组装残差
  71  0.00068752  2.6013e-05      213  214  213     2     6      1  2.1e-13  1.7e-15
   -      0.0007           - out
  72  0.00070963   2.211e-05      215  216  215     2     6      1  1.4e-13  2.4e-15
  73  0.00073174   2.211e-05      218  219  218     2     6      1  1.1e-13  8.1e-15
  74  0.00075164  1.9899e-05      220  221  220     2     6      1  2.4e-13  6.5e-15
--         当前进度:  21 % - 矩阵分解
Memory: 2010/2017 2055/2092
  75  0.00077154  1.9899e-05      222  223  222     1     6      1  1.5e-13  3.1e-15
  76  0.00078945  1.7909e-05      224  225  224     1     6      1  1.1e-13  3.5e-15
--         当前进度:  21 % - 求解线性方程组
Memory: 2012/2017 2057/2092
   -      0.0008           - out
  77  0.00080279  1.3345e-05      232  233  232     1     7      1  2.1e-13  1.4e-14
  78   0.0008148   1.201e-05      234  235  234     1     7      1  1.5e-13  2.7e-15
  79  0.00082681   1.201e-05      236  237  236     1     7      1  1.3e-13  1.8e-15
  80  0.00083882   1.201e-05      238  239  238     1     7      1  1.3e-13  2.3e-15
  81  0.00085083   1.201e-05      240  241  240     1     7      1  2.1e-13  2.6e-15
  82  0.00087485   2.402e-05      242  243  242     1     7      1  1.6e-13  3.1e-15
--         当前进度:  23 % - 矩阵分解
Memory: 2010/2017 2054/2092
  83  0.00089647  2.1618e-05      244  245  244     1     7      1  2.2e-13  9.8e-15
   -      0.0009           - out
  84  0.00091809  2.1618e-05      246  247  246     1     7      1  2.1e-13  1.7e-15
  85   0.0009397  2.1618e-05      248  249  248     1     7      1  2.2e-13  4.1e-16
  86  0.00096132  2.1618e-05      250  251  250     1     7      1  2.5e-13  4.3e-15
--         当前进度:  25 % - 矩阵分解
  87  0.00098009  1.8768e-05      258  259  258     2     8      1  2.7e-13  6.3e-16
--         当前进度:  25 % - 组装矩阵
Memory: 2012/2017 2057/2092
  88  0.00099698  1.6891e-05      260  261  260     2     8      1    2e-13  2.8e-15
   -       0.001           - out
  89   0.0010139  1.6891e-05      262  263  262     2     8      1  1.9e-13  6.9e-15
  90   0.0010308  1.6891e-05      264  265  264     2     8      1  2.9e-13  1.1e-15
  91   0.0010477  1.6891e-05      266  267  266     2     8      1    1e-13  1.3e-15
  92   0.0010645  1.6891e-05      268  269  268     2     8      1  1.6e-13  4.7e-15
  93   0.0010814  1.6891e-05      270  271  270     2     8      1  1.6e-13  4.3e-15
  94   0.0010983  1.6891e-05      272  273  272     2     8      1    2e-13  4.6e-15
   -      0.0011           - out
--         当前进度:  28 % - 正在组装残差
  95   0.0011152  1.6891e-05      274  275  274     2     8      1  1.4e-13  3.2e-15
  96   0.0011321  1.6891e-05      276  277  276     2     8      1  1.6e-13  5.9e-15
  97   0.0011453  1.3147e-05      284  285  284     1     9      1    2e-13  1.1e-14
  98   0.0011584  1.3147e-05      286  287  286     1     9      1  2.2e-13  2.2e-15
--         当前进度:  28 % - 矩阵分解
Memory: 2010/2017 2054/2092
  99   0.0011716  1.3147e-05      288  289  288     1     9      1  6.6e-13  5.6e-16
 100   0.0011978  2.6294e-05      290  291  290     2     9      1  2.6e-13  6.7e-16
   -      0.0012           - out
 101   0.0012209  2.3074e-05      292  293  292     2     9      1  2.1e-13    2e-15
 102    0.001244  2.3074e-05      294  295  294     2     9      1  1.7e-13  4.9e-15
 103   0.0012671  2.3074e-05      296  297  296     2     9      1  1.9e-13  3.9e-15
---        当前进度:  30 % - 矩阵分解
 104   0.0012901  2.3074e-05      298  299  298     2     9      1  1.8e-13  7.4e-15
   -      0.0013           - out
 105   0.0013132  2.3074e-05      300  301  300     2     9      1  2.6e-13    2e-15
 106   0.0013328   1.958e-05      307  308  307     2    10      1    3e-13  1.6e-14
---        当前进度:  32 % - 正在组装残差
Memory: 2012/2017 2057/2092
 107   0.0013504  1.7622e-05      309  310  309     2    10      1    2e-13  2.9e-15
 108    0.001368  1.7622e-05      311  312  311     2    10      1  1.6e-13  7.4e-15
 109   0.0013857  1.7622e-05      313  314  313     2    10      1  2.4e-13  2.4e-15
   -      0.0014           - out
 110   0.0014033  1.7622e-05      315  316  315     2    10      1  2.9e-13  1.6e-15
 111   0.0014209  1.7622e-05      317  318  317     2    10      1  2.5e-13    5e-15
 112   0.0014385  1.7622e-05      319  320  319     2    10      1  1.6e-13  4.4e-15
 113   0.0014561  1.7622e-05      321  322  321     2    10      1    1e-13  4.4e-15
 114   0.0014738  1.7622e-05      323  324  323     2    10      1  2.8e-13  3.6e-15
---        当前进度:  34 % - 求解线性方程组
 115   0.0014914  1.7622e-05      325  326  325     2    10      1  1.7e-13    1e-14
   -      0.0015           - out
 116    0.001509  1.7622e-05      329  330  329     1    10      1    2e-13  3.7e-15
 117    0.001523  1.3958e-05      331  332  331     1    10      1  3.3e-13  7.9e-16
 118   0.0015369  1.3958e-05      333  334  333     1    10      1  1.9e-13  1.1e-15
 119   0.0015509  1.3958e-05      335  336  335     1    10      1  1.8e-13  2.6e-15
 120   0.0015648  1.3958e-05      337  338  337     2    10      1  2.5e-13  6.2e-15
---        当前进度:  36 % - 矩阵分解
 121   0.0015928  2.7916e-05      339  340  339     1    10      1  1.5e-13  1.7e-15
   -      0.0016           - out
 122   0.0016179  2.5125e-05      341  342  341     1    10      1  1.7e-13  6.6e-15
 123    0.001643  2.5125e-05      343  344  343     1    10      1    5e-13  4.3e-16
 124   0.0016681  2.5125e-05      345  346  345     1    10      1  1.6e-13  5.5e-15
---        当前进度:  38 % - 组装矩阵
 125   0.0016836  1.5454e-05      351  352  351     1    11      1    2e-13    9e-15
 126    0.001699  1.5454e-05      353  354  353     1    11      1  2.9e-13  4.5e-15
   -      0.0017           - out
 127   0.0017145  1.5454e-05      355  356  355     1    11      1  3.2e-13  1.5e-15
 128     0.00173  1.5454e-05      357  358  357     1    11      1  3.1e-13  1.1e-15
 129   0.0017454  1.5454e-05      359  360  359     1    11      1  3.1e-13  2.2e-15
---        当前进度:  39 % - 矩阵分解
Memory: 2010/2017 2054/2092
 130   0.0017609  1.5454e-05      361  362  361     1    11      1  1.1e-13  2.1e-15
 131   0.0017843  2.3426e-05      365  366  365     1    12      1    2e-13  8.5e-15
   -      0.0018           - out
 132   0.0018077  2.3426e-05      367  368  367     1    12      1  2.2e-13  1.4e-15
 133   0.0018311  2.3426e-05      369  370  369     1    12      1  2.2e-13  1.4e-15
 134   0.0018546  2.3426e-05      371  372  371     1    12      1  1.8e-13  9.6e-16
----       当前进度:  41 % - 矩阵分解
Memory: 2011/2017 2055/2092
 135    0.001878  2.3426e-05      374  375  374     1    12      1    2e-13  8.5e-15
 136   0.0018948   1.682e-05      376  377  376     1    12      1  2.2e-13  9.7e-16
   -      0.0019           - out
 137   0.0019116   1.682e-05      378  379  378     1    12      1  7.8e-13  5.3e-16
 138   0.0019284   1.682e-05      380  381  380     1    12      1  2.1e-13  5.7e-16
 139   0.0019453   1.682e-05      382  383  382     1    12      1    2e-13  2.4e-15
 140   0.0019621   1.682e-05      384  385  384     1    12      1  2.8e-13    7e-15
----       当前进度:  43 % - 正在组装残差
Memory: 2013/2017 2057/2092
 141   0.0019789   1.682e-05      386  387  386     1    12      1  2.8e-13  1.1e-15
 142   0.0019957   1.682e-05      388  389  388     1    12      1  5.6e-13    3e-16
   -       0.002           - out
 143   0.0020294   3.364e-05      390  391  390     1    12      1  1.8e-13  3.4e-15
----       当前进度:  45 % - 矩阵分解
Memory: 2011/2017 2055/2092
 144   0.0020471  1.7772e-05      398  399  398     1    13      1  2.7e-13  3.9e-15
 145   0.0020649  1.7772e-05      400  401  400     1    13      1  1.8e-13  2.1e-15
 146   0.0020827  1.7772e-05      402  403  402     1    13      1  3.3e-13  6.9e-16
   -      0.0021           - out
 147   0.0021182  3.5543e-05      404  405  404     2    13      1  2.9e-13  1.4e-15
 148   0.0021465  2.8233e-05      406  407  406     2    13      1  1.4e-13  3.1e-15
----       当前进度:  47 % - 正在组装残差
Memory: 2013/2017 2057/2092
 149   0.0021747  2.8233e-05      408  409  408     2    13      1  2.6e-13  4.1e-15
   -      0.0022           - out
 150   0.0022029  2.8233e-05      410  411  410     2    13      1  2.1e-13  5.3e-15
 151   0.0022312  2.8233e-05      412  413  412     1    13      1  1.8e-13  2.8e-15
----       当前进度:  48 % - 矩阵分解
Memory: 2011/2017 2055/2092
 152   0.0022473  1.6137e-05      417  418  417     1    14      1  2.2e-13  6.8e-15
 153   0.0022634  1.6137e-05      419  420  419     1    14      1  2.7e-13  3.3e-15
 154   0.0022796  1.6137e-05      421  422  421     1    14      1  2.9e-12  4.5e-16
 155   0.0022957  1.6137e-05      423  424  423     1    14      1  2.4e-13  1.7e-15
   -      0.0023           - out
-----      当前进度:  50 % - 正在组装残差
Memory: 2012/2017 2057/2092
 156   0.0023118  1.6137e-05      425  426  425     1    14      1    2e-13  2.7e-15
 157    0.002328  1.6137e-05      427  428  427     1    14      1  2.1e-13  2.2e-15
 158   0.0023603  3.2273e-05      429  430  429     1    14      1  1.3e-13  4.5e-15
 159   0.0023893  2.9046e-05      431  432  431     1    14      1  3.9e-13  6.9e-16
   -      0.0024           - out
 160   0.0024183  2.9046e-05      433  434  433     1    14      1  2.6e-13  3.4e-15
-----      当前进度:  52 % - 矩阵分解
Memory: 2011/2017 2055/2092
 161   0.0024354  1.7058e-05      439  440  439     1    15      1  2.6e-13  6.7e-15
 162   0.0024525  1.7058e-05      441  442  441     1    15      1  2.8e-13  3.7e-15
 163   0.0024695  1.7058e-05      443  444  443     1    15      1  5.4e-13    9e-16
 164   0.0024866  1.7058e-05      445  446  445     1    15      1  2.4e-13  1.2e-15
   -      0.0025           - out
 165   0.0025036  1.7058e-05      447  448  447     1    15      1  2.3e-13    3e-15
 166   0.0025207  1.7058e-05      449  450  449     1    15      1  2.1e-13  3.5e-15
-----      当前进度:  54 % - 矩阵分解
 167   0.0025548  3.4117e-05      451  452  451     1    15      1    2e-13  4.4e-15
 168   0.0025855  3.0705e-05      453  454  453     1    15      1  2.1e-13  7.3e-16
   -      0.0026           - out
 169   0.0026162  3.0705e-05      455  456  455     1    15      1  3.7e-13  1.3e-15
-----      当前进度:  56 % - 
Memory: 2013/2017 2057/2092
 170   0.0026337  1.7473e-05      461  462  461     1    16      1  2.5e-13  5.7e-15
 171   0.0026512  1.7473e-05      463  464  463     1    16      1  3.2e-13  2.9e-15
 172   0.0026686  1.7473e-05      465  466  465     1    16      1    5e-12  6.3e-16
 173   0.0026861  1.7473e-05      467  468  467     1    16      1  2.4e-13  1.4e-15
   -      0.0027           - out
 174   0.0027036  1.7473e-05      469  470  469     1    16      1    2e-13  3.6e-15
 175   0.0027211  1.7473e-05      471  472  471     1    16      1  2.8e-13  5.1e-15
-----      当前进度:  57 % - 矩阵分解
Memory: 2011/2017 2055/2092
 176   0.0027385  1.7473e-05      473  474  473     1    16      1  4.2e-13  1.9e-15
 177    0.002756  1.7473e-05      475  476  475     1    16      1  9.6e-13  3.6e-16
 178    0.002791  3.4946e-05      477  478  477     1    16      1  1.8e-13  3.1e-15
   -      0.0028           - out
 179   0.0028214  3.0424e-05      481  482  481     1    16      1    2e-13  2.1e-15
 180   0.0028462  2.4863e-05      483  484  483     1    16      1    3e-13  2.1e-15
------     当前进度:  60 % - 组装矩阵
Memory: 2013/2017 2057/2092
 181   0.0028685  2.2217e-05      485  486  485     1    16      1  2.7e-13  7.3e-16
 182   0.0028907  2.2217e-05      487  488  487     1    16      1  3.9e-13  8.5e-16
   -      0.0029           - out
 183   0.0029129  2.2217e-05      489  490  489     1    16      1  2.2e-13  1.1e-15
 184   0.0029351  2.2217e-05      491  492  491     1    16      1  2.5e-13  5.1e-15
 185   0.0029573  2.2217e-05      493  494  493     1    16      1  3.1e-13  1.1e-15
------     当前进度:  62 % - 组装矩阵
 186   0.0029795  2.2217e-05      495  496  495     1    16      1  2.7e-13  9.4e-16
   -       0.003           - out
 187   0.0030018  2.2217e-05      497  498  497     1    16      1  2.7e-13    2e-15
 188   0.0030236  2.1813e-05      503  504  503     2    17      1  2.5e-13  8.5e-15
 189   0.0030454  2.1813e-05      505  506  505     2    17      1  5.2e-13  7.2e-16
 190   0.0030672  2.1813e-05      507  508  507     2    17      1  2.4e-13  6.6e-15
------     当前进度:  64 % - 正在组装残差
 191    0.003089  2.1813e-05      509  510  509     2    17      1  3.1e-13  1.7e-15
   -      0.0031           - out
 192   0.0031108  2.1813e-05      511  512  511     2    17      1    3e-13  2.8e-15
 193   0.0031348  2.3964e-05      517  518  517     1    18      1  2.8e-13  9.8e-15
 194   0.0031587  2.3964e-05      519  520  519     1    18      1  3.2e-13  1.5e-15
 195   0.0031827  2.3964e-05      521  522  521     1    18      1  2.3e-13  8.4e-16
   -      0.0032           - out
 196   0.0032067  2.3964e-05      523  524  523     1    18      1  4.3e-13  4.2e-16
------     当前进度:  67 % - 矩阵分解
 197   0.0032241  1.7454e-05      529  530  529     1    19      1  3.2e-13  6.7e-15
 198   0.0032416  1.7454e-05      531  532  531     1    19      1    3e-13  2.3e-15
 199    0.003259  1.7454e-05      533  534  533     1    19      1  3.2e-13  7.6e-16
------     当前进度:  68 % - 矩阵分解
Memory: 2011/2017 2054/2092
 200   0.0032765  1.7454e-05      535  536  535     1    19      1  2.9e-13  1.9e-15
 201   0.0032939  1.7454e-05      537  538  537     1    19      1  3.2e-13  6.5e-16
   -      0.0033           - out
 202   0.0033289  3.4909e-05      541  542  541     1    19      1  2.6e-13    4e-15
 203   0.0033603  3.1418e-05      543  544  543     1    19      1    2e-13    2e-15
------     当前进度:  69 % - 矩阵分解
Memory: 2013/2017 2057/2092
 204   0.0033917  3.1418e-05      545  546  545     1    19      1  2.6e-13  2.3e-15
   -      0.0034           - out
 205   0.0034231  3.1418e-05      547  548  547     1    19      1  2.8e-13    2e-15
 206   0.0034412  1.8089e-05      553  554  553     1    20      1    4e-13  4.9e-15
 207   0.0034593  1.8089e-05      555  556  555     1    20      1  1.7e-13  2.1e-15
-------    当前进度:  71 % - 约束处理
 208   0.0034774  1.8089e-05      557  558  557     1    20      1    7e-13    6e-16
 209   0.0034955  1.8089e-05      559  560  559     1    20      1  4.2e-13  7.2e-16
   -      0.0035           - out
 210   0.0035136  1.8089e-05      561  562  561     1    20      1  3.5e-13  3.2e-15
 211   0.0035316  1.8089e-05      563  564  563     1    20      1  3.9e-13  5.8e-15
 212   0.0035497  1.8089e-05      565  566  565     1    20      1  3.2e-13  1.4e-15
 213   0.0035859  3.6179e-05      567  568  567     1    20      1  4.4e-13  4.2e-16
   -      0.0036           - out
 214   0.0036221  3.6179e-05      569  570  569     1    20      1  4.4e-13  1.1e-15
-------    当前进度:  74 % - 
 215   0.0036412  1.9125e-05      574  575  574     1    21      1  2.7e-13  5.1e-15
 216   0.0036603  1.9125e-05      576  577  576     1    21      1  3.2e-13  2.5e-15
 217   0.0036795  1.9125e-05      578  579  578     1    21      1  3.8e-13  6.7e-16
 218   0.0036986  1.9125e-05      580  581  580     1    21      1  1.9e-13  1.2e-15
   -      0.0037           - out
 219   0.0037177  1.9125e-05      582  583  582     1    21      1  3.3e-13  2.4e-15
-------    当前进度:  76 % - 正在组装残差
 220   0.0037368  1.9125e-05      584  585  584     1    21      1  4.7e-13  5.6e-15
 221    0.003756  1.9125e-05      586  587  586     1    21      1  3.1e-13  1.4e-15
 222   0.0037751  1.9125e-05      588  589  588     1    21      1  8.6e-13  3.6e-16
   -      0.0038           - out
 223   0.0038133   3.825e-05      590  591  590     1    21      1    3e-13    3e-15
 224   0.0038466  3.3232e-05      594  595  594     1    21      1  1.9e-13    1e-15
-------    当前进度:  78 % - 组装矩阵
 225   0.0038703  2.3677e-05      596  597  596     1    21      1  4.6e-13  1.6e-15
 226   0.0038939  2.3677e-05      598  599  598     1    21      1  1.4e-12  4.5e-16
   -      0.0039           - out
 227   0.0039176  2.3677e-05      600  601  600     1    21      1  3.3e-13  2.1e-15
 228   0.0039413  2.3677e-05      602  603  602     1    21      1  5.2e-13  2.5e-15
 229    0.003965  2.3677e-05      604  605  604     1    21      1  3.8e-13  3.8e-15
 230   0.0039886  2.3677e-05      606  607  606     1    21      1  5.9e-13  7.1e-16
--------   当前进度:  81 % - 矩阵分解
Memory: 2011/2017 2055/2092
   -       0.004           - out
 231   0.0040123  2.3677e-05      608  609  608     1    21      1  3.1e-13  1.6e-15
 232    0.004036  2.3677e-05      610  611  610     1    21      1  5.1e-13  1.8e-15
 233   0.0040597  2.3677e-05      612  613  612     1    21      1  3.1e-13    5e-15
 234   0.0040805  2.0834e-05      614  615  614     1    21      1  3.2e-13  1.8e-15
   -      0.0041           - out
 235   0.0041013  2.0834e-05      616  617  616     1    21      1  4.7e-13  1.1e-15
 236   0.0041222  2.0834e-05      618  619  618     1    21      1    2e-12  4.7e-16
 237    0.004143  2.0834e-05      620  621  620     1    21      1    5e-13  2.1e-15
 238   0.0041638  2.0834e-05      622  623  622     1    21      1  3.4e-13    6e-15
--------   当前进度:  84 % - 矩阵分解
 239   0.0041847  2.0834e-05      624  625  624     1    21      1  6.4e-13    1e-15
   -      0.0042           - out
 240   0.0042055  2.0834e-05      626  627  626     1    21      1  8.5e-13    3e-16
 241   0.0042472  4.1668e-05      628  629  628     1    21      1  3.3e-13  2.2e-15
 242   0.0042679  2.0692e-05      633  634  633     1    22      1  3.6e-13  5.1e-15
--------   当前进度:  86 % - 矩阵分解
Memory: 2012/2017 2056/2092
 243   0.0042886  2.0692e-05      635  636  635     1    22      1    4e-13  2.8e-15
   -      0.0043           - out
 244   0.0043092  2.0692e-05      637  638  637     1    22      1  1.6e-12  5.4e-16
 245   0.0043299  2.0692e-05      639  640  639     1    22      1  3.7e-13  1.4e-15
 246   0.0043506  2.0692e-05      641  642  641     1    22      1  3.5e-13    3e-15
 247   0.0043713  2.0692e-05      643  644  643     1    22      1  2.8e-13  6.5e-15
 248    0.004392  2.0692e-05      645  646  645     1    22      1    4e-13  1.7e-15
   -      0.0044           - out
 249   0.0044127  2.0692e-05      647  648  647     1    22      1  1.3e-12  3.6e-16
--------   当前进度:  89 % - 矩阵分解
Memory: 2013/2017 2057/2092
 250   0.0044541  4.1384e-05      649  650  649     1    22      1  4.3e-13  2.5e-15
 251   0.0044759   2.182e-05      654  655  654     1    23      1    4e-13  5.2e-15
 252   0.0044977   2.182e-05      656  657  656     1    23      1  2.8e-13  3.2e-15
   -      0.0045           - out
 253   0.0045174  1.9638e-05      658  659  658     1    23      1  1.5e-12  6.6e-16
 254    0.004537  1.9638e-05      660  661  660     1    23      1    5e-13  1.8e-15
 255   0.0045566  1.9638e-05      662  663  662     1    23      1  2.9e-13  1.3e-15
---------  当前进度:  92 % - 
 256   0.0045763  1.9638e-05      664  665  664     1    23      1  3.7e-13  3.2e-15
   -      0.0046           - out
 257   0.0046156  3.9276e-05      666  667  666     1    23      1  2.9e-13  5.3e-15
 258   0.0046509  3.5304e-05      668  669  668     1    23      1    2e-13  9.2e-16
 259   0.0046862  3.5304e-05      670  671  670     1    23      1  2.4e-13    2e-15
   -      0.0047           - out
 260   0.0047061  1.9882e-05      675  676  675     1    24      1  4.7e-13  5.8e-15
 261   0.0047259  1.9882e-05      677  678  677     1    24      1  3.4e-13  3.1e-15
---------  当前进度:  95 % - 
 262   0.0047458  1.9882e-05      679  680  679     1    24      1  4.3e-12  5.5e-16
 263   0.0047657  1.9882e-05      681  682  681     1    24      1  4.9e-13  1.6e-15
 264   0.0047856  1.9882e-05      683  684  683     1    24      1  3.2e-13    3e-15
   -      0.0048           - out
 265   0.0048055  1.9882e-05      685  686  685     1    24      1  4.7e-13  5.5e-15
 266   0.0048253  1.9882e-05      687  688  687     1    24      1  6.2e-13  1.7e-15
 267   0.0048452  1.9882e-05      689  690  689     1    24      1  8.9e-13  4.4e-16
 268    0.004885  3.9764e-05      691  692  691     1    24      1  4.1e-13  2.9e-15
---------  当前进度:  98 % - 矩阵分解
   -      0.0049           - out
 269   0.0049197  3.4735e-05      695  696  695     1    24      1  4.9e-13  3.4e-15
 270   0.0049474  2.7662e-05      697  698  697     1    24      1  3.9e-13  2.3e-15
 271   0.0049723  2.4896e-05      699  700  699     1    24      1  3.5e-13  6.8e-16
 272   0.0049972  2.4896e-05      701  702  701     1    24      1  5.8e-13  2.2e-15
   -       0.005           - out
 273   0.0050221  2.4896e-05      703  704  703     1    24      1  6.6e-13  2.5e-15
时间步进已完成。
---------- 当前进度: 100 % - 
Memory: 2011/2017 2055/2092
求解时间：16 s。
物理内存: 2.01 GB
虚拟内存: 2.09 GB
结束时间：2026年8月9日 01:26:58。
----- 研究 4/解 10 (sol10) 中的“瞬态求解器 1” ------------------------------------------->
           当前进度:   3 % - 生成方程
Memory: 1804/2017 1858/2094
<---- 研究 4/解 10 (sol10) 中的“编译方程: 瞬态” -------------------------------------------
开始于 2026年8月9日 01:27:04。
几何形函数: 线性拉格朗日单元
几何形函数: 线性拉格朗日单元
几何形函数: 线性拉格朗日单元
几何形函数: 二次拉格朗日单元
几何形函数: 二次拉格朗日单元
几何形函数: 二次拉格朗日单元
几何形函数: 二次拉格朗日单元
几何形函数: 线性拉格朗日单元
在 AMD64 Family 25 Model 80 Stepping 0, AuthenticAMD 上运行。
在以下位置使用 1 个插槽： Pokemon 上（共 8 个内核）。
可用内存：15.77 GB。
           当前进度:   4 % - 编译方程: 瞬态
Memory: 2010/2017 2055/2094
           当前进度:   5 % - 编译方程: 瞬态
           当前进度:   5 % - 正在创建可视化网格
Memory: 2046/2048 2088/2094
时间：8。
物理内存: 2.05 GB
虚拟内存: 2.09 GB
结束时间：2026年8月9日 01:27:12。
----- 研究 4/解 10 (sol10) 中的“编译方程: 瞬态” ------------------------------------------>
<---- 研究 4/解 10 (sol10) 中的“因变量 1” ----------------------------------------------
开始于 2026年8月9日 01:27:12。
           当前进度:   5 % - 因变量 1
Memory: 2046/2048 2087/2094
求解时间：0 s。
物理内存: 2.05 GB
虚拟内存: 2.09 GB
结束时间：2026年8月9日 01:27:12。
----- 研究 4/解 10 (sol10) 中的“因变量 1” --------------------------------------------->
<---- 研究 4/解 10 (sol10) 中的“瞬态求解器 1” --------------------------------------------
开始于 2026年8月9日 01:27:12。
瞬态求解器 (BDF)
求解的自由度数：2660（加上 480 个内部自由度）。
找到非对称矩阵。
缩放因变量：
压力 (comp_ssc_wetting.pWet): 0.31
体积分数 (comp_ssc_wetting.s2): 1
Step        Time    Stepsize      Res  Jac  Sol Order Tfail NLfail   LinErr   LinRes
           当前进度:   7 % - 正在组装残差
Memory: 2042/2052 2083/2127
   0           0           - out    9   10    9                  0  1.6e-13  4.4e-15
   1  1.7726e-07  1.6726e-07       11   12   11     1     0      0  1.8e-13  5.6e-15
   2  3.4451e-07  1.6726e-07       12   13   12     1     0      0    1e-13  4.9e-15
           当前进度:   7 % - 组装矩阵
   3  5.2381e-07   1.793e-07       17   18   17     2     1      0  3.3e-13  9.3e-16
           当前进度:   7 % - 矩阵分解
Memory: 2042/2052 2082/2127
   4  5.6155e-07  3.7737e-08       28   29   28     2     3      0  2.8e-13  6.1e-15
   5  6.0663e-07  4.5081e-08       39   40   39     2     4      0  1.5e-13  5.2e-15
           当前进度:   7 % - 正在组装残差
Memory: 2043/2052 2083/2127
           当前进度:   7 % - 矩阵分解
   6  6.0672e-07   8.813e-11       80   81   80     1     7      2  1.5e-13  5.5e-15
   7  6.0677e-07  5.5312e-11       84   85   84     1     8      2  1.5e-13  5.7e-15
   8  6.0682e-07  4.5311e-11       86   87   86     1     8      2    2e-13  5.4e-15
   9  6.0691e-07  9.0622e-11       88   89   88     1     8      2  1.1e-13  5.6e-15
  10  6.0709e-07  1.8124e-10       90   91   90     1     8      2  1.3e-13  5.5e-15
  11  6.0745e-07  3.6249e-10       91   92   91     1     8      2  1.1e-13  5.7e-15
  12  6.0818e-07  7.2497e-10       92   93   92     1     8      2  1.3e-13  5.3e-15
           当前进度:   7 % - 组装矩阵
  13  6.0963e-07  1.4499e-09       93   94   93     1     8      2  1.4e-13  5.8e-15
  14  6.1253e-07  2.8999e-09       94   95   94     1     8      2  1.8e-13  5.7e-15
  15  6.1833e-07  5.7998e-09       95   96   95     1     8      2  1.8e-13  5.5e-15
  16  6.2993e-07    1.16e-08       96   97   96     1     8      2  5.4e-13  3.9e-15
  17  6.5312e-07  2.3199e-08       97   98   97     1     8      2  1.7e-13  7.2e-15
  18  6.7532e-07  2.2191e-08      103  104  103     1     9      2  2.2e-13    1e-14
  19  6.9608e-07  2.0765e-08      109  110  109     1    10      2  3.1e-13  3.7e-16
           当前进度:   7 % - 
  20  7.1573e-07  1.9647e-08      115  116  115     1    11      2  1.5e-13  9.3e-15
  21   7.346e-07  1.8874e-08      121  122  121     1    12      2  1.9e-13  7.9e-15
  22  7.5416e-07  1.9557e-08      132  133  132     1    13      2  1.9e-13  5.1e-15
           当前进度:   7 % - 组装矩阵
  23  7.7763e-07  2.3468e-08      143  144  143     1    13      3  2.2e-13  5.2e-15
           当前进度:   7 % - 正在组装残差
  24  7.9804e-07  2.0417e-08      164  165  164     1    13      5  4.9e-13  6.7e-15
  25  8.1846e-07  2.0417e-08      165  166  165     1    13      5  3.1e-13    2e-15
  26  8.3888e-07  2.0417e-08      166  167  166     1    13      5  4.7e-13  1.4e-15
  27   8.593e-07  2.0417e-08      167  168  167     1    13      5  3.2e-13  6.1e-16
  28  8.7971e-07  2.0417e-08      168  169  168     1    13      5  5.1e-13  5.9e-16
  29  9.0013e-07  2.0417e-08      169  170  169     1    13      5  4.3e-13  5.8e-16
  30  9.2055e-07  2.0417e-08      170  171  170     2    13      5  2.4e-13  1.1e-14
  31  9.4097e-07  2.0417e-08      171  172  171     2    13      5  1.8e-13  6.2e-15
  32  9.6138e-07  2.0417e-08      172  173  172     1    13      5  3.4e-13  2.3e-15
  33   9.818e-07  2.0417e-08      173  174  173     1    13      5  3.9e-13  1.4e-15
  34  1.0022e-06  2.0417e-08      174  175  174     1    13      5  4.9e-13  1.8e-15
  35  1.0431e-06  4.0835e-08      175  176  175     2    13      5  1.9e-13  5.2e-15
           当前进度:   7 % - 组装矩阵
  36  1.0916e-06  4.8574e-08      181  182  181     2    14      5  1.7e-13  4.6e-15
  37  1.1282e-06  3.6619e-08      186  187  186     1    15      5  2.7e-13  2.4e-15
  38  1.1676e-06  3.9402e-08      193  194  193     1    16      5  1.8e-13  1.7e-15
  39  1.2092e-06  4.1527e-08      203  204  203     1    17      5  1.8e-13  1.8e-15
  40   1.253e-06  4.3864e-08      214  215  214     1    18      5  1.1e-13  6.9e-16
  41  1.2993e-06  4.6289e-08      225  226  225     1    19      5  1.4e-13  4.5e-16
           当前进度:   7 % - 
  42  1.3481e-06  4.8793e-08      236  237  236     1    20      5  2.4e-13  5.6e-16
  43  1.3995e-06  5.1385e-08      247  248  247     1    21      5  1.8e-13  5.4e-16
           当前进度:   7 % - 组装矩阵
  44  1.4535e-06   5.403e-08      257  258  257     1    22      5  2.3e-13  5.4e-16
  45  1.5021e-06  4.8565e-08      264  265  264     1    23      5  4.4e-13  6.2e-16
           当前进度:   7 % - 求解线性方程组
  46  1.5541e-06  5.2046e-08      273  274  273     1    24      5  3.2e-13  3.9e-16
  47  1.6109e-06  5.6736e-08      282  283  282     1    25      5  1.5e-13  4.9e-16
           当前进度:   7 % - 
  48  1.6715e-06  6.0604e-08      291  292  291     1    26      5  2.6e-13  4.8e-16
  49  1.7352e-06  6.3737e-08      300  301  300     1    27      5    2e-13  5.3e-16
  50  1.8003e-06  6.5048e-08      310  311  310     1    28      5  2.2e-13  6.1e-16
           当前进度:   7 % - 矩阵分解
  51  1.8697e-06  6.9457e-08      319  320  319     1    29      5  2.2e-13  5.6e-16
  52  1.9407e-06  7.1011e-08      329  330  329     1    30      5  1.3e-13  6.4e-16
           当前进度:   7 % - 正在组装残差
  53  2.0167e-06  7.5962e-08      338  339  338     1    31      5  1.4e-13  5.4e-16
  54  2.0942e-06  7.7474e-08      348  349  348     1    32      5    2e-13  4.7e-16
  55  2.1811e-06  8.6926e-08      355  356  355     1    33      5  1.3e-13  6.2e-16
           当前进度:   7 % - 矩阵分解
  56  2.2728e-06  9.1717e-08      362  363  362     1    34      5  1.1e-13  1.9e-15
  57  2.3528e-06   7.997e-08      368  369  368     1    35      5  3.1e-13  1.9e-15
           当前进度:   7 % - 组装矩阵
  58  2.4488e-06  9.5964e-08      379  380  379     1    35      6    3e-13  5.9e-16
  59   2.562e-06  1.1324e-07      380  381  380     1    35      6  2.5e-13  6.3e-16
  60  2.6956e-06  1.3362e-07      381  382  381     1    35      6    1e-13  4.5e-16
  61  2.7852e-06   8.954e-08      390  391  390     1    36      6  1.2e-13  1.3e-15
  62  2.8908e-06  1.0566e-07      391  392  391     1    36      6  1.2e-13  1.3e-15
  63  3.0155e-06  1.2468e-07      392  393  392     1    36      6  1.7e-13    6e-16
  64  3.1626e-06  1.4712e-07      393  394  393     1    36      6  1.5e-13  5.4e-16
  65  3.2906e-06  1.2799e-07      404  405  404     1    36      7  3.2e-13  1.2e-15
  66  3.4186e-06  1.2799e-07      405  406  405     1    36      7  1.8e-13  1.5e-15
  67  3.5466e-06  1.2799e-07      406  407  406     1    36      7  1.5e-13  1.4e-15
  68  3.6746e-06  1.2799e-07      407  408  407     2    36      7  1.7e-13  7.3e-15
  69  3.8026e-06  1.2799e-07      408  409  408     1    36      7  1.7e-13    3e-15
  70  3.9305e-06  1.2799e-07      409  410  409     1    36      7  2.2e-13  1.3e-15
  71  4.0585e-06  1.2799e-07      410  411  410     1    36      7  1.4e-13  1.6e-15
  72  4.1865e-06  1.2799e-07      411  412  411     2    36      7  1.3e-13  5.4e-16
  73  4.3145e-06  1.2799e-07      412  413  412     2    36      7  1.3e-13    1e-15
  74  4.4425e-06  1.2799e-07      413  414  413     2    36      7  1.6e-13  1.1e-15
  75  4.5705e-06  1.2799e-07      414  415  414     2    36      7  1.5e-13  8.3e-15
           当前进度:   7 % - 
  76  4.7241e-06  1.5359e-07      425  426  425     2    36      8  1.2e-13  1.8e-15
  77  4.9053e-06  1.8124e-07      426  427  426     1    36      8    3e-13    2e-15
           当前进度:   7 % - 正在组装残差
  78   5.063e-06  1.5768e-07      437  438  437     1    36      9    2e-13  1.1e-15
  79  5.2207e-06  1.5768e-07      438  439  438     1    36      9  2.4e-13  8.3e-16
  80  5.3784e-06  1.5768e-07      439  440  439     1    36      9  1.8e-13  1.2e-15
  81  5.4178e-06  3.9419e-08      450  451  450     2    36     10  1.8e-13  4.9e-15
  82  5.4572e-06  3.9419e-08      451  452  451     2    36     10  2.6e-13  5.9e-15
  83  5.4966e-06  3.9419e-08      452  453  452     2    36     10    2e-13  2.5e-15
  84   5.536e-06  3.9419e-08      453  454  453     2    36     10  1.8e-13  6.4e-15
  85  5.5755e-06  3.9419e-08      454  455  454     1    36     10  1.6e-13  4.4e-15
  86  5.6149e-06  3.9419e-08      455  456  455     1    36     10  1.6e-13  1.7e-15
  87  5.6543e-06  3.9419e-08      456  457  456     1    36     10  2.8e-13  2.2e-15
           当前进度:   7 % - 
  88  5.6937e-06  3.9419e-08      457  458  457     1    36     10  1.4e-13    1e-15
  89  5.7725e-06  7.8838e-08      458  459  458     1    36     10  8.7e-14  4.4e-15
  90  5.9302e-06  1.5768e-07      459  460  459     1    36     10  1.6e-13  1.7e-15
  91  6.1194e-06  1.8921e-07      470  471  470     1    36     11    8e-14  4.9e-16
           当前进度:   7 % - 组装矩阵
  92  6.1606e-06  4.1153e-08      503  504  503     1    36     14  1.3e-13  1.5e-15
  93  6.2017e-06  4.1153e-08      504  505  504     1    36     14  1.3e-13  3.5e-15
  94  6.2429e-06  4.1153e-08      505  506  505     1    36     14  1.7e-13  3.5e-15
  95   6.284e-06  4.1153e-08      506  507  506     1    36     14  1.2e-13  3.8e-15
  96  6.3252e-06  4.1153e-08      507  508  507     1    36     14  1.1e-13  5.4e-15
  97  6.3664e-06  4.1153e-08      508  509  508     1    36     14  1.3e-13  2.2e-15
  98  6.4075e-06  4.1153e-08      509  510  509     2    36     14  1.6e-13  8.5e-15
  99  6.4487e-06  4.1153e-08      510  511  510     2    36     14  3.4e-13  3.8e-15
 100  6.4898e-06  4.1153e-08      511  512  511     1    36     14  1.7e-13    2e-15
 101   6.531e-06  4.1153e-08      512  513  512     1    36     14  2.6e-13  1.3e-15
 102  6.5721e-06  4.1153e-08      513  514  513     1    36     14  1.3e-13  1.1e-15
 103  6.6544e-06  8.2306e-08      514  515  514     2    36     14  2.4e-13  8.1e-15
           当前进度:   7 % - 正在组装残差
 104   6.726e-06  7.1607e-08      535  536  535     2    36     16  2.2e-13  4.1e-15
 105  6.7976e-06  7.1607e-08      540  541  540     1    36     16  1.7e-13  1.3e-14
 106  6.8692e-06  7.1607e-08      542  543  542     1    36     16  2.6e-13  6.5e-15
           当前进度:   7 % - 矩阵分解
 107  6.8871e-06  1.7902e-08      555  556  555     1    36     17  1.6e-13  7.4e-15
           当前进度:   7 % - 正在组装残差
 108  6.8883e-06  1.1189e-09      580  581  580     1    36     19  1.9e-13  1.3e-14
 109  6.8894e-06  1.1189e-09      582  583  582     1    36     19  2.3e-13  3.1e-15
           当前进度:   7 % - 求解线性方程组
 110  6.8905e-06  1.1189e-09      584  585  584     1    36     19  1.5e-13  3.4e-15
 111  6.8916e-06  1.1189e-09      585  586  585     1    36     19  1.7e-13  4.5e-15
 112  6.8927e-06  1.1189e-09      586  587  586     1    36     19  1.5e-13  3.5e-15
 113  6.8939e-06  1.1189e-09      587  588  587     1    36     19  1.7e-13  9.2e-16
 114   6.895e-06  1.1189e-09      588  589  588     1    36     19  1.8e-13  1.3e-14
 115  6.8972e-06  2.2377e-09      589  590  589     1    36     19  2.1e-13  8.1e-15
 116  6.9017e-06  4.4754e-09      590  591  590     1    36     19  2.6e-13  2.8e-15
 117  6.9106e-06  8.9508e-09      591  592  591     1    36     19  2.2e-13  5.5e-16
 118  6.9285e-06  1.7902e-08      592  593  592     1    36     19  1.2e-13  3.8e-16
 119  6.9643e-06  3.5803e-08      593  594  593     1    36     19  2.1e-13  4.4e-16
           当前进度:   7 % - 正在组装残差
 120  6.9955e-06  3.1149e-08      614  615  614     1    36     21    2e-13  3.6e-16
 121  7.0266e-06  3.1149e-08      619  620  619     1    36     21  1.6e-13    1e-14
 122  7.0578e-06  3.1149e-08      621  622  621     1    36     21  1.5e-13    4e-15
 123  7.0889e-06  3.1149e-08      623  624  623     1    36     21  1.1e-13  5.4e-15
 124  7.1201e-06  3.1149e-08      625  626  625     1    36     21  1.4e-13  6.4e-15
 125  7.1512e-06  3.1149e-08      627  628  627     2    36     21  1.5e-13  1.5e-14
           当前进度:   7 % - 
 126  7.1824e-06  3.1149e-08      629  630  629     2    36     21  3.4e-13  1.9e-15
 127  7.2135e-06  3.1149e-08      631  632  631     1    36     21  2.7e-13    1e-14
 128  7.2447e-06  3.1149e-08      633  634  633     1    36     21  9.2e-14  5.3e-15
 129  7.2758e-06  3.1149e-08      635  636  635     1    36     21    2e-13  4.1e-15
 130   7.307e-06  3.1149e-08      637  638  637     2    36     21  1.7e-13  1.3e-14
 131  7.3693e-06  6.2298e-08      639  640  639     2    36     21  1.4e-13  1.3e-14
           当前进度:   7 % - 组装矩阵
           当前进度:   7 % - 
 132  7.3709e-06   1.635e-09      675  676  675     1    37     23    2e-13  1.3e-14
 133  7.3728e-06  1.8513e-09      679  680  679     1    38     23  1.8e-13  5.8e-15
 134  7.3744e-06  1.6661e-09      681  682  681     1    38     23  1.1e-13  1.5e-14
 135  7.3761e-06  1.6661e-09      682  683  682     1    38     23  3.6e-13  4.5e-16
 136  7.3794e-06  3.3323e-09      684  685  684     1    38     23    5e-13  6.4e-15
 137  7.3861e-06  6.6646e-09      686  687  686     1    38     23  2.1e-13  2.4e-15
 138  7.3928e-06  6.6646e-09      688  689  688     1    38     23  1.7e-13  2.8e-15
 139  7.4061e-06  1.3329e-08      690  691  690     1    38     23  1.3e-13  7.6e-15
           当前进度:   7 % - 组装矩阵
 140  7.4094e-06  3.3323e-09      709  710  709     1    38     24  4.9e-13  1.4e-14
 141  7.4161e-06  6.6646e-09      711  712  711     1    38     24  1.7e-13  1.3e-14
           当前进度:   7 % - 
           当前进度:   7 % - 矩阵分解
 141  7.4161e-06  6.6646e-09 out  811  812  811     1    38     34  3.3e-13  1.2e-14
---------- 当前进度: 100 % - 
Memory: 2041/2052 2081/2127
求解时间：11 s。
物理内存: 2.05 GB
虚拟内存: 2.09 GB
结束时间：2026年8月9日 01:27:24。
----- 研究 4/解 10 (sol10) 中的“瞬态求解器 1” ------------------------------------------->

/***************/
/*****错误********/
/***************/
运行 Java 类时出错。
以下特征遇到问题：
 - 特征: 瞬态求解器 1 (sol10/t1)
非线性求解器不收敛。
达到最大牛顿迭代次数。
时间：7.4160884194654679e-06。
最后一个时步不收敛。
以下特征遇到问题：
 - 类: LiNRR_M10A2_SSC_Pipe_Wetting
总时间: 182 s.
