*******************************************
***COMSOL 6.4.0.293 progress output file***
*******************************************
Sun Aug 09 00:08:18 CST 2026
COMSOL Multiphysics 6.4 (开发版本: 293) 在批处理模式下启动
正在运行: F:\LiNRR_COMSOL\worktrees\LiNRR_M10A2\src\java\LiNRR_M10A1_1_ResultRepair.class

/***************/
/*****错误********/
/***************/
运行 Java 类时出错。
无法计算表达式。
未定义变量。
 - 变量: nx
 - 几何: geom_electrolyte_fluid
 - 域: 1
无法计算变量。
 - 变量: comp_electrolyte_flow.tauw_liq_test
 - 定义为: sqrt((((mu_liq_test*(((((2*comp_electrolyte_flow.ux)*nx)+((comp_electrolyte_flow.uy+comp_electrolyte_flow.vx)*ny))+((comp_electrolyte_flow.uz+comp_electrolyte_flow.wx)*nz))-(nx*(((nx*((((2*comp_electrolyte_flow.ux)*nx)+((comp_electrolyte_flow.uy+comp_electrolyte_flow.vx)*ny))+((comp_electrolyte_flow.uz+comp_electrolyte_flow.wx)*nz)))+(ny*(((nx*(comp_electrolyte_flow.uy+comp_electrolyte_flow.vx))+(ny*(2*comp_electrolyte_flow.vy)))+(nz*(comp_electrolyte_flow.vz+comp_electrolyte_flow.wy)))))+(nz*(((nx*(comp_electrolyte_flow.uz+comp_electrolyte_flow.wx))+(ny*(comp_electrolyte_flow.vz+comp_electrolyte_flow.wy)))+(nz*(2*comp_electrolyte_flow.wz))))))))^2)+((mu_liq_test*((((nx*(comp_electrolyte_flow.uy+comp_electrolyte_flow.vx))+(ny*(2*comp_electrolyte_flow.vy)))+(nz*(comp_electrolyte_flow.vz+comp_electrolyte_flow.wy)))-(ny*(((nx*((((2*comp_electrolyte_flow.ux)*nx)+((comp_electrolyte_flow.uy+comp_electrolyte_flow.vx)*ny))+((comp_electrolyte_flow.uz+comp_electrolyte_flow.wx)*nz)))+(ny*(((nx*(comp_electrolyte_flow.uy+comp_electrolyte_flow.vx))+(ny*(2*comp_electrolyte_flow.vy)))+(nz*(comp_electrolyte_flow.vz+comp_electrolyte_flow.wy)))))+(nz*(((nx*(comp_electrolyte_flow.uz+comp_electrolyte_flow.wx))+(ny*(comp_electrolyte_flow.vz+comp_electrolyte_flow.wy)))+(nz*(2*comp_electrolyte_flow.wz))))))))^2))+((mu_liq_test*((((nx*(comp_electrolyte_flow.uz+comp_electrolyte_flow.wx))+(ny*(comp_electrolyte_flow.vz+comp_electrolyte_flow.wy)))+(nz*(2*comp_electrolyte_flow.wz)))-(nz*(((nx*((((2*comp_electrolyte_flow.ux)*nx)+((comp_electrolyte_flow.uy+comp_electrolyte_flow.vx)*ny))+((comp_electrolyte_flow.uz+comp_electrolyte_flow.wx)*nz)))+(ny*(((nx*(comp_electrolyte_flow.uy+comp_electrolyte_flow.vx))+(ny*(2*comp_electrolyte_flow.vy)))+(nz*(comp_electrolyte_flow.vz+comp_electrolyte_flow.wy)))))+(nz*(((nx*(comp_electrolyte_flow.uz+comp_electrolyte_flow.wx))+(ny*(comp_electrolyte_flow.vz+comp_electrolyte_flow.wy)))+(nz*(2*comp_electrolyte_flow.wz))))))))^2))
无法计算表达式。
 - 表达式: comp_electrolyte_flow.tauw_liq_test
无法计算算子。
 - 算子: mean
 - 几何: geom_electrolyte_fluid
 - 边界: 73-87
无法计算表达式。
 - 表达式: mean(comp_electrolyte_flow.tauw_liq_test)
无法计算变量。
 - 变量: comp_electrolyte_flow.tauw_liq_test
 - 几何: geom_electrolyte_fluid
 - 边界: 73-87
无法计算表达式。
 - 表达式: real(comp_electrolyte_flow.tauw_liq_test)
无法计算表达式。
 - 表达式: real(comp_electrolyte_flow.tauw_liq_test)
 - 特征: 表面最大值 9
无法计算表达式。
 - 类: LiNRR_M10A1_1_ResultRepair
总时间: 29 s.
