*******************************************
***COMSOL 6.4.0.293 progress output file***
*******************************************
Sun Aug 09 00:59:55 CST 2026
COMSOL Multiphysics 6.4 (开发版本: 293) 在批处理模式下启动
正在运行: F:\LiNRR_COMSOL\worktrees\LiNRR_M10A2\src\java\LiNRR_M10A2_SSC_Pipe_Wetting.class
---------- 当前进度: 100 % - 正在分析几何
Memory: 716/742 757/775
---------- 当前进度: 100 % - 正在更新选择
Memory: 738/742 781/783
           当前进度:   0 % - 导入
Memory: 741/761 784/802
           当前进度:   0 % - 正在导入“STEP”
Memory: 751/761 790/802
Header : Author::Unknown
Header : Authorization::Unknown
Header : Description::STEP AP203
Header : File Name::block_currentCollector_flowField_v03.2.1_20210525_STEP-AP203.STEP
Header : Implementation Level::1
Header : Organization::Unknown
Header : Originating System::SolidWorks 2022
Header : Preprocessor Version::SwSTEP 2.0
Header : Schema::CONFIG_CONTROL_DESIGN
Header : Time Stamp::2023-09-28T11:10:23
Begin CAD File Read 'F:/LiNRR_COMSOL/worktrees/LiNRR_M10A2/cad/raw/M10A0_2/block_currentCollector_flowField_v03.2.1_20210525_STEP-AP203.STEP'
  
      Summary of STEP Entities
  
Entity Type                                                   Count
-----------                                                   ------
advanced_brep_shape_representation .......................:   1
advanced_face ............................................:   135
application_context ......................................:   2
application_protocol_definition ..........................:   2
applied_approval_assignment ..............................:   3
applied_date_and_time_assignment .........................:   2
applied_person_and_organization_assignment ...............:   5
applied_security_classification_assignment ...............:   1
approval .................................................:   3
approval_date_time .......................................:   3
approval_person_organization .............................:   3
approval_role ............................................:   3
approval_status ..........................................:   3
axis2_placement_3d .......................................:   296
calendar_date ............................................:   5
cartesian_point ..........................................:   753
circle ...................................................:   160
closed_shell .............................................:   1
conical_surface ..........................................:   6
coordinated_universal_time_offset ........................:   5
cylindrical_surface ......................................:   78
date_and_time ............................................:   5
date_time_role ...........................................:   2
direction ................................................:   804
edge_curve ...............................................:   372
edge_loop ................................................:   167
face_bound ...............................................:   32
face_outer_bound .........................................:   135
geometric_representation_context_and_global_uncertainty_a :   1
length_unit_and_si_unit ..................................:   1
line .....................................................:   212
local_time ...............................................:   5
manifold_solid_brep ......................................:   1
organization .............................................:   1
oriented_edge ............................................:   744
person ...................................................:   1
person_and_organization ..................................:   8
person_and_organization_role .............................:   5
plane ....................................................:   51
plane_angle_unit_and_si_unit .............................:   1
product ..................................................:   1
product_context ..........................................:   1
product_definition .......................................:   1
product_definition_context ...............................:   1
product_definition_formation_with_specified_source .......:   1
product_definition_shape .................................:   1
product_related_product_category .........................:   1
security_classification ..................................:   1
security_classification_level ............................:   1
shape_definition_representation ..........................:   1
si_unit_and_solid_angle_unit .............................:   1
uncertainty_measure_with_unit ............................:   1
vector ...................urve ...............................
-----      当前进度:  50 % - 正在导入“STEP”
Memory: 762/768 802/808
................:   372
edge_loop ................................................:   167
face_bound ...............................................:   32
face_outer_bound .........................................:   135
geometric_representation_context_and_global_uncertainty_a :   1
length_unit_and_si_unit ..................................:   1
line .....................................................:   212
local_time ...............................................:   5
manifold_solid_brep ......................................:   1
organization .............................................:   1
oriented_edge ............................................:   744
person ...................................................:   1
person_and_organization ..................................:   8
person_and_organization_role .............................:   5
plane ....................................................:   51
plane_angle_unit_and_si_unit .............................:   1
product ..................................................:   1
product_context ..........................................:   1
product_definition .......................................:   1
product_definition_context ...............................:   1
product_definition_formation_with_specified_source .......:   1
product_definition_shape .................................:   1
product_related_product_category .........................:   1
security_classification ..................................:   1
security_classification_level ............................:   1
shape_definition_representation ..........................:   1
si_unit_and_solid_angle_unit .............................:   1
uncertainty_measure_with_unit ............................:   1
vector ...................................................:   212
vertex_point .............................................:   245
                                                             -------
Total                                                         4487
-----      当前进度:  57 % - 正在应用变换
Memory: 727/772 769/811
--------   当前进度:  83 % - 正在应用变换
Memory: 729/772 770/811
           当前进度:   0 % - 旋转 2
Memory: 744/772 777/811
--         当前进度:  20 % - 移动
Memory: 747/772 779/811
---        当前进度:  39 % - 镜像
Memory: 750/772 782/811
-----      当前进度:  59 % - 长方体
Memory: 751/772 783/811
------     当前进度:  61 % - 差集
Memory: 752/772 783/811
------     当前进度:  61 % - 执行布尔操作
Memory: 756/772 785/811
--------   当前进度:  80 % - 形成联合体
Memory: 757/772 785/811
--------   当前进度:  80 % - 执行布尔操作
---------- 当前进度: 100 % - 正在更新选择
---------- 当前进度: 100 % - 正在创建可视化网格
Memory: 727/772 762/811
           当前进度:   0 % - 自由四面体网格
Memory: 832/836 857/861
顶点单元数：148
边单元数：1156
边界单元数：2314
---        当前进度:  35 % - 正在创建初始四面体网格
Memory: 835/848 866/883
---------  当前进度:  94 % - 正在提高单元质量
Memory: 843/848 872/883
单元数：2376
最小单元质量：0.139
---------- 当前进度: 100 % - 正在定型网格
Memory: 819/848 849/883
           当前进度:   2 % - 生成方程
Memory: 846/848 873/883
           当前进度:   3 % - 生成方程
Memory: 1122/1184 1161/1227
<---- 研究 2/解 5 (sol5) 中的“编译方程: 稳态” ---------------------------------------------
开始于 2026年8月9日 01:00:37。
几何形函数: 线性拉格朗日单元
几何形函数: 线性拉格朗日单元
几何形函数: 线性拉格朗日单元
在 AMD64 Family 25 Model 80 Stepping 0, AuthenticAMD 上运行。
在以下位置使用 1 个插槽： Pokemon 上（共 8 个内核）。
可用内存：15.77 GB。
           当前进度:   4 % - 编译方程: 稳态
Memory: 1215/1215 1237/1237
           当前进度:   7 % - 编译方程: 稳态
Memory: 1216/1221 1237/1243
           当前进度:   3 % - 正在创建可视化网格
Memory: 1254/1256 1274/1276
           当前进度:   7 % - 正在创建可视化网格
Memory: 1255/1259 1290/1293
时间：6。
物理内存: 1.26 GB
虚拟内存: 1.3 GB
结束时间：2026年8月9日 01:00:43。
----- 研究 2/解 5 (sol5) 中的“编译方程: 稳态” -------------------------------------------->
<---- 研究 2/解 5 (sol5) 中的“因变量 1” ------------------------------------------------
开始于 2026年8月9日 01:00:43。
           当前进度:   7 % - 因变量 1
Memory: 1250/1262 1281/1296
求解时间：0 s。
物理内存: 1.25 GB
虚拟内存: 1.28 GB
结束时间：2026年8月9日 01:00:43。
----- 研究 2/解 5 (sol5) 中的“因变量 1” ----------------------------------------------->
<---- 研究 2/解 5 (sol5) 中的“稳态求解器 1” ----------------------------------------------
开始于 2026年8月9日 01:00:43。
-          当前进度:  12 % - 稳态求解器 1
Memory: 1234/1270 1270/1303
非线性求解器
求解的自由度数：5017（加上 1 个内部自由度）。
找到非对称矩阵。
缩放因变量：
压力 (comp_h2_flow.pH2): 0.3
速度场 (comp_h2_flow.u3): 1
常微分方程助变量 (comp_h2_flow.spf3.in_h2.Pinl): 0.02
已使用正交零空间函数。
-          当前进度:  12 % - 矩阵分解
Memory: 1264/1270 1309/1313
Iter      SolEst      ResEst     Damping    Stepsize #Res #Jac #Sol   LinErr   LinRes
   1          73          14   0.0100000          74    2    1    2  8.7e-12  4.7e-11
   2         6.6     2.2e+05   0.1000000         7.3    3    2    4    2e-11  2.9e-11
--         当前进度:  29 % - 
Memory: 1289/1289 1328/1328
   3       0.044     1.7e+07   1.0000000        0.72    4    3    6  1.3e-11  1.2e-14
   4      0.0017     1.3e+06   1.0000000       0.036    5    4    8    1e-11  7.3e-15
---------  当前进度:  97 % - 约束处理
Memory: 1326/1326 1372/1380
   5     0.00043     1.4e+03   1.0000000      0.0051    7    5   10    2e-11    1e-14
---------- 当前进度: 100 % - 
求解时间：2 s。
物理内存: 1.33 GB
虚拟内存: 1.41 GB
结束时间：2026年8月9日 01:00:46。
----- 研究 2/解 5 (sol5) 中的“稳态求解器 1” --------------------------------------------->
---------- 当前进度: 100 % - 正在更新选择
Memory: 1336/1339 1366/1411
           当前进度:   0 % - 多边形
           当前进度:   9 % - 形成联合体
----       当前进度:  42 % - 解析域和空区域
Memory: 1337/1339 1366/1411
---------- 当前进度: 100 % - 正在更新选择
---------- 当前进度: 100 % - 正在创建可视化网格
           当前进度:   0 % - 边
Memory: 1342/1352 1371/1411
顶点单元数：2
边界单元数：15
---------- 当前进度: 100 % - 正在创建边界网格
           当前进度:   2 % - 生成方程
Memory: 1347/1352 1375/1411
           当前进度:   3 % - 生成方程
Memory: 1346/1361 1374/1411
<---- 研究 2a/解 6 (sol6) 中的“编译方程: 稳态” --------------------------------------------
开始于 2026年8月9日 01:00:53。
几何形函数: 线性拉格朗日单元
几何形函数: 线性拉格朗日单元
几何形函数: 线性拉格朗日单元
几何形函数: 二次拉格朗日单元
在 AMD64 Family 25 Model 80 Stepping 0, AuthenticAMD 上运行。
在以下位置使用 1 个插槽： Pokemon 上（共 8 个内核）。
可用内存：15.77 GB。
           当前进度:   4 % - 编译方程: 稳态
Memory: 1583/1583 1617/1626
           当前进度:   7 % - 编译方程: 稳态
Memory: 1584/1593 1616/1626
           当前进度:   7 % - 正在创建可视化网格
Memory: 1602/1602 1634/1634
时间：7。
物理内存: 1.61 GB
虚拟内存: 1.64 GB
结束时间：2026年8月9日 01:01:00。
----- 研究 2a/解 6 (sol6) 中的“编译方程: 稳态” ------------------------------------------->
<---- 研究 2a/解 6 (sol6) 中的“因变量 1” -----------------------------------------------
开始于 2026年8月9日 01:01:00。
           当前进度:   7 % - 因变量 1
Memory: 1602/1607 1633/1639
求解时间：0 s。
物理内存: 1.6 GB
虚拟内存: 1.63 GB
结束时间：2026年8月9日 01:01:00。
----- 研究 2a/解 6 (sol6) 中的“因变量 1” ---------------------------------------------->
<---- 研究 2a/解 6 (sol6) 中的“稳态求解器 1” ---------------------------------------------
开始于 2026年8月9日 01:01:00。
-          当前进度:  12 % - 稳态求解器 1
Memory: 1602/1607 1636/1639
非线性求解器
求解的自由度数：61。
找到非对称矩阵。
缩放因变量：
压力 (comp_pipe_n2.p3): 1e+05
切向速度 (comp_pipe_n2.u4): 1.8e+02
已使用正交零空间函数。
Iter      SolEst      ResEst     Damping    Stepsize #Res #Jac #Sol   LinErr   LinRes
   1     3.5e-11     4.1e+03   1.0000000     1.3e+05    2    1    2  1.2e-15  4.4e-16
   2     5.2e-16       0.017   1.0000000     3.2e-11    4    2    4  1.1e-15  1.1e-15
---------- 当前进度: 100 % - 
Memory: 1604/1607 1637/1640
求解时间：2 s。
物理内存: 1.61 GB
虚拟内存: 1.68 GB
结束时间：2026年8月9日 01:01:02。
----- 研究 2a/解 6 (sol6) 中的“稳态求解器 1” -------------------------------------------->

/***************/
/*****错误********/
/***************/
运行 Java 类时出错。
NATIVE VARIABLE NOT FOUND: pfl n2.p
 - 类: LiNRR_M10A2_SSC_Pipe_Wetting
总时间: 67 s.
