*******************************************
***COMSOL 6.4.0.293 progress output file***
*******************************************
Sun Aug 09 02:07:18 CST 2026
COMSOL Multiphysics 6.4 (开发版本: 293) 在批处理模式下启动
正在运行: F:\LiNRR_COMSOL\worktrees\LiNRR_M10A2\src\java\LiNRR_M10A2_SSC_Pipe_Wetting.class
---------- 当前进度: 100 % - 正在分析几何
Memory: 721/730 756/762
---------- 当前进度: 100 % - 正在更新选择
Memory: 754/754 787/787
           当前进度:   0 % - Cathode 316L 500-mesh SSC | homogenized physical domain
Memory: 717/755 749/787
           当前进度:   7 % - Anode PtAu/316L 500-mesh SSC | homogenized physical domain
Memory: 735/755 768/787
-          当前进度:  14 % - 工作平面
-          当前进度:  14 % - 正方形
-          当前进度:  15 % - 正方形 2
-          当前进度:  17 % - 差集
--         当前进度:  28 % - 解析域和空区域
Memory: 736/755 768/787
---        当前进度:  31 % - 形成联合体
Memory: 737/755 768/787
---        当前进度:  31 % - 执行布尔操作
Memory: 741/755 769/787
---------- 当前进度: 100 % - 正在更新选择
Memory: 742/755 770/787
---------- 当前进度: 100 % - 正在创建可视化网格
Memory: 678/755 717/787
           当前进度:   2 % - 生成方程
Memory: 730/755 764/787
           当前进度:   3 % - 生成方程
Memory: 826/862 862/896
<---- Liquid Stationary Flow | NUMERICAL_TEST_ONLY/解 3 (sol3) 中的“编译方程: 稳态” -----
开始于 2026年8月9日 02:07:55。
几何形函数: 线性拉格朗日单元
几何形函数: 线性拉格朗日单元
在 AMD64 Family 25 Model 80 Stepping 0, AuthenticAMD 上运行。
在以下位置使用 1 个插槽： Pokemon 上（共 8 个内核）。
可用内存：15.77 GB。
           当前进度:   7 % - 编译方程: 稳态
Memory: 1014/1018 1040/1049
           当前进度:   3 % - 正在创建可视化网格
Memory: 1058/1059 1083/1085
           当前进度:   7 % - 正在创建可视化网格
Memory: 1058/1059 1082/1085
时间：5。
物理内存: 1.06 GB
虚拟内存: 1.09 GB
结束时间：2026年8月9日 02:08:00。
----- Liquid Stationary Flow | NUMERICAL_TEST_ONLY/解 3 (sol3) 中的“编译方程: 稳态” ---->
<---- Liquid Stationary Flow | NUMERICAL_TEST_ONLY/解 3 (sol3) 中的“因变量 1” --------
开始于 2026年8月9日 02:08:00。
           当前进度:   7 % - 因变量 1
Memory: 1053/1060 1088/1088
求解时间：0 s。
物理内存: 1.05 GB
虚拟内存: 1.09 GB
结束时间：2026年8月9日 02:08:00。
----- Liquid Stationary Flow | NUMERICAL_TEST_ONLY/解 3 (sol3) 中的“因变量 1” ------->
<---- Liquid Stationary Flow | NUMERICAL_TEST_ONLY/解 3 (sol3) 中的“稳态求解器 1” ------
开始于 2026年8月9日 02:08:00。
-          当前进度:  12 % - 稳态求解器 1
Memory: 1060/1064 1090/1095
非线性求解器
求解的自由度数：15665（加上 1 个内部自由度）。
-          当前进度:  12 % - 组装稀疏模式
Memory: 1092/1092 1135/1139
找到非对称矩阵。
缩放因变量：
压力 (comp_electrolyte_flow.p): 0.031
速度场 (comp_electrolyte_flow.u): 1
常微分方程助变量 (comp_electrolyte_flow.spf.inlet_liq.Pinl): 0.46
已使用正交零空间函数。
-          当前进度:  12 % - 矩阵分解
Memory: 1143/1149 1185/1192
Iter      SolEst      ResEst     Damping    Stepsize #Res #Jac #Sol   LinErr   LinRes
   1          11     4.5e+03   0.0100000          11    2    1    2  3.1e-11  1.6e-10
--         当前进度:  20 % - 
Memory: 1170/1174 1214/1219
--         当前进度:  20 % - 组装矩阵
Memory: 1219/1223 1259/1262
   2         6.4     7.1e+05   0.1000000         7.1    3    2    4  7.5e-12  4.5e-11
--         当前进度:  29 % - 组装稀疏模式
Memory: 1229/1241 1267/1280
--         当前进度:  29 % - 正在组装残差
Memory: 1237/1250 1276/1292
   3       0.045     4.8e+07   1.0000000        0.73    4    3    6  2.5e-11  1.3e-13
--------   当前进度:  88 % - 正在组装残差
Memory: 1244/1250 1278/1292
   4      0.0014     5.8e+06   1.0000000       0.035    5    4    8  2.7e-11  1.2e-13
---------  当前进度:  99 % - 正在组装残差
Memory: 1242/1250 1275/1292
   5      0.0019       5e+04   1.0000000       0.015    7    5   10  5.6e-12  5.3e-14
   6     0.00013     2.7e+03   1.0000000      0.0019    9    6   12  3.4e-12  2.6e-14
---------- 当前进度: 100 % - 
Memory: 1217/1251 1240/1292
求解时间：4 s。
物理内存: 1.25 GB
虚拟内存: 1.29 GB
结束时间：2026年8月9日 02:08:04。
----- Liquid Stationary Flow | NUMERICAL_TEST_ONLY/解 3 (sol3) 中的“稳态求解器 1” ----->
           当前进度:   2 % - 生成方程
Memory: 1223/1251 1245/1292
           当前进度:   3 % - 生成方程
Memory: 1222/1251 1243/1292
<---- Liquid Stationary Flow | NUMERICAL_TEST_ONLY/解 3 (sol3) 中的“编译方程: 稳态” -----
开始于 2026年8月9日 02:08:08。
几何形函数: 线性拉格朗日单元
几何形函数: 线性拉格朗日单元
在 AMD64 Family 25 Model 80 Stepping 0, AuthenticAMD 上运行。
在以下位置使用 1 个插槽： Pokemon 上（共 8 个内核）。
可用内存：15.77 GB。
           当前进度:   7 % - 编译方程: 稳态
Memory: 1331/1340 1355/1366
           当前进度:   7 % - 正在创建可视化网格
Memory: 1338/1343 1362/1369
时间：4。
物理内存: 1.34 GB
虚拟内存: 1.37 GB
结束时间：2026年8月9日 02:08:12。
----- Liquid Stationary Flow | NUMERICAL_TEST_ONLY/解 3 (sol3) 中的“编译方程: 稳态” ---->
<---- Liquid Stationary Flow | NUMERICAL_TEST_ONLY/解 3 (sol3) 中的“因变量 1” --------
开始于 2026年8月9日 02:08:12。
           当前进度:   7 % - 因变量 1
Memory: 1336/1343 1360/1369
求解时间：0 s。
物理内存: 1.34 GB
虚拟内存: 1.36 GB
结束时间：2026年8月9日 02:08:12。
----- Liquid Stationary Flow | NUMERICAL_TEST_ONLY/解 3 (sol3) 中的“因变量 1” ------->
<---- Liquid Stationary Flow | NUMERICAL_TEST_ONLY/解 3 (sol3) 中的“稳态求解器 1” ------
开始于 2026年8月9日 02:08:13。
非线性求解器
求解的自由度数：15665（加上 1 个内部自由度）。
-          当前进度:  12 % - 组装矩阵
Memory: 1309/1343 1352/1396
找到非对称矩阵。
缩放因变量：
压力 (comp_electrolyte_flow.p): 0.031
速度场 (comp_electrolyte_flow.u): 1
常微分方程助变量 (comp_electrolyte_flow.spf.inlet_liq.Pinl): 0.46
已使用正交零空间函数。
Iter      SolEst      ResEst     Damping    Stepsize #Res #Jac #Sol   LinErr   LinRes
   1          20       9e+03   0.0100000          21    2    1    2  3.5e-11  1.5e-10
--         当前进度:  20 % - 组装稀疏模式
Memory: 1355/1356 1405/1407
--         当前进度:  20 % - 矩阵分解
Memory: 1404/1409 1447/1451
   2         6.5     7.1e+05   0.1000000         7.2    3    2    4  3.2e-11  2.8e-11
--         当前进度:  29 % - 组装矩阵
Memory: 1412/1431 1450/1475
   3        0.12     3.7e+07   1.0000000        0.73    4    3    6  1.9e-11  2.7e-13
--------   当前进度:  84 % - 矩阵分解
Memory: 1419/1431 1450/1475
   4      0.0016     1.2e+07   1.0000000       0.075    5    4    8  2.7e-12  3.5e-14
   5       0.001     1.3e+06   1.0000000      0.0013    6    5   10  2.8e-11  6.4e-14
---------- 当前进度: 100 % - 
Memory: 1418/1431 1447/1475
   6      0.0015     3.5e+04   1.0000000        0.01    8    6   12    3e-12  3.8e-14
---------- 当前进度: 100 % - 组装矩阵
Memory: 1419/1431 1479/1495
   7      0.0002     3.1e+03   1.0000000      0.0015   10    7   14  3.9e-11  7.9e-14
---------- 当前进度: 100 % - 
Memory: 1395/1431 1438/1495
求解时间：2 s。
物理内存: 1.43 GB
虚拟内存: 1.5 GB
结束时间：2026年8月9日 02:08:15。
----- Liquid Stationary Flow | NUMERICAL_TEST_ONLY/解 3 (sol3) 中的“稳态求解器 1” ----->
           当前进度:   2 % - 生成方程
Memory: 1357/1431 1410/1495
           当前进度:   3 % - 生成方程
Memory: 1394/1431 1439/1495
<---- Liquid Stationary Flow | NUMERICAL_TEST_ONLY/解 3 (sol3) 中的“编译方程: 稳态” -----
开始于 2026年8月9日 02:08:19。
几何形函数: 线性拉格朗日单元
几何形函数: 线性拉格朗日单元
在 AMD64 Family 25 Model 80 Stepping 0, AuthenticAMD 上运行。
在以下位置使用 1 个插槽： Pokemon 上（共 8 个内核）。
可用内存：15.77 GB。
           当前进度:   7 % - 编译方程: 稳态
Memory: 1478/1481 1521/1922
           当前进度:   7 % - 正在创建可视化网格
Memory: 1493/1495 1535/1922
时间：3。
物理内存: 1.5 GB
虚拟内存: 1.92 GB
结束时间：2026年8月9日 02:08:22。
----- Liquid Stationary Flow | NUMERICAL_TEST_ONLY/解 3 (sol3) 中的“编译方程: 稳态” ---->
<---- Liquid Stationary Flow | NUMERICAL_TEST_ONLY/解 3 (sol3) 中的“因变量 1” --------
开始于 2026年8月9日 02:08:22。
           当前进度:   7 % - 因变量 1
Memory: 1492/1495 1534/1922
求解时间：0 s。
物理内存: 1.49 GB
虚拟内存: 1.53 GB
结束时间：2026年8月9日 02:08:22。
----- Liquid Stationary Flow | NUMERICAL_TEST_ONLY/解 3 (sol3) 中的“因变量 1” ------->
<---- Liquid Stationary Flow | NUMERICAL_TEST_ONLY/解 3 (sol3) 中的“稳态求解器 1” ------
开始于 2026年8月9日 02:08:22。
非线性求解器
求解的自由度数：15665（加上 1 个内部自由度）。
-          当前进度:  12 % - 组装矩阵
Memory: 1449/1495 1489/1922
找到非对称矩阵。
缩放因变量：
压力 (comp_electrolyte_flow.p): 0.031
速度场 (comp_electrolyte_flow.u): 1
常微分方程助变量 (comp_electrolyte_flow.spf.inlet_liq.Pinl): 0.46
已使用正交零空间函数。
Iter      SolEst      ResEst     Damping    Stepsize #Res #Jac #Sol   LinErr   LinRes
   1          36     1.8e+04   0.0100000          36    2    1    2  3.3e-12  1.5e-10
--         当前进度:  20 % - 
Memory: 1477/1495 1526/1922
   2         6.6     6.8e+05   0.1000000         7.3    3    2    4  2.2e-11  1.9e-11
--         当前进度:  29 % - 组装矩阵
Memory: 1514/1530 1565/1922
   3        0.25     2.5e+07   1.0000000        0.73    4    3    6  1.5e-11  4.3e-13
--------   当前进度:  80 % - 组装矩阵
Memory: 1509/1530 1554/1922
   4      0.0041     1.6e+07   1.0000000        0.14    5    4    8  1.4e-11  3.3e-14
---------  当前进度:  95 % - 矩阵分解
Memory: 1512/1530 1557/1922
   5      0.0041     3.7e+06   1.0000000      0.0041    6    5   10  1.3e-11  1.2e-13
---------  当前进度:  95 % - 求解线性方程组
Memory: 1513/1530 1550/1922
   6       0.016     1.7e+05   1.0000000        0.05    8    6   12  1.4e-11  8.4e-14
   7      0.0037     1.3e+05   1.0000000       0.013    9    7   14  1.5e-11  9.6e-14
---------  当前进度:  95 % - 组装矩阵
   8       0.001     2.9e+04   1.0000000      0.0038   10    8   16  7.2e-11  1.5e-13
---------- 当前进度: 100 % - 组装矩阵
Memory: 1514/1530 1546/1922
   9     0.00031     2.9e+03   1.0000000       0.001   12    9   18  5.1e-13  2.3e-14
---------- 当前进度: 100 % - 
Memory: 1488/1530 1507/1922
求解时间：3 s。
物理内存: 1.53 GB
虚拟内存: 1.57 GB
结束时间：2026年8月9日 02:08:25。
----- Liquid Stationary Flow | NUMERICAL_TEST_ONLY/解 3 (sol3) 中的“稳态求解器 1” ----->
           当前进度:   2 % - 生成方程
Memory: 1473/1530 1492/1922
           当前进度:   3 % - 生成方程
Memory: 1474/1530 1492/1922
<---- Liquid Stationary Flow | NUMERICAL_TEST_ONLY/解 3 (sol3) 中的“编译方程: 稳态” -----
开始于 2026年8月9日 02:08:28。
几何形函数: 线性拉格朗日单元
几何形函数: 线性拉格朗日单元
在 AMD64 Family 25 Model 80 Stepping 0, AuthenticAMD 上运行。
在以下位置使用 1 个插槽： Pokemon 上（共 8 个内核）。
可用内存：15.77 GB。
           当前进度:   7 % - 编译方程: 稳态
Memory: 1468/1530 1487/1922
           当前进度:   7 % - 正在创建可视化网格
Memory: 1471/1530 1490/1922
时间：3。
物理内存: 1.48 GB
虚拟内存: 1.5 GB
结束时间：2026年8月9日 02:08:31。
----- Liquid Stationary Flow | NUMERICAL_TEST_ONLY/解 3 (sol3) 中的“编译方程: 稳态” ---->
<---- Liquid Stationary Flow | NUMERICAL_TEST_ONLY/解 3 (sol3) 中的“因变量 1” --------
开始于 2026年8月9日 02:08:31。
           当前进度:   7 % - 因变量 1
Memory: 1463/1530 1481/1922
求解时间：0 s。
物理内存: 1.47 GB
虚拟内存: 1.49 GB
结束时间：2026年8月9日 02:08:31。
----- Liquid Stationary Flow | NUMERICAL_TEST_ONLY/解 3 (sol3) 中的“因变量 1” ------->
<---- Liquid Stationary Flow | NUMERICAL_TEST_ONLY/解 3 (sol3) 中的“稳态求解器 1” ------
开始于 2026年8月9日 02:08:31。
非线性求解器
求解的自由度数：15665（加上 1 个内部自由度）。
-          当前进度:  12 % - 组装矩阵
Memory: 1450/1530 1468/1922
找到非对称矩阵。
缩放因变量：
压力 (comp_electrolyte_flow.p): 0.031
速度场 (comp_electrolyte_flow.u): 1
常微分方程助变量 (comp_electrolyte_flow.spf.inlet_liq.Pinl): 0.46
已使用正交零空间函数。
Iter      SolEst      ResEst     Damping    Stepsize #Res #Jac #Sol   LinErr   LinRes
   1          66     4.5e+04   0.0100000          66    2    1    2  2.1e-11  1.5e-10
--         当前进度:  20 % - 组装稀疏模式
Memory: 1485/1530 1510/1922
--         当前进度:  20 % - 矩阵分解
Memory: 1499/1530 1523/1922
   2         6.7       6e+05   0.1000000         7.4    3    2    4  4.5e-11  1.5e-11
--         当前进度:  29 % - 组装矩阵
Memory: 1520/1540 1546/1922
   3        0.48     1.2e+07   1.0000000        0.73    4    3    6    2e-12  7.7e-13
-------    当前进度:  76 % - 正在组装残差
Memory: 1524/1540 1549/1922
   4       0.012     1.2e+07   1.0000000        0.26    5    4    8  5.5e-12  5.4e-14
--------   当前进度:  84 % - 正在组装残差
Memory: 1521/1540 1546/1922
   5      0.0098     9.4e+06   0.3221231      0.0098    7    5   11  1.3e-11  2.7e-14
   6       0.011     9.4e+06   0.7500000      0.0094   19    6   24  1.9e-11  1.1e-13
   7      0.0049     9.6e+05   1.0000000        0.01   20    7   26  5.4e-12  2.6e-13
   8      0.0016     2.8e+05   1.0000000      0.0048   21    8   28  2.9e-12  3.4e-13
---------  当前进度:  97 % - 组装矩阵
Memory: 1521/1540 1583/1922
   9      0.0026     3.7e+04   1.0000000      0.0063   23    9   30    4e-11    6e-13
  10       0.001     3.8e+04   1.0000000      0.0026   24   10   32  9.1e-12  2.4e-13
---------- 当前进度: 100 % - 组装矩阵
Memory: 1520/1540 1575/1922
  11     0.00045     5.3e+03   1.0000000       0.001   26   11   34  5.3e-11  2.1e-13
---------- 当前进度: 100 % - 
Memory: 1492/1540 1541/1922
求解时间：4 s。
物理内存: 1.54 GB
虚拟内存: 1.58 GB
结束时间：2026年8月9日 02:08:35。
----- Liquid Stationary Flow | NUMERICAL_TEST_ONLY/解 3 (sol3) 中的“稳态求解器 1” ----->
           当前进度:   2 % - 生成方程
Memory: 1490/1540 1539/1922
           当前进度:   3 % - 生成方程
Memory: 1492/1540 1600/1922
<---- Liquid Stationary Flow | NUMERICAL_TEST_ONLY/解 3 (sol3) 中的“编译方程: 稳态” -----
开始于 2026年8月9日 02:08:38。
几何形函数: 线性拉格朗日单元
几何形函数: 线性拉格朗日单元
在 AMD64 Family 25 Model 80 Stepping 0, AuthenticAMD 上运行。
在以下位置使用 1 个插槽： Pokemon 上（共 8 个内核）。
可用内存：15.77 GB。
           当前进度:   7 % - 编译方程: 稳态
Memory: 1487/1556 1535/1922
           当前进度:   7 % - 正在创建可视化网格
Memory: 1488/1556 1536/1922
时间：3。
物理内存: 1.56 GB
虚拟内存: 1.6 GB
结束时间：2026年8月9日 02:08:41。
----- Liquid Stationary Flow | NUMERICAL_TEST_ONLY/解 3 (sol3) 中的“编译方程: 稳态” ---->
<---- Liquid Stationary Flow | NUMERICAL_TEST_ONLY/解 3 (sol3) 中的“因变量 1” --------
开始于 2026年8月9日 02:08:41。
           当前进度:   7 % - 因变量 1
Memory: 1476/1556 1525/1922
求解时间：0 s。
物理内存: 1.49 GB
虚拟内存: 1.54 GB
结束时间：2026年8月9日 02:08:41。
----- Liquid Stationary Flow | NUMERICAL_TEST_ONLY/解 3 (sol3) 中的“因变量 1” ------->
<---- Liquid Stationary Flow | NUMERICAL_TEST_ONLY/解 3 (sol3) 中的“稳态求解器 1” ------
开始于 2026年8月9日 02:08:41。
非线性求解器
求解的自由度数：15665（加上 1 个内部自由度）。
-          当前进度:  12 % - 组装矩阵
Memory: 1479/1556 1527/1922
找到非对称矩阵。
缩放因变量：
压力 (comp_electrolyte_flow.p): 0.031
速度场 (comp_electrolyte_flow.u): 1
常微分方程助变量 (comp_electrolyte_flow.spf.inlet_liq.Pinl): 0.46
已使用正交零空间函数。
Iter      SolEst      ResEst     Damping    Stepsize #Res #Jac #Sol   LinErr   LinRes
   1          20       9e+03   0.0100000          21    2    1    2    4e-11  1.8e-10
--         当前进度:  20 % - 组装稀疏模式
Memory: 1516/1556 1573/1922
--         当前进度:  20 % - 约束处理
Memory: 1540/1556 1597/1922
   2         6.5     7.1e+05   0.1000000         7.2    3    2    4  4.2e-11  2.7e-11
--         当前进度:  29 % - 组装矩阵
Memory: 1549/1568 1608/1922
   3        0.12     3.7e+07   1.0000000        0.73    4    3    6  2.1e-11  2.8e-13
--------   当前进度:  84 % - 组装矩阵
Memory: 1547/1568 1604/1922
   4      0.0016     1.2e+07   1.0000000       0.075    5    4    8  1.4e-11  3.7e-14
---------  当前进度:  98 % - 组装矩阵
Memory: 1548/1568 1604/1922
   5       0.001     1.3e+06   1.0000000      0.0013    6    5   10  2.9e-11  6.7e-14
---------- 当前进度: 100 % - 矩阵分解
Memory: 1551/1568 1607/1922
   6      0.0015     3.5e+04   1.0000000        0.01    8    6   12  1.3e-11  3.2e-14
---------- 当前进度: 100 % - 约束处理
Memory: 1549/1568 1598/1922
   7      0.0002     3.1e+03   1.0000000      0.0015   10    7   14  4.7e-12  6.8e-14
---------- 当前进度: 100 % - 
Memory: 1520/1568 1553/1922
求解时间：3 s。
物理内存: 1.57 GB
虚拟内存: 1.61 GB
结束时间：2026年8月9日 02:08:44。
----- Liquid Stationary Flow | NUMERICAL_TEST_ONLY/解 3 (sol3) 中的“稳态求解器 1” ----->
           当前进度:   2 % - 生成方程
Memory: 1521/1568 1554/1922
           当前进度:   3 % - 生成方程
Memory: 1522/1568 1555/1922
<---- N2 Stationary Flow | NUMERICAL_TEST_ONLY/解 4 (sol4) 中的“编译方程: 稳态” ---------
开始于 2026年8月9日 02:08:47。
几何形函数: 线性拉格朗日单元
几何形函数: 线性拉格朗日单元
在 AMD64 Family 25 Model 80 Stepping 0, AuthenticAMD 上运行。
在以下位置使用 1 个插槽： Pokemon 上（共 8 个内核）。
可用内存：15.77 GB。
           当前进度:   7 % - 编译方程: 稳态
Memory: 1484/1568 1520/1922
           当前进度:   7 % - 正在创建可视化网格
Memory: 1489/1568 1524/1922
时间：3。
物理内存: 1.5 GB
虚拟内存: 1.68 GB
结束时间：2026年8月9日 02:08:50。
----- N2 Stationary Flow | NUMERICAL_TEST_ONLY/解 4 (sol4) 中的“编译方程: 稳态” -------->
<---- N2 Stationary Flow | NUMERICAL_TEST_ONLY/解 4 (sol4) 中的“因变量 1” ------------
开始于 2026年8月9日 02:08:50。
           当前进度:   7 % - 因变量 1
Memory: 1478/1568 1513/1922
求解时间：0 s。
物理内存: 1.48 GB
虚拟内存: 1.51 GB
结束时间：2026年8月9日 02:08:50。
----- N2 Stationary Flow | NUMERICAL_TEST_ONLY/解 4 (sol4) 中的“因变量 1” ----------->
<---- N2 Stationary Flow | NUMERICAL_TEST_ONLY/解 4 (sol4) 中的“稳态求解器 1” ----------
开始于 2026年8月9日 02:08:50。
非线性求解器
求解的自由度数：38733（加上 1 个内部自由度）。
-          当前进度:  12 % - 
Memory: 1492/1568 1511/1922
-          当前进度:  12 % - 组装矩阵
Memory: 1521/1568 1542/1922
找到非对称矩阵。
缩放因变量：
压力 (comp_n2_flow.p2): 0.51
速度场 (comp_n2_flow.u2): 1
常微分方程助变量 (comp_n2_flow.spf2.inlet_n2.Pinl): 0.19
已使用正交零空间函数。
-          当前进度:  12 % - 矩阵分解
Memory: 1610/1611 1664/1922
Iter      SolEst      ResEst     Damping    Stepsize #Res #Jac #Sol   LinErr   LinRes
-          当前进度:  12 % - 正在组装残差
Memory: 1695/1695 1798/1922
   1          64          19   0.0100000          65    2    1    2  2.7e-11  3.7e-11
--         当前进度:  20 % - 组装矩阵
Memory: 1735/1739 1829/1922
--         当前进度:  20 % - 矩阵分解
Memory: 1710/1825 1771/1922
--         当前进度:  20 % - 正在组装残差
Memory: 1808/1825 1891/1922
   2         6.5     4.2e+05   0.1000000         7.2    3    2    4    1e-11  3.7e-11
--         当前进度:  29 % - 组装矩阵
Memory: 1777/1830 1854/1922
--         当前进度:  29 % - 正在组装残差
Memory: 1782/1830 1859/1922
   3       0.023     3.1e+07   1.0000000        0.73    4    3    6  1.8e-12  7.3e-14
---------  当前进度:  91 % - 组装矩阵
Memory: 1787/1830 1863/1922
---------  当前进度:  91 % - 正在组装残差
Memory: 1788/1830 1866/1922
   4      0.0073     6.1e+04   1.0000000        0.13    6    4    8  3.5e-12  5.2e-14
---------  当前进度:  91 % - 组装矩阵
Memory: 1815/1830 1882/1922
---------  当前进度:  91 % - 正在组装残差
Memory: 1786/1838 1852/1922
   5     0.00052     1.8e+03   1.0000000      0.0073    8    5   10    4e-11    2e-14
---------- 当前进度: 100 % - 
Memory: 1649/1838 1678/1922
求解时间：5 s。
物理内存: 1.84 GB
虚拟内存: 1.89 GB
结束时间：2026年8月9日 02:08:55。
----- N2 Stationary Flow | NUMERICAL_TEST_ONLY/解 4 (sol4) 中的“稳态求解器 1” --------->
           当前进度:   2 % - 生成方程
Memory: 1650/1838 1681/1922
           当前进度:   3 % - 生成方程
Memory: 1657/1838 1686/1922
<---- N2 Stationary Flow | NUMERICAL_TEST_ONLY/解 4 (sol4) 中的“编译方程: 稳态” ---------
开始于 2026年8月9日 02:08:59。
几何形函数: 线性拉格朗日单元
几何形函数: 线性拉格朗日单元
在 AMD64 Family 25 Model 80 Stepping 0, AuthenticAMD 上运行。
在以下位置使用 1 个插槽： Pokemon 上（共 8 个内核）。
可用内存：15.77 GB。
           当前进度:   7 % - 编译方程: 稳态
Memory: 1664/1838 1691/1922
           当前进度:   7 % - 正在创建可视化网格
时间：3。
物理内存: 1.67 GB
虚拟内存: 1.69 GB
结束时间：2026年8月9日 02:09:02。
----- N2 Stationary Flow | NUMERICAL_TEST_ONLY/解 4 (sol4) 中的“编译方程: 稳态” -------->
<---- N2 Stationary Flow | NUMERICAL_TEST_ONLY/解 4 (sol4) 中的“因变量 1” ------------
开始于 2026年8月9日 02:09:02。
           当前进度:   7 % - 因变量 1
求解时间：0 s。
物理内存: 1.66 GB
虚拟内存: 1.69 GB
结束时间：2026年8月9日 02:09:02。
----- N2 Stationary Flow | NUMERICAL_TEST_ONLY/解 4 (sol4) 中的“因变量 1” ----------->
<---- N2 Stationary Flow | NUMERICAL_TEST_ONLY/解 4 (sol4) 中的“稳态求解器 1” ----------
开始于 2026年8月9日 02:09:02。
非线性求解器
求解的自由度数：38733（加上 1 个内部自由度）。
-          当前进度:  12 % - 
Memory: 1648/1838 1675/1922
-          当前进度:  12 % - 组装矩阵
Memory: 1635/1838 1659/1922
找到非对称矩阵。
缩放因变量：
压力 (comp_n2_flow.p2): 0.51
速度场 (comp_n2_flow.u2): 1
常微分方程助变量 (comp_n2_flow.spf2.inlet_n2.Pinl): 0.19
已使用正交零空间函数。
-          当前进度:  12 % - 矩阵分解
Memory: 1694/1838 1741/1922
Iter      SolEst      ResEst     Damping    Stepsize #Res #Jac #Sol   LinErr   LinRes
-          当前进度:  12 % - 正在组装残差
Memory: 1777/1838 1838/1922
   1          73          36   0.0100000          73    2    1    2    1e-12  3.7e-11
--         当前进度:  20 % - 组装矩阵
Memory: 1806/1839 1868/1922
--         当前进度:  20 % - 矩阵分解
Memory: 1724/1839 1767/1922
   2         6.5     4.2e+05   0.1000000         7.2    3    2    4  1.5e-11  3.7e-11
--         当前进度:  29 % - 
Memory: 1808/1839 1871/1922
--         当前进度:  29 % - 组装矩阵
Memory: 1809/1839 1875/1922
--         当前进度:  29 % - 矩阵分解
Memory: 1824/1843 1891/1922
   3       0.066     2.7e+07   1.0000000        0.74    4    3    6  1.5e-11    1e-13
--------   当前进度:  87 % - 组装矩阵
Memory: 1811/1843 1875/1922
--------   当前进度:  87 % - 矩阵分解
Memory: 1825/1843 1891/1922
   4      0.0043     1.7e+06   1.0000000       0.052    5    4    8  2.6e-11  1.2e-13
---------  当前进度:  93 % - 组装矩阵
Memory: 1831/1843 1897/1922
---------  当前进度:  93 % - 矩阵分解
Memory: 1812/1864 1877/1931
   5       0.003     1.7e+04   1.0000000       0.024    7    5   10  8.2e-12  2.4e-14
---------  当前进度:  93 % - 
Memory: 1831/1864 1897/1931
---------  当前进度:  93 % - 组装矩阵
---------  当前进度:  93 % - 正在组装残差
Memory: 1812/1864 1877/1931
   6      0.0004     1.4e+03   1.0000000       0.003    9    6   12    8e-13  2.7e-14
---------- 当前进度: 100 % - 
Memory: 1665/1864 1693/1931
求解时间：5 s。
物理内存: 1.86 GB
虚拟内存: 1.93 GB
结束时间：2026年8月9日 02:09:06。
----- N2 Stationary Flow | NUMERICAL_TEST_ONLY/解 4 (sol4) 中的“稳态求解器 1” --------->
           当前进度:   2 % - 生成方程
Memory: 1670/1864 1697/1931
           当前进度:   3 % - 生成方程
Memory: 1668/1864 1695/1931
<---- N2 Stationary Flow | NUMERICAL_TEST_ONLY/解 4 (sol4) 中的“编译方程: 稳态” ---------
开始于 2026年8月9日 02:09:10。
几何形函数: 线性拉格朗日单元
几何形函数: 线性拉格朗日单元
在 AMD64 Family 25 Model 80 Stepping 0, AuthenticAMD 上运行。
在以下位置使用 1 个插槽： Pokemon 上（共 8 个内核）。
可用内存：15.77 GB。
           当前进度:   7 % - 编译方程: 稳态
Memory: 1675/1864 1701/1931
           当前进度:   7 % - 正在创建可视化网格
Memory: 1676/1864 1702/1931
时间：3。
物理内存: 1.72 GB
虚拟内存: 1.76 GB
结束时间：2026年8月9日 02:09:12。
----- N2 Stationary Flow | NUMERICAL_TEST_ONLY/解 4 (sol4) 中的“编译方程: 稳态” -------->
<---- N2 Stationary Flow | NUMERICAL_TEST_ONLY/解 4 (sol4) 中的“因变量 1” ------------
开始于 2026年8月9日 02:09:12。
           当前进度:   7 % - 因变量 1
求解时间：0 s。
物理内存: 1.68 GB
虚拟内存: 1.7 GB
结束时间：2026年8月9日 02:09:12。
----- N2 Stationary Flow | NUMERICAL_TEST_ONLY/解 4 (sol4) 中的“因变量 1” ----------->
<---- N2 Stationary Flow | NUMERICAL_TEST_ONLY/解 4 (sol4) 中的“稳态求解器 1” ----------
开始于 2026年8月9日 02:09:12。
非线性求解器
求解的自由度数：38733（加上 1 个内部自由度）。
-          当前进度:  12 % - 
Memory: 1672/1864 1698/1931
-          当前进度:  12 % - 组装矩阵
Memory: 1658/1864 1682/1931
找到非对称矩阵。
缩放因变量：
压力 (comp_n2_flow.p2): 0.51
速度场 (comp_n2_flow.u2): 1
常微分方程助变量 (comp_n2_flow.spf2.inlet_n2.Pinl): 0.19
已使用正交零空间函数。
-          当前进度:  12 % - 矩阵分解
Memory: 1715/1864 1754/1931
Iter      SolEst      ResEst     Damping    Stepsize #Res #Jac #Sol   LinErr   LinRes
-          当前进度:  12 % - 正在组装残差
Memory: 1795/1864 1855/1931
   1          74          63   0.0100000          75    2    1    2  4.4e-12  3.8e-11
--         当前进度:  20 % - 组装稀疏模式
Memory: 1805/1864 1865/1931
--         当前进度:  20 % - 组装矩阵
Memory: 1822/1864 1884/1931
--         当前进度:  20 % - 矩阵分解
Memory: 1762/1864 1811/1931
--         当前进度:  20 % - 正在组装残差
Memory: 1834/1864 1900/1931
   2         6.5     4.2e+05   0.1000000         7.3    3    2    4  2.8e-11  3.4e-11
--         当前进度:  29 % - 组装稀疏模式
Memory: 1854/1877 1922/1942
--         当前进度:  29 % - 组装矩阵
Memory: 1837/1877 1903/1942
--         当前进度:  29 % - 
Memory: 1853/1877 1919/1942
   3        0.14     2.1e+07   1.0000000        0.75    4    3    6    4e-11  1.2e-13
--------   当前进度:  83 % - 
Memory: 1836/1877 1902/1942
--------   当前进度:  83 % - 组装矩阵
Memory: 1835/1877 1900/1942
--------   当前进度:  83 % - 矩阵分解
Memory: 1849/1877 1916/1942
   4       0.014     2.6e+06   1.0000000         0.1    5    4    8  3.4e-11  2.2e-13
--------   当前进度:  88 % - 组装矩阵
Memory: 1855/1877 1922/1942
--------   当前进度:  88 % - 正在组装残差
Memory: 1836/1887 1902/1957
   5      0.0013     3.8e+05   1.0000000       0.013    6    5   10  1.4e-12  4.6e-14
---------  当前进度:  99 % - 组装矩阵
Memory: 1855/1887 1922/1957
---------  当前进度:  99 % - 正在组装残差
Memory: 1819/1887 1886/1961
   6      0.0023     7.6e+03   1.0000000       0.012    8    6   12  2.4e-11  3.2e-14
---------  当前进度:  99 % - 组装矩阵
Memory: 1838/1887 1906/1961
---------  当前进度:  99 % - 正在组装残差
Memory: 1819/1887 1886/1961
   7     0.00048     1.3e+03   1.0000000      0.0023   10    7   14  6.8e-12  1.3e-14
---------- 当前进度: 100 % - 
Memory: 1682/1887 1712/1961
求解时间：6 s。
物理内存: 1.89 GB
虚拟内存: 1.96 GB
结束时间：2026年8月9日 02:09:19。
----- N2 Stationary Flow | NUMERICAL_TEST_ONLY/解 4 (sol4) 中的“稳态求解器 1” --------->
           当前进度:   2 % - 生成方程
           当前进度:   3 % - 生成方程
Memory: 1684/1887 1713/1961
<---- N2 Stationary Flow | NUMERICAL_TEST_ONLY/解 4 (sol4) 中的“编译方程: 稳态” ---------
开始于 2026年8月9日 02:09:22。
几何形函数: 线性拉格朗日单元
几何形函数: 线性拉格朗日单元
在 AMD64 Family 25 Model 80 Stepping 0, AuthenticAMD 上运行。
在以下位置使用 1 个插槽： Pokemon 上（共 8 个内核）。
可用内存：15.77 GB。
           当前进度:   7 % - 编译方程: 稳态
Memory: 1677/1887 1704/1961
           当前进度:   7 % - 正在创建可视化网格
时间：3。
物理内存: 1.68 GB
虚拟内存: 1.71 GB
结束时间：2026年8月9日 02:09:25。
----- N2 Stationary Flow | NUMERICAL_TEST_ONLY/解 4 (sol4) 中的“编译方程: 稳态” -------->
<---- N2 Stationary Flow | NUMERICAL_TEST_ONLY/解 4 (sol4) 中的“因变量 1” ------------
开始于 2026年8月9日 02:09:25。
           当前进度:   7 % - 因变量 1
求解时间：0 s。
物理内存: 1.68 GB
虚拟内存: 1.7 GB
结束时间：2026年8月9日 02:09:25。
----- N2 Stationary Flow | NUMERICAL_TEST_ONLY/解 4 (sol4) 中的“因变量 1” ----------->
<---- N2 Stationary Flow | NUMERICAL_TEST_ONLY/解 4 (sol4) 中的“稳态求解器 1” ----------
开始于 2026年8月9日 02:09:25。
非线性求解器
求解的自由度数：38733（加上 1 个内部自由度）。
-          当前进度:  12 % - 组装稀疏模式
-          当前进度:  12 % - 组装矩阵
Memory: 1664/1887 1689/1961
找到非对称矩阵。
缩放因变量：
压力 (comp_n2_flow.p2): 0.51
速度场 (comp_n2_flow.u2): 1
常微分方程助变量 (comp_n2_flow.spf2.inlet_n2.Pinl): 0.19
已使用正交零空间函数。
-          当前进度:  12 % - 矩阵分解
Memory: 1736/1887 1764/1961
Iter      SolEst      ResEst     Damping    Stepsize #Res #Jac #Sol   LinErr   LinRes
   1          75          90   0.0100000          76    2    1    2  4.8e-12  3.8e-11
--         当前进度:  20 % - 
Memory: 1815/1887 1876/1961
--         当前进度:  20 % - 组装矩阵
Memory: 1821/1887 1886/1961
--         当前进度:  20 % - 矩阵分解
Memory: 1711/1887 1739/1961
--         当前进度:  20 % - 求解线性方程组
Memory: 1828/1887 1893/1961
   2         6.6     4.1e+05   0.1000000         7.3    3    2    4  1.6e-11    3e-11
--         当前进度:  29 % - 组装稀疏模式
Memory: 1816/1887 1879/1961
--         当前进度:  29 % - 组装矩阵
Memory: 1830/1887 1894/1961
--         当前进度:  29 % - 正在组装残差
Memory: 1832/1887 1897/1961
   3        0.22     1.7e+07   1.0000000        0.75    4    3    6  1.5e-11  1.2e-13
--------   当前进度:  81 % - 组装矩阵
Memory: 1831/1887 1895/1961
--------   当前进度:  81 % - 矩阵分解
Memory: 1845/1887 1911/1961
   4       0.024     2.7e+06   1.0000000        0.14    5    4    8  5.5e-13    3e-13
--------   当前进度:  86 % - 组装矩阵
Memory: 1851/1887 1917/1961
--------   当前进度:  86 % - 约束处理
Memory: 1871/1887 1937/1961
   5      0.0024     5.4e+05   1.0000000       0.022    6    5   10  1.8e-11  3.9e-14
---------  当前进度:  96 % - 组装矩阵
Memory: 1852/1887 1917/1961
---------  当前进度:  96 % - 正在组装残差
Memory: 1832/1887 1897/1961
   6      0.0043     1.3e+04   1.0000000       0.018    8    6   12    2e-11  4.7e-14
---------  当前进度:  96 % - 组装矩阵
Memory: 1852/1887 1917/1961
   7       0.001     1.2e+04   1.0000000      0.0042    9    7   14  5.3e-13  1.8e-14
---------- 当前进度: 100 % - 组装矩阵
---------- 当前进度: 100 % - 正在组装残差
Memory: 1832/1887 1897/1961
   8     0.00026     7.8e+02   1.0000000       0.001   11    8   16  1.9e-12  2.5e-14
---------- 当前进度: 100 % - 
Memory: 1695/1887 1723/1961
求解时间：6 s。
物理内存: 1.87 GB
虚拟内存: 1.94 GB
结束时间：2026年8月9日 02:09:31。
----- N2 Stationary Flow | NUMERICAL_TEST_ONLY/解 4 (sol4) 中的“稳态求解器 1” --------->
---------- 当前进度: 100 % - 正在更新选择
Memory: 1724/1887 1750/1961
           当前进度:   0 % - 导入
           当前进度:   0 % - 正在导入“STEP”
Memory: 1723/1887 1749/1961
Header : Author::Unknown
Header : Authorization::Unknown
Header : Description::STEP AP203
Header : File Name::block_currentCollector_flowField_v03.2.1_20210525_STEP-AP203.STEP
Header : Implementation Level::1
Header : Organization::Unknown
Header : Originating System::SolidWorks 2022
Header : Preprocessor Version::SwSTEP 2.0
Header : Schema::CONFIG_CONTROL_DESIGN
Header : Time Stamp::2023-09-28T11:10:23
Begin CAD File Read 'F:/LiNRR_COMSOL/worktrees/LiNRR_M10A2/cad/raw/M10A0_2/block_currentCollector_flowField_v03.2.1_20210525_STEP-AP203.STEP'
  
      Summary of STEP Entities
  
Entity Type                                                   Count
-----------                                                   ------
advanced_brep_shape_representation .......................:   1
advanced_face ............................................:   135
application_context ......................................:   2
application_protocol_definition ..........................:   2
applied_approval_assignment ..............................:   3
applied_date_and_time_assignment .........................:   2
applied_person_and_organization_assignment ...............:   5
applied_security_classification_assignment ...............:   1
approval .................................................:   3
approval_date_time .......................................:   3
approval_person_organization .............................:   3
approval_role ............................................:   3
approval_status ..........................................:   3
axis2_placement_3d .......................................:   296
calendar_date ............................................:   5
cartesian_point ..........................................:   753
circle ...................................................:   160
closed_shell .............................................:   1
conical_surface ..........................................:   6
coordinated_universal_time_offset ........................:   5
cylindrical_surface ......................................:   78
date_and_time ............................................:   5
date_time_role ...........................................:   2
direction ................................................:   804
edge_curve ...............................................:   372
edge_loop ................................................:   167
face_bound ...............................................:   32
face_outer_bound .........................................:   135
geometric_representation_context_and_global_uncertainty_a :   1
length_unit_and_si_unit ..................................:   1
line .....................................................:   212
local_time ...............................................:   5
manifold_solid_brep ......................................:   1
organization .............................................:   1
oriented_edge ............................................:   744
person ...................................................:   1
person_and_organization ..................................:   8
person_and_organization_role .............................:   5
plane ....................................................:   51
plane_angle_unit_and_si_unit .............................:   1
product ..................................................:   1
product_context ..........................................:   1
product_definition .......................................:   1
product_definition_context ...............................:   1
product_definition_formation_with_specified_source .......:   1
product_definition_shape .................................:   1
product_related_product_category .........................:   1
security_classification ..................................:   1
security_classification_level ............................:   1
shape_definition_representation ..........................:   1
si_unit_and_solid_angle_unit .............................:   1
uncertainty_measure_with_unit ............................:   1
vector ...................urve ...............................
-----      当前进度:  50 % - 正在导入“STEP”
................:   372
edge_loop ................................................:   167
face_bound ...............................................:   32
face_outer_bound .........................................:   135
geometric_representation_context_and_global_uncertainty_a :   1
length_unit_and_si_unit ..................................:   1
line .....................................................:   212
local_time ...............................................:   5
manifold_solid_brep ......................................:   1
organization .............................................:   1
oriented_edge ............................................:   744
person ...................................................:   1
person_and_organization ..................................:   8
person_and_organization_role .............................:   5
plane ....................................................:   51
plane_angle_unit_and_si_unit .............................:   1
product ..................................................:   1
product_context ..........................................:   1
product_definition .......................................:   1
product_definition_context ...............................:   1
product_definition_formation_with_specified_source .......:   1
product_definition_shape .................................:   1
product_related_product_category .........................:   1
security_classification ..................................:   1
security_classification_level ............................:   1
shape_definition_representation ..........................:   1
si_unit_and_solid_angle_unit .............................:   1
uncertainty_measure_with_unit ............................:   1
vector ...................................................:   212
vertex_point .............................................:   245
                                                             -------
Total                                                         4487
--------   当前进度:  83 % - 正在应用变换
Memory: 1724/1887 1750/1961
           当前进度:   0 % - 旋转 2
Memory: 1725/1887 1750/1961
--         当前进度:  20 % - 移动
---        当前进度:  39 % - 镜像
-----      当前进度:  59 % - 长方体
------     当前进度:  61 % - 差集
------     当前进度:  61 % - 执行布尔操作
--------   当前进度:  80 % - 形成联合体
--------   当前进度:  80 % - 执行布尔操作
---------- 当前进度: 100 % - 正在更新选择
---------- 当前进度: 100 % - 正在创建可视化网格
           当前进度:   0 % - 自由四面体网格
Memory: 1731/1887 1756/1961
顶点单元数：148
边单元数：1156
边界单元数：2314
-----      当前进度:  54 % - 相关边界
Memory: 1733/1887 1754/1961
---------  当前进度:  99 % - 正在定型网格
单元数：2376
最小单元质量：0.139
---------- 当前进度: 100 % - 正在定型网格
           当前进度:   2 % - 生成方程
Memory: 1735/1887 1755/1961
           当前进度:   3 % - 生成方程
Memory: 1862/1887 1883/2048
<---- 研究 2/解 5 (sol5) 中的“编译方程: 稳态” ---------------------------------------------
开始于 2026年8月9日 02:09:44。
几何形函数: 线性拉格朗日单元
几何形函数: 线性拉格朗日单元
几何形函数: 线性拉格朗日单元
在 AMD64 Family 25 Model 80 Stepping 0, AuthenticAMD 上运行。
在以下位置使用 1 个插槽： Pokemon 上（共 8 个内核）。
可用内存：15.77 GB。
           当前进度:   7 % - 编译方程: 稳态
Memory: 1853/1887 1876/2048
           当前进度:   7 % - 正在创建可视化网格
Memory: 1854/1887 1877/2048
时间：4。
物理内存: 1.86 GB
虚拟内存: 1.88 GB
结束时间：2026年8月9日 02:09:47。
----- 研究 2/解 5 (sol5) 中的“编译方程: 稳态” -------------------------------------------->
<---- 研究 2/解 5 (sol5) 中的“因变量 1” ------------------------------------------------
开始于 2026年8月9日 02:09:47。
           当前进度:   7 % - 因变量 1
Memory: 1869/1887 1893/2048
求解时间：0 s。
物理内存: 1.87 GB
虚拟内存: 1.89 GB
结束时间：2026年8月9日 02:09:47。
----- 研究 2/解 5 (sol5) 中的“因变量 1” ----------------------------------------------->
<---- 研究 2/解 5 (sol5) 中的“稳态求解器 1” ----------------------------------------------
开始于 2026年8月9日 02:09:47。
非线性求解器
求解的自由度数：5017（加上 1 个内部自由度）。
找到非对称矩阵。
缩放因变量：
压力 (comp_h2_flow.pH2): 0.3
速度场 (comp_h2_flow.u3): 1
常微分方程助变量 (comp_h2_flow.spf3.in_h2.Pinl): 0.02
已使用正交零空间函数。
Iter      SolEst      ResEst     Damping    Stepsize #Res #Jac #Sol   LinErr   LinRes
   1          73          14   0.0100000          74    2    1    2    5e-12    5e-11
--         当前进度:  20 % - 
Memory: 1825/1887 1844/2048
   2         6.6     2.2e+05   0.1000000         7.3    3    2    4  1.5e-11  2.9e-11
--         当前进度:  29 % - 正在组装残差
   3       0.044     1.7e+07   1.0000000        0.72    4    3    6  4.5e-12  1.3e-14
   4      0.0017     1.3e+06   1.0000000       0.036    5    4    8  8.1e-12  7.3e-15
   5     0.00043     1.4e+03   1.0000000      0.0051    7    5   10  1.8e-11    1e-14
---------- 当前进度: 100 % - 
Memory: 1821/1887 1840/2048
求解时间：1 s。
物理内存: 1.87 GB
虚拟内存: 1.89 GB
结束时间：2026年8月9日 02:09:49。
----- 研究 2/解 5 (sol5) 中的“稳态求解器 1” --------------------------------------------->
---------- 当前进度: 100 % - 正在更新选择
Memory: 1800/1887 1819/2048
           当前进度:   0 % - 多边形
Memory: 1801/1887 1819/2048
           当前进度:   9 % - 形成联合体
----       当前进度:  42 % - 解析域和空区域
---------- 当前进度: 100 % - 正在更新选择
---------- 当前进度: 100 % - 正在创建可视化网格
           当前进度:   0 % - 边
Memory: 1673/1887 1689/2048
顶点单元数：2
边界单元数：15
---------- 当前进度: 100 % - 正在创建边界网格
Memory: 1673/1887 1688/2048
           当前进度:   2 % - 生成方程
Memory: 1711/1887 1728/2048
           当前进度:   3 % - 生成方程
Memory: 1733/1887 1761/2048
<---- 研究 2a/解 6 (sol6) 中的“编译方程: 稳态” --------------------------------------------
开始于 2026年8月9日 02:09:57。
几何形函数: 线性拉格朗日单元
几何形函数: 线性拉格朗日单元
几何形函数: 线性拉格朗日单元
几何形函数: 二次拉格朗日单元
在 AMD64 Family 25 Model 80 Stepping 0, AuthenticAMD 上运行。
在以下位置使用 1 个插槽： Pokemon 上（共 8 个内核）。
可用内存：15.77 GB。
           当前进度:   4 % - 编译方程: 稳态
Memory: 1837/1887 1870/2048
           当前进度:   7 % - 编译方程: 稳态
Memory: 1838/1887 1870/2048
           当前进度:   7 % - 正在创建可视化网格
Memory: 1850/1887 1877/2048
时间：6。
物理内存: 1.85 GB
虚拟内存: 1.88 GB
结束时间：2026年8月9日 02:10:03。
----- 研究 2a/解 6 (sol6) 中的“编译方程: 稳态” ------------------------------------------->
<---- 研究 2a/解 6 (sol6) 中的“因变量 1” -----------------------------------------------
开始于 2026年8月9日 02:10:03。
           当前进度:   7 % - 因变量 1
Memory: 1846/1887 1872/2048
求解时间：0 s。
物理内存: 1.85 GB
虚拟内存: 1.87 GB
结束时间：2026年8月9日 02:10:03。
----- 研究 2a/解 6 (sol6) 中的“因变量 1” ---------------------------------------------->
<---- 研究 2a/解 6 (sol6) 中的“稳态求解器 1” ---------------------------------------------
开始于 2026年8月9日 02:10:03。
-          当前进度:  12 % - 稳态求解器 1
Memory: 1869/1887 1898/2048
非线性求解器
求解的自由度数：61。
找到非对称矩阵。
缩放因变量：
压力 (comp_pipe_n2.p_pfl_n2): 1e+05
切向速度 (comp_pipe_n2.u4): 1.8e+02
已使用正交零空间函数。
Iter      SolEst      ResEst     Damping    Stepsize #Res #Jac #Sol   LinErr   LinRes
   1     3.5e-11     4.1e+03   1.0000000     1.3e+05    2    1    2  1.2e-15  4.4e-16
   2     5.2e-16       0.017   1.0000000     3.2e-11    4    2    4  1.1e-15  1.1e-15
---------- 当前进度: 100 % - 
Memory: 1871/1887 1899/2048
求解时间：2 s。
物理内存: 1.87 GB
虚拟内存: 1.9 GB
结束时间：2026年8月9日 02:10:05。
----- 研究 2a/解 6 (sol6) 中的“稳态求解器 1” -------------------------------------------->
---------- 当前进度: 100 % - 正在更新选择
Memory: 1874/1887 1899/2048
           当前进度:   0 % - 多边形
           当前进度:   9 % - 形成联合体
----       当前进度:  42 % - 解析域和空区域
---------- 当前进度: 100 % - 正在更新选择
---------- 当前进度: 100 % - 正在创建可视化网格
           当前进度:   0 % - 边
Memory: 1822/1887 1843/2048
顶点单元数：2
边界单元数：15
---------- 当前进度: 100 % - 正在创建边界网格
Memory: 1821/1887 1843/2048
           当前进度:   2 % - 生成方程
Memory: 1825/1887 1846/2048
           当前进度:   3 % - 生成方程
Memory: 1681/1887 1694/2048
<---- 研究 2b/解 7 (sol7) 中的“编译方程: 稳态” --------------------------------------------
开始于 2026年8月9日 02:10:11。
几何形函数: 线性拉格朗日单元
几何形函数: 线性拉格朗日单元
几何形函数: 线性拉格朗日单元
几何形函数: 二次拉格朗日单元
几何形函数: 二次拉格朗日单元
在 AMD64 Family 25 Model 80 Stepping 0, AuthenticAMD 上运行。
在以下位置使用 1 个插槽： Pokemon 上（共 8 个内核）。
可用内存：15.77 GB。
           当前进度:   4 % - 编译方程: 稳态
Memory: 1861/1887 1890/2048
           当前进度:   7 % - 编译方程: 稳态
           当前进度:   7 % - 正在创建可视化网格
Memory: 1865/1887 1891/2048
时间：6。
物理内存: 1.87 GB
虚拟内存: 1.9 GB
结束时间：2026年8月9日 02:10:17。
----- 研究 2b/解 7 (sol7) 中的“编译方程: 稳态” ------------------------------------------->
<---- 研究 2b/解 7 (sol7) 中的“因变量 1” -----------------------------------------------
开始于 2026年8月9日 02:10:17。
           当前进度:   7 % - 因变量 1
Memory: 1871/1887 1896/2048
求解时间：0 s。
物理内存: 1.87 GB
虚拟内存: 1.9 GB
结束时间：2026年8月9日 02:10:18。
----- 研究 2b/解 7 (sol7) 中的“因变量 1” ---------------------------------------------->
<---- 研究 2b/解 7 (sol7) 中的“稳态求解器 1” ---------------------------------------------
开始于 2026年8月9日 02:10:18。
非线性求解器
求解的自由度数：61。
找到非对称矩阵。
缩放因变量：
压力 (comp_pipe_h2.p_pfl_h2): 1e+05
切向速度 (comp_pipe_h2.u5): 96
已使用正交零空间函数。
Iter      SolEst      ResEst     Damping    Stepsize #Res #Jac #Sol   LinErr   LinRes
   1     2.4e-11     2.7e+03   1.0000000     1.8e+05    2    1    2  9.7e-16  3.6e-16
   2       7e-16       0.022   1.0000000     2.1e-11    4    2    4  5.5e-16  1.6e-15
---------- 当前进度: 100 % - 
Memory: 1871/1887 1895/2048
求解时间：1 s。
物理内存: 1.87 GB
虚拟内存: 1.9 GB
结束时间：2026年8月9日 02:10:19。
----- 研究 2b/解 7 (sol7) 中的“稳态求解器 1” -------------------------------------------->
---------- 当前进度: 100 % - 正在更新选择
Memory: 1872/1887 1895/2048
           当前进度:   0 % - 多边形
           当前进度:   9 % - 形成联合体
----       当前进度:  42 % - 解析域和空区域
---------- 当前进度: 100 % - 正在更新选择
---------- 当前进度: 100 % - 正在创建可视化网格
           当前进度:   0 % - 边
Memory: 1829/1887 1851/2048
顶点单元数：5
边界单元数：45
---------- 当前进度: 100 % - 正在创建边界网格
           当前进度:   2 % - 生成方程
           当前进度:   3 % - 生成方程
Memory: 1830/1887 1851/2048
<---- 研究/解 8 (sol8) 中的“编译方程: 稳态” -----------------------------------------------
开始于 2026年8月9日 02:10:26。
几何形函数: 线性拉格朗日单元
几何形函数: 线性拉格朗日单元
几何形函数: 线性拉格朗日单元
几何形函数: 二次拉格朗日单元
几何形函数: 二次拉格朗日单元
几何形函数: 二次拉格朗日单元
在 AMD64 Family 25 Model 80 Stepping 0, AuthenticAMD 上运行。
在以下位置使用 1 个插槽： Pokemon 上（共 8 个内核）。
可用内存：15.77 GB。
           当前进度:   4 % - 编译方程: 稳态
Memory: 1940/1940 1964/2048
           当前进度:   7 % - 编译方程: 稳态
           当前进度:   7 % - 正在创建可视化网格
Memory: 1975/1975 2001/2048
时间：7。
物理内存: 1.98 GB
虚拟内存: 2 GB
结束时间：2026年8月9日 02:10:33。
----- 研究/解 8 (sol8) 中的“编译方程: 稳态” ---------------------------------------------->
<---- 研究/解 8 (sol8) 中的“因变量 1” --------------------------------------------------
开始于 2026年8月9日 02:10:33。
           当前进度:   7 % - 因变量 1
Memory: 1976/1978 2001/2048
求解时间：0 s。
物理内存: 1.98 GB
虚拟内存: 2 GB
结束时间：2026年8月9日 02:10:33。
----- 研究/解 8 (sol8) 中的“因变量 1” ------------------------------------------------->
<---- 研究/解 8 (sol8) 中的“稳态求解器 1” ------------------------------------------------
开始于 2026年8月9日 02:10:33。
非线性求解器
求解的自由度数：181。
找到非对称矩阵。
缩放因变量：
压力 (comp_pipe_liq.p_pfl_liq): 1e+05
切向速度 (comp_pipe_liq.u6): 94
已使用正交零空间函数。
Iter      SolEst      ResEst     Damping    Stepsize #Res #Jac #Sol   LinErr   LinRes
   1     1.1e-10     1.8e+03   1.0000000     7.9e+04    2    1    2  6.6e-14  2.2e-14
   2     9.6e-16        0.17   1.0000000     1.4e-10    4    2    4  3.7e-14  2.5e-14
---------- 当前进度: 100 % - 
Memory: 1976/1983 2000/2048
求解时间：1 s。
物理内存: 1.98 GB
虚拟内存: 2 GB
结束时间：2026年8月9日 02:10:34。
----- 研究/解 8 (sol8) 中的“稳态求解器 1” ----------------------------------------------->
---------- 当前进度: 100 % - 正在更新选择
Memory: 1979/1983 2000/2048
           当前进度:   0 % - 矩形
           当前进度:   9 % - 形成联合体
----       当前进度:  42 % - 解析域和空区域
---------- 当前进度: 100 % - 正在更新选择
---------- 当前进度: 100 % - 正在创建可视化网格
Memory: 1980/1983 2000/2048
           当前进度:   0 % - 映射
Memory: 1966/2018 1984/2048
顶点单元数：4
边界单元数：132
最小单元质量：1
---------- 当前进度: 100 % - 正在定型网格
Memory: 1967/2018 1984/2048
           当前进度:   2 % - 生成方程
Memory: 1969/2018 1985/2048
           当前进度:   3 % - 生成方程
Memory: 1959/2018 1973/2048
<---- 研究 3/解 9 (sol9) 中的“编译方程: 稳态” ---------------------------------------------
开始于 2026年8月9日 02:10:44。
几何形函数: 线性拉格朗日单元
几何形函数: 线性拉格朗日单元
几何形函数: 线性拉格朗日单元
几何形函数: 二次拉格朗日单元
几何形函数: 二次拉格朗日单元
几何形函数: 二次拉格朗日单元
几何形函数: 二次拉格朗日单元
在 AMD64 Family 25 Model 80 Stepping 0, AuthenticAMD 上运行。
在以下位置使用 1 个插槽： Pokemon 上（共 8 个内核）。
可用内存：15.77 GB。
           当前进度:   6 % - 编译方程: 稳态
Memory: 1962/2018 1991/2048
           当前进度:   7 % - 编译方程: 稳态
           当前进度:   7 % - 正在创建可视化网格
Memory: 2015/2020 2038/2048
时间：8。
物理内存: 2.02 GB
虚拟内存: 2.04 GB
结束时间：2026年8月9日 02:10:52。
----- 研究 3/解 9 (sol9) 中的“编译方程: 稳态” -------------------------------------------->
<---- 研究 3/解 9 (sol9) 中的“因变量 1” ------------------------------------------------
开始于 2026年8月9日 02:10:52。
           当前进度:   7 % - 因变量 1
Memory: 2016/2020 2038/2048
求解时间：0 s。
物理内存: 2.02 GB
虚拟内存: 2.04 GB
结束时间：2026年8月9日 02:10:52。
----- 研究 3/解 9 (sol9) 中的“因变量 1” ----------------------------------------------->
<---- 研究 3/解 9 (sol9) 中的“稳态求解器 1” ----------------------------------------------
开始于 2026年8月9日 02:10:52。
线性求解器 
求解的自由度数：1573。
找到对称矩阵。
缩放因变量：
压力 (comp_ssc_darcy.pDarcy): 1
已使用正交零空间函数。
Iter      SolEst     Damping    Stepsize #Res #Jac #Sol   LinErr   LinRes
   1        0.98   1.0000000        0.98    1    1    1  1.6e-13  2.1e-15
---------- 当前进度: 100 % - 
Memory: 2018/2021 2039/2048
求解时间：1 s。
物理内存: 2.02 GB
虚拟内存: 2.08 GB
结束时间：2026年8月9日 02:10:54。
----- 研究 3/解 9 (sol9) 中的“稳态求解器 1” --------------------------------------------->
           当前进度:   2 % - 生成方程
Memory: 2018/2023 2039/2078
           当前进度:   3 % - 生成方程
Memory: 2015/2023 2036/2078
<---- 研究 3/解 9 (sol9) 中的“编译方程: 稳态” ---------------------------------------------
开始于 2026年8月9日 02:11:00。
几何形函数: 线性拉格朗日单元
几何形函数: 线性拉格朗日单元
几何形函数: 线性拉格朗日单元
几何形函数: 二次拉格朗日单元
几何形函数: 二次拉格朗日单元
几何形函数: 二次拉格朗日单元
几何形函数: 二次拉格朗日单元
在 AMD64 Family 25 Model 80 Stepping 0, AuthenticAMD 上运行。
在以下位置使用 1 个插槽： Pokemon 上（共 8 个内核）。
可用内存：15.77 GB。
           当前进度:   6 % - 编译方程: 稳态
Memory: 1706/2023 2177/2180
           当前进度:   7 % - 编译方程: 稳态
Memory: 1719/2023 2177/2180
           当前进度:   7 % - 正在创建可视化网格
Memory: 1766/2023 2218/2219
时间：9。
物理内存: 1.9 GB
虚拟内存: 2.22 GB
结束时间：2026年8月9日 02:11:09。
----- 研究 3/解 9 (sol9) 中的“编译方程: 稳态” -------------------------------------------->
<---- 研究 3/解 9 (sol9) 中的“因变量 1” ------------------------------------------------
开始于 2026年8月9日 02:11:09。
           当前进度:   7 % - 因变量 1
Memory: 1779/2023 2220/2221
求解时间：0 s。
物理内存: 1.78 GB
虚拟内存: 2.22 GB
结束时间：2026年8月9日 02:11:09。
----- 研究 3/解 9 (sol9) 中的“因变量 1” ----------------------------------------------->
<---- 研究 3/解 9 (sol9) 中的“稳态求解器 1” ----------------------------------------------
开始于 2026年8月9日 02:11:09。
线性求解器 
求解的自由度数：1573。
找到对称矩阵。
缩放因变量：
压力 (comp_ssc_darcy.pDarcy): 1
已使用正交零空间函数。
Iter      SolEst     Damping    Stepsize #Res #Jac #Sol   LinErr   LinRes
   1        0.98   1.0000000        0.98    1    1    1    1e-13  2.1e-15
---------- 当前进度: 100 % - 
Memory: 1769/2023 2191/2259
求解时间：1 s。
物理内存: 1.78 GB
虚拟内存: 2.22 GB
结束时间：2026年8月9日 02:11:10。
----- 研究 3/解 9 (sol9) 中的“稳态求解器 1” --------------------------------------------->
           当前进度:   2 % - 生成方程
Memory: 1866/2023 2174/2259
           当前进度:   3 % - 生成方程
Memory: 1871/2023 2175/2259
<---- 研究 3/解 9 (sol9) 中的“编译方程: 稳态” ---------------------------------------------
开始于 2026年8月9日 02:11:16。
几何形函数: 线性拉格朗日单元
几何形函数: 线性拉格朗日单元
几何形函数: 线性拉格朗日单元
几何形函数: 二次拉格朗日单元
几何形函数: 二次拉格朗日单元
几何形函数: 二次拉格朗日单元
几何形函数: 二次拉格朗日单元
在 AMD64 Family 25 Model 80 Stepping 0, AuthenticAMD 上运行。
在以下位置使用 1 个插槽： Pokemon 上（共 8 个内核）。
可用内存：15.77 GB。
           当前进度:   6 % - 编译方程: 稳态
Memory: 1715/2023 2206/2259
           当前进度:   7 % - 编译方程: 稳态
Memory: 1717/2023 2206/2259
           当前进度:   7 % - 正在创建可视化网格
Memory: 1732/2023 2207/2259
时间：7。
物理内存: 1.74 GB
虚拟内存: 2.21 GB
结束时间：2026年8月9日 02:11:24。
----- 研究 3/解 9 (sol9) 中的“编译方程: 稳态” -------------------------------------------->
<---- 研究 3/解 9 (sol9) 中的“因变量 1” ------------------------------------------------
开始于 2026年8月9日 02:11:24。
           当前进度:   7 % - 因变量 1
Memory: 1741/2023 2210/2259
求解时间：0 s。
物理内存: 1.74 GB
虚拟内存: 2.21 GB
结束时间：2026年8月9日 02:11:24。
----- 研究 3/解 9 (sol9) 中的“因变量 1” ----------------------------------------------->
<---- 研究 3/解 9 (sol9) 中的“稳态求解器 1” ----------------------------------------------
开始于 2026年8月9日 02:11:24。
线性求解器 
求解的自由度数：1573。
找到对称矩阵。
缩放因变量：
压力 (comp_ssc_darcy.pDarcy): 1
已使用正交零空间函数。
Iter      SolEst     Damping    Stepsize #Res #Jac #Sol   LinErr   LinRes
   1        0.98   1.0000000        0.98    1    1    1  1.3e-13  2.1e-15
---------- 当前进度: 100 % - 
Memory: 1738/2023 2204/2259
求解时间：1 s。
物理内存: 1.74 GB
虚拟内存: 2.21 GB
结束时间：2026年8月9日 02:11:25。
----- 研究 3/解 9 (sol9) 中的“稳态求解器 1” --------------------------------------------->
           当前进度:   2 % - 生成方程
Memory: 1696/2023 2158/2259
           当前进度:   3 % - 生成方程
Memory: 1695/2023 2155/2259
<---- 研究 3/解 9 (sol9) 中的“编译方程: 稳态” ---------------------------------------------
开始于 2026年8月9日 02:11:29。
几何形函数: 线性拉格朗日单元
几何形函数: 线性拉格朗日单元
几何形函数: 线性拉格朗日单元
几何形函数: 二次拉格朗日单元
几何形函数: 二次拉格朗日单元
几何形函数: 二次拉格朗日单元
几何形函数: 二次拉格朗日单元
在 AMD64 Family 25 Model 80 Stepping 0, AuthenticAMD 上运行。
在以下位置使用 1 个插槽： Pokemon 上（共 8 个内核）。
可用内存：15.77 GB。
           当前进度:   6 % - 编译方程: 稳态
Memory: 1766/2023 2221/2259
           当前进度:   7 % - 编译方程: 稳态
Memory: 1767/2023 2221/2259
           当前进度:   7 % - 正在创建可视化网格
Memory: 1771/2023 2222/2259
时间：7。
物理内存: 1.77 GB
虚拟内存: 2.22 GB
结束时间：2026年8月9日 02:11:36。
----- 研究 3/解 9 (sol9) 中的“编译方程: 稳态” -------------------------------------------->
<---- 研究 3/解 9 (sol9) 中的“因变量 1” ------------------------------------------------
开始于 2026年8月9日 02:11:36。
           当前进度:   7 % - 因变量 1
Memory: 1772/2023 2222/2259
求解时间：0 s。
物理内存: 1.77 GB
虚拟内存: 2.22 GB
结束时间：2026年8月9日 02:11:37。
----- 研究 3/解 9 (sol9) 中的“因变量 1” ----------------------------------------------->
<---- 研究 3/解 9 (sol9) 中的“稳态求解器 1” ----------------------------------------------
开始于 2026年8月9日 02:11:37。
线性求解器 
求解的自由度数：1573。
找到对称矩阵。
缩放因变量：
压力 (comp_ssc_darcy.pDarcy): 1
已使用正交零空间函数。
Iter      SolEst     Damping    Stepsize #Res #Jac #Sol   LinErr   LinRes
   1        0.98   1.0000000        0.98    1    1    1  1.3e-13  2.1e-15
---------- 当前进度: 100 % - 
Memory: 1777/2023 2226/2262
求解时间：1 s。
物理内存: 1.78 GB
虚拟内存: 2.23 GB
结束时间：2026年8月9日 02:11:38。
----- 研究 3/解 9 (sol9) 中的“稳态求解器 1” --------------------------------------------->
           当前进度:   2 % - 生成方程
Memory: 1752/2023 2197/2262
           当前进度:   3 % - 生成方程
Memory: 1753/2023 2198/2262
<---- 研究 3/解 9 (sol9) 中的“编译方程: 稳态” ---------------------------------------------
开始于 2026年8月9日 02:11:44。
几何形函数: 线性拉格朗日单元
几何形函数: 线性拉格朗日单元
几何形函数: 线性拉格朗日单元
几何形函数: 二次拉格朗日单元
几何形函数: 二次拉格朗日单元
几何形函数: 二次拉格朗日单元
几何形函数: 二次拉格朗日单元
在 AMD64 Family 25 Model 80 Stepping 0, AuthenticAMD 上运行。
在以下位置使用 1 个插槽： Pokemon 上（共 8 个内核）。
可用内存：15.77 GB。
           当前进度:   6 % - 编译方程: 稳态
Memory: 1841/2023 2280/2280
           当前进度:   7 % - 编译方程: 稳态
Memory: 1843/2023 2280/2280
           当前进度:   7 % - 正在创建可视化网格
Memory: 1844/2023 2280/2282
时间：8。
物理内存: 1.85 GB
虚拟内存: 2.28 GB
结束时间：2026年8月9日 02:11:52。
----- 研究 3/解 9 (sol9) 中的“编译方程: 稳态” -------------------------------------------->
<---- 研究 3/解 9 (sol9) 中的“因变量 1” ------------------------------------------------
开始于 2026年8月9日 02:11:52。
           当前进度:   7 % - 因变量 1
Memory: 1846/2023 2281/2282
求解时间：0 s。
物理内存: 1.85 GB
虚拟内存: 2.28 GB
结束时间：2026年8月9日 02:11:52。
----- 研究 3/解 9 (sol9) 中的“因变量 1” ----------------------------------------------->
<---- 研究 3/解 9 (sol9) 中的“稳态求解器 1” ----------------------------------------------
开始于 2026年8月9日 02:11:52。
线性求解器 
求解的自由度数：1573。
找到对称矩阵。
缩放因变量：
压力 (comp_ssc_darcy.pDarcy): 1
已使用正交零空间函数。
Iter      SolEst     Damping    Stepsize #Res #Jac #Sol   LinErr   LinRes
   1        0.98   1.0000000        0.98    1    1    1    1e-13  2.1e-15
---------- 当前进度: 100 % - 
Memory: 1784/2023 2217/2320
求解时间：1 s。
物理内存: 1.85 GB
虚拟内存: 2.28 GB
结束时间：2026年8月9日 02:11:53。
----- 研究 3/解 9 (sol9) 中的“稳态求解器 1” --------------------------------------------->
           当前进度:   2 % - 生成方程
Memory: 1740/2023 2170/2320
           当前进度:   3 % - 生成方程
<---- 研究 3/解 9 (sol9) 中的“编译方程: 稳态” ---------------------------------------------
开始于 2026年8月9日 02:11:58。
几何形函数: 线性拉格朗日单元
几何形函数: 线性拉格朗日单元
几何形函数: 线性拉格朗日单元
几何形函数: 二次拉格朗日单元
几何形函数: 二次拉格朗日单元
几何形函数: 二次拉格朗日单元
几何形函数: 二次拉格朗日单元
在 AMD64 Family 25 Model 80 Stepping 0, AuthenticAMD 上运行。
在以下位置使用 1 个插槽： Pokemon 上（共 8 个内核）。
可用内存：15.77 GB。
           当前进度:   6 % - 编译方程: 稳态
Memory: 1746/2023 2177/2320
           当前进度:   7 % - 编译方程: 稳态
Memory: 1747/2023 2177/2320
           当前进度:   7 % - 正在创建可视化网格
Memory: 1746/2023 2177/2320
时间：7。
物理内存: 1.75 GB
虚拟内存: 2.18 GB
结束时间：2026年8月9日 02:12:05。
----- 研究 3/解 9 (sol9) 中的“编译方程: 稳态” -------------------------------------------->
<---- 研究 3/解 9 (sol9) 中的“因变量 1” ------------------------------------------------
开始于 2026年8月9日 02:12:05。
           当前进度:   7 % - 因变量 1
Memory: 1744/2023 2177/2320
求解时间：0 s。
物理内存: 1.75 GB
虚拟内存: 2.18 GB
结束时间：2026年8月9日 02:12:05。
----- 研究 3/解 9 (sol9) 中的“因变量 1” ----------------------------------------------->
<---- 研究 3/解 9 (sol9) 中的“稳态求解器 1” ----------------------------------------------
开始于 2026年8月9日 02:12:05。
线性求解器 
求解的自由度数：1573。
找到对称矩阵。
缩放因变量：
压力 (comp_ssc_darcy.pDarcy): 1
已使用正交零空间函数。
---        当前进度:  38 % - 矩阵分解
Memory: 1715/2023 2178/2320
Iter      SolEst     Damping    Stepsize #Res #Jac #Sol   LinErr   LinRes
   1        0.98   1.0000000        0.98    1    1    1  1.3e-13  2.1e-15
---------- 当前进度: 100 % - 
求解时间：1 s。
物理内存: 1.72 GB
虚拟内存: 2.18 GB
结束时间：2026年8月9日 02:12:06。
----- 研究 3/解 9 (sol9) 中的“稳态求解器 1” --------------------------------------------->
---------- 当前进度: 100 % - 正在更新选择
Memory: 1536/2023 2182/2320
           当前进度:   0 % - 矩形
Memory: 1573/2023 2181/2320
           当前进度:   9 % - 形成联合体
Memory: 1582/2023 2181/2320
----       当前进度:  42 % - 解析域和空区域
Memory: 1587/2023 2181/2320
---------- 当前进度: 100 % - 正在更新选择
Memory: 1588/2023 2181/2320
---------- 当前进度: 100 % - 正在创建可视化网格
Memory: 1629/2023 2181/2320
           当前进度:   0 % - 映射
Memory: 1469/2023 1921/2526
顶点单元数：4
边界单元数：172
最小单元质量：1
---------- 当前进度: 100 % - 正在定型网格
           当前进度:   3 % - 生成方程
Memory: 1519/2023 1966/2526
<---- 研究 4/解 10 (sol10) 中的“编译方程: 瞬态” -------------------------------------------
开始于 2026年8月9日 02:12:23。
几何形函数: 线性拉格朗日单元
几何形函数: 线性拉格朗日单元
几何形函数: 线性拉格朗日单元
几何形函数: 二次拉格朗日单元
几何形函数: 二次拉格朗日单元
几何形函数: 二次拉格朗日单元
几何形函数: 二次拉格朗日单元
几何形函数: 线性拉格朗日单元
在 AMD64 Family 25 Model 80 Stepping 0, AuthenticAMD 上运行。
在以下位置使用 1 个插槽： Pokemon 上（共 8 个内核）。
可用内存：15.77 GB。
           当前进度:   4 % - 编译方程: 瞬态
Memory: 1716/2023 2127/2526
           当前进度:   5 % - 编译方程: 瞬态
Memory: 1719/2023 2127/2526
           当前进度:   5 % - 正在创建可视化网格
Memory: 1730/2023 2130/2526
时间：9。
物理内存: 1.73 GB
虚拟内存: 2.13 GB
结束时间：2026年8月9日 02:12:32。
----- 研究 4/解 10 (sol10) 中的“编译方程: 瞬态” ------------------------------------------>
<---- 研究 4/解 10 (sol10) 中的“因变量 1” ----------------------------------------------
开始于 2026年8月9日 02:12:32。
           当前进度:   5 % - 因变量 1
Memory: 1737/2023 2130/2526
求解时间：0 s。
物理内存: 1.74 GB
虚拟内存: 2.13 GB
结束时间：2026年8月9日 02:12:32。
----- 研究 4/解 10 (sol10) 中的“因变量 1” --------------------------------------------->
<---- 研究 4/解 10 (sol10) 中的“瞬态求解器 1” --------------------------------------------
开始于 2026年8月9日 02:12:32。
瞬态求解器 (BDF)
求解的自由度数：2660（加上 480 个内部自由度）。
找到非对称矩阵。
缩放因变量：
压力 (comp_ssc_wetting.pWet): 0.31
体积分数 (comp_ssc_wetting.s2): 1
Step        Time    Stepsize      Res  Jac  Sol Order Tfail NLfail   LinErr   LinRes
           当前进度:   7 % - 组装稀疏模式
Memory: 1790/2023 2170/2526
   0           0           - out    2    3    2                  0  1.5e-13  1.7e-15
   1    5.01e-06       5e-06        3    4    3     1     0      0  1.4e-13  1.8e-15
           当前进度:   7 % - 组装矩阵
Memory: 1810/2023 2174/2526
   2   1.001e-05       5e-06        4    5    4     1     0      0  1.6e-13  1.8e-15
   3   2.001e-05       1e-05        5    6    5     2     0      0  2.2e-13    2e-15
   4   4.001e-05       2e-05        6    7    6     1     0      0    2e-13  1.7e-15
   5   8.001e-05       4e-05        7    8    7     1     0      0  1.9e-13  1.7e-15
   -      0.0001           - out
   6  0.00016001       8e-05        8    9    8     1     0      0  2.6e-13  1.9e-15
   -      0.0002           - out
   -      0.0003           - out
   7  0.00032001     0.00016        9   10    9     1     0      0    2e-13  1.9e-15
   -      0.0004           - out
   -      0.0005           - out
   -      0.0006           - out
   8  0.00064001     0.00032       10   11   10     1     0      0    2e-13  1.4e-15
   -      0.0007           - out
   -      0.0008           - out
   -      0.0009           - out
   -       0.001           - out
   -      0.0011           - out
   9     0.00114      0.0005       11   12   11     1     0      0  1.9e-13  1.8e-15
   -      0.0012           - out
---        当前进度:  37 % - 
Memory: 1817/2023 2174/2526
   -      0.0013           - out
   -      0.0014           - out
   -      0.0015           - out
   -      0.0016           - out
  10     0.00164      0.0005       12   13   12     1     0      0  1.8e-13  1.9e-15
   -      0.0017           - out
   -      0.0018           - out
   -      0.0019           - out
   -       0.002           - out
   -      0.0021           - out
  11     0.00214      0.0005       13   14   13     1     0      0  1.8e-13  1.8e-15
   -      0.0022           - out
   -      0.0023           - out
   -      0.0024           - out
   -      0.0025           - out
   -      0.0026           - out
  12     0.00264      0.0005       14   15   14     1     0      0  1.9e-13  1.9e-15
   -      0.0027           - out
   -      0.0028           - out
   -      0.0029           - out
   -       0.003           - out
   -      0.0031           - out
  13     0.00314      0.0005       15   16   15     1     0      0  1.5e-13  1.8e-15
   -      0.0032           - out
   -      0.0033           - out
   -      0.0034           - out
   -      0.0035           - out
   -      0.0036           - out
  14     0.00364      0.0005       16   17   16     1     0      0  1.9e-13    2e-15
   -      0.0037           - out
   -      0.0038           - out
   -      0.0039           - out
   -       0.004           - out
   -      0.0041           - out
  15     0.00414      0.0005       17   18   17     1     0      0  1.6e-13    2e-15
   -      0.0042           - out
   -      0.0043           - out
   -      0.0044           - out
   -      0.0045           - out
   -      0.0046           - out
  16     0.00464      0.0005       18   19   18     2     0      0  1.8e-13  1.5e-15
   -      0.0047           - out
   -      0.0048           - out
   -      0.0049           - out
   -       0.005           - out
  17     0.00514      0.0005       19   20   19     2     0      0  1.7e-13  1.7e-15
时间步进已完成。
---------- 当前进度: 100 % - 
Memory: 1817/2023 2172/2526
求解时间：2 s。
物理内存: 1.82 GB
虚拟内存: 2.17 GB
结束时间：2026年8月9日 02:12:34。
----- 研究 4/解 10 (sol10) 中的“瞬态求解器 1” ------------------------------------------->
           当前进度:   3 % - 生成方程
Memory: 1812/2023 2157/2526
<---- 研究 4/解 10 (sol10) 中的“编译方程: 瞬态” -------------------------------------------
开始于 2026年8月9日 02:12:40。
几何形函数: 线性拉格朗日单元
几何形函数: 线性拉格朗日单元
几何形函数: 线性拉格朗日单元
几何形函数: 二次拉格朗日单元
几何形函数: 二次拉格朗日单元
几何形函数: 二次拉格朗日单元
几何形函数: 二次拉格朗日单元
几何形函数: 线性拉格朗日单元
在 AMD64 Family 25 Model 80 Stepping 0, AuthenticAMD 上运行。
在以下位置使用 1 个插槽： Pokemon 上（共 8 个内核）。
可用内存：15.77 GB。
           当前进度:   4 % - 编译方程: 瞬态
Memory: 1976/2023 2316/2526
           当前进度:   5 % - 编译方程: 瞬态
Memory: 1983/2023 2316/2526
           当前进度:   5 % - 正在创建可视化网格
Memory: 2026/2026 2361/2526
时间：8。
物理内存: 2.03 GB
虚拟内存: 2.36 GB
结束时间：2026年8月9日 02:12:49。
----- 研究 4/解 10 (sol10) 中的“编译方程: 瞬态” ------------------------------------------>
<---- 研究 4/解 10 (sol10) 中的“因变量 1” ----------------------------------------------
开始于 2026年8月9日 02:12:49。
           当前进度:   5 % - 因变量 1
Memory: 2027/2027 2361/2526
求解时间：0 s。
物理内存: 2.03 GB
虚拟内存: 2.36 GB
结束时间：2026年8月9日 02:12:49。
----- 研究 4/解 10 (sol10) 中的“因变量 1” --------------------------------------------->
<---- 研究 4/解 10 (sol10) 中的“瞬态求解器 1” --------------------------------------------
开始于 2026年8月9日 02:12:49。
瞬态求解器 (BDF)
求解的自由度数：2660（加上 480 个内部自由度）。
找到非对称矩阵。
缩放因变量：
压力 (comp_ssc_wetting.pWet): 0.31
体积分数 (comp_ssc_wetting.s2): 1
Step        Time    Stepsize      Res  Jac  Sol Order Tfail NLfail   LinErr   LinRes
           当前进度:   7 % - 正在组装残差
Memory: 2001/2034 2322/2526
   0           0           - out    8    9    8                  0  1.8e-13  6.2e-16
   1    5.01e-06       5e-06        9   10    9     1     0      0    9e-14  6.6e-15
   2   1.001e-05       5e-06       10   11   10     1     0      0  9.8e-14  5.3e-15
           当前进度:   7 % - 矩阵分解
Memory: 2006/2034 2322/2526
   3   2.001e-05       1e-05       11   12   11     2     0      0  6.9e-14  3.6e-15
   4   4.001e-05       2e-05       12   13   12     1     0      0  6.3e-14  3.4e-15
   5   8.001e-05       4e-05       13   14   13     1     0      0  9.9e-14  3.7e-15
   -      0.0001           - out
   6  0.00016001       8e-05       14   15   14     1     0      0  1.1e-13  2.7e-15
   -      0.0002           - out
   -      0.0003           - out
   7  0.00032001     0.00016       15   16   15     1     0      0  6.9e-14  2.7e-15
   -      0.0004           - out
   -      0.0005           - out
   -      0.0006           - out
   8  0.00064001     0.00032       16   17   16     1     0      0  6.5e-14  1.2e-15
   -      0.0007           - out
   -      0.0008           - out
   -      0.0009           - out
   -       0.001           - out
   -      0.0011           - out
   9     0.00114      0.0005       17   18   17     1     0      0  6.1e-14    4e-15
   -      0.0012           - out
   -      0.0013           - out
   -      0.0014           - out
   -      0.0015           - out
   -      0.0016           - out
  10     0.00164      0.0005       18   19   18     1     0      0  7.3e-14  3.3e-15
---        当前进度:  37 % - 矩阵分解
Memory: 2008/2034 2322/2526
   -      0.0017           - out
   -      0.0018           - out
   -      0.0019           - out
   -       0.002           - out
   -      0.0021           - out
  11     0.00214      0.0005       19   20   19     1     0      0  6.7e-14  8.9e-16
   -      0.0022           - out
   -      0.0023           - out
   -      0.0024           - out
   -      0.0025           - out
   -      0.0026           - out
  12     0.00264      0.0005       20   21   20     2     0      0  6.6e-14  2.9e-15
   -      0.0027           - out
   -      0.0028           - out
   -      0.0029           - out
   -       0.003           - out
   -      0.0031           - out
  13     0.00314      0.0005       21   22   21     2     0      0  1.3e-13  8.6e-15
   -      0.0032           - out
   -      0.0033           - out
   -      0.0034           - out
   -      0.0035           - out
   -      0.0036           - out
  14     0.00364      0.0005       22   23   22     2     0      0  8.6e-14  2.3e-15
   -      0.0037           - out
   -      0.0038           - out
   -      0.0039           - out
   -       0.004           - out
   -      0.0041           - out
  15     0.00414      0.0005       23   24   23     2     0      0  1.3e-13  1.8e-15
   -      0.0042           - out
   -      0.0043           - out
   -      0.0044           - out
   -      0.0045           - out
   -      0.0046           - out
  16     0.00464      0.0005       24   25   24     2     0      0  1.1e-13  2.1e-15
   -      0.0047           - out
   -      0.0048           - out
   -      0.0049           - out
   -       0.005           - out
  17     0.00514      0.0005       25   26   25     2     0      0  9.1e-14  9.8e-16
时间步进已完成。
---------- 当前进度: 100 % - 
Memory: 2006/2034 2320/2526
求解时间：2 s。
物理内存: 2.03 GB
虚拟内存: 2.36 GB
结束时间：2026年8月9日 02:12:51。
----- 研究 4/解 10 (sol10) 中的“瞬态求解器 1” ------------------------------------------->
           当前进度:   3 % - 生成方程
Memory: 2003/2034 2316/2526
<---- 研究 4/解 10 (sol10) 中的“编译方程: 瞬态” -------------------------------------------
开始于 2026年8月9日 02:12:57。
几何形函数: 线性拉格朗日单元
几何形函数: 线性拉格朗日单元
几何形函数: 线性拉格朗日单元
几何形函数: 二次拉格朗日单元
几何形函数: 二次拉格朗日单元
几何形函数: 二次拉格朗日单元
几何形函数: 二次拉格朗日单元
几何形函数: 线性拉格朗日单元
在 AMD64 Family 25 Model 80 Stepping 0, AuthenticAMD 上运行。
在以下位置使用 1 个插槽： Pokemon 上（共 8 个内核）。
可用内存：15.77 GB。
           当前进度:   4 % - 编译方程: 瞬态
Memory: 1995/2034 2297/2526
           当前进度:   5 % - 编译方程: 瞬态
           当前进度:   5 % - 正在创建可视化网格
Memory: 1997/2034 2300/2526
时间：8。
物理内存: 2 GB
虚拟内存: 2.3 GB
结束时间：2026年8月9日 02:13:05。
----- 研究 4/解 10 (sol10) 中的“编译方程: 瞬态” ------------------------------------------>
<---- 研究 4/解 10 (sol10) 中的“因变量 1” ----------------------------------------------
开始于 2026年8月9日 02:13:05。
           当前进度:   5 % - 因变量 1
Memory: 1997/2034 2297/2526
求解时间：0 s。
物理内存: 2 GB
虚拟内存: 2.3 GB
结束时间：2026年8月9日 02:13:05。
----- 研究 4/解 10 (sol10) 中的“因变量 1” --------------------------------------------->
<---- 研究 4/解 10 (sol10) 中的“瞬态求解器 1” --------------------------------------------
开始于 2026年8月9日 02:13:05。
瞬态求解器 (BDF)
求解的自由度数：2660（加上 480 个内部自由度）。
找到非对称矩阵。
缩放因变量：
压力 (comp_ssc_wetting.pWet): 0.31
体积分数 (comp_ssc_wetting.s2): 1
Step        Time    Stepsize      Res  Jac  Sol Order Tfail NLfail   LinErr   LinRes
           当前进度:   7 % - 正在组装残差
Memory: 2003/2034 2304/2526
   0           0           - out    8    9    8                  0  2.1e-13  9.2e-16
   1    5.01e-06       5e-06        9   10    9     1     0      0  1.2e-13  8.8e-15
   2   1.001e-05       5e-06       10   11   10     1     0      0    1e-13  5.6e-15
   3   2.001e-05       1e-05       11   12   11     2     0      0  9.2e-14  3.5e-15
   4   4.001e-05       2e-05       12   13   12     1     0      0  6.8e-14  3.6e-15
   5   8.001e-05       4e-05       13   14   13     1     0      0  7.3e-14  3.8e-15
           当前进度:   8 % - 矩阵分解
Memory: 2001/2034 2301/2526
   -      0.0001           - out
   6  0.00016001       8e-05       14   15   14     1     0      0  1.2e-13  2.8e-15
   -      0.0002           - out
   -      0.0003           - out
   7  0.00032001     0.00016       15   16   15     1     0      0  8.4e-14  2.8e-15
   -      0.0004           - out
   -      0.0005           - out
   -      0.0006           - out
   8  0.00064001     0.00032       16   17   16     1     0      0  7.3e-14  1.3e-15
   -      0.0007           - out
   -      0.0008           - out
   -      0.0009           - out
   -       0.001           - out
   -      0.0011           - out
   9     0.00114      0.0005       17   18   17     1     0      0    7e-14  3.5e-15
   -      0.0012           - out
   -      0.0013           - out
   -      0.0014           - out
   -      0.0015           - out
   -      0.0016           - out
  10     0.00164      0.0005       18   19   18     1     0      0  6.5e-14  3.1e-15
   -      0.0017           - out
   -      0.0018           - out
   -      0.0019           - out
   -       0.002           - out
   -      0.0021           - out
  11     0.00214      0.0005       19   20   19     1     0      0  3.3e-14  1.1e-15
   -      0.0022           - out
   -      0.0023           - out
   -      0.0024           - out
   -      0.0025           - out
   -      0.0026           - out
  12     0.00264      0.0005       20   21   20     2     0      0  8.7e-14  2.5e-15
   -      0.0027           - out
   -      0.0028           - out
   -      0.0029           - out
   -       0.003           - out
   -      0.0031           - out
  13     0.00314      0.0005       21   22   21     2     0      0  1.4e-13    6e-15
   -      0.0032           - out
   -      0.0033           - out
   -      0.0034           - out
   -      0.0035           - out
   -      0.0036           - out
-------    当前进度:  75 % - 正在组装残差
Memory: 2004/2034 2304/2526
  14     0.00364      0.0005       22   23   22     2     0      0    7e-14  2.1e-15
   -      0.0037           - out
   -      0.0038           - out
   -      0.0039           - out
   -       0.004           - out
   -      0.0041           - out
  15     0.00414      0.0005       23   24   23     2     0      0    1e-13  2.1e-15
   -      0.0042           - out
   -      0.0043           - out
   -      0.0044           - out
   -      0.0045           - out
   -      0.0046           - out
  16     0.00464      0.0005       24   25   24     2     0      0  1.4e-13  1.9e-15
   -      0.0047           - out
   -      0.0048           - out
   -      0.0049           - out
   -       0.005           - out
  17     0.00514      0.0005       25   26   25     2     0      0  1.6e-13  1.2e-15
时间步进已完成。
---------- 当前进度: 100 % - 
Memory: 2001/2034 2300/2526
求解时间：2 s。
物理内存: 2 GB
虚拟内存: 2.3 GB
结束时间：2026年8月9日 02:13:07。
----- 研究 4/解 10 (sol10) 中的“瞬态求解器 1” ------------------------------------------->
           当前进度:   3 % - 生成方程
Memory: 1955/2034 2251/2526
<---- 研究 4/解 10 (sol10) 中的“编译方程: 瞬态” -------------------------------------------
开始于 2026年8月9日 02:13:13。
几何形函数: 线性拉格朗日单元
几何形函数: 线性拉格朗日单元
几何形函数: 线性拉格朗日单元
几何形函数: 二次拉格朗日单元
几何形函数: 二次拉格朗日单元
几何形函数: 二次拉格朗日单元
几何形函数: 二次拉格朗日单元
几何形函数: 线性拉格朗日单元
在 AMD64 Family 25 Model 80 Stepping 0, AuthenticAMD 上运行。
在以下位置使用 1 个插槽： Pokemon 上（共 8 个内核）。
可用内存：15.77 GB。
           当前进度:   4 % - 编译方程: 瞬态
Memory: 2002/2034 2299/2526
           当前进度:   5 % - 编译方程: 瞬态
Memory: 2007/2034 2299/2526
           当前进度:   5 % - 正在创建可视化网格
Memory: 2009/2034 2300/2526
时间：8。
物理内存: 2.01 GB
虚拟内存: 2.3 GB
结束时间：2026年8月9日 02:13:21。
----- 研究 4/解 10 (sol10) 中的“编译方程: 瞬态” ------------------------------------------>
<---- 研究 4/解 10 (sol10) 中的“因变量 1” ----------------------------------------------
开始于 2026年8月9日 02:13:21。
           当前进度:   5 % - 因变量 1
Memory: 2010/2034 2300/2526
求解时间：0 s。
物理内存: 2.01 GB
虚拟内存: 2.3 GB
结束时间：2026年8月9日 02:13:21。
----- 研究 4/解 10 (sol10) 中的“因变量 1” --------------------------------------------->
<---- 研究 4/解 10 (sol10) 中的“瞬态求解器 1” --------------------------------------------
开始于 2026年8月9日 02:13:21。
瞬态求解器 (BDF)
求解的自由度数：2660（加上 480 个内部自由度）。
找到非对称矩阵。
缩放因变量：
压力 (comp_ssc_wetting.pWet): 0.31
体积分数 (comp_ssc_wetting.s2): 1
Step        Time    Stepsize      Res  Jac  Sol Order Tfail NLfail   LinErr   LinRes
           当前进度:   7 % - 矩阵分解
Memory: 2015/2034 2306/2526
   0           0           - out    8    9    8                  0  1.9e-13    9e-16
   1    5.01e-06       5e-06        9   10    9     1     0      0  1.4e-13  9.1e-15
   2   1.001e-05       5e-06       10   11   10     1     0      0    9e-14  5.1e-15
   3   2.001e-05       1e-05       11   12   11     2     0      0    1e-13  3.5e-15
   4   4.001e-05       2e-05       12   13   12     2     0      0  9.7e-14    9e-15
   5   8.001e-05       4e-05       13   14   13     1     0      0  7.5e-14  7.4e-15
   -      0.0001           - out
   6  0.00016001       8e-05       14   15   14     1     0      0  5.7e-14  2.8e-15
   -      0.0002           - out
   -      0.0003           - out
   7  0.00032001     0.00016       15   16   15     1     0      0  5.2e-14  4.8e-15
   -      0.0004           - out
   -      0.0005           - out
   -      0.0006           - out
   8  0.00064001     0.00032       16   17   16     1     0      0  8.1e-14    5e-15
   -      0.0007           - out
   -      0.0008           - out
   -      0.0009           - out
   -       0.001           - out
   -      0.0011           - out
   9     0.00114      0.0005       17   18   17     1     0      0  7.4e-14  3.3e-15
   -      0.0012           - out
   -      0.0013           - out
   -      0.0014           - out
   -      0.0015           - out
   -      0.0016           - out
  10     0.00164      0.0005       18   19   18     1     0      0  8.3e-14  3.9e-15
---        当前进度:  37 % - 组装矩阵
Memory: 2016/2034 2306/2526
   -      0.0017           - out
   -      0.0018           - out
   -      0.0019           - out
   -       0.002           - out
   -      0.0021           - out
  11     0.00214      0.0005       19   20   19     1     0      0  6.1e-14  1.9e-15
   -      0.0022           - out
   -      0.0023           - out
   -      0.0024           - out
   -      0.0025           - out
   -      0.0026           - out
  12     0.00264      0.0005       20   21   20     2     0      0  5.5e-14  3.4e-15
   -      0.0027           - out
   -      0.0028           - out
   -      0.0029           - out
   -       0.003           - out
   -      0.0031           - out
  13     0.00314      0.0005       21   22   21     2     0      0  1.4e-13  3.6e-15
   -      0.0032           - out
   -      0.0033           - out
   -      0.0034           - out
   -      0.0035           - out
   -      0.0036           - out
  14     0.00364      0.0005       22   23   22     2     0      0    1e-13  2.8e-15
   -      0.0037           - out
   -      0.0038           - out
   -      0.0039           - out
   -       0.004           - out
   -      0.0041           - out
  15     0.00414      0.0005       23   24   23     2     0      0    2e-13  2.4e-15
   -      0.0042           - out
   -      0.0043           - out
   -      0.0044           - out
   -      0.0045           - out
   -      0.0046           - out
  16     0.00464      0.0005       24   25   24     2     0      0  9.8e-14  2.1e-15
   -      0.0047           - out
   -      0.0048           - out
   -      0.0049           - out
   -       0.005           - out
  17     0.00514      0.0005       25   26   25     2     0      0  1.4e-13  1.6e-15
时间步进已完成。
---------- 当前进度: 100 % - 
Memory: 2011/2034 2300/2526
求解时间：2 s。
物理内存: 2.02 GB
虚拟内存: 2.31 GB
结束时间：2026年8月9日 02:13:23。
----- 研究 4/解 10 (sol10) 中的“瞬态求解器 1” ------------------------------------------->
           当前进度:   3 % - 生成方程
Memory: 1999/2034 2287/2526
<---- 研究 4/解 10 (sol10) 中的“编译方程: 瞬态” -------------------------------------------
开始于 2026年8月9日 02:13:30。
几何形函数: 线性拉格朗日单元
几何形函数: 线性拉格朗日单元
几何形函数: 线性拉格朗日单元
几何形函数: 二次拉格朗日单元
几何形函数: 二次拉格朗日单元
几何形函数: 二次拉格朗日单元
几何形函数: 二次拉格朗日单元
几何形函数: 线性拉格朗日单元
在 AMD64 Family 25 Model 80 Stepping 0, AuthenticAMD 上运行。
在以下位置使用 1 个插槽： Pokemon 上（共 8 个内核）。
可用内存：15.77 GB。
           当前进度:   4 % - 编译方程: 瞬态
Memory: 2026/2034 2312/2526
           当前进度:   5 % - 编译方程: 瞬态
           当前进度:   5 % - 正在创建可视化网格
时间：8。
物理内存: 2.03 GB
虚拟内存: 2.31 GB
结束时间：2026年8月9日 02:13:37。
----- 研究 4/解 10 (sol10) 中的“编译方程: 瞬态” ------------------------------------------>
<---- 研究 4/解 10 (sol10) 中的“因变量 1” ----------------------------------------------
开始于 2026年8月9日 02:13:37。
           当前进度:   5 % - 因变量 1
Memory: 2027/2034 2312/2526
求解时间：0 s。
物理内存: 2.03 GB
虚拟内存: 2.31 GB
结束时间：2026年8月9日 02:13:38。
----- 研究 4/解 10 (sol10) 中的“因变量 1” --------------------------------------------->
<---- 研究 4/解 10 (sol10) 中的“瞬态求解器 1” --------------------------------------------
开始于 2026年8月9日 02:13:38。
瞬态求解器 (BDF)
求解的自由度数：2660（加上 480 个内部自由度）。
找到非对称矩阵。
缩放因变量：
压力 (comp_ssc_wetting.pWet): 0.31
体积分数 (comp_ssc_wetting.s2): 1
Step        Time    Stepsize      Res  Jac  Sol Order Tfail NLfail   LinErr   LinRes
           当前进度:   7 % - 组装矩阵
Memory: 2033/2034 2319/2526
   0           0           - out    8    9    8                  0  2.9e-13  8.6e-16
   1    5.01e-06       5e-06        9   10    9     1     0      0  1.3e-13  9.1e-15
   2   1.001e-05       5e-06       10   11   10     1     0      0  1.5e-13    8e-15
   3   2.001e-05       1e-05       11   12   11     2     0      0  1.3e-13  5.4e-15
   4   4.001e-05       2e-05       12   13   12     2     0      0  1.8e-13  1.3e-14
   5   8.001e-05       4e-05       13   14   13     1     0      0  2.2e-13  1.1e-14
           当前进度:   8 % - 矩阵分解
Memory: 2033/2035 2318/2526
   -      0.0001           - out
   6  0.00016001       8e-05       14   15   14     1     0      0  1.3e-13  3.9e-15
   -      0.0002           - out
   -      0.0003           - out
   7  0.00032001     0.00016       15   16   15     1     0      0  1.3e-13  8.8e-15
   -      0.0004           - out
   -      0.0005           - out
   -      0.0006           - out
   8  0.00064001     0.00032       16   17   16     1     0      0  1.5e-13  6.2e-15
   -      0.0007           - out
   -      0.0008           - out
   -      0.0009           - out
   -       0.001           - out
   -      0.0011           - out
   9     0.00114      0.0005       17   18   17     1     0      0  1.7e-13  3.6e-15
   -      0.0012           - out
   -      0.0013           - out
   -      0.0014           - out
   -      0.0015           - out
   -      0.0016           - out
  10     0.00164      0.0005       18   19   18     1     0      0  1.2e-13  3.2e-15
   -      0.0017           - out
   -      0.0018           - out
   -      0.0019           - out
   -       0.002           - out
   -      0.0021           - out
  11     0.00214      0.0005       19   20   19     1     0      0  1.1e-13  2.4e-15
   -      0.0022           - out
   -      0.0023           - out
   -      0.0024           - out
   -      0.0025           - out
   -      0.0026           - out
  12     0.00264      0.0005       20   21   20     1     0      0  8.5e-14  2.2e-15
-----      当前进度:  56 % - 
Memory: 2035/2035 2319/2526
   -      0.0027           - out
   -      0.0028           - out
   -      0.0029           - out
   -       0.003           - out
   -      0.0031           - out
  13     0.00314      0.0005       22   23   22     1     0      0    3e-14  1.6e-15
   -      0.0032           - out
   -      0.0033           - out
   -      0.0034           - out
   -      0.0035           - out
   -      0.0036           - out
  14     0.00364      0.0005       23   24   23     1     0      0  1.1e-13  9.4e-15
   -      0.0037           - out
   -      0.0038           - out
   -      0.0039           - out
   -       0.004           - out
   -      0.0041           - out
  15     0.00414      0.0005       25   26   25     1     0      0  1.6e-13  3.6e-15
   -      0.0042           - out
   -      0.0043           - out
   -      0.0044           - out
   -      0.0045           - out
   -      0.0046           - out
  16     0.00464      0.0005       27   28   27     1     0      0  1.2e-13  2.1e-15
   -      0.0047           - out
   -      0.0048           - out
   -      0.0049           - out
   -       0.005           - out
  17     0.00514      0.0005       28   29   28     2     0      0  1.6e-13  5.3e-15
时间步进已完成。
---------- 当前进度: 100 % - 
Memory: 2030/2035 2313/2526
求解时间：2 s。
物理内存: 2.04 GB
虚拟内存: 2.32 GB
结束时间：2026年8月9日 02:13:40。
----- 研究 4/解 10 (sol10) 中的“瞬态求解器 1” ------------------------------------------->
           当前进度:   3 % - 生成方程
Memory: 2000/2035 2281/2526
<---- 研究 4/解 10 (sol10) 中的“编译方程: 瞬态” -------------------------------------------
开始于 2026年8月9日 02:13:46。
几何形函数: 线性拉格朗日单元
几何形函数: 线性拉格朗日单元
几何形函数: 线性拉格朗日单元
几何形函数: 二次拉格朗日单元
几何形函数: 二次拉格朗日单元
几何形函数: 二次拉格朗日单元
几何形函数: 二次拉格朗日单元
几何形函数: 线性拉格朗日单元
在 AMD64 Family 25 Model 80 Stepping 0, AuthenticAMD 上运行。
在以下位置使用 1 个插槽： Pokemon 上（共 8 个内核）。
可用内存：15.77 GB。
           当前进度:   4 % - 编译方程: 瞬态
Memory: 2055/2055 2338/2526
           当前进度:   5 % - 编译方程: 瞬态
Memory: 2056/2056 2338/2526
           当前进度:   5 % - 正在创建可视化网格
时间：8。
物理内存: 2.06 GB
虚拟内存: 2.34 GB
结束时间：2026年8月9日 02:13:54。
----- 研究 4/解 10 (sol10) 中的“编译方程: 瞬态” ------------------------------------------>
<---- 研究 4/解 10 (sol10) 中的“因变量 1” ----------------------------------------------
开始于 2026年8月9日 02:13:54。
           当前进度:   5 % - 因变量 1
Memory: 2058/2061 2339/2526
求解时间：0 s。
物理内存: 2.06 GB
虚拟内存: 2.34 GB
结束时间：2026年8月9日 02:13:54。
----- 研究 4/解 10 (sol10) 中的“因变量 1” --------------------------------------------->
<---- 研究 4/解 10 (sol10) 中的“瞬态求解器 1” --------------------------------------------
开始于 2026年8月9日 02:13:54。
瞬态求解器 (BDF)
求解的自由度数：2660（加上 480 个内部自由度）。
找到非对称矩阵。
缩放因变量：
压力 (comp_ssc_wetting.pWet): 0.31
体积分数 (comp_ssc_wetting.s2): 1
Step        Time    Stepsize      Res  Jac  Sol Order Tfail NLfail   LinErr   LinRes
           当前进度:   7 % - 矩阵分解
Memory: 2052/2066 2333/2526
   0           0           - out    8    9    8                  0    2e-13  7.9e-16
   1    5.01e-06       5e-06        9   10    9     1     0      0  1.6e-13  2.2e-15
   2   1.001e-05       5e-06       10   11   10     1     0      0  1.4e-13  5.6e-15
           当前进度:   7 % - 正在组装残差
Memory: 2055/2066 2336/2526
   3   2.001e-05       1e-05       11   12   11     2     0      0  1.6e-13    5e-15
   4   4.001e-05       2e-05       13   14   13     2     0      0    1e-13  1.4e-14
   5   8.001e-05       4e-05       14   15   14     1     0      0  1.7e-13  2.3e-15
   -      0.0001           - out
   6  0.00016001       8e-05       15   16   15     1     0      0  1.2e-13  4.3e-15
-          当前进度:  10 % - 矩阵分解
Memory: 2054/2066 2334/2526
   -      0.0002           - out
   -      0.0003           - out
   7  0.00032001     0.00016       16   17   16     1     0      0  1.4e-13  1.6e-15
   -      0.0004           - out
   -      0.0005           - out
   -      0.0006           - out
   8  0.00064001     0.00032       17   18   17     1     0      0  1.4e-13    4e-15
   -      0.0007           - out
   -      0.0008           - out
   -      0.0009           - out
   -       0.001           - out
   -      0.0011           - out
   9     0.00114      0.0005       18   19   18     1     0      0  1.1e-13  1.6e-15
   -      0.0012           - out
   -      0.0013           - out
   -      0.0014           - out
   -      0.0015           - out
   -      0.0016           - out
  10     0.00164      0.0005       20   21   20     1     0      0  4.3e-14    2e-15
   -      0.0017           - out
   -      0.0018           - out
   -      0.0019           - out
   -       0.002           - out
   -      0.0021           - out
  11     0.00214      0.0005       22   23   22     1     0      0  1.1e-13  3.4e-15
----       当前进度:  47 % - 矩阵分解
Memory: 2055/2066 2336/2526
   -      0.0022           - out
   -      0.0023           - out
   -      0.0024           - out
   -      0.0025           - out
   -      0.0026           - out
  12     0.00264      0.0005       24   25   24     1     0      0  3.2e-14  1.4e-15
   -      0.0027           - out
   -      0.0028           - out
   -      0.0029           - out
   -       0.003           - out
   -      0.0031           - out
  13     0.00314      0.0005       26   27   26     2     0      0    1e-13  1.5e-15
   -      0.0032           - out
   -      0.0033           - out
   -      0.0034           - out
   -      0.0035           - out
   -      0.0036           - out
  14     0.00364      0.0005       28   29   28     2     0      0  1.3e-13  2.4e-15
-------    当前进度:  75 % - 矩阵分解
Memory: 2056/2066 2336/2526
   -      0.0037           - out
   -      0.0038           - out
   -      0.0039           - out
   -       0.004           - out
   -      0.0041           - out
  15     0.00414      0.0005       39   40   39     1     0      0  8.4e-14  1.4e-15
   -      0.0042           - out
   -      0.0043           - out
   -      0.0044           - out
   -      0.0045           - out
   -      0.0046           - out
  16     0.00464      0.0005       41   42   41     1     0      0  1.6e-13    3e-15
   -      0.0047           - out
   -      0.0048           - out
   -      0.0049           - out
   -       0.005           - out
  17     0.00514      0.0005       43   44   43     1     0      0  1.9e-14  2.5e-15
时间步进已完成。
---------- 当前进度: 100 % - 
Memory: 2053/2066 2333/2526
求解时间：2 s。
物理内存: 2.06 GB
虚拟内存: 2.34 GB
结束时间：2026年8月9日 02:13:56。
----- 研究 4/解 10 (sol10) 中的“瞬态求解器 1” ------------------------------------------->
           当前进度:   3 % - 生成方程
Memory: 2046/2066 2325/2526
<---- 研究 4/解 10 (sol10) 中的“编译方程: 瞬态” -------------------------------------------
开始于 2026年8月9日 02:14:03。
几何形函数: 线性拉格朗日单元
几何形函数: 线性拉格朗日单元
几何形函数: 线性拉格朗日单元
几何形函数: 二次拉格朗日单元
几何形函数: 二次拉格朗日单元
几何形函数: 二次拉格朗日单元
几何形函数: 二次拉格朗日单元
几何形函数: 线性拉格朗日单元
在 AMD64 Family 25 Model 80 Stepping 0, AuthenticAMD 上运行。
在以下位置使用 1 个插槽： Pokemon 上（共 8 个内核）。
可用内存：15.77 GB。
           当前进度:   4 % - 编译方程: 瞬态
Memory: 2051/2066 2329/2526
           当前进度:   5 % - 编译方程: 瞬态
           当前进度:   5 % - 正在创建可视化网格
Memory: 2095/2095 2375/2526
时间：8。
物理内存: 2.1 GB
虚拟内存: 2.38 GB
结束时间：2026年8月9日 02:14:11。
----- 研究 4/解 10 (sol10) 中的“编译方程: 瞬态” ------------------------------------------>
<---- 研究 4/解 10 (sol10) 中的“因变量 1” ----------------------------------------------
开始于 2026年8月9日 02:14:11。
           当前进度:   5 % - 因变量 1
求解时间：0 s。
物理内存: 2.1 GB
虚拟内存: 2.38 GB
结束时间：2026年8月9日 02:14:11。
----- 研究 4/解 10 (sol10) 中的“因变量 1” --------------------------------------------->
<---- 研究 4/解 10 (sol10) 中的“瞬态求解器 1” --------------------------------------------
开始于 2026年8月9日 02:14:11。
瞬态求解器 (BDF)
求解的自由度数：2660（加上 480 个内部自由度）。
找到非对称矩阵。
缩放因变量：
压力 (comp_ssc_wetting.pWet): 0.31
体积分数 (comp_ssc_wetting.s2): 1
Step        Time    Stepsize      Res  Jac  Sol Order Tfail NLfail   LinErr   LinRes
           当前进度:   7 % - 组装矩阵
Memory: 2073/2102 2352/2526
   0           0           - out    8    9    8                  0  1.3e-13  9.1e-16
   1    5.01e-06       5e-06        9   10    9     1     0      0  1.5e-13  9.1e-15
   2   1.001e-05       5e-06       10   11   10     1     0      0  7.6e-14    5e-15
           当前进度:   7 % - 
   3   2.001e-05       1e-05       11   12   11     2     0      0  7.3e-14  3.6e-15
   4   4.001e-05       2e-05       12   13   12     2     0      0  7.1e-14  8.6e-15
   5   8.001e-05       4e-05       13   14   13     1     0      0  8.2e-14  7.4e-15
   -      0.0001           - out
   6  0.00016001       8e-05       14   15   14     1     0      0  7.2e-14  2.8e-15
   -      0.0002           - out
   -      0.0003           - out
   7  0.00032001     0.00016       15   16   15     1     0      0  8.8e-14  4.9e-15
   -      0.0004           - out
   -      0.0005           - out
   -      0.0006           - out
   8  0.00064001     0.00032       16   17   16     1     0      0  8.3e-14  4.9e-15
   -      0.0007           - out
   -      0.0008           - out
   -      0.0009           - out
   -       0.001           - out
   -      0.0011           - out
--         当前进度:  28 % - 正在组装残差
   9     0.00114      0.0005       17   18   17     1     0      0  9.8e-14  3.3e-15
   -      0.0012           - out
   -      0.0013           - out
   -      0.0014           - out
   -      0.0015           - out
   -      0.0016           - out
  10     0.00164      0.0005       18   19   18     1     0      0  9.1e-14  3.9e-15
   -      0.0017           - out
   -      0.0018           - out
   -      0.0019           - out
   -       0.002           - out
   -      0.0021           - out
  11     0.00214      0.0005       19   20   19     1     0      0  5.4e-14  1.8e-15
   -      0.0022           - out
   -      0.0023           - out
   -      0.0024           - out
   -      0.0025           - out
   -      0.0026           - out
  12     0.00264      0.0005       20   21   20     2     0      0  7.9e-14  3.5e-15
   -      0.0027           - out
   -      0.0028           - out
   -      0.0029           - out
   -       0.003           - out
   -      0.0031           - out
  13     0.00314      0.0005       21   22   21     2     0      0  2.3e-13  3.5e-15
   -      0.0032           - out
   -      0.0033           - out
   -      0.0034           - out
   -      0.0035           - out
   -      0.0036           - out
  14     0.00364      0.0005       22   23   22     2     0      0  8.5e-14  2.9e-15
   -      0.0037           - out
   -      0.0038           - out
   -      0.0039           - out
   -       0.004           - out
   -      0.0041           - out
  15     0.00414      0.0005       23   24   23     2     0      0  1.8e-13  2.4e-15
   -      0.0042           - out
   -      0.0043           - out
   -      0.0044           - out
   -      0.0045           - out
   -      0.0046           - out
  16     0.00464      0.0005       24   25   24     2     0      0  9.7e-14  2.1e-15
   -      0.0047           - out
   -      0.0048           - out
   -      0.0049           - out
   -       0.005           - out
  17     0.00514      0.0005       25   26   25     2     0      0    1e-13  1.5e-15
时间步进已完成。
---------- 当前进度: 100 % - 
Memory: 2068/2102 2345/2526
求解时间：2 s。
物理内存: 2.1 GB
虚拟内存: 2.38 GB
结束时间：2026年8月9日 02:14:13。
----- 研究 4/解 10 (sol10) 中的“瞬态求解器 1” ------------------------------------------->
---------- 当前进度: 100 % - 正在更新选择
Memory: 2070/2102 2346/2526
           当前进度:   0 % - 矩形
Memory: 2071/2102 2346/2526
           当前进度:   8 % - 矩形 2
-          当前进度:  17 % - 形成联合体
--------   当前进度:  87 % - 解析域和空区域
---------- 当前进度: 100 % - 正在更新选择
---------- 当前进度: 100 % - 正在创建可视化网格
Memory: 2070/2102 2345/2526
           当前进度:   0 % - 映射
Memory: 1728/2102 2018/2526
顶点单元数：6
边界单元数：700
最小单元质量：1
---------- 当前进度: 100 % - 正在定型网格
           当前进度:   3 % - 生成方程
Memory: 1760/2102 2048/2526
<---- 研究 5/解 11 (sol11) 中的“编译方程: 稳态” -------------------------------------------
开始于 2026年8月9日 02:14:26。
几何形函数: 线性拉格朗日单元
几何形函数: 线性拉格朗日单元
几何形函数: 线性拉格朗日单元
几何形函数: 二次拉格朗日单元
几何形函数: 二次拉格朗日单元
几何形函数: 二次拉格朗日单元
几何形函数: 二次拉格朗日单元
几何形函数: 线性拉格朗日单元
几何形函数: 线性拉格朗日单元
在 AMD64 Family 25 Model 80 Stepping 0, AuthenticAMD 上运行。
在以下位置使用 1 个插槽： Pokemon 上（共 8 个内核）。
可用内存：15.77 GB。
           当前进度:   6 % - 编译方程: 稳态
Memory: 1936/2102 2207/2526
           当前进度:   7 % - 编译方程: 稳态
Memory: 1937/2102 2207/2526
           当前进度:   7 % - 正在创建可视化网格
Memory: 1979/2102 2252/2526
时间：9。
物理内存: 1.98 GB
虚拟内存: 2.25 GB
结束时间：2026年8月9日 02:14:35。
----- 研究 5/解 11 (sol11) 中的“编译方程: 稳态” ------------------------------------------>
<---- 研究 5/解 11 (sol11) 中的“因变量 1” ----------------------------------------------
开始于 2026年8月9日 02:14:35。
           当前进度:   7 % - 因变量 1
Memory: 1980/2102 2252/2526
求解时间：0 s。
物理内存: 1.98 GB
虚拟内存: 2.25 GB
结束时间：2026年8月9日 02:14:35。
----- 研究 5/解 11 (sol11) 中的“因变量 1” --------------------------------------------->
<---- 研究 5/解 11 (sol11) 中的“稳态求解器 1” --------------------------------------------
开始于 2026年8月9日 02:14:35。
线性求解器 
求解的自由度数：6741（加上 728 个内部自由度）。
找到对称矩阵。
缩放因变量：
浓度 (comp_n2_transfer.cN2d): 1
已使用正交零空间函数。
Iter      SolEst     Damping    Stepsize #Res #Jac #Sol   LinErr   LinRes
   1        0.99   1.0000000        0.99    1    1    1  4.8e-13  3.4e-15
---------- 当前进度: 100 % - 
Memory: 1988/2102 2256/2526
求解时间：1 s。
物理内存: 1.99 GB
虚拟内存: 2.26 GB
结束时间：2026年8月9日 02:14:36。
----- 研究 5/解 11 (sol11) 中的“稳态求解器 1” ------------------------------------------->
           当前进度:   1 % - 正在初始化
Memory: 1780/2178 2031/2526
           当前进度:   6 % - 正在计算
Memory: 1798/2178 2045/2526
-          当前进度:  10 % - 正在绘制
---        当前进度:  31 % - 正在计算
----       当前进度:  47 % - 正在计算
-----      当前进度:  50 % - 正在计算
Memory: 1799/2178 2045/2526
-----      当前进度:  55 % - 正在绘制
Memory: 1801/2178 2048/2526
--------   当前进度:  84 % - 正在计算
Memory: 1803/2178 2050/2526
--------   当前进度:  89 % - 正在计算
---------  当前进度:  90 % - 正在计算
---------  当前进度:  92 % - 正在计算
---------  当前进度:  94 % - 正在计算
---------  当前进度:  96 % - 正在计算
---------  当前进度:  97 % - 正在计算
---------  当前进度:  98 % - 正在计算
---------  当前进度:  99 % - 正在计算
           当前进度:   0 % - 正在绘制
Memory: 1805/2178 2051/2526
           当前进度:   6 % - 正在计算
-          当前进度:  10 % - 正在绘制
---        当前进度:  31 % - 正在计算
Memory: 1808/2178 2054/2526
----       当前进度:  47 % - 正在计算
-----      当前进度:  50 % - 正在计算
Memory: 1808/2178 2055/2526
-----      当前进度:  55 % - 正在绘制
Memory: 1806/2178 2052/2526
--------   当前进度:  84 % - 正在计算
Memory: 1806/2178 2053/2526
--------   当前进度:  89 % - 正在计算
---------  当前进度:  90 % - 正在计算
---------  当前进度:  92 % - 正在计算
---------  当前进度:  94 % - 正在计算
---------  当前进度:  96 % - 正在计算
---------  当前进度:  97 % - 正在计算
---------  当前进度:  98 % - 正在计算
---------  当前进度:  99 % - 正在计算
           当前进度:   0 % - 正在绘制
Memory: 1808/2178 2054/2526
           当前进度:   6 % - 正在计算
-          当前进度:  10 % - 正在绘制
-          当前进度:  19 % - 正在计算
--         当前进度:  24 % - 正在计算
Memory: 1810/2178 2057/2526
---        当前进度:  35 % - 正在计算
---        当前进度:  37 % - 正在计算
---        当前进度:  38 % - 正在计算
---------  当前进度:  93 % - 正在计算
Memory: 1811/2178 2057/2526
---------  当前进度:  98 % - 正在计算
           当前进度:   0 % - 正在绘制
           当前进度:   6 % - 正在计算
-          当前进度:  10 % - 正在绘制
Memory: 1809/2178 2055/2526
-          当前进度:  19 % - 正在计算
--------   当前进度:  83 % - 正在计算
---------  当前进度:  90 % - 正在计算
           当前进度:   1 % - 正在初始化
Memory: 1822/2178 2069/2526
           当前进度:   6 % - 正在计算
Memory: 1862/2178 2113/2526
-          当前进度:  10 % - 正在绘制
---        当前进度:  36 % - 正在计算
Memory: 1863/2178 2113/2526
----       当前进度:  47 % - 正在计算
-----      当前进度:  50 % - 正在计算
-----      当前进度:  55 % - 正在绘制
--------   当前进度:  87 % - 正在计算
--------   当前进度:  89 % - 正在计算
---------  当前进度:  90 % - 正在计算
---------  当前进度:  92 % - 正在计算
---------  当前进度:  94 % - 正在计算
---------  当前进度:  96 % - 正在计算
---------  当前进度:  97 % - 正在计算
---------  当前进度:  98 % - 正在计算
---------  当前进度:  99 % - 正在计算
           当前进度:   0 % - 正在绘制
           当前进度:   6 % - 正在计算
-          当前进度:  10 % - 正在绘制
---        当前进度:  36 % - 正在计算
----       当前进度:  47 % - 正在计算
-----      当前进度:  50 % - 正在计算
-----      当前进度:  55 % - 正在绘制
--------   当前进度:  87 % - 正在计算
--------   当前进度:  89 % - 正在计算
---------  当前进度:  90 % - 正在计算
---------  当前进度:  92 % - 正在计算
---------  当前进度:  94 % - 正在计算
---------  当前进度:  96 % - 正在计算
---------  当前进度:  97 % - 正在计算
---------  当前进度:  98 % - 正在计算
---------  当前进度:  99 % - 正在计算
           当前进度:   0 % - 正在绘制
           当前进度:   6 % - 正在计算
-          当前进度:  10 % - 正在绘制
--         当前进度:  22 % - 正在计算
Memory: 1870/2178 2113/2526
--         当前进度:  24 % - 正在计算
Memory: 1882/2178 2113/2526
---        当前进度:  35 % - 正在计算
Memory: 1892/2178 2117/2526
---        当前进度:  37 % - 正在计算
---        当前进度:  38 % - 正在计算
---------  当前进度:  93 % - 正在计算
Memory: 1894/2178 2117/2526
---------  当前进度:  98 % - 正在计算
           当前进度:   0 % - 正在绘制
           当前进度:   6 % - 正在计算
-          当前进度:  10 % - 正在绘制
-----      当前进度:  51 % - 正在计算
--------   当前进度:  83 % - 正在计算
---------  当前进度:  90 % - 正在计算
           当前进度:   1 % - 正在初始化
Memory: 1902/2178 2123/2526
           当前进度:   6 % - 正在计算
Memory: 1958/2178 2180/2526
-          当前进度:  10 % - 正在绘制
-----      当前进度:  51 % - 正在计算
Memory: 1959/2178 2180/2526
--------   当前进度:  83 % - 正在计算
---------  当前进度:  90 % - 正在计算
           当前进度:   0 % - 正在绘制
           当前进度:   6 % - 正在计算
-          当前进度:  10 % - 正在绘制
-----      当前进度:  51 % - 正在计算
--------   当前进度:  83 % - 正在计算
---------  当前进度:  90 % - 正在计算
-          当前进度:  10 % - 正在初始化
Memory: 1969/2178 2189/2526
           当前进度:   1 % - 正在初始化
Memory: 2140/2178 2355/2526
           当前进度:   6 % - 正在计算
Memory: 2327/2327 2576/2576
-          当前进度:  10 % - 正在绘制
-          当前进度:  19 % - 正在计算
--------   当前进度:  83 % - 正在计算
Memory: 2328/2328 2576/2576
--------   当前进度:  86 % - 正在计算
           当前进度:   0 % - 正在绘制
           当前进度:   6 % - 正在计算
-          当前进度:  10 % - 正在绘制
-          当前进度:  19 % - 正在计算
--------   当前进度:  83 % - 正在计算
--------   当前进度:  86 % - 正在计算
           当前进度:   1 % - 正在初始化
Memory: 2342/2342 2587/2587
           当前进度:   6 % - 正在计算
Memory: 2344/2350 2588/2627
-          当前进度:  10 % - 正在绘制
-          当前进度:  19 % - 正在计算
--------   当前进度:  83 % - 正在计算
--------   当前进度:  86 % - 正在计算
           当前进度:   0 % - 正在绘制
           当前进度:   6 % - 正在计算
-          当前进度:  10 % - 正在绘制
-          当前进度:  19 % - 正在计算
--------   当前进度:  83 % - 正在计算
--------   当前进度:  86 % - 正在计算
           当前进度:   0 % - 正在绘制
           当前进度:   6 % - 正在计算
-          当前进度:  10 % - 正在绘制
-          当前进度:  19 % - 正在计算
--------   当前进度:  83 % - 正在计算
--------   当前进度:  86 % - 正在计算
           当前进度:   0 % - 正在绘制
           当前进度:   6 % - 正在计算
-          当前进度:  10 % - 正在绘制
-          当前进度:  16 % - 正在计算
-----      当前进度:  55 % - 正在计算
------     当前进度:  60 % - 正在计算
---------  当前进度:  97 % - 正在计算
           当前进度:   1 % - 正在初始化
           当前进度:   6 % - 正在计算
Memory: 2353/2353 2588/2627
-          当前进度:  10 % - 正在绘制
-          当前进度:  19 % - 正在计算
--------   当前进度:  83 % - 正在计算
Memory: 2354/2354 2588/2627
--------   当前进度:  86 % - 正在计算
           当前进度:   0 % - 正在绘制
           当前进度:   6 % - 正在计算
-          当前进度:  10 % - 正在绘制
-          当前进度:  19 % - 正在计算
Memory: 2355/2355 2588/2627
--------   当前进度:  83 % - 正在计算
--------   当前进度:  86 % - 正在计算
类运行时: 463 s.
总时间: 463 s.
