*******************************************
***COMSOL 6.4.0.293 progress output file***
*******************************************
Sun Aug 09 01:39:45 CST 2026
COMSOL Multiphysics 6.4 (开发版本: 293) 在批处理模式下启动
正在运行: F:\LiNRR_COMSOL\worktrees\LiNRR_M10A2\src\java\LiNRR_M10A2_SSC_Pipe_Wetting.class
---------- 当前进度: 100 % - 正在分析几何
Memory: 891/896 943/943
---------- 当前进度: 100 % - 正在更新选择
Memory: 944/987 980/1027
           当前进度:   0 % - 矩形
Memory: 976/987 1014/1027
           当前进度:   8 % - 矩形 2
Memory: 979/987 1015/1027
-          当前进度:  17 % - 形成联合体
--------   当前进度:  87 % - 解析域和空区域
Memory: 980/987 1015/1027
---------- 当前进度: 100 % - 正在更新选择
---------- 当前进度: 100 % - 正在创建可视化网格
Memory: 988/989 1017/1027
           当前进度:   0 % - 映射
Memory: 1026/1038 1053/1065
顶点单元数：6
边界单元数：700
最小单元质量：1
---------- 当前进度: 100 % - 正在定型网格
Memory: 1028/1038 1053/1065
           当前进度:   3 % - 生成方程
Memory: 1031/1038 1055/1065
<---- 研究 5/解 11 (sol11) 中的“编译方程: 稳态” -------------------------------------------
开始于 2026年8月9日 01:40:36。
几何形函数: 线性拉格朗日单元
几何形函数: 线性拉格朗日单元
几何形函数: 线性拉格朗日单元
几何形函数: 二次拉格朗日单元
几何形函数: 二次拉格朗日单元
几何形函数: 二次拉格朗日单元
几何形函数: 二次拉格朗日单元
几何形函数: 线性拉格朗日单元
几何形函数: 线性拉格朗日单元
在 AMD64 Family 25 Model 80 Stepping 0, AuthenticAMD 上运行。
在以下位置使用 1 个插槽： Pokemon 上（共 8 个内核）。
可用内存：15.77 GB。
           当前进度:   6 % - 编译方程: 稳态
Memory: 1366/1367 1420/1420
           当前进度:   7 % - 编译方程: 稳态
Memory: 1378/1385 1415/1425
           当前进度:   3 % - 正在创建可视化网格
Memory: 1449/1452 1482/1487
           当前进度:   7 % - 正在创建可视化网格
Memory: 1452/1452 1485/1487
时间：13。
物理内存: 1.45 GB
虚拟内存: 1.49 GB
结束时间：2026年8月9日 01:40:49。
----- 研究 5/解 11 (sol11) 中的“编译方程: 稳态” ------------------------------------------>
<---- 研究 5/解 11 (sol11) 中的“因变量 1” ----------------------------------------------
开始于 2026年8月9日 01:40:49。
           当前进度:   7 % - 因变量 1
Memory: 1452/1455 1483/1487
求解时间：0 s。
物理内存: 1.46 GB
虚拟内存: 1.48 GB
结束时间：2026年8月9日 01:40:49。
----- 研究 5/解 11 (sol11) 中的“因变量 1” --------------------------------------------->
<---- 研究 5/解 11 (sol11) 中的“稳态求解器 1” --------------------------------------------
开始于 2026年8月9日 01:40:49。
-          当前进度:  12 % - 稳态求解器 1
Memory: 1430/1460 1467/1489
线性求解器 
求解的自由度数：6741（加上 728 个内部自由度）。
找到对称矩阵。
缩放因变量：
浓度 (comp_n2_transfer.cN2d): 1
已使用正交零空间函数。
---        当前进度:  38 % - 矩阵分解
Memory: 1448/1460 1537/1537
Iter      SolEst     Damping    Stepsize #Res #Jac #Sol   LinErr   LinRes
   1        0.99   1.0000000        0.99    1    1    1  4.9e-13  3.3e-15
---------- 当前进度: 100 % - 
Memory: 1452/1460 1538/1542
求解时间：3 s。
物理内存: 1.46 GB
虚拟内存: 1.58 GB
结束时间：2026年8月9日 01:40:52。
----- 研究 5/解 11 (sol11) 中的“稳态求解器 1” ------------------------------------------->

/***************/
/*****错误********/
/***************/
运行 Java 类时出错。
安全性首选项“文件系统访问”不允许“write”访问“F:\LiNRR COMSOL\worktrees\LiNRR M10A2\runs\M10A2\20260809 034500 build attempt 18\M10A2 numerical audit.csv”。
 - 类: LiNRR_M10A2_SSC_Pipe_Wetting
总时间: 74 s.
