*******************************************
***COMSOL 6.4.0.293 progress output file***
*******************************************
Thu Aug 13 08:04:44 CST 2026
COMSOL Multiphysics 6.4 (开发版本: 293) 在批处理模式下启动
正在运行: F:\LiNRR_COMSOL\worktrees\LiNRR_M10A2\src\java\LiNRR_M10A2R_ManualReconciliation.class
---------- 当前进度: 100 % - 正在更新选择
Memory: 1107/1111 1142/1161
           当前进度:   0 % - 导入
Memory: 1122/1122 1156/1161
           当前进度:   0 % - 正在导入“STEP”
Memory: 1121/1125 1155/1161
Header : Author::Unknown
Header : Authorization::Unknown
Header : Description::STEP AP203
Header : File Name::electrolyteChamber_rectangularMask_v02.2.2_20210521_STEP-AP203.STEP
Header : Implementation Level::1
Header : Organization::Unknown
Header : Originating System::SolidWorks 2020
Header : Preprocessor Version::SwSTEP 2.0
Header : Schema::CONFIG_CONTROL_DESIGN
Header : Time Stamp::2021-06-09T13:01:45
Begin CAD File Read 'F:/LiNRR_COMSOL/worktrees/LiNRR_M10A2/cad/raw/M10A0_2/electrolyteChamber_rectangularMask_v02.2.2_20210521_STEP-AP203.STEP'
  
      Summary of STEP Entities
  
Entity Type                                                   Count
-----------                                                   ------
advanced_brep_shape_representation .......................:   1
advanced_face ............................................:   93
application_context ......................................:   2
application_protocol_definition ..........................:   2
applied_approval_assignment ..............................:   3
applied_date_and_time_assignment .........................:   2
applied_person_and_organization_assignment ...............:   5
applied_security_classification_assignment ...............:   1
approval .................................................:   3
approval_date_time .......................................:   3
approval_person_organization .............................:   3
approval_role ............................................:   3
approval_status ..........................................:   3
axis2_placement_3d .......................................:   196
b_spline_curve_with_knots ................................:   2
b_spline_curve_with_knots_and_rational_b_spline_curve ....:   12
b_spline_surface_with_knots_and_rational_b_spline_surface :   2
calendar_date ............................................:   5
cartesian_point ..........................................:   1034
circle ...................................................:   104
closed_shell .............................................:   1
coordinated_universal_time_offset ........................:   5
cylindrical_surface ......................................:   56
date_and_time ............................................:   5
date_time_role ...........................................:   2
direction ................................................:   534
edge_curve ...............................................:   260
edge_loop ................................................:   120
face_bound ...............................................:   27
face_outer_bound .........................................:   93
geometric_representation_context_and_global_uncertainty_a :   1
length_unit_and_si_unit ..................................:   1
line .....................................................:   142
local_time ...............................................:   5
manifold_solid_brep ......................................:   1
organization .............................................:   1
oriented_edge ............................................:   520
person ...................................................:   1
person_and_organization ..................................:   8
person_and_organization_role .............................:   5
plane ....................................................:   35
plane_angle_unit_and_si_unit .............................:   1
product ..................................................:   1
product_context ..........................................:   1
product_definition .......................................:   1
product_definition_context ...............................:   1
product_definition_formation_with_specified_source .......:   1
product_definition_shape .................................:   1
product_related_product_category .........................:   1
security_classification ..................................:   1
security_classification_level ............................:   1
shape_definition_representation ..........................:   1
si_unit_and_solid_angle_time_role ........................
-----      当前进度:  50 % - 正在导入“STEP”
Memory: 1123/1126 1157/1161
...................:   2
direction ................................................:   534
edge_curve ...............................................:   260
edge_loop ................................................:   120
face_bound ...............................................:   27
face_outer_bound .........................................:   93
geometric_representation_context_and_global_uncertainty_a :   1
length_unit_and_si_unit ..................................:   1
line .....................................................:   142
local_time ...............................................:   5
manifold_solid_brep ......................................:   1
organization .............................................:   1
oriented_edge ............................................:   520
person ...................................................:   1
person_and_organization ..................................:   8
person_and_organization_role .............................:   5
plane ....................................................:   35
plane_angle_unit_and_si_unit .............................:   1
product ..................................................:   1
product_context ..........................................:   1
product_definition .......................................:   1
product_definition_context ...............................:   1
product_definition_formation_with_specified_source .......:   1
product_definition_shape .................................:   1
product_related_product_category .........................:   1
security_classification ..................................:   1
security_classification_level ............................:   1
shape_definition_representation ..........................:   1
si_unit_and_solid_angle_unit .............................:   1
uncertainty_measure_with_unit ............................:   1
vector ...................................................:   142
vertex_point .............................................:   172
                                                             -------
Total                                                         3629
--------   当前进度:  83 % - 正在应用变换
Memory: 1124/1126 1154/1161
           当前进度:   0 % - 导入 2
Memory: 1130/1135 1156/1192
           当前进度:   0 % - 正在导入“STEP”
Header : Author::Unknown
Header : Authorization::Unknown
Header : Description::STEP AP203
Header : File Name::block_currentCollector_flowField_v03.2.1_20210525_STEP-AP203.STEP
Header : Implementation Level::1
Header : Organization::Unknown
Header : Originating System::SolidWorks 2022
Header : Preprocessor Version::SwSTEP 2.0
Header : Schema::CONFIG_CONTROL_DESIGN
Header : Time Stamp::2023-09-28T11:10:23
Begin CAD File Read 'F:/LiNRR_COMSOL/worktrees/LiNRR_M10A2/cad/raw/M10A0_2/block_currentCollector_flowField_v03.2.1_20210525_STEP-AP203.STEP'
  
      Summary of STEP Entities
  
Entity Type                                                   Count
-----------                                                   ------
advanced_brep_shape_representation .......................:   1
advanced_face ............................................:   135
application_context ......................................:   2
application_protocol_definition ..........................:   2
applied_approval_assignment ..............................:   3
applied_date_and_time_assignment .........................:   2
applied_person_and_organization_assignment ...............:   5
applied_security_classification_assignment ...............:   1
approval .................................................:   3
approval_date_time .......................................:   3
approval_person_organization .............................:   3
approval_role ............................................:   3
approval_status ..........................................:   3
axis2_placement_3d .......................................:   296
calendar_date ............................................:   5
cartesian_point ..........................................:   753
circle ...................................................:   160
closed_shell .............................................:   1
conical_surface ..........................................:   6
coordinated_universal_time_offset ........................:   5
cylindrical_surface ......................................:   78
date_and_time ............................................:   5
date_time_role ...........................................:   2
direction ................................................:   804
edge_curve ...............................................:   372
edge_loop ................................................:   167
face_bound ...............................................:   32
face_outer_bound .........................................:   135
geometric_representation_context_and_global_uncertainty_a :   1
length_unit_and_si_unit ..................................:   1
line .....................................................:   212
local_time ...............................................:   5
manifold_solid_brep ......................................:   1
organization .............................................:   1
oriented_edge ............................................:   744
person ...................................................:   1
person_and_organization ..................................:   8
person_and_organization_role .............................:   5
plane ....................................................:   51
plane_angle_unit_and_si_unit .............................:   1
product ..................................................:   1
product_context ..........................................:   1
product_definition .......................................:   1
product_definition_context ...............................:   1
product_definition_formation_with_specified_source .......:   1
product_definition_shape .................................:   1
product_related_product_category .........................:   1
security_classification ..................................:   1
security_classification_level ............................:   1
shape_definition_representation ..........................:   1
si_unit_and_solid_angle_unit .............................:   1
uncertainty_measure_with_unit ............................:   1
vector ...................................................:   ................:   372
edge_loop ................................................:   167
face_bound ...............................................:   32
face_outer_bound .........................................:   135
geometric_representation_context_and_global_uncertainty_a :   1
length_unit_and_si_unit ..................................:   1
line .....................................................:   212
local_time ...............................................:   5
manifold_solid_brep ......................................:   1
organization .............................................:   1
oriented_edge ............................................:   744
person ...................................................:   1
person_and_organization ..................................:   8
person_and_organization_role .............................:   5
plane ....................................................:   51
plane_angle_unit_and_si_unit .............................:   1
product ..................................................:   1
product_context ..........................................:   1
product_definition .......................................:   1
product_definition_context ...............................:   1
product_definition_formation_with_specified_source .......:   1
product_definition_shape .................................:   1
product_related_product_category .........................:   1
security_classification ..................................:   1
security_classification_level ............................:   1
shape_definition_representation ..........................:   1
si_unit_and_solid_angle_unit .............................:   1
uncertainty_measure_with_unit ............................:   1
vector ...................................................:   212
vertex_point .............................................:   245
                                                             -------
Total                                                         4487
-----      当前进度:  50 % - 正在导入“STEP”
--------   当前进度:  83 % - 正在应用变换
           当前进度:   0 % - 旋转
Memory: 1063/1135 1098/1192
           当前进度:   9 % - 移动
Memory: 1067/1135 1100/1192
-          当前进度:  18 % - 镜像
Memory: 1068/1135 1101/1192
--         当前进度:  27 % - Cathode SSC | 316L | 500 mesh source identity | 60x60 mm | t=30 um LITERATURE_SAME_PLATFORM
Memory: 1070/1135 1102/1192
--         当前进度:  27 % - Anode PtAu/316L SSC | 500 mesh source identity | 60x60 mm | t=30 um LITERATURE_SAME_PLATFORM
--         当前进度:  28 % - 长方体
--         当前进度:  29 % - 长方体 2
---        当前进度:  30 % - Negative-side gasket | SCHEMATIC_VISUAL_ONLY | thickness not verified
---        当前进度:  30 % - 执行布尔操作
Memory: 1073/1135 1104/1192
---        当前进度:  39 % - 长方体 3
Memory: 1074/1135 1104/1192
----       当前进度:  40 % - 长方体 4
----       当前进度:  41 % - Positive-side gasket | SCHEMATIC_VISUAL_ONLY | thickness not verified
----       当前进度:  41 % - 执行布尔操作
-----      当前进度:  50 % - N2_IN PFA wall | OD 3 mm | SCHEMATIC_VISUAL_ONLY
-----      当前进度:  50 % - N2_IN gas bore | ID 2 mm | no PEEK cone
Memory: 1075/1135 1104/1192
-----      当前进度:  51 % - N2_IN hollow PFA tube wall | VISUALIZATION ONLY | NO HYDRAULIC ROLE
-----      当前进度:  51 % - 执行布尔操作
------     当前进度:  60 % - N2_IN distinct gas bore | ID 2 mm | VISUALIZATION ONLY | NO HYDRAULIC ROLE
------     当前进度:  61 % - N2_OUT PFA wall | OD 3 mm | SCHEMATIC_VISUAL_ONLY
------     当前进度:  62 % - N2_OUT gas bore | ID 2 mm | no PEEK cone
------     当前进度:  63 % - N2_OUT hollow PFA tube wall | VISUALIZATION ONLY | NO HYDRAULIC ROLE
------     当前进度:  63 % - 执行布尔操作
-------    当前进度:  72 % - N2_OUT distinct gas bore | ID 2 mm | VISUALIZATION ONLY | NO HYDRAULIC ROLE
-------    当前进度:  73 % - H2_IN PFA wall | OD 3 mm | SCHEMATIC_VISUAL_ONLY
Memory: 1076/1135 1105/1192
-------    当前进度:  73 % - H2_IN gas bore | ID 2 mm | no PEEK cone
-------    当前进度:  74 % - H2_IN hollow PFA tube wall | VISUALIZATION ONLY | NO HYDRAULIC ROLE
-------    当前进度:  74 % - 执行布尔操作
Memory: 1077/1135 1105/1192
--------   当前进度:  83 % - H2_IN distinct gas bore | ID 2 mm | VISUALIZATION ONLY | NO HYDRAULIC ROLE
--------   当前进度:  84 % - H2_OUT PFA wall | OD 3 mm | SCHEMATIC_VISUAL_ONLY
Memory: 1077/1135 1106/1192
--------   当前进度:  85 % - H2_OUT gas bore | ID 2 mm | no PEEK cone
--------   当前进度:  86 % - H2_OUT hollow PFA tube wall | VISUALIZATION ONLY | NO HYDRAULIC ROLE
Memory: 1078/1135 1106/1192
--------   当前进度:  86 % - 执行布尔操作
Memory: 1078/1135 1107/1192
---------  当前进度:  95 % - H2_OUT distinct gas bore | ID 2 mm | VISUALIZATION ONLY | NO HYDRAULIC ROLE
---------  当前进度:  96 % - 形成装配
Memory: 1079/1135 1107/1192
---------  当前进度:  96 % - 正在初始化
Memory: 1088/1135 1114/1192
---------- 当前进度: 100 % - 正在更新选择
Memory: 1092/1135 1129/1192
---------- 当前进度: 100 % - 正在创建可视化网格
Memory: 1123/1135 1163/1192
           当前进度:   0 % - 自由三角形网格
Memory: 1127/1135 1165/1192
顶点单元数：806
           当前进度:   9 % - 正在创建边界网格
Memory: 1157/1157 1180/1192
-          当前进度:  10 % - 正在创建边界网格
Memory: 1173/1173 1204/1204
边单元数：7812
边界单元数：35682
---        当前进度:  33 % - 正在创建边界网格
Memory: 1181/1181 1212/1212
---        当前进度:  33 % - 自由四面体网格
Memory: 1183/1183 1212/1212
顶点单元数：806
边单元数：7812
边界单元数：35682
-----      当前进度:  59 % - 正在创建初始四面体网格
Memory: 1194/1194 1229/1229
------     当前进度:  63 % - 相关边界
Memory: 1205/1205 1238/1238
------     当前进度:  69 % - 正在插入内部点
Memory: 1218/1218 1264/1264
-------    当前进度:  74 % - 正在提高单元质量
Memory: 1226/1226 1265/1265
-------    当前进度:  75 % - 正在提高单元质量
Memory: 1226/1226 1262/1265
-------    当前进度:  76 % - 正在提高单元质量
Memory: 1229/1229 1266/1266
-------    当前进度:  77 % - 正在提高单元质量
Memory: 1228/1229 1265/1266
---------  当前进度:  99 % - 正在定型网格
Memory: 1227/1229 1264/1266
单元数：116893
最小单元质量：0.001992
Warning: Low minimum element quality
---------- 当前进度: 100 % - 正在定型网格
Memory: 1228/1229 1260/1266
           当前进度:   1 % - 生成方程
Memory: 1237/1239 1266/1269
-          当前进度:  10 % - 正在计算
Memory: 1250/1254 1277/1281
           当前进度:   6 % - 正在计算
Memory: 1251/1254 1277/1281
------     当前进度:  69 % - 正在计算
Memory: 1251/1254 1276/1281
---        当前进度:  30 % - 生成图像
Memory: 1309/1309 1327/1327
           当前进度:   6 % - 正在计算
Memory: 1340/1346 1395/1403
------     当前进度:  69 % - 正在计算
---        当前进度:  30 % - 生成图像
Memory: 1353/1357 1404/1414
           当前进度:   6 % - 正在计算
Memory: 1354/1361 1406/1414
-          当前进度:  19 % - 正在计算
---        当前进度:  30 % - 生成图像
Memory: 1348/1361 1393/1414
           当前进度:   1 % - 正在初始化
Memory: 1355/1361 1404/1414
           当前进度:   6 % - 正在计算
Memory: 1404/1404 1454/1454
-          当前进度:  10 % - 正在绘制
------     当前进度:  62 % - 正在计算
Memory: 1406/1406 1454/1454
--------   当前进度:  83 % - 正在计算
Memory: 1418/1418 1465/1465
---------  当前进度:  90 % - 正在计算
---        当前进度:  30 % - 生成图像
Memory: 1417/1419 1459/1466
           当前进度:   1 % - 正在初始化
Memory: 1430/1430 1472/1472
           当前进度:   6 % - 正在计算
Memory: 1519/1522 1562/1563
-          当前进度:  10 % - 正在绘制
-----      当前进度:  51 % - 正在计算
--------   当前进度:  83 % - 正在计算
Memory: 1520/1522 1562/1563
---------  当前进度:  90 % - 正在计算
---        当前进度:  30 % - 生成图像
Memory: 1521/1522 1556/1563
           当前进度:   1 % - 正在初始化
Memory: 1538/1538 1593/1593
           当前进度:   6 % - 正在计算
Memory: 1599/1599 1642/1642
-          当前进度:  10 % - 正在绘制
-----      当前进度:  51 % - 正在计算
--------   当前进度:  83 % - 正在计算
Memory: 1605/1605 1647/1647
---------  当前进度:  90 % - 正在计算
---        当前进度:  30 % - 生成图像
Memory: 1605/1606 1641/1648
           当前进度:   6 % - 正在计算
Memory: 1607/1612 1652/1655
-------    当前进度:  78 % - 正在计算
Memory: 1608/1612 1652/1655
---        当前进度:  30 % - 生成图像
Memory: 1613/1613 1653/1655
           当前进度:   1 % - 正在初始化
Memory: 1638/1638 1705/1705
           当前进度:   6 % - 正在计算
Memory: 1859/1906 1923/1974
-          当前进度:  10 % - 正在绘制
-          当前进度:  19 % - 正在计算
--------   当前进度:  83 % - 正在计算
--------   当前进度:  86 % - 正在计算
---        当前进度:  30 % - 生成图像
Memory: 1858/1906 1917/1974
           当前进度:   1 % - 正在初始化
Memory: 1841/1906 1901/1974
           当前进度:   6 % - 正在计算
Memory: 1869/1906 1929/1974
-          当前进度:  10 % - 正在绘制
-          当前进度:  19 % - 正在计算
--------   当前进度:  83 % - 正在计算
--------   当前进度:  86 % - 正在计算
---        当前进度:  30 % - 生成图像
Memory: 1869/1906 1924/1974
           当前进度:   1 % - 正在计算
Memory: 1601/1924 1647/1974
-          当前进度:  10 % - 正在计算
Memory: 1640/1924 1680/1974
           当前进度:   6 % - 正在计算
------     当前进度:  69 % - 正在计算
Memory: 1637/1924 1677/1974
           当前进度:   6 % - 正在计算
Memory: 1642/1924 1681/1974
------     当前进度:  69 % - 正在计算
           当前进度:   6 % - 正在计算
Memory: 1643/1924 1682/1974
-          当前进度:  19 % - 正在计算
Memory: 1643/1924 1684/1974
-          当前进度:  10 % - 正在初始化
Memory: 1657/1924 1695/1974
           当前进度:   1 % - 正在初始化
Memory: 1806/1924 1839/1974
           当前进度:   6 % - 正在计算
Memory: 1923/1940 1965/1982
-          当前进度:  10 % - 正在绘制
-          当前进度:  19 % - 正在计算
--------   当前进度:  83 % - 正在计算
--------   当前进度:  86 % - 正在计算
-          当前进度:  10 % - 正在初始化
Memory: 1927/1940 1967/1982
-          当前进度:  19 % - 正在计算
Memory: 2116/2116 2171/2171
--------   当前进度:  83 % - 正在计算
--------   当前进度:  86 % - 正在计算
           当前进度:   0 % - 正在绘制
           当前进度:   6 % - 正在计算
-          当前进度:  10 % - 正在绘制
-          当前进度:  19 % - 正在计算
--------   当前进度:  83 % - 正在计算
--------   当前进度:  86 % - 正在计算
           当前进度:   1 % - 正在初始化
Memory: 2120/2120 2172/2172
           当前进度:   6 % - 正在计算
Memory: 2116/2127 2168/2211
-          当前进度:  10 % - 正在绘制
-          当前进度:  19 % - 正在计算
--------   当前进度:  83 % - 正在计算
Memory: 2117/2127 2168/2211
--------   当前进度:  86 % - 正在计算
           当前进度:   1 % - 正在初始化
Memory: 2118/2127 2168/2211
           当前进度:   6 % - 正在计算
-          当前进度:  10 % - 正在绘制
------     当前进度:  62 % - 正在计算
Memory: 2120/2127 2168/2211
--------   当前进度:  83 % - 正在计算
Memory: 2130/2130 2176/2211
---------  当前进度:  90 % - 正在计算
           当前进度:   1 % - 正在初始化
           当前进度:   6 % - 正在计算
Memory: 2133/2133 2176/2211
-          当前进度:  10 % - 正在绘制
-----      当前进度:  51 % - 正在计算
--------   当前进度:  83 % - 正在计算
---------  当前进度:  90 % - 正在计算
           当前进度:   1 % - 正在初始化
Memory: 2138/2138 2180/2211
           当前进度:   6 % - 正在计算
Memory: 2160/2160 2207/2211
-          当前进度:  10 % - 正在绘制
-----      当前进度:  51 % - 正在计算
--------   当前进度:  83 % - 正在计算
Memory: 2162/2162 2207/2211
---------  当前进度:  90 % - 正在计算
           当前进度:   6 % - 正在计算
Memory: 2165/2165 2211/2211
-------    当前进度:  78 % - 正在计算
Memory: 2167/2167 2211/2211
           当前进度:   0 % - 正在绘制
Memory: 2168/2168 2215/2215
           当前进度:   6 % - 正在计算
-          当前进度:  10 % - 正在绘制
---        当前进度:  31 % - 正在计算
----       当前进度:  47 % - 正在计算
-----      当前进度:  50 % - 正在计算
Memory: 2169/2169 2215/2215
-----      当前进度:  55 % - 正在绘制
--------   当前进度:  84 % - 正在计算
Memory: 2170/2170 2215/2215
--------   当前进度:  89 % - 正在计算
Memory: 2171/2171 2215/2215
---------  当前进度:  90 % - 正在计算
---------  当前进度:  92 % - 正在计算
---------  当前进度:  94 % - 正在计算
---------  当前进度:  96 % - 正在计算
---------  当前进度:  97 % - 正在计算
---------  当前进度:  98 % - 正在计算
---------  当前进度:  99 % - 正在计算
           当前进度:   0 % - 正在绘制
           当前进度:   6 % - 正在计算
-          当前进度:  10 % - 正在绘制
---        当前进度:  31 % - 正在计算
----       当前进度:  47 % - 正在计算
-----      当前进度:  50 % - 正在计算
-----      当前进度:  55 % - 正在绘制
--------   当前进度:  84 % - 正在计算
--------   当前进度:  89 % - 正在计算
---------  当前进度:  90 % - 正在计算
---------  当前进度:  92 % - 正在计算
---------  当前进度:  94 % - 正在计算
---------  当前进度:  96 % - 正在计算
---------  当前进度:  97 % - 正在计算
---------  当前进度:  98 % - 正在计算
---------  当前进度:  99 % - 正在计算
           当前进度:   0 % - 正在绘制
           当前进度:   6 % - 正在计算
-          当前进度:  10 % - 正在绘制
-          当前进度:  19 % - 正在计算
Memory: 2178/2178 2252/2252
--         当前进度:  24 % - 正在计算
Memory: 2181/2181 2252/2252
---        当前进度:  35 % - 正在计算
Memory: 2185/2185 2252/2252
---        当前进度:  37 % - 正在计算
---        当前进度:  38 % - 正在计算
---------  当前进度:  93 % - 正在计算
Memory: 2186/2186 2252/2252
---------  当前进度:  98 % - 正在计算
           当前进度:   0 % - 正在绘制
           当前进度:   6 % - 正在计算
-          当前进度:  10 % - 正在绘制
-          当前进度:  19 % - 正在计算
Memory: 2191/2191 2252/2252
--------   当前进度:  83 % - 正在计算
---------  当前进度:  90 % - 正在计算
           当前进度:   1 % - 正在初始化
Memory: 2206/2206 2264/2264
           当前进度:   6 % - 正在计算
Memory: 2269/2269 2331/2331
-          当前进度:  10 % - 正在绘制
---        当前进度:  36 % - 正在计算
Memory: 2280/2280 2332/2332
----       当前进度:  47 % - 正在计算
-----      当前进度:  50 % - 正在计算
-----      当前进度:  55 % - 正在绘制
--------   当前进度:  87 % - 正在计算
Memory: 2283/2283 2332/2332
--------   当前进度:  89 % - 正在计算
Memory: 2285/2285 2332/2332
---------  当前进度:  90 % - 正在计算
---------  当前进度:  92 % - 正在计算
---------  当前进度:  94 % - 正在计算
---------  当前进度:  96 % - 正在计算
---------  当前进度:  97 % - 正在计算
---------  当前进度:  98 % - 正在计算
---------  当前进度:  99 % - 正在计算
           当前进度:   0 % - 正在绘制
           当前进度:   6 % - 正在计算
-          当前进度:  10 % - 正在绘制
---        当前进度:  36 % - 正在计算
----       当前进度:  47 % - 正在计算
-----      当前进度:  50 % - 正在计算
-----      当前进度:  55 % - 正在绘制
--------   当前进度:  87 % - 正在计算
--------   当前进度:  89 % - 正在计算
Memory: 2288/2288 2336/2336
---------  当前进度:  90 % - 正在计算
Memory: 2287/2288 2335/2336
---------  当前进度:  92 % - 正在计算
---------  当前进度:  94 % - 正在计算
---------  当前进度:  96 % - 正在计算
---------  当前进度:  97 % - 正在计算
---------  当前进度:  98 % - 正在计算
---------  当前进度:  99 % - 正在计算
           当前进度:   0 % - 正在绘制
           当前进度:   6 % - 正在计算
-          当前进度:  10 % - 正在绘制
--         当前进度:  22 % - 正在计算
Memory: 2312/2312 2363/2363
--         当前进度:  24 % - 正在计算
Memory: 2332/2332 2384/2384
---        当前进度:  35 % - 正在计算
Memory: 2342/2343 2395/2396
---        当前进度:  37 % - 正在计算
---        当前进度:  38 % - 正在计算
---------  当前进度:  93 % - 正在计算
Memory: 2337/2344 2388/2396
---------  当前进度:  98 % - 正在计算
           当前进度:   0 % - 正在绘制
           当前进度:   6 % - 正在计算
-          当前进度:  10 % - 正在绘制
-----      当前进度:  51 % - 正在计算
Memory: 2340/2344 2420/2420
--------   当前进度:  83 % - 正在计算
---------  当前进度:  90 % - 正在计算
           当前进度:   0 % - 正在绘制
           当前进度:   6 % - 正在计算
-          当前进度:  10 % - 正在绘制
-----      当前进度:  51 % - 正在计算
Memory: 2342/2344 2421/2421
--------   当前进度:  83 % - 正在计算
---------  当前进度:  90 % - 正在计算
           当前进度:   0 % - 正在绘制
           当前进度:   6 % - 正在计算
-          当前进度:  10 % - 正在绘制
-----      当前进度:  51 % - 正在计算
--------   当前进度:  83 % - 正在计算
---------  当前进度:  90 % - 正在计算
           当前进度:   1 % - 正在初始化
Memory: 2347/2349 2427/2460
           当前进度:   6 % - 正在计算
Memory: 2323/2349 2401/2460
-          当前进度:  10 % - 正在绘制
-          当前进度:  19 % - 正在计算
--------   当前进度:  83 % - 正在计算
--------   当前进度:  86 % - 正在计算
           当前进度:   1 % - 正在初始化
Memory: 2324/2349 2401/2460
           当前进度:   6 % - 正在计算
Memory: 2366/2366 2441/2460
-          当前进度:  10 % - 正在绘制
-          当前进度:  19 % - 正在计算
--------   当前进度:  83 % - 正在计算
--------   当前进度:  86 % - 正在计算
           当前进度:   0 % - 正在绘制
           当前进度:   6 % - 正在计算
-          当前进度:  10 % - 正在绘制
-          当前进度:  16 % - 正在计算
-----      当前进度:  55 % - 正在计算
------     当前进度:  60 % - 正在计算
---------  当前进度:  97 % - 正在计算
           当前进度:   1 % - 正在初始化
Memory: 2381/2381 2456/2460
           当前进度:   6 % - 正在计算
Memory: 2554/2554 2620/2620
-          当前进度:  10 % - 正在绘制
-          当前进度:  19 % - 正在计算
--------   当前进度:  83 % - 正在计算
--------   当前进度:  86 % - 正在计算
类运行时: 103 s.
总时间: 103 s.
