*******************************************
***COMSOL 6.4.0.293 progress output file***
*******************************************
Sun Aug 09 00:55:02 CST 2026
COMSOL Multiphysics 6.4 (开发版本: 293) 在批处理模式下启动
正在运行: F:\LiNRR_COMSOL\worktrees\LiNRR_M10A2\src\java\LiNRR_M10A2_SSC_Pipe_Wetting.class
---------- 当前进度: 100 % - 正在分析几何
Memory: 746/783 786/818
---------- 当前进度: 100 % - 正在更新选择
Memory: 789/791 829/832
           当前进度:   0 % - 导入
Memory: 772/794 813/835
           当前进度:   0 % - 正在导入“STEP”
Memory: 788/794 830/835
Header : Author::Unknown
Header : Authorization::Unknown
Header : Description::STEP AP203
Header : File Name::block_currentCollector_flowField_v03.2.1_20210525_STEP-AP203.STEP
Header : Implementation Level::1
Header : Organization::Unknown
Header : Originating System::SolidWorks 2022
Header : Preprocessor Version::SwSTEP 2.0
Header : Schema::CONFIG_CONTROL_DESIGN
Header : Time Stamp::2023-09-28T11:10:23
Begin CAD File Read 'F:/LiNRR_COMSOL/worktrees/LiNRR_M10A2/cad/raw/M10A0_2/block_currentCollector_flowField_v03.2.1_20210525_STEP-AP203.STEP'
  
      Summary of STEP Entities
  
Entity Type                                                   Count
-----------                                                   ------
advanced_brep_shape_representation .......................:   1
advanced_face ............................................:   135
application_context ......................................:   2
application_protocol_definition ..........................:   2
applied_approval_assignment ..............................:   3
applied_date_and_time_assignment .........................:   2
applied_person_and_organization_assignment ...............:   5
applied_security_classification_assignment ...............:   1
approval .................................................:   3
approval_date_time .......................................:   3
approval_person_organization .............................:   3
approval_role ............................................:   3
approval_status ..........................................:   3
axis2_placement_3d .......................................:   296
calendar_date ............................................:   5
cartesian_point ..........................................:   753
circle ...................................................:   160
closed_shell .............................................:   1
conical_surface ..........................................:   6
coordinated_universal_time_offset ........................:   5
cylindrical_surface ......................................:   78
date_and_time ............................................:   5
date_time_role ...........................................:   2
direction ................................................:   804
edge_curve ...............................................:   372
edge_loop ................................................:   167
face_bound ...............................................:   32
face_outer_bound .........................................:   135
geometric_representation_context_and_global_uncertainty_a :   1
length_unit_and_si_unit ..................................:   1
line .....................................................:   212
local_time ...............................................:   5
manifold_solid_brep ......................................:   1
organization .............................................:   1
oriented_edge ............................................:   744
person ...................................................:   1
person_and_organization ..................................:   8
person_and_organization_role .............................:   5
plane ....................................................:   51
plane_angle_unit_and_si_unit .............................:   1
product ..................................................:   1
product_context ..........................................:   1
product_definition .......................................:   1
product_definition_context ...............................:   1
product_definition_formation_with_specified_source .......:   1
product_definition_shape .................................:   1
product_related_product_category .........................:   1
security_classification ..................................:   1
security_classification_level ............................:   1
shape_definition_representation ..........................:   1
si_unit_and_solid_angle_unit .............................:   1
uncertainty_measure_with_unit ............................:   1
vector ...................urve ...............................
-----      当前进度:  50 % - 正在导入“STEP”
Memory: 797/800 837/841
................:   372
edge_loop ................................................:   167
face_bound ...............................................:   32
face_outer_bound .........................................:   135
geometric_representation_context_and_global_uncertainty_a :   1
length_unit_and_si_unit ..................................:   1
line .....................................................:   212
local_time ...............................................:   5
manifold_solid_brep ......................................:   1
organization .............................................:   1
oriented_edge ............................................:   744
person ...................................................:   1
person_and_organization ..................................:   8
person_and_organization_role .............................:   5
plane ....................................................:   51
plane_angle_unit_and_si_unit .............................:   1
product ..................................................:   1
product_context ..........................................:   1
product_definition .......................................:   1
product_definition_context ...............................:   1
product_definition_formation_with_specified_source .......:   1
product_definition_shape .................................:   1
product_related_product_category .........................:   1
security_classification ..................................:   1
security_classification_level ............................:   1
shape_definition_representation ..........................:   1
si_unit_and_solid_angle_unit .............................:   1
uncertainty_measure_with_unit ............................:   1
vector ...................................................:   212
vertex_point .............................................:   245
                                                             -------
Total                                                         4487
-----      当前进度:  57 % - 正在应用变换
Memory: 664/800 705/841
--------   当前进度:  83 % - 正在应用变换
Memory: 667/800 706/841
           当前进度:   0 % - 旋转 2
Memory: 701/800 735/841
--         当前进度:  20 % - 移动
Memory: 716/800 751/841
---        当前进度:  39 % - 镜像
Memory: 729/800 763/841
-----      当前进度:  59 % - 长方体
Memory: 736/800 770/841
------     当前进度:  61 % - 差集
------     当前进度:  61 % - 执行布尔操作
Memory: 743/800 775/841
--------   当前进度:  80 % - 形成联合体
Memory: 744/800 775/841
--------   当前进度:  80 % - 执行布尔操作
---------- 当前进度: 100 % - 正在更新选择
---------- 当前进度: 100 % - 正在创建可视化网格
Memory: 778/800 805/841
           当前进度:   0 % - 自由四面体网格
Memory: 809/826 835/852
顶点单元数：148
边单元数：1156
边界单元数：2314
----       当前进度:  43 % - 正在创建初始四面体网格
Memory: 828/835 856/864
---------  当前进度:  94 % - 正在提高单元质量
Memory: 828/838 853/864
单元数：2376
最小单元质量：0.139
---------- 当前进度: 100 % - 正在定型网格
Memory: 740/838 769/864
           当前进度:   2 % - 生成方程
Memory: 817/838 846/864
           当前进度:   3 % - 生成方程
Memory: 1101/1103 1127/1174
<---- 研究 2/解 5 (sol5) 中的“编译方程: 稳态” ---------------------------------------------
开始于 2026年8月9日 00:55:45。
几何形函数: 线性拉格朗日单元
几何形函数: 线性拉格朗日单元
几何形函数: 线性拉格朗日单元
在 AMD64 Family 25 Model 80 Stepping 0, AuthenticAMD 上运行。
在以下位置使用 1 个插槽： Pokemon 上（共 8 个内核）。
可用内存：15.77 GB。
           当前进度:   4 % - 编译方程: 稳态
Memory: 1202/1202 1226/1226
           当前进度:   7 % - 编译方程: 稳态
Memory: 1204/1209 1226/1232
           当前进度:   3 % - 正在创建可视化网格
Memory: 1260/1260 1279/1280
           当前进度:   7 % - 正在创建可视化网格
Memory: 1258/1264 1292/1296
时间：6。
物理内存: 1.27 GB
虚拟内存: 1.3 GB
结束时间：2026年8月9日 00:55:51。
----- 研究 2/解 5 (sol5) 中的“编译方程: 稳态” -------------------------------------------->
<---- 研究 2/解 5 (sol5) 中的“因变量 1” ------------------------------------------------
开始于 2026年8月9日 00:55:51。
           当前进度:   7 % - 因变量 1
Memory: 1255/1269 1285/1302
求解时间：0 s。
物理内存: 1.26 GB
虚拟内存: 1.29 GB
结束时间：2026年8月9日 00:55:51。
----- 研究 2/解 5 (sol5) 中的“因变量 1” ----------------------------------------------->
<---- 研究 2/解 5 (sol5) 中的“稳态求解器 1” ----------------------------------------------
开始于 2026年8月9日 00:55:51。
-          当前进度:  12 % - 稳态求解器 1
Memory: 1275/1278 1304/1307
非线性求解器
求解的自由度数：5017（加上 1 个内部自由度）。
找到非对称矩阵。
缩放因变量：
压力 (comp_h2_flow.pH2): 0.3
速度场 (comp_h2_flow.u3): 1
常微分方程助变量 (comp_h2_flow.spf3.in_h2.Pinl): 0.02
已使用正交零空间函数。
-          当前进度:  12 % - 矩阵分解
Memory: 1294/1294 1318/1322
Iter      SolEst      ResEst     Damping    Stepsize #Res #Jac #Sol   LinErr   LinRes
   1          73          14   0.0100000          74    2    1    2  1.7e-12  4.7e-11
--         当前进度:  20 % - 正在组装残差
Memory: 1315/1315 1332/1332
   2         6.6     2.2e+05   0.1000000         7.3    3    2    4  5.5e-12  2.8e-11
   3       0.044     1.7e+07   1.0000000        0.72    4    3    6  1.6e-11  1.3e-14
   4      0.0017     1.3e+06   1.0000000       0.036    5    4    8  1.1e-11  7.4e-15
---------  当前进度:  97 % - 组装矩阵
Memory: 1348/1348 1413/1413
   5     0.00043     1.4e+03   1.0000000      0.0051    7    5   10  2.3e-11    1e-14
---------- 当前进度: 100 % - 
Memory: 1348/1348 1412/1413
求解时间：2 s。
物理内存: 1.35 GB
虚拟内存: 1.45 GB
结束时间：2026年8月9日 00:55:54。
----- 研究 2/解 5 (sol5) 中的“稳态求解器 1” --------------------------------------------->

/***************/
/*****错误********/
/***************/
运行 Java 类时出错。
不支持的几何。
 - 几何: geom_h2_channel_fluid
不支持的几何。
 - 类: LiNRR_M10A2_SSC_Pipe_Wetting
总时间: 53 s.
