*******************************************
***COMSOL 6.4.0.293 progress output file***
*******************************************
Sun Aug 09 01:08:51 CST 2026
COMSOL Multiphysics 6.4 (开发版本: 293) 在批处理模式下启动
正在运行: F:\LiNRR_COMSOL\worktrees\LiNRR_M10A2\src\java\LiNRR_M10A2_SSC_Pipe_Wetting.class
---------- 当前进度: 100 % - 正在分析几何
Memory: 775/776 816/819
---------- 当前进度: 100 % - 正在更新选择
Memory: 781/783 820/824
           当前进度:   0 % - 多边形
Memory: 819/823 859/863
           当前进度:   9 % - 形成联合体
Memory: 821/823 861/863
----       当前进度:  42 % - 解析域和空区域
Memory: 831/845 879/893
---------- 当前进度: 100 % - 正在更新选择
Memory: 822/845 870/893
---------- 当前进度: 100 % - 正在创建可视化网格
Memory: 838/845 871/893
           当前进度:   0 % - 边
Memory: 805/852 844/893
顶点单元数：2
边界单元数：15
---------- 当前进度: 100 % - 正在创建边界网格
Memory: 807/852 847/893
           当前进度:   2 % - 生成方程
Memory: 792/852 826/893
           当前进度:   3 % - 生成方程
Memory: 911/935 951/966
<---- 研究 2a/解 6 (sol6) 中的“编译方程: 稳态” --------------------------------------------
开始于 2026年8月9日 01:09:34。
几何形函数: 线性拉格朗日单元
几何形函数: 线性拉格朗日单元
几何形函数: 线性拉格朗日单元
几何形函数: 二次拉格朗日单元
在 AMD64 Family 25 Model 80 Stepping 0, AuthenticAMD 上运行。
在以下位置使用 1 个插槽： Pokemon 上（共 8 个内核）。
可用内存：15.77 GB。
           当前进度:   4 % - 编译方程: 稳态
Memory: 1328/1328 1381/1382
           当前进度:   7 % - 编译方程: 稳态
Memory: 1336/1339 1377/1382
           当前进度:   3 % - 正在创建可视化网格
Memory: 1353/1357 1390/1394
           当前进度:   7 % - 正在创建可视化网格
Memory: 1351/1357 1388/1394
时间：9。
物理内存: 1.36 GB
虚拟内存: 1.39 GB
结束时间：2026年8月9日 01:09:43。
----- 研究 2a/解 6 (sol6) 中的“编译方程: 稳态” ------------------------------------------->
<---- 研究 2a/解 6 (sol6) 中的“因变量 1” -----------------------------------------------
开始于 2026年8月9日 01:09:43。
           当前进度:   7 % - 因变量 1
Memory: 1349/1357 1383/1394
求解时间：0 s。
物理内存: 1.35 GB
虚拟内存: 1.38 GB
结束时间：2026年8月9日 01:09:43。
----- 研究 2a/解 6 (sol6) 中的“因变量 1” ---------------------------------------------->
<---- 研究 2a/解 6 (sol6) 中的“稳态求解器 1” ---------------------------------------------
开始于 2026年8月9日 01:09:43。
-          当前进度:  12 % - 稳态求解器 1
Memory: 1375/1382 1409/1417
非线性求解器
求解的自由度数：61。
找到非对称矩阵。
缩放因变量：
压力 (comp_pipe_n2.p_pfl_n2): 1e+05
切向速度 (comp_pipe_n2.u4): 1.8e+02
已使用正交零空间函数。
Iter      SolEst      ResEst     Damping    Stepsize #Res #Jac #Sol   LinErr   LinRes
   1     3.5e-11     4.1e+03   1.0000000     1.3e+05    2    1    2  1.2e-15  4.4e-16
   2     5.2e-16       0.017   1.0000000     3.2e-11    4    2    4  1.1e-15  1.1e-15
---------- 当前进度: 100 % - 
Memory: 1381/1382 1410/1417
求解时间：2 s。
物理内存: 1.38 GB
虚拟内存: 1.45 GB
结束时间：2026年8月9日 01:09:45。
----- 研究 2a/解 6 (sol6) 中的“稳态求解器 1” -------------------------------------------->
---------- 当前进度: 100 % - 正在更新选择
Memory: 1304/1385 1339/1449
           当前进度:   0 % - 多边形
Memory: 1307/1385 1343/1449
           当前进度:   9 % - 形成联合体
----       当前进度:  42 % - 解析域和空区域
---------- 当前进度: 100 % - 正在更新选择
Memory: 1308/1385 1343/1449
---------- 当前进度: 100 % - 正在创建可视化网格
Memory: 1323/1385 1357/1449
           当前进度:   0 % - 边
Memory: 1349/1385 1377/1449
顶点单元数：2
边界单元数：15
---------- 当前进度: 100 % - 正在创建边界网格
           当前进度:   2 % - 生成方程
Memory: 1352/1385 1379/1449
           当前进度:   3 % - 生成方程
Memory: 1357/1385 1383/1449
<---- 研究 2b/解 7 (sol7) 中的“编译方程: 稳态” --------------------------------------------
开始于 2026年8月9日 01:09:52。
几何形函数: 线性拉格朗日单元
几何形函数: 线性拉格朗日单元
几何形函数: 线性拉格朗日单元
几何形函数: 二次拉格朗日单元
几何形函数: 二次拉格朗日单元
在 AMD64 Family 25 Model 80 Stepping 0, AuthenticAMD 上运行。
在以下位置使用 1 个插槽： Pokemon 上（共 8 个内核）。
可用内存：15.77 GB。
           当前进度:   4 % - 编译方程: 稳态
Memory: 1563/1565 1602/1604
           当前进度:   7 % - 编译方程: 稳态
Memory: 1575/1577 1615/1619
           当前进度:   7 % - 正在创建可视化网格
Memory: 1584/1587 1620/1624
时间：7。
物理内存: 1.59 GB
虚拟内存: 1.63 GB
结束时间：2026年8月9日 01:09:59。
----- 研究 2b/解 7 (sol7) 中的“编译方程: 稳态” ------------------------------------------->
<---- 研究 2b/解 7 (sol7) 中的“因变量 1” -----------------------------------------------
开始于 2026年8月9日 01:09:59。
           当前进度:   7 % - 因变量 1
Memory: 1584/1589 1621/1626
求解时间：0 s。
物理内存: 1.59 GB
虚拟内存: 1.62 GB
结束时间：2026年8月9日 01:10:00。
----- 研究 2b/解 7 (sol7) 中的“因变量 1” ---------------------------------------------->
<---- 研究 2b/解 7 (sol7) 中的“稳态求解器 1” ---------------------------------------------
开始于 2026年8月9日 01:10:00。
非线性求解器
求解的自由度数：61。
找到非对称矩阵。
缩放因变量：
压力 (comp_pipe_h2.p_pfl_h2): 1e+05
切向速度 (comp_pipe_h2.u5): 96
已使用正交零空间函数。
Iter      SolEst      ResEst     Damping    Stepsize #Res #Jac #Sol   LinErr   LinRes
   1     2.4e-11     2.7e+03   1.0000000     1.8e+05    2    1    2  9.7e-16  3.6e-16
   2       7e-16       0.022   1.0000000     2.1e-11    4    2    4  5.5e-16  1.6e-15
---------- 当前进度: 100 % - 
Memory: 1614/1614 1656/1659
求解时间：1 s。
物理内存: 1.62 GB
虚拟内存: 1.7 GB
结束时间：2026年8月9日 01:10:00。
----- 研究 2b/解 7 (sol7) 中的“稳态求解器 1” -------------------------------------------->
---------- 当前进度: 100 % - 正在更新选择
Memory: 1608/1619 1662/1862
           当前进度:   0 % - 多边形
Memory: 1626/1626 1667/1862
           当前进度:   9 % - 形成联合体
Memory: 1627/1627 1667/1862
----       当前进度:  42 % - 解析域和空区域
---------- 当前进度: 100 % - 正在更新选择
Memory: 1627/1627 1668/1862
---------- 当前进度: 100 % - 正在创建可视化网格
Memory: 1628/1628 1668/1862
           当前进度:   0 % - 边
Memory: 1479/1637 1516/1862
顶点单元数：5
边界单元数：45
---------- 当前进度: 100 % - 正在创建边界网格
           当前进度:   2 % - 生成方程
Memory: 1525/1637 1562/1862
           当前进度:   3 % - 生成方程
Memory: 1544/1637 1580/1862
<---- 研究/解 8 (sol8) 中的“编译方程: 稳态” -----------------------------------------------
开始于 2026年8月9日 01:10:07。
几何形函数: 线性拉格朗日单元
几何形函数: 线性拉格朗日单元
几何形函数: 线性拉格朗日单元
几何形函数: 二次拉格朗日单元
几何形函数: 二次拉格朗日单元
几何形函数: 二次拉格朗日单元
在 AMD64 Family 25 Model 80 Stepping 0, AuthenticAMD 上运行。
在以下位置使用 1 个插槽： Pokemon 上（共 8 个内核）。
可用内存：15.77 GB。
           当前进度:   4 % - 编译方程: 稳态
Memory: 1746/1748 1795/1862
           当前进度:   7 % - 编译方程: 稳态
Memory: 1747/1756 1795/1862
           当前进度:   7 % - 正在创建可视化网格
Memory: 1749/1756 1795/1862
时间：7。
物理内存: 1.76 GB
虚拟内存: 1.8 GB
结束时间：2026年8月9日 01:10:14。
----- 研究/解 8 (sol8) 中的“编译方程: 稳态” ---------------------------------------------->
<---- 研究/解 8 (sol8) 中的“因变量 1” --------------------------------------------------
开始于 2026年8月9日 01:10:14。
           当前进度:   7 % - 因变量 1
Memory: 1749/1756 1796/1862
求解时间：0 s。
物理内存: 1.75 GB
虚拟内存: 1.8 GB
结束时间：2026年8月9日 01:10:14。
----- 研究/解 8 (sol8) 中的“因变量 1” ------------------------------------------------->
<---- 研究/解 8 (sol8) 中的“稳态求解器 1” ------------------------------------------------
开始于 2026年8月9日 01:10:14。
非线性求解器
求解的自由度数：181。
找到非对称矩阵。
缩放因变量：
压力 (comp_pipe_liq.p_pfl_liq): 1e+05
切向速度 (comp_pipe_liq.u6): 94
已使用正交零空间函数。
Iter      SolEst      ResEst     Damping    Stepsize #Res #Jac #Sol   LinErr   LinRes
   1     1.1e-10     1.8e+03   1.0000000     7.9e+04    2    1    2  6.6e-14  2.2e-14
   2     9.6e-16        0.17   1.0000000     1.4e-10    4    2    4  3.7e-14  2.5e-14
---------- 当前进度: 100 % - 
Memory: 1769/1769 1820/1862
求解时间：1 s。
物理内存: 1.77 GB
虚拟内存: 1.82 GB
结束时间：2026年8月9日 01:10:15。
----- 研究/解 8 (sol8) 中的“稳态求解器 1” ----------------------------------------------->
---------- 当前进度: 100 % - 正在更新选择
Memory: 1775/1775 1820/1862
           当前进度:   0 % - 矩形
           当前进度:   9 % - 形成联合体
----       当前进度:  42 % - 解析域和空区域
---------- 当前进度: 100 % - 正在更新选择
---------- 当前进度: 100 % - 正在创建可视化网格
Memory: 1776/1776 1820/1862
           当前进度:   0 % - 映射
Memory: 1706/1798 1744/1862
顶点单元数：4
边界单元数：132
最小单元质量：1
---------- 当前进度: 100 % - 正在定型网格
           当前进度:   2 % - 生成方程
Memory: 1701/1798 1737/1862
           当前进度:   3 % - 生成方程
Memory: 1702/1798 1738/1862
<---- 研究 3/解 9 (sol9) 中的“编译方程: 稳态” ---------------------------------------------
开始于 2026年8月9日 01:10:26。
几何形函数: 线性拉格朗日单元
几何形函数: 线性拉格朗日单元
几何形函数: 线性拉格朗日单元
几何形函数: 二次拉格朗日单元
几何形函数: 二次拉格朗日单元
几何形函数: 二次拉格朗日单元
几何形函数: 二次拉格朗日单元
在 AMD64 Family 25 Model 80 Stepping 0, AuthenticAMD 上运行。
在以下位置使用 1 个插槽： Pokemon 上（共 8 个内核）。
可用内存：15.77 GB。
           当前进度:   6 % - 编译方程: 稳态
Memory: 1801/1801 1848/1862
           当前进度:   7 % - 编译方程: 稳态
Memory: 1802/1809 1848/1862
           当前进度:   7 % - 正在创建可视化网格
Memory: 1846/1846 1893/1893
时间：8。
物理内存: 1.85 GB
虚拟内存: 1.89 GB
结束时间：2026年8月9日 01:10:34。
----- 研究 3/解 9 (sol9) 中的“编译方程: 稳态” -------------------------------------------->
<---- 研究 3/解 9 (sol9) 中的“因变量 1” ------------------------------------------------
开始于 2026年8月9日 01:10:34。
           当前进度:   7 % - 因变量 1
Memory: 1849/1849 1897/1897
求解时间：0 s。
物理内存: 1.85 GB
虚拟内存: 1.9 GB
结束时间：2026年8月9日 01:10:34。
----- 研究 3/解 9 (sol9) 中的“因变量 1” ----------------------------------------------->
<---- 研究 3/解 9 (sol9) 中的“稳态求解器 1” ----------------------------------------------
开始于 2026年8月9日 01:10:34。
-          当前进度:  12 % - 稳态求解器 1
Memory: 1854/1854 1900/1900
线性求解器 
求解的自由度数：1573。
找到对称矩阵。
缩放因变量：
压力 (comp_ssc_darcy.pDarcy): 1
已使用正交零空间函数。
Iter      SolEst     Damping    Stepsize #Res #Jac #Sol   LinErr   LinRes
   1        0.98   1.0000000        0.98    1    1    1  1.1e-13  2.2e-15
---------- 当前进度: 100 % - 
Memory: 1859/1859 1905/1905
求解时间：2 s。
物理内存: 1.86 GB
虚拟内存: 1.94 GB
结束时间：2026年8月9日 01:10:36。
----- 研究 3/解 9 (sol9) 中的“稳态求解器 1” --------------------------------------------->
           当前进度:   2 % - 生成方程
Memory: 1768/1864 1804/1944
           当前进度:   3 % - 生成方程
Memory: 1767/1864 1801/1944
<---- 研究 3/解 9 (sol9) 中的“编译方程: 稳态” ---------------------------------------------
开始于 2026年8月9日 01:10:42。
几何形函数: 线性拉格朗日单元
几何形函数: 线性拉格朗日单元
几何形函数: 线性拉格朗日单元
几何形函数: 二次拉格朗日单元
几何形函数: 二次拉格朗日单元
几何形函数: 二次拉格朗日单元
几何形函数: 二次拉格朗日单元
在 AMD64 Family 25 Model 80 Stepping 0, AuthenticAMD 上运行。
在以下位置使用 1 个插槽： Pokemon 上（共 8 个内核）。
可用内存：15.77 GB。
           当前进度:   6 % - 编译方程: 稳态
Memory: 1874/1874 1913/1944
           当前进度:   7 % - 编译方程: 稳态
Memory: 1874/1880 1913/1944
           当前进度:   7 % - 正在创建可视化网格
Memory: 1911/1911 1953/1953
时间：7。
物理内存: 1.91 GB
虚拟内存: 1.95 GB
结束时间：2026年8月9日 01:10:49。
----- 研究 3/解 9 (sol9) 中的“编译方程: 稳态” -------------------------------------------->
<---- 研究 3/解 9 (sol9) 中的“因变量 1” ------------------------------------------------
开始于 2026年8月9日 01:10:49。
           当前进度:   7 % - 因变量 1
Memory: 1915/1916 1953/1954
求解时间：0 s。
物理内存: 1.92 GB
虚拟内存: 1.95 GB
结束时间：2026年8月9日 01:10:49。
----- 研究 3/解 9 (sol9) 中的“因变量 1” ----------------------------------------------->
<---- 研究 3/解 9 (sol9) 中的“稳态求解器 1” ----------------------------------------------
开始于 2026年8月9日 01:10:49。
线性求解器 
求解的自由度数：1573。
找到对称矩阵。
缩放因变量：
压力 (comp_ssc_darcy.pDarcy): 1
已使用正交零空间函数。
Iter      SolEst     Damping    Stepsize #Res #Jac #Sol   LinErr   LinRes
   1        0.98   1.0000000        0.98    1    1    1  9.3e-14  2.1e-15
---------- 当前进度: 100 % - 
Memory: 1911/1920 1951/1992
求解时间：1 s。
物理内存: 1.91 GB
虚拟内存: 1.95 GB
结束时间：2026年8月9日 01:10:50。
----- 研究 3/解 9 (sol9) 中的“稳态求解器 1” --------------------------------------------->
           当前进度:   2 % - 生成方程
Memory: 1831/1920 1867/1992
           当前进度:   3 % - 生成方程
Memory: 1847/1920 1881/1992
<---- 研究 3/解 9 (sol9) 中的“编译方程: 稳态” ---------------------------------------------
开始于 2026年8月9日 01:10:56。
几何形函数: 线性拉格朗日单元
几何形函数: 线性拉格朗日单元
几何形函数: 线性拉格朗日单元
几何形函数: 二次拉格朗日单元
几何形函数: 二次拉格朗日单元
几何形函数: 二次拉格朗日单元
几何形函数: 二次拉格朗日单元
在 AMD64 Family 25 Model 80 Stepping 0, AuthenticAMD 上运行。
在以下位置使用 1 个插槽： Pokemon 上（共 8 个内核）。
可用内存：15.77 GB。
           当前进度:   6 % - 编译方程: 稳态
Memory: 1943/1944 1991/1993
           当前进度:   7 % - 编译方程: 稳态
Memory: 1943/1951 1991/2001
           当前进度:   7 % - 正在创建可视化网格
Memory: 1949/1951 1995/2001
时间：7。
物理内存: 1.95 GB
虚拟内存: 2 GB
结束时间：2026年8月9日 01:11:03。
----- 研究 3/解 9 (sol9) 中的“编译方程: 稳态” -------------------------------------------->
<---- 研究 3/解 9 (sol9) 中的“因变量 1” ------------------------------------------------
开始于 2026年8月9日 01:11:03。
           当前进度:   7 % - 因变量 1
求解时间：0 s。
物理内存: 1.95 GB
虚拟内存: 2 GB
结束时间：2026年8月9日 01:11:03。
----- 研究 3/解 9 (sol9) 中的“因变量 1” ----------------------------------------------->
<---- 研究 3/解 9 (sol9) 中的“稳态求解器 1” ----------------------------------------------
开始于 2026年8月9日 01:11:04。
线性求解器 
求解的自由度数：1573。
找到对称矩阵。
缩放因变量：
压力 (comp_ssc_darcy.pDarcy): 1
已使用正交零空间函数。
Iter      SolEst     Damping    Stepsize #Res #Jac #Sol   LinErr   LinRes
   1        0.98   1.0000000        0.98    1    1    1  1.1e-13  2.2e-15
---------- 当前进度: 100 % - 
Memory: 1909/1955 1954/2034
求解时间：1 s。
物理内存: 1.95 GB
虚拟内存: 2 GB
结束时间：2026年8月9日 01:11:04。
----- 研究 3/解 9 (sol9) 中的“稳态求解器 1” --------------------------------------------->
           当前进度:   2 % - 生成方程
Memory: 1839/1955 1882/2034
           当前进度:   3 % - 生成方程
Memory: 1840/1955 1882/2034
<---- 研究 3/解 9 (sol9) 中的“编译方程: 稳态” ---------------------------------------------
开始于 2026年8月9日 01:11:10。
几何形函数: 线性拉格朗日单元
几何形函数: 线性拉格朗日单元
几何形函数: 线性拉格朗日单元
几何形函数: 二次拉格朗日单元
几何形函数: 二次拉格朗日单元
几何形函数: 二次拉格朗日单元
几何形函数: 二次拉格朗日单元
在 AMD64 Family 25 Model 80 Stepping 0, AuthenticAMD 上运行。
在以下位置使用 1 个插槽： Pokemon 上（共 8 个内核）。
可用内存：15.77 GB。
           当前进度:   6 % - 编译方程: 稳态
Memory: 1905/1955 1946/2034
           当前进度:   7 % - 编译方程: 稳态
           当前进度:   7 % - 正在创建可视化网格
Memory: 1908/1955 1948/2034
时间：7。
物理内存: 1.94 GB
虚拟内存: 1.98 GB
结束时间：2026年8月9日 01:11:17。
----- 研究 3/解 9 (sol9) 中的“编译方程: 稳态” -------------------------------------------->
<---- 研究 3/解 9 (sol9) 中的“因变量 1” ------------------------------------------------
开始于 2026年8月9日 01:11:17。
           当前进度:   7 % - 因变量 1
Memory: 1940/1955 1983/2034
求解时间：0 s。
物理内存: 1.94 GB
虚拟内存: 1.98 GB
结束时间：2026年8月9日 01:11:17。
----- 研究 3/解 9 (sol9) 中的“因变量 1” ----------------------------------------------->
<---- 研究 3/解 9 (sol9) 中的“稳态求解器 1” ----------------------------------------------
开始于 2026年8月9日 01:11:17。
线性求解器 
求解的自由度数：1573。
找到对称矩阵。
缩放因变量：
压力 (comp_ssc_darcy.pDarcy): 1
已使用正交零空间函数。
Iter      SolEst     Damping    Stepsize #Res #Jac #Sol   LinErr   LinRes
   1        0.98   1.0000000        0.98    1    1    1  1.3e-13  2.1e-15
---------- 当前进度: 100 % - 
Memory: 1919/1955 1958/2034
求解时间：1 s。
物理内存: 1.94 GB
虚拟内存: 1.98 GB
结束时间：2026年8月9日 01:11:18。
----- 研究 3/解 9 (sol9) 中的“稳态求解器 1” --------------------------------------------->
           当前进度:   2 % - 生成方程
Memory: 1848/1955 1884/2034
           当前进度:   3 % - 生成方程
Memory: 1850/1955 1884/2034
<---- 研究 3/解 9 (sol9) 中的“编译方程: 稳态” ---------------------------------------------
开始于 2026年8月9日 01:11:24。
几何形函数: 线性拉格朗日单元
几何形函数: 线性拉格朗日单元
几何形函数: 线性拉格朗日单元
几何形函数: 二次拉格朗日单元
几何形函数: 二次拉格朗日单元
几何形函数: 二次拉格朗日单元
几何形函数: 二次拉格朗日单元
在 AMD64 Family 25 Model 80 Stepping 0, AuthenticAMD 上运行。
在以下位置使用 1 个插槽： Pokemon 上（共 8 个内核）。
可用内存：15.77 GB。
           当前进度:   6 % - 编译方程: 稳态
Memory: 1958/1961 1999/2034
           当前进度:   7 % - 编译方程: 稳态
           当前进度:   7 % - 正在创建可视化网格
Memory: 1961/1963 2000/2034
时间：7。
物理内存: 1.96 GB
虚拟内存: 2 GB
结束时间：2026年8月9日 01:11:30。
----- 研究 3/解 9 (sol9) 中的“编译方程: 稳态” -------------------------------------------->
<---- 研究 3/解 9 (sol9) 中的“因变量 1” ------------------------------------------------
开始于 2026年8月9日 01:11:30。
           当前进度:   7 % - 因变量 1
求解时间：0 s。
物理内存: 1.96 GB
虚拟内存: 2 GB
结束时间：2026年8月9日 01:11:30。
----- 研究 3/解 9 (sol9) 中的“因变量 1” ----------------------------------------------->
<---- 研究 3/解 9 (sol9) 中的“稳态求解器 1” ----------------------------------------------
开始于 2026年8月9日 01:11:30。
线性求解器 
求解的自由度数：1573。
找到对称矩阵。
缩放因变量：
压力 (comp_ssc_darcy.pDarcy): 1
已使用正交零空间函数。
Iter      SolEst     Damping    Stepsize #Res #Jac #Sol   LinErr   LinRes
   1        0.98   1.0000000        0.98    1    1    1  1.2e-13  2.1e-15
---------- 当前进度: 100 % - 
Memory: 1922/1967 1960/2039
求解时间：1 s。
物理内存: 1.96 GB
虚拟内存: 2 GB
结束时间：2026年8月9日 01:11:31。
----- 研究 3/解 9 (sol9) 中的“稳态求解器 1” --------------------------------------------->
           当前进度:   2 % - 生成方程
Memory: 1898/1967 1935/2039
           当前进度:   3 % - 生成方程
Memory: 1899/1967 1935/2039
<---- 研究 3/解 9 (sol9) 中的“编译方程: 稳态” ---------------------------------------------
开始于 2026年8月9日 01:11:38。
几何形函数: 线性拉格朗日单元
几何形函数: 线性拉格朗日单元
几何形函数: 线性拉格朗日单元
几何形函数: 二次拉格朗日单元
几何形函数: 二次拉格朗日单元
几何形函数: 二次拉格朗日单元
几何形函数: 二次拉格朗日单元
在 AMD64 Family 25 Model 80 Stepping 0, AuthenticAMD 上运行。
在以下位置使用 1 个插槽： Pokemon 上（共 8 个内核）。
可用内存：15.77 GB。
           当前进度:   6 % - 编译方程: 稳态
Memory: 1960/1967 1998/2039
           当前进度:   7 % - 编译方程: 稳态
           当前进度:   7 % - 正在创建可视化网格
Memory: 1961/1967 1998/2039
时间：7。
物理内存: 1.96 GB
虚拟内存: 2 GB
结束时间：2026年8月9日 01:11:45。
----- 研究 3/解 9 (sol9) 中的“编译方程: 稳态” -------------------------------------------->
<---- 研究 3/解 9 (sol9) 中的“因变量 1” ------------------------------------------------
开始于 2026年8月9日 01:11:45。
           当前进度:   7 % - 因变量 1
Memory: 1962/1967 1998/2039
求解时间：0 s。
物理内存: 1.96 GB
虚拟内存: 2 GB
结束时间：2026年8月9日 01:11:45。
----- 研究 3/解 9 (sol9) 中的“因变量 1” ----------------------------------------------->
<---- 研究 3/解 9 (sol9) 中的“稳态求解器 1” ----------------------------------------------
开始于 2026年8月9日 01:11:45。
线性求解器 
求解的自由度数：1573。
找到对称矩阵。
缩放因变量：
压力 (comp_ssc_darcy.pDarcy): 1
已使用正交零空间函数。
Iter      SolEst     Damping    Stepsize #Res #Jac #Sol   LinErr   LinRes
   1        0.98   1.0000000        0.98    1    1    1  1.5e-13  2.1e-15
---------- 当前进度: 100 % - 
Memory: 1923/1967 1960/2039
求解时间：1 s。
物理内存: 1.96 GB
虚拟内存: 2 GB
结束时间：2026年8月9日 01:11:46。
----- 研究 3/解 9 (sol9) 中的“稳态求解器 1” --------------------------------------------->
---------- 当前进度: 100 % - 正在更新选择
Memory: 1924/1967 1960/2039
           当前进度:   0 % - 矩形
           当前进度:   9 % - 形成联合体
----       当前进度:  42 % - 解析域和空区域
---------- 当前进度: 100 % - 正在更新选择
---------- 当前进度: 100 % - 正在创建可视化网格
           当前进度:   0 % - 映射
Memory: 1740/1967 1765/2039
顶点单元数：4
边界单元数：172
最小单元质量：1
---------- 当前进度: 100 % - 正在定型网格
           当前进度:   3 % - 生成方程
Memory: 1784/1967 1811/2039
<---- 研究 4/解 10 (sol10) 中的“编译方程: 瞬态” -------------------------------------------
开始于 2026年8月9日 01:11:58。
几何形函数: 线性拉格朗日单元
几何形函数: 线性拉格朗日单元
几何形函数: 线性拉格朗日单元
几何形函数: 二次拉格朗日单元
几何形函数: 二次拉格朗日单元
几何形函数: 二次拉格朗日单元
几何形函数: 二次拉格朗日单元
几何形函数: 线性拉格朗日单元
在 AMD64 Family 25 Model 80 Stepping 0, AuthenticAMD 上运行。
在以下位置使用 1 个插槽： Pokemon 上（共 8 个内核）。
可用内存：15.77 GB。
           当前进度:   4 % - 编译方程: 瞬态
Memory: 1915/1967 1976/2039
           当前进度:   5 % - 编译方程: 瞬态
           当前进度:   5 % - 正在创建可视化网格
Memory: 1958/1967 2024/2039
时间：9。
物理内存: 1.99 GB
虚拟内存: 2.04 GB
结束时间：2026年8月9日 01:12:06。
----- 研究 4/解 10 (sol10) 中的“编译方程: 瞬态” ------------------------------------------>
<---- 研究 4/解 10 (sol10) 中的“因变量 1” ----------------------------------------------
开始于 2026年8月9日 01:12:06。
           当前进度:   5 % - 因变量 1
Memory: 1985/1985 2040/2041
求解时间：0 s。
物理内存: 1.99 GB
虚拟内存: 2.04 GB
结束时间：2026年8月9日 01:12:07。
----- 研究 4/解 10 (sol10) 中的“因变量 1” --------------------------------------------->
<---- 研究 4/解 10 (sol10) 中的“瞬态求解器 1” --------------------------------------------
开始于 2026年8月9日 01:12:07。
瞬态求解器 (BDF)
求解的自由度数：2660（加上 480 个内部自由度）。
           当前进度:   7 % - 组装稀疏模式
Memory: 1994/1994 2048/2048
求解时间：1 s。
物理内存: 2 GB
虚拟内存: 2.09 GB
结束时间：2026年8月9日 01:12:08。
----- 研究 4/解 10 (sol10) 中的“瞬态求解器 1” ------------------------------------------->

/***************/
/*****错误********/
/***************/
运行 Java 类时出错。
以下特征遇到问题：
 - 特征: 瞬态求解器 1 (sol10/t1)
未定义变量。
 - 变量: comp_ssc_wetting.mfpm_ssc.epsilon_p
 - 几何: geom_ssc_wetting
 - 域: 1
无法计算表达式的雅可比矩阵。
 - 表达式: (comp_ssc_wetting.phtr.rho_s2*(comp_ssc_wetting.phtr.epsilon_p*((-comp_ssc_wetting.phtr.vhCwd_s2)*((comp_ssc_wetting.s2x*comp_ssc_wetting.phtr.gijxx)+(comp_ssc_wetting.s2y*comp_ssc_wetting.phtr.gijyx)))))*dvol_spatial
无法计算表达式的雅可比矩阵。
 - 表达式: (comp_ssc_wetting.phtr.crosswind)*(dvol_spatial)
以下特征遇到问题：
 - 类: LiNRR_M10A2_SSC_Pipe_Wetting
总时间: 197 s.
