*******************************************
***COMSOL 6.4.0.293 progress output file***
*******************************************
Thu Aug 13 08:15:27 CST 2026
COMSOL Multiphysics 6.4 (开发版本: 293) 在批处理模式下启动
正在运行: F:\LiNRR_COMSOL\worktrees\LiNRR_M10A2\src\java\LiNRR_M10A2R_ManualReconciliation.class
---------- 当前进度: 100 % - 正在更新选择
Memory: 1006/1050 1055/1116
           当前进度:   0 % - 导入
Memory: 1031/1050 1073/1116
           当前进度:   0 % - 正在导入“STEP”
Memory: 1039/1050 1080/1116
Header : Author::Unknown
Header : Authorization::Unknown
Header : Description::STEP AP203
Header : File Name::electrolyteChamber_rectangularMask_v02.2.2_20210521_STEP-AP203.STEP
Header : Implementation Level::1
Header : Organization::Unknown
Header : Originating System::SolidWorks 2020
Header : Preprocessor Version::SwSTEP 2.0
Header : Schema::CONFIG_CONTROL_DESIGN
Header : Time Stamp::2021-06-09T13:01:45
Begin CAD File Read 'F:/LiNRR_COMSOL/worktrees/LiNRR_M10A2/cad/raw/M10A0_2/electrolyteChamber_rectangularMask_v02.2.2_20210521_STEP-AP203.STEP'
  
      Summary of STEP Entities
  
Entity Type                                                   Count
-----------                                                   ------
advanced_brep_shape_representation .......................:   1
advanced_face ............................................:   93
application_context ......................................:   2
application_protocol_definition ..........................:   2
applied_approval_assignment ..............................:   3
applied_date_and_time_assignment .........................:   2
applied_person_and_organization_assignment ...............:   5
applied_security_classification_assignment ...............:   1
approval .................................................:   3
approval_date_time .......................................:   3
approval_person_organization .............................:   3
approval_role ............................................:   3
approval_status ..........................................:   3
axis2_placement_3d .......................................:   196
b_spline_curve_with_knots ................................:   2
b_spline_curve_with_knots_and_rational_b_spline_curve ....:   12
b_spline_surface_with_knots_and_rational_b_spline_surface :   2
calendar_date ............................................:   5
cartesian_point ..........................................:   1034
circle ...................................................:   104
closed_shell .............................................:   1
coordinated_universal_time_offset ........................:   5
cylindrical_surface ......................................:   56
date_and_time ............................................:   5
date_time_role ...........................................:   2
direction ................................................:   534
edge_curve ...............................................:   260
edge_loop ................................................:   120
face_bound ...............................................:   27
face_outer_bound .........................................:   93
geometric_representation_context_and_global_uncertainty_a :   1
length_unit_and_si_unit ..................................:   1
line .....................................................:   142
local_time ...............................................:   5
manifold_solid_brep ......................................:   1
organization .............................................:   1
oriented_edge ............................................:   520
person ...................................................:   1
person_and_organization ..................................:   8
person_and_organization_role .............................:   5
plane ....................................................:   35
plane_angle_unit_and_si_unit .............................:   1
product ..................................................:   1
product_context ..........................................:   1
product_definition .......................................:   1
product_definition_context ...............................:   1
product_definition_formation_with_specified_source .......:   1
product_definition_shape .................................:   1
product_related_product_category .........................:   1
security_classification ..................................:   1
security_classification_level ............................:   1
shape_definition_representation ..........................:   1
si_unit_and_solid_angle_time_role ........................
-----      当前进度:  50 % - 正在导入“STEP”
Memory: 1035/1050 1076/1116
...................:   2
direction ................................................:   534
edge_curve ...............................................:   260
edge_loop ................................................:   120
face_bound ...............................................:   27
face_outer_bound .........................................:   93
geometric_representation_context_and_global_uncertainty_a :   1
length_unit_and_si_unit ..................................:   1
line .....................................................:   142
local_time ...............................................:   5
manifold_solid_brep ......................................:   1
organization .............................................:   1
oriented_edge ............................................:   520
person ...................................................:   1
person_and_organization ..................................:   8
person_and_organization_role .............................:   5
plane ....................................................:   35
plane_angle_unit_and_si_unit .............................:   1
product ..................................................:   1
product_context ..........................................:   1
product_definition .......................................:   1
product_definition_context ...............................:   1
product_definition_formation_with_specified_source .......:   1
product_definition_shape .................................:   1
product_related_product_category .........................:   1
security_classification ..................................:   1
security_classification_level ............................:   1
shape_definition_representation ..........................:   1
si_unit_and_solid_angle_unit .............................:   1
uncertainty_measure_with_unit ............................:   1
vector ...................................................:   142
vertex_point .............................................:   172
                                                             -------
Total                                                         3629
-----      当前进度:  57 % - 正在应用变换
--------   当前进度:  83 % - 正在应用变换
Memory: 1040/1050 1076/1116
           当前进度:   0 % - 导入 2
Memory: 1045/1050 1080/1116
           当前进度:   0 % - 正在导入“STEP”
Memory: 1046/1050 1080/1116
Header : Author::Unknown
Header : Authorization::Unknown
Header : Description::STEP AP203
Header : File Name::block_currentCollector_flowField_v03.2.1_20210525_STEP-AP203.STEP
Header : Implementation Level::1
Header : Organization::Unknown
Header : Originating System::SolidWorks 2022
Header : Preprocessor Version::SwSTEP 2.0
Header : Schema::CONFIG_CONTROL_DESIGN
Header : Time Stamp::2023-09-28T11:10:23
Begin CAD File Read 'F:/LiNRR_COMSOL/worktrees/LiNRR_M10A2/cad/raw/M10A0_2/block_currentCollector_flowField_v03.2.1_20210525_STEP-AP203.STEP'
  
      Summary of STEP Entities
  
Entity Type                                                   Count
-----------                                                   ------
advanced_brep_shape_representation .......................:   1
advanced_face ............................................:   135
application_context ......................................:   2
application_protocol_definition ..........................:   2
applied_approval_assignment ..............................:   3
applied_date_and_time_assignment .........................:   2
applied_person_and_organization_assignment ...............:   5
applied_security_classification_assignment ...............:   1
approval .................................................:   3
approval_date_time .......................................:   3
approval_person_organization .............................:   3
approval_role ............................................:   3
approval_status ..........................................:   3
axis2_placement_3d .......................................:   296
calendar_date ............................................:   5
cartesian_point ..........................................:   753
circle ...................................................:   160
closed_shell .............................................:   1
conical_surface ..........................................:   6
coordinated_universal_time_offset ........................:   5
cylindrical_surface ......................................:   78
date_and_time ............................................:   5
date_time_role ...........................................:   2
direction ................................................:   804
edge_curve ...............................................:   372
edge_loop ................................................:   167
face_bound ...............................................:   32
face_outer_bound .........................................:   135
geometric_representation_context_and_global_uncertainty_a :   1
length_unit_and_si_unit ..................................:   1
line .....................................................:   212
local_time ...............................................:   5
manifold_solid_brep ......................................:   1
organization .............................................:   1
oriented_edge ............................................:   744
person ...................................................:   1
person_and_organization ..................................:   8
person_and_organization_role .............................:   5
plane ....................................................:   51
plane_angle_unit_and_si_unit .............................:   1
product ..................................................:   1
product_context ..........................................:   1
product_definition .......................................:   1
product_definition_context ...............................:   1
product_definition_formation_with_specified_source .......:   1
product_definition_shape .................................:   1
product_related_product_category .........................:   1
security_classification ..................................:   1
security_classification_level ............................:   1
shape_definition_representation ..........................:   1
si_unit_and_solid_angle_unit .............................:   1
uncertainty_measure_with_unit ............................:   1
vector ...................................................:   ................:   372
edge_loop ................................................:   167
face_bound ...............................................:   32
face_outer_bound .........................................:   135
geometric_representation_context_and_global_uncertainty_a :   1
length_unit_and_si_unit ..................................:   1
line .....................................................:   212
local_time ...............................................:   5
manifold_solid_brep ......................................:   1
organization .............................................:   1
oriented_edge ............................................:   744
person ...................................................:   1
person_and_organization ..................................:   8
person_and_organization_role .............................:   5
plane ....................................................:   51
plane_angle_unit_and_si_unit .............................:   1
product ..................................................:   1
product_context ..........................................:   1
product_definition .......................................:   1
product_definition_context ...............................:   1
product_definition_formation_with_specified_source .......:   1
product_definition_shape .................................:   1
product_related_product_category .........................:   1
security_classification ..................................:   1
security_classification_level ............................:   1
shape_definition_representation ..........................:   1
si_unit_and_solid_angle_unit .............................:   1
uncertainty_measure_with_unit ............................:   1
vector ...................................................:   212
vertex_point .............................................:   245
                                                             -------
Total                                                         4487
-----      当前进度:  50 % - 正在导入“STEP”
Memory: 1045/1050 1080/1116
--------   当前进度:  83 % - 正在应用变换
---------- 当前进度: 100 % - 正在分析几何
Memory: 1051/1051 1081/1116
           当前进度:   0 % - 旋转
Memory: 1053/1053 1106/1116
           当前进度:   9 % - 移动
Memory: 1054/1054 1106/1116
-          当前进度:  18 % - 镜像
--         当前进度:  27 % - Cathode SSC | 316L | 500 mesh source identity | 60x60 mm | t=30 um LITERATURE_SAME_PLATFORM
Memory: 1055/1055 1106/1116
--         当前进度:  27 % - Anode PtAu/316L SSC | 500 mesh source identity | 60x60 mm | t=30 um LITERATURE_SAME_PLATFORM
--         当前进度:  28 % - 长方体
--         当前进度:  29 % - 长方体 2
---        当前进度:  30 % - Negative-side gasket | SCHEMATIC_VISUAL_ONLY | thickness not verified
---        当前进度:  30 % - 执行布尔操作
Memory: 1057/1057 1106/1116
---        当前进度:  39 % - 长方体 3
----       当前进度:  40 % - 长方体 4
----       当前进度:  41 % - Positive-side gasket | SCHEMATIC_VISUAL_ONLY | thickness not verified
----       当前进度:  41 % - 执行布尔操作
-----      当前进度:  50 % - N2_IN PFA wall | OD 3 mm | SCHEMATIC_VISUAL_ONLY
-----      当前进度:  50 % - N2_IN gas bore | ID 2 mm | no PEEK cone
Memory: 1058/1058 1107/1116
-----      当前进度:  51 % - N2_IN hollow PFA tube wall | VISUALIZATION ONLY | NO HYDRAULIC ROLE
-----      当前进度:  51 % - 执行布尔操作
------     当前进度:  60 % - N2_IN distinct gas bore | ID 2 mm | VISUALIZATION ONLY | NO HYDRAULIC ROLE
------     当前进度:  61 % - N2_OUT PFA wall | OD 3 mm | SCHEMATIC_VISUAL_ONLY
------     当前进度:  62 % - N2_OUT gas bore | ID 2 mm | no PEEK cone
------     当前进度:  63 % - N2_OUT hollow PFA tube wall | VISUALIZATION ONLY | NO HYDRAULIC ROLE
------     当前进度:  63 % - 执行布尔操作
-------    当前进度:  72 % - N2_OUT distinct gas bore | ID 2 mm | VISUALIZATION ONLY | NO HYDRAULIC ROLE
Memory: 1059/1059 1107/1116
-------    当前进度:  73 % - H2_IN PFA wall | OD 3 mm | SCHEMATIC_VISUAL_ONLY
-------    当前进度:  73 % - H2_IN gas bore | ID 2 mm | no PEEK cone
-------    当前进度:  74 % - H2_IN hollow PFA tube wall | VISUALIZATION ONLY | NO HYDRAULIC ROLE
-------    当前进度:  74 % - 执行布尔操作
--------   当前进度:  83 % - H2_IN distinct gas bore | ID 2 mm | VISUALIZATION ONLY | NO HYDRAULIC ROLE
--------   当前进度:  84 % - H2_OUT PFA wall | OD 3 mm | SCHEMATIC_VISUAL_ONLY
--------   当前进度:  85 % - H2_OUT gas bore | ID 2 mm | no PEEK cone
--------   当前进度:  86 % - H2_OUT hollow PFA tube wall | VISUALIZATION ONLY | NO HYDRAULIC ROLE
--------   当前进度:  86 % - 执行布尔操作
---------  当前进度:  95 % - H2_OUT distinct gas bore | ID 2 mm | VISUALIZATION ONLY | NO HYDRAULIC ROLE
---------  当前进度:  96 % - 形成装配
---------  当前进度:  96 % - 正在初始化
Memory: 1062/1065 1109/1116
---------- 当前进度: 100 % - 正在更新选择
Memory: 1063/1065 1109/1116
---------- 当前进度: 100 % - 正在创建可视化网格
Memory: 1035/1077 1073/1119
           当前进度:   0 % - 自由三角形网格
Memory: 1023/1077 1068/1119
顶点单元数：806
           当前进度:   5 % - 正在创建边界网格
Memory: 1052/1077 1093/1119
-          当前进度:  10 % - 正在创建边界网格
Memory: 1072/1077 1109/1119
边单元数：7812
边界单元数：35682
---        当前进度:  33 % - 正在创建边界网格
Memory: 1082/1083 1117/1119
---        当前进度:  33 % - 自由四面体网格
顶点单元数：806
边单元数：7812
边界单元数：35682
-----      当前进度:  58 % - 正在创建初始四面体网格
Memory: 1098/1098 1147/1147
------     当前进度:  63 % - 相关边界
Memory: 1114/1114 1156/1156
------     当前进度:  69 % - 正在插入内部点
Memory: 1126/1126 1180/1180
-------    当前进度:  75 % - 正在提高单元质量
Memory: 1134/1141 1179/1215
-------    当前进度:  76 % - 正在提高单元质量
Memory: 1137/1141 1181/1215
-------    当前进度:  77 % - 正在提高单元质量
---------  当前进度:  99 % - 正在定型网格
单元数：116893
最小单元质量：0.001992
Warning: Low minimum element quality
---------- 当前进度: 100 % - 正在定型网格
Memory: 1087/1141 1117/1215
           当前进度:   1 % - 正在计算
Memory: 1161/1161 1191/1215
-          当前进度:  10 % - 正在计算
Memory: 1222/1223 1699/1836
           当前进度:   6 % - 正在计算
Memory: 1223/1224 1698/1836
------     当前进度:  69 % - 正在计算
Memory: 1222/1224 1696/1836
---        当前进度:  30 % - 生成图像
Memory: 1293/1293 1742/1836
           当前进度:   6 % - 正在计算
Memory: 1324/1329 1809/1836
------     当前进度:  69 % - 正在计算
Memory: 1325/1329 1809/1836
---        当前进度:  30 % - 生成图像
Memory: 1342/1343 1818/1836
           当前进度:   6 % - 正在计算
Memory: 1345/1350 1823/1836
--------   当前进度:  80 % - 正在计算
Memory: 1346/1350 1823/1836
---        当前进度:  30 % - 生成图像
Memory: 1345/1350 1814/1836
           当前进度:   1 % - 正在初始化
Memory: 1350/1351 1817/1836
           当前进度:   6 % - 正在计算
Memory: 1396/1396 1867/1867
-          当前进度:  10 % - 正在绘制
------     当前进度:  62 % - 正在计算
Memory: 1399/1399 1867/1867
--------   当前进度:  83 % - 正在计算
Memory: 1414/1414 1879/1879
---------  当前进度:  90 % - 正在计算
---        当前进度:  30 % - 生成图像
Memory: 1421/1421 1877/1881
           当前进度:   1 % - 正在初始化
Memory: 1442/1442 1896/1896
           当前进度:   6 % - 正在计算
Memory: 1523/1525 1997/1997
-          当前进度:  10 % - 正在绘制
Memory: 1524/1525 1997/1997
-----      当前进度:  51 % - 正在计算
--------   当前进度:  83 % - 正在计算
Memory: 1525/1525 1997/1997
---------  当前进度:  90 % - 正在计算
---        当前进度:  30 % - 生成图像
Memory: 1529/1530 1991/1997
           当前进度:   1 % - 正在初始化
Memory: 1561/1561 2019/2019
           当前进度:   6 % - 正在计算
Memory: 1609/1609 2073/2073
-          当前进度:  10 % - 正在绘制
Memory: 1610/1610 2089/2089
-----      当前进度:  51 % - 正在计算
--------   当前进度:  83 % - 正在计算
Memory: 1618/1618 2089/2089
---------  当前进度:  90 % - 正在计算
---        当前进度:  30 % - 生成图像
Memory: 1623/1623 2086/2090
           当前进度:   6 % - 正在计算
Memory: 1624/1629 2090/2097
-------    当前进度:  78 % - 正在计算
Memory: 1626/1629 2090/2097
---        当前进度:  30 % - 生成图像
Memory: 1633/1633 2091/2097
           当前进度:   1 % - 正在初始化
Memory: 1658/1658 2108/2108
           当前进度:   6 % - 正在计算
Memory: 1870/1922 2334/2384
-          当前进度:  10 % - 正在绘制
-          当前进度:  19 % - 正在计算
Memory: 1871/1922 2334/2384
--------   当前进度:  83 % - 正在计算
--------   当前进度:  86 % - 正在计算
---        当前进度:  30 % - 生成图像
Memory: 1870/1922 2322/2384
           当前进度:   1 % - 正在初始化
Memory: 1861/1922 2315/2384
           当前进度:   6 % - 正在计算
Memory: 1884/1922 2336/2384
-          当前进度:  10 % - 正在绘制
-          当前进度:  19 % - 正在计算
--------   当前进度:  83 % - 正在计算
--------   当前进度:  86 % - 正在计算
---        当前进度:  30 % - 生成图像
Memory: 1884/1922 2330/2384
           当前进度:   1 % - 正在计算
Memory: 1962/2321 1977/2384
-          当前进度:  10 % - 正在计算
Memory: 1963/2321 1978/2384
           当前进度:   6 % - 正在计算
------     当前进度:  69 % - 正在计算
           当前进度:   6 % - 正在计算
Memory: 1965/2321 1982/2384
------     当前进度:  69 % - 正在计算
           当前进度:   6 % - 正在计算
Memory: 1967/2321 1982/2384
--------   当前进度:  80 % - 正在计算
-          当前进度:  10 % - 正在初始化
Memory: 1970/2321 1985/2384
-          当前进度:  19 % - 正在计算
Memory: 2198/2321 2233/2384
--------   当前进度:  83 % - 正在计算
--------   当前进度:  86 % - 正在计算
-          当前进度:  10 % - 正在初始化
Memory: 2205/2321 2237/2384
-          当前进度:  19 % - 正在计算
Memory: 2408/2408 2463/2463
--------   当前进度:  83 % - 正在计算
--------   当前进度:  86 % - 正在计算
           当前进度:   0 % - 正在绘制
           当前进度:   6 % - 正在计算
-          当前进度:  10 % - 正在绘制
-          当前进度:  19 % - 正在计算
--------   当前进度:  83 % - 正在计算
--------   当前进度:  86 % - 正在计算
           当前进度:   1 % - 正在初始化
Memory: 2415/2415 2467/2467
           当前进度:   6 % - 正在计算
Memory: 2416/2424 2467/2506
-          当前进度:  10 % - 正在绘制
-          当前进度:  19 % - 正在计算
--------   当前进度:  83 % - 正在计算
--------   当前进度:  86 % - 正在计算
           当前进度:   1 % - 正在初始化
           当前进度:   6 % - 正在计算
-          当前进度:  10 % - 正在绘制
------     当前进度:  62 % - 正在计算
Memory: 2417/2424 2467/2506
--------   当前进度:  83 % - 正在计算
Memory: 2426/2426 2472/2506
---------  当前进度:  90 % - 正在计算
Memory: 2427/2427 2472/2506
           当前进度:   1 % - 正在初始化
           当前进度:   6 % - 正在计算
Memory: 2429/2429 2472/2506
-          当前进度:  10 % - 正在绘制
-----      当前进度:  51 % - 正在计算
--------   当前进度:  83 % - 正在计算
---------  当前进度:  90 % - 正在计算
           当前进度:   1 % - 正在初始化
Memory: 2432/2432 2477/2506
           当前进度:   6 % - 正在计算
Memory: 2456/2456 2503/2506
-          当前进度:  10 % - 正在绘制
-----      当前进度:  51 % - 正在计算
--------   当前进度:  83 % - 正在计算
Memory: 2458/2458 2503/2506
---------  当前进度:  90 % - 正在计算
           当前进度:   6 % - 正在计算
Memory: 2460/2460 2507/2507
-------    当前进度:  78 % - 正在计算
Memory: 2461/2461 2507/2507
           当前进度:   0 % - 正在绘制
Memory: 2463/2463 2507/2507
           当前进度:   6 % - 正在计算
-          当前进度:  10 % - 正在绘制
---        当前进度:  31 % - 正在计算
Memory: 2464/2464 2508/2508
----       当前进度:  47 % - 正在计算
-----      当前进度:  50 % - 正在计算
-----      当前进度:  55 % - 正在绘制
--------   当前进度:  84 % - 正在计算
Memory: 2464/2464 2512/2512
--------   当前进度:  89 % - 正在计算
Memory: 2465/2465 2512/2512
---------  当前进度:  90 % - 正在计算
---------  当前进度:  92 % - 正在计算
---------  当前进度:  94 % - 正在计算
---------  当前进度:  96 % - 正在计算
---------  当前进度:  97 % - 正在计算
---------  当前进度:  98 % - 正在计算
---------  当前进度:  99 % - 正在计算
           当前进度:   0 % - 正在绘制
           当前进度:   6 % - 正在计算
-          当前进度:  10 % - 正在绘制
---        当前进度:  31 % - 正在计算
----       当前进度:  47 % - 正在计算
-----      当前进度:  50 % - 正在计算
-----      当前进度:  55 % - 正在绘制
--------   当前进度:  84 % - 正在计算
--------   当前进度:  89 % - 正在计算
---------  当前进度:  90 % - 正在计算
Memory: 2466/2466 2512/2512
---------  当前进度:  92 % - 正在计算
---------  当前进度:  94 % - 正在计算
---------  当前进度:  96 % - 正在计算
---------  当前进度:  97 % - 正在计算
---------  当前进度:  98 % - 正在计算
---------  当前进度:  99 % - 正在计算
           当前进度:   0 % - 正在绘制
           当前进度:   6 % - 正在计算
-          当前进度:  10 % - 正在绘制
-          当前进度:  19 % - 正在计算
Memory: 2472/2472 2516/2516
--         当前进度:  24 % - 正在计算
Memory: 2476/2476 2520/2520
---        当前进度:  35 % - 正在计算
Memory: 2480/2480 2524/2524
---        当前进度:  37 % - 正在计算
---        当前进度:  38 % - 正在计算
---------  当前进度:  93 % - 正在计算
---------  当前进度:  98 % - 正在计算
           当前进度:   0 % - 正在绘制
           当前进度:   6 % - 正在计算
-          当前进度:  10 % - 正在绘制
-          当前进度:  19 % - 正在计算
Memory: 2485/2485 2541/2541
--------   当前进度:  83 % - 正在计算
---------  当前进度:  90 % - 正在计算
           当前进度:   1 % - 正在初始化
Memory: 2502/2502 2554/2554
           当前进度:   6 % - 正在计算
Memory: 2562/2562 2619/2619
-          当前进度:  10 % - 正在绘制
---        当前进度:  36 % - 正在计算
Memory: 2573/2573 2620/2620
----       当前进度:  47 % - 正在计算
-----      当前进度:  50 % - 正在计算
Memory: 2574/2574 2620/2620
-----      当前进度:  55 % - 正在绘制
--------   当前进度:  87 % - 正在计算
Memory: 2577/2577 2624/2624
--------   当前进度:  89 % - 正在计算
Memory: 2579/2579 2624/2624
---------  当前进度:  90 % - 正在计算
---------  当前进度:  92 % - 正在计算
---------  当前进度:  94 % - 正在计算
---------  当前进度:  96 % - 正在计算
---------  当前进度:  97 % - 正在计算
---------  当前进度:  98 % - 正在计算
---------  当前进度:  99 % - 正在计算
           当前进度:   0 % - 正在绘制
           当前进度:   6 % - 正在计算
-          当前进度:  10 % - 正在绘制
---        当前进度:  36 % - 正在计算
----       当前进度:  47 % - 正在计算
-----      当前进度:  50 % - 正在计算
-----      当前进度:  55 % - 正在绘制
--------   当前进度:  87 % - 正在计算
--------   当前进度:  89 % - 正在计算
---------  当前进度:  90 % - 正在计算
Memory: 2580/2580 2628/2628
---------  当前进度:  92 % - 正在计算
---------  当前进度:  94 % - 正在计算
---------  当前进度:  96 % - 正在计算
---------  当前进度:  97 % - 正在计算
---------  当前进度:  98 % - 正在计算
---------  当前进度:  99 % - 正在计算
           当前进度:   0 % - 正在绘制
           当前进度:   6 % - 正在计算
-          当前进度:  10 % - 正在绘制
--         当前进度:  22 % - 正在计算
Memory: 2605/2605 2657/2657
--         当前进度:  24 % - 正在计算
Memory: 2625/2625 2673/2673
---        当前进度:  35 % - 正在计算
Memory: 2636/2637 2684/2685
---        当前进度:  37 % - 正在计算
---        当前进度:  38 % - 正在计算
---------  当前进度:  93 % - 正在计算
Memory: 2629/2637 2677/2685
---------  当前进度:  98 % - 正在计算
           当前进度:   0 % - 正在绘制
           当前进度:   6 % - 正在计算
-          当前进度:  10 % - 正在绘制
-----      当前进度:  51 % - 正在计算
Memory: 2634/2637 2678/2685
--------   当前进度:  83 % - 正在计算
---------  当前进度:  90 % - 正在计算
           当前进度:   0 % - 正在绘制
           当前进度:   6 % - 正在计算
-          当前进度:  10 % - 正在绘制
-----      当前进度:  51 % - 正在计算
Memory: 2635/2637 2678/2685
--------   当前进度:  83 % - 正在计算
---------  当前进度:  90 % - 正在计算
           当前进度:   0 % - 正在绘制
           当前进度:   6 % - 正在计算
-          当前进度:  10 % - 正在绘制
Memory: 2635/2637 2679/2685
-----      当前进度:  51 % - 正在计算
--------   当前进度:  83 % - 正在计算
---------  当前进度:  90 % - 正在计算
           当前进度:   1 % - 正在初始化
Memory: 2634/2643 2677/2718
           当前进度:   6 % - 正在计算
Memory: 2604/2643 2647/2718
-          当前进度:  10 % - 正在绘制
-          当前进度:  19 % - 正在计算
Memory: 2605/2643 2647/2718
--------   当前进度:  83 % - 正在计算
--------   当前进度:  86 % - 正在计算
           当前进度:   1 % - 正在初始化
           当前进度:   6 % - 正在计算
Memory: 2650/2650 2706/2718
-          当前进度:  10 % - 正在绘制
-          当前进度:  19 % - 正在计算
--------   当前进度:  83 % - 正在计算
--------   当前进度:  86 % - 正在计算
           当前进度:   0 % - 正在绘制
           当前进度:   6 % - 正在计算
-          当前进度:  10 % - 正在绘制
-          当前进度:  16 % - 正在计算
-----      当前进度:  55 % - 正在计算
------     当前进度:  60 % - 正在计算
---------  当前进度:  97 % - 正在计算
           当前进度:   1 % - 正在初始化
Memory: 2664/2664 2720/2720
           当前进度:   6 % - 正在计算
Memory: 2205/2669 2898/2898
-          当前进度:  10 % - 正在绘制
-          当前进度:  19 % - 正在计算
Memory: 2203/2669 2898/2898
--------   当前进度:  83 % - 正在计算
--------   当前进度:  86 % - 正在计算
类运行时: 104 s.
总时间: 104 s.
