*******************************************
***COMSOL 6.4.0.293 progress output file***
*******************************************
Sun Aug 09 00:43:22 CST 2026
COMSOL Multiphysics 6.4 (开发版本: 293) 在批处理模式下启动
正在运行: F:\LiNRR_COMSOL\worktrees\LiNRR_M10A2\src\java\LiNRR_M10A2_SSC_Pipe_Wetting.class
---------- 当前进度: 100 % - 正在分析几何
Memory: 759/760 793/794
---------- 当前进度: 100 % - 正在更新选择
Memory: 759/765 794/802
           当前进度:   0 % - Cathode 316L 500-mesh SSC | homogenized physical domain
Memory: 757/765 792/802
           当前进度:   7 % - Anode PtAu/316L 500-mesh SSC | homogenized physical domain
Memory: 748/768 782/802
-          当前进度:  14 % - 工作平面
Memory: 745/768 778/802
-          当前进度:  14 % - 正方形
-          当前进度:  15 % - 正方形 2
Memory: 746/768 779/802
-          当前进度:  17 % - 差集
--         当前进度:  28 % - 解析域和空区域
Memory: 749/768 781/802
---        当前进度:  31 % - 形成联合体
Memory: 753/768 785/802
---        当前进度:  31 % - 执行布尔操作
Memory: 761/768 790/802
---------- 当前进度: 100 % - 正在更新选择
Memory: 762/768 790/802
---------- 当前进度: 100 % - 正在创建可视化网格
Memory: 768/768 794/802
           当前进度:   2 % - 生成方程
Memory: 776/778 803/805
           当前进度:   3 % - 生成方程
Memory: 859/887 895/924
<---- Liquid Stationary Flow | NUMERICAL_TEST_ONLY/解 3 (sol3) 中的“编译方程: 稳态” -----
开始于 2026年8月9日 00:43:59。
几何形函数: 线性拉格朗日单元
几何形函数: 线性拉格朗日单元
在 AMD64 Family 25 Model 80 Stepping 0, AuthenticAMD 上运行。
在以下位置使用 1 个插槽： Pokemon 上（共 8 个内核）。
可用内存：15.77 GB。
           当前进度:   4 % - 编译方程: 稳态
Memory: 994/998 1023/1031
           当前进度:   7 % - 编译方程: 稳态
           当前进度:   3 % - 正在创建可视化网格
Memory: 1086/1090 1113/1119
           当前进度:   7 % - 正在创建可视化网格
Memory: 1088/1090 1113/1119
时间：6。
物理内存: 1.1 GB
虚拟内存: 1.12 GB
结束时间：2026年8月9日 00:44:04。
----- Liquid Stationary Flow | NUMERICAL_TEST_ONLY/解 3 (sol3) 中的“编译方程: 稳态” ---->
<---- Liquid Stationary Flow | NUMERICAL_TEST_ONLY/解 3 (sol3) 中的“因变量 1” --------
开始于 2026年8月9日 00:44:04。
           当前进度:   7 % - 因变量 1
Memory: 1094/1095 1130/1130
求解时间：0 s。
物理内存: 1.09 GB
虚拟内存: 1.13 GB
结束时间：2026年8月9日 00:44:04。
----- Liquid Stationary Flow | NUMERICAL_TEST_ONLY/解 3 (sol3) 中的“因变量 1” ------->
<---- Liquid Stationary Flow | NUMERICAL_TEST_ONLY/解 3 (sol3) 中的“稳态求解器 1” ------
开始于 2026年8月9日 00:44:04。
-          当前进度:  12 % - 稳态求解器 1
Memory: 1095/1108 1126/1139
非线性求解器
求解的自由度数：15665（加上 1 个内部自由度）。
-          当前进度:  12 % - 组装矩阵
Memory: 1171/1171 1208/1210
找到非对称矩阵。
缩放因变量：
压力 (comp_electrolyte_flow.p): 0.031
速度场 (comp_electrolyte_flow.u): 1
常微分方程助变量 (comp_electrolyte_flow.spf.inlet_liq.Pinl): 0.46
已使用正交零空间函数。
-          当前进度:  12 % - 矩阵分解
Memory: 1212/1212 1253/1253
Iter      SolEst      ResEst     Damping    Stepsize #Res #Jac #Sol   LinErr   LinRes
   1          11     4.5e+03   0.0100000          11    2    1    2  5.1e-12  1.6e-10
--         当前进度:  20 % - 组装矩阵
Memory: 1254/1258 1294/1297
   2         6.4     7.1e+05   0.1000000         7.1    3    2    4  7.9e-12  4.5e-11
--         当前进度:  29 % - 组装矩阵
Memory: 1276/1292 1303/1321
   3       0.045     4.8e+07   1.0000000        0.73    4    3    6  2.7e-11  1.3e-13
--------   当前进度:  88 % - 组装矩阵
   4      0.0014     5.8e+06   1.0000000       0.035    5    4    8  4.7e-12  1.2e-13
---------  当前进度:  99 % - 矩阵分解
Memory: 1285/1292 1324/1327
   5      0.0019       5e+04   1.0000000       0.015    7    5   10  4.1e-12    5e-14
---------  当前进度:  99 % - 正在组装残差
Memory: 1285/1292 1321/1327
   6     0.00013     2.7e+03   1.0000000      0.0019    9    6   12    2e-11  2.7e-14
---------- 当前进度: 100 % - 
Memory: 1258/1292 1286/1327
求解时间：3 s。
物理内存: 1.29 GB
虚拟内存: 1.33 GB
结束时间：2026年8月9日 00:44:08。
----- Liquid Stationary Flow | NUMERICAL_TEST_ONLY/解 3 (sol3) 中的“稳态求解器 1” ----->
           当前进度:   2 % - 生成方程
Memory: 1261/1292 1289/1327
           当前进度:   3 % - 生成方程
Memory: 1265/1292 1292/1327
<---- Liquid Stationary Flow | NUMERICAL_TEST_ONLY/解 3 (sol3) 中的“编译方程: 稳态” -----
开始于 2026年8月9日 00:44:12。
几何形函数: 线性拉格朗日单元
几何形函数: 线性拉格朗日单元
在 AMD64 Family 25 Model 80 Stepping 0, AuthenticAMD 上运行。
在以下位置使用 1 个插槽： Pokemon 上（共 8 个内核）。
可用内存：15.77 GB。
           当前进度:   4 % - 编译方程: 稳态
Memory: 1312/1322 1343/1354
           当前进度:   7 % - 编译方程: 稳态
           当前进度:   7 % - 正在创建可视化网格
Memory: 1320/1326 1349/1356
时间：4。
物理内存: 1.33 GB
虚拟内存: 1.36 GB
结束时间：2026年8月9日 00:44:16。
----- Liquid Stationary Flow | NUMERICAL_TEST_ONLY/解 3 (sol3) 中的“编译方程: 稳态” ---->
<---- Liquid Stationary Flow | NUMERICAL_TEST_ONLY/解 3 (sol3) 中的“因变量 1” --------
开始于 2026年8月9日 00:44:16。
           当前进度:   7 % - 因变量 1
Memory: 1316/1326 1345/1356
求解时间：0 s。
物理内存: 1.32 GB
虚拟内存: 1.35 GB
结束时间：2026年8月9日 00:44:16。
----- Liquid Stationary Flow | NUMERICAL_TEST_ONLY/解 3 (sol3) 中的“因变量 1” ------->
<---- Liquid Stationary Flow | NUMERICAL_TEST_ONLY/解 3 (sol3) 中的“稳态求解器 1” ------
开始于 2026年8月9日 00:44:16。
非线性求解器
求解的自由度数：15665（加上 1 个内部自由度）。
-          当前进度:  12 % - 组装矩阵
Memory: 1315/1326 1348/1382
找到非对称矩阵。
缩放因变量：
压力 (comp_electrolyte_flow.p): 0.031
速度场 (comp_electrolyte_flow.u): 1
常微分方程助变量 (comp_electrolyte_flow.spf.inlet_liq.Pinl): 0.46
已使用正交零空间函数。
Iter      SolEst      ResEst     Damping    Stepsize #Res #Jac #Sol   LinErr   LinRes
   1          20       9e+03   0.0100000          21    2    1    2  1.5e-12  1.6e-10
--         当前进度:  20 % - 组装稀疏模式
Memory: 1368/1372 1413/1414
--         当前进度:  20 % - 求解线性方程组
Memory: 1403/1407 1443/1445
   2         6.5     7.1e+05   0.1000000         7.2    3    2    4  2.9e-11  2.7e-11
--         当前进度:  29 % - 组装矩阵
Memory: 1411/1431 1457/1470
   3        0.12     3.7e+07   1.0000000        0.73    4    3    6  2.3e-11  2.6e-13
--------   当前进度:  84 % - 组装矩阵
Memory: 1417/1431 1457/1470
   4      0.0016     1.2e+07   1.0000000       0.075    5    4    8  1.2e-11  4.1e-14
---------  当前进度:  98 % - 正在组装残差
Memory: 1418/1431 1453/1470
   5       0.001     1.3e+06   1.0000000      0.0013    6    5   10  2.3e-11  6.3e-14
---------- 当前进度: 100 % - 正在组装残差
Memory: 1423/1431 1461/1470
   6      0.0015     3.5e+04   1.0000000        0.01    8    6   12  3.6e-11  3.6e-14
   7      0.0002     3.1e+03   1.0000000      0.0015   10    7   14    1e-11  7.3e-14
---------- 当前进度: 100 % - 
Memory: 1398/1431 1422/1470
求解时间：2 s。
物理内存: 1.43 GB
虚拟内存: 1.47 GB
结束时间：2026年8月9日 00:44:19。
----- Liquid Stationary Flow | NUMERICAL_TEST_ONLY/解 3 (sol3) 中的“稳态求解器 1” ----->
           当前进度:   2 % - 生成方程
Memory: 1320/1431 1348/1470
           当前进度:   3 % - 生成方程
Memory: 1495/1497 1519/1678
<---- Liquid Stationary Flow | NUMERICAL_TEST_ONLY/解 3 (sol3) 中的“编译方程: 稳态” -----
开始于 2026年8月9日 00:44:22。
几何形函数: 线性拉格朗日单元
几何形函数: 线性拉格朗日单元
在 AMD64 Family 25 Model 80 Stepping 0, AuthenticAMD 上运行。
在以下位置使用 1 个插槽： Pokemon 上（共 8 个内核）。
可用内存：15.77 GB。
           当前进度:   4 % - 编译方程: 稳态
Memory: 1486/1511 1508/1678
           当前进度:   7 % - 编译方程: 稳态
Memory: 1481/1511 1501/1678
           当前进度:   7 % - 正在创建可视化网格
Memory: 1490/1511 1509/1678
时间：3。
物理内存: 1.51 GB
虚拟内存: 1.53 GB
结束时间：2026年8月9日 00:44:26。
----- Liquid Stationary Flow | NUMERICAL_TEST_ONLY/解 3 (sol3) 中的“编译方程: 稳态” ---->
<---- Liquid Stationary Flow | NUMERICAL_TEST_ONLY/解 3 (sol3) 中的“因变量 1” --------
开始于 2026年8月9日 00:44:26。
           当前进度:   7 % - 因变量 1
Memory: 1477/1511 1495/1678
求解时间：0 s。
物理内存: 1.49 GB
虚拟内存: 1.51 GB
结束时间：2026年8月9日 00:44:26。
----- Liquid Stationary Flow | NUMERICAL_TEST_ONLY/解 3 (sol3) 中的“因变量 1” ------->
<---- Liquid Stationary Flow | NUMERICAL_TEST_ONLY/解 3 (sol3) 中的“稳态求解器 1” ------
开始于 2026年8月9日 00:44:26。
非线性求解器
求解的自由度数：15665（加上 1 个内部自由度）。
-          当前进度:  12 % - 组装矩阵
Memory: 1435/1511 1452/1678
找到非对称矩阵。
缩放因变量：
压力 (comp_electrolyte_flow.p): 0.031
速度场 (comp_electrolyte_flow.u): 1
常微分方程助变量 (comp_electrolyte_flow.spf.inlet_liq.Pinl): 0.46
已使用正交零空间函数。
Iter      SolEst      ResEst     Damping    Stepsize #Res #Jac #Sol   LinErr   LinRes
   1          36     1.8e+04   0.0100000          36    2    1    2  2.1e-11  1.6e-10
--         当前进度:  20 % - 
Memory: 1471/1511 1496/1678
--         当前进度:  20 % - 组装矩阵
Memory: 1506/1511 1533/1678
   2         6.6     6.8e+05   0.1000000         7.3    3    2    4  1.3e-12  2.1e-11
--         当前进度:  29 % - 组装稀疏模式
Memory: 1511/1516 1540/1678
--         当前进度:  29 % - 正在组装残差
Memory: 1516/1534 1544/1678
   3        0.25     2.5e+07   1.0000000        0.73    4    3    6  3.5e-11  4.2e-13
--------   当前进度:  80 % - 正在组装残差
Memory: 1519/1534 1547/1678
   4      0.0041     1.6e+07   1.0000000        0.14    5    4    8  1.7e-11  3.2e-14
---------  当前进度:  95 % - 求解线性方程组
Memory: 1518/1534 1584/1678
   5      0.0041     3.7e+06   1.0000000      0.0041    6    5   10  1.1e-11  1.1e-13
---------  当前进度:  95 % - 正在组装残差
Memory: 1520/1534 1584/1678
   6       0.016     1.7e+05   1.0000000        0.05    8    6   12    5e-12  8.9e-14
---------  当前进度:  95 % - 求解线性方程组
   7      0.0037     1.3e+05   1.0000000       0.013    9    7   14  1.1e-12  9.2e-14
   8       0.001     2.9e+04   1.0000000      0.0038   10    8   16  1.8e-11  1.6e-13
---------- 当前进度: 100 % - 组装矩阵
Memory: 1522/1534 1580/1678
   9     0.00031     2.9e+03   1.0000000       0.001   12    9   18  2.3e-12  2.2e-14
---------- 当前进度: 100 % - 
求解时间：3 s。
物理内存: 1.53 GB
虚拟内存: 1.58 GB
结束时间：2026年8月9日 00:44:29。
----- Liquid Stationary Flow | NUMERICAL_TEST_ONLY/解 3 (sol3) 中的“稳态求解器 1” ----->
           当前进度:   2 % - 生成方程
Memory: 1463/1534 1512/1678
           当前进度:   3 % - 生成方程
Memory: 1466/1534 1514/1678
<---- Liquid Stationary Flow | NUMERICAL_TEST_ONLY/解 3 (sol3) 中的“编译方程: 稳态” -----
开始于 2026年8月9日 00:44:33。
几何形函数: 线性拉格朗日单元
几何形函数: 线性拉格朗日单元
在 AMD64 Family 25 Model 80 Stepping 0, AuthenticAMD 上运行。
在以下位置使用 1 个插槽： Pokemon 上（共 8 个内核）。
可用内存：15.77 GB。
           当前进度:   7 % - 编译方程: 稳态
Memory: 1490/1534 1539/1678
           当前进度:   7 % - 正在创建可视化网格
Memory: 1491/1534 1539/1678
时间：3。
物理内存: 1.49 GB
虚拟内存: 1.54 GB
结束时间：2026年8月9日 00:44:35。
----- Liquid Stationary Flow | NUMERICAL_TEST_ONLY/解 3 (sol3) 中的“编译方程: 稳态” ---->
<---- Liquid Stationary Flow | NUMERICAL_TEST_ONLY/解 3 (sol3) 中的“因变量 1” --------
开始于 2026年8月9日 00:44:35。
           当前进度:   7 % - 因变量 1
求解时间：0 s。
物理内存: 1.49 GB
虚拟内存: 1.54 GB
结束时间：2026年8月9日 00:44:35。
----- Liquid Stationary Flow | NUMERICAL_TEST_ONLY/解 3 (sol3) 中的“因变量 1” ------->
<---- Liquid Stationary Flow | NUMERICAL_TEST_ONLY/解 3 (sol3) 中的“稳态求解器 1” ------
开始于 2026年8月9日 00:44:36。
非线性求解器
求解的自由度数：15665（加上 1 个内部自由度）。
-          当前进度:  12 % - 组装矩阵
Memory: 1449/1534 1494/1678
找到非对称矩阵。
缩放因变量：
压力 (comp_electrolyte_flow.p): 0.031
速度场 (comp_electrolyte_flow.u): 1
常微分方程助变量 (comp_electrolyte_flow.spf.inlet_liq.Pinl): 0.46
已使用正交零空间函数。
Iter      SolEst      ResEst     Damping    Stepsize #Res #Jac #Sol   LinErr   LinRes
   1          66     4.5e+04   0.0100000          66    2    1    2  1.8e-11  1.6e-10
--         当前进度:  20 % - 组装稀疏模式
Memory: 1497/1534 1550/1678
--         当前进度:  20 % - 正在组装残差
Memory: 1518/1534 1571/1678
   2         6.7       6e+05   0.1000000         7.4    3    2    4  4.5e-11  1.5e-11
--         当前进度:  29 % - 矩阵分解
Memory: 1522/1536 1576/1678
   3        0.48     1.2e+07   1.0000000        0.73    4    3    6  2.2e-11  6.9e-13
-------    当前进度:  76 % - 正在组装残差
Memory: 1519/1536 1568/1678
   4       0.012     1.2e+07   1.0000000        0.26    5    4    8  1.2e-11  6.5e-14
   5      0.0098     9.4e+06   0.3221231      0.0098    7    5   11  3.6e-11  2.6e-14
-------    当前进度:  76 % - 
Memory: 1523/1536 1564/1678
-------    当前进度:  76 % - 正在组装残差
Memory: 1523/1536 1560/1678
   6       0.011     9.4e+06   0.7500000      0.0094   19    6   24  1.9e-11    9e-14
-------    当前进度:  76 % - 矩阵分解
Memory: 1526/1536 1563/1678
   7      0.0049     9.6e+05   1.0000000        0.01   20    7   26  2.8e-11  3.2e-13
   8      0.0016     2.8e+05   1.0000000      0.0048   21    8   28  2.6e-11  3.3e-13
---------  当前进度:  97 % - 
Memory: 1523/1536 1556/1678
   9      0.0026     3.7e+04   1.0000000      0.0063   23    9   30  1.5e-11  6.1e-13
  10       0.001     3.8e+04   1.0000000      0.0026   24   10   32  6.3e-11  2.4e-13
---------- 当前进度: 100 % - 组装矩阵
Memory: 1523/1536 1560/1678
  11     0.00045     5.3e+03   1.0000000       0.001   26   11   34  2.5e-11    2e-13
---------- 当前进度: 100 % - 
Memory: 1494/1536 1520/1678
求解时间：4 s。
物理内存: 1.54 GB
虚拟内存: 1.58 GB
结束时间：2026年8月9日 00:44:39。
----- Liquid Stationary Flow | NUMERICAL_TEST_ONLY/解 3 (sol3) 中的“稳态求解器 1” ----->
           当前进度:   2 % - 生成方程
Memory: 1496/1536 1521/1678
           当前进度:   3 % - 生成方程
Memory: 1497/1536 1521/1678
<---- Liquid Stationary Flow | NUMERICAL_TEST_ONLY/解 3 (sol3) 中的“编译方程: 稳态” -----
开始于 2026年8月9日 00:44:43。
几何形函数: 线性拉格朗日单元
几何形函数: 线性拉格朗日单元
在 AMD64 Family 25 Model 80 Stepping 0, AuthenticAMD 上运行。
在以下位置使用 1 个插槽： Pokemon 上（共 8 个内核）。
可用内存：15.77 GB。
           当前进度:   7 % - 编译方程: 稳态
Memory: 1498/1536 1523/1678
           当前进度:   7 % - 正在创建可视化网格
时间：3。
物理内存: 1.5 GB
虚拟内存: 1.52 GB
结束时间：2026年8月9日 00:44:46。
----- Liquid Stationary Flow | NUMERICAL_TEST_ONLY/解 3 (sol3) 中的“编译方程: 稳态” ---->
<---- Liquid Stationary Flow | NUMERICAL_TEST_ONLY/解 3 (sol3) 中的“因变量 1” --------
开始于 2026年8月9日 00:44:46。
           当前进度:   7 % - 因变量 1
求解时间：0 s。
物理内存: 1.5 GB
虚拟内存: 1.52 GB
结束时间：2026年8月9日 00:44:46。
----- Liquid Stationary Flow | NUMERICAL_TEST_ONLY/解 3 (sol3) 中的“因变量 1” ------->
<---- Liquid Stationary Flow | NUMERICAL_TEST_ONLY/解 3 (sol3) 中的“稳态求解器 1” ------
开始于 2026年8月9日 00:44:46。
非线性求解器
求解的自由度数：15665（加上 1 个内部自由度）。
-          当前进度:  12 % - 组装矩阵
Memory: 1477/1536 1501/1678
找到非对称矩阵。
缩放因变量：
压力 (comp_electrolyte_flow.p): 0.031
速度场 (comp_electrolyte_flow.u): 1
常微分方程助变量 (comp_electrolyte_flow.spf.inlet_liq.Pinl): 0.46
已使用正交零空间函数。
Iter      SolEst      ResEst     Damping    Stepsize #Res #Jac #Sol   LinErr   LinRes
   1          20       9e+03   0.0100000          21    2    1    2  5.9e-12  1.9e-10
--         当前进度:  20 % - 组装稀疏模式
Memory: 1511/1536 1543/1678
--         当前进度:  20 % - 约束处理
Memory: 1531/1536 1564/1678
   2         6.5     7.1e+05   0.1000000         7.2    3    2    4    3e-11  2.9e-11
--         当前进度:  29 % - 组装矩阵
Memory: 1535/1552 1569/1678
   3        0.12     3.7e+07   1.0000000        0.73    4    3    6  8.8e-12  2.7e-13
--------   当前进度:  84 % - 组装矩阵
Memory: 1533/1552 1565/1678
   4      0.0016     1.2e+07   1.0000000       0.075    5    4    8  3.2e-11  3.5e-14
---------  当前进度:  98 % - 组装矩阵
   5       0.001     1.3e+06   1.0000000      0.0013    6    5   10  5.4e-12  6.2e-14
---------- 当前进度: 100 % - 正在组装残差
   6      0.0015     3.5e+04   1.0000000        0.01    8    6   12  1.5e-11  3.5e-14
   7      0.0002     3.1e+03   1.0000000      0.0015   10    7   14  3.4e-11    7e-14
---------- 当前进度: 100 % - 
Memory: 1509/1552 1526/1678
求解时间：2 s。
物理内存: 1.55 GB
虚拟内存: 1.57 GB
结束时间：2026年8月9日 00:44:48。
----- Liquid Stationary Flow | NUMERICAL_TEST_ONLY/解 3 (sol3) 中的“稳态求解器 1” ----->
           当前进度:   2 % - 生成方程
           当前进度:   3 % - 生成方程
Memory: 1472/1552 1492/1678
<---- N2 Stationary Flow | NUMERICAL_TEST_ONLY/解 4 (sol4) 中的“编译方程: 稳态” ---------
开始于 2026年8月9日 00:44:52。
几何形函数: 线性拉格朗日单元
几何形函数: 线性拉格朗日单元
在 AMD64 Family 25 Model 80 Stepping 0, AuthenticAMD 上运行。
在以下位置使用 1 个插槽： Pokemon 上（共 8 个内核）。
可用内存：15.77 GB。
           当前进度:   7 % - 编译方程: 稳态
Memory: 1516/1553 1535/1853
           当前进度:   7 % - 正在创建可视化网格
Memory: 1518/1553 1537/1853
时间：3。
物理内存: 1.52 GB
虚拟内存: 1.54 GB
结束时间：2026年8月9日 00:44:55。
----- N2 Stationary Flow | NUMERICAL_TEST_ONLY/解 4 (sol4) 中的“编译方程: 稳态” -------->
<---- N2 Stationary Flow | NUMERICAL_TEST_ONLY/解 4 (sol4) 中的“因变量 1” ------------
开始于 2026年8月9日 00:44:55。
           当前进度:   7 % - 因变量 1
Memory: 1504/1553 1522/1853
求解时间：0 s。
物理内存: 1.5 GB
虚拟内存: 1.52 GB
结束时间：2026年8月9日 00:44:55。
----- N2 Stationary Flow | NUMERICAL_TEST_ONLY/解 4 (sol4) 中的“因变量 1” ----------->
<---- N2 Stationary Flow | NUMERICAL_TEST_ONLY/解 4 (sol4) 中的“稳态求解器 1” ----------
开始于 2026年8月9日 00:44:55。
非线性求解器
求解的自由度数：38733（加上 1 个内部自由度）。
-          当前进度:  12 % - 正在组装残差
Memory: 1520/1553 1542/1853
-          当前进度:  12 % - 组装矩阵
Memory: 1548/1574 1572/1853
找到非对称矩阵。
缩放因变量：
压力 (comp_n2_flow.p2): 0.51
速度场 (comp_n2_flow.u2): 1
常微分方程助变量 (comp_n2_flow.spf2.inlet_n2.Pinl): 0.19
已使用正交零空间函数。
-          当前进度:  12 % - 矩阵分解
Memory: 1614/1614 1646/1853
Iter      SolEst      ResEst     Damping    Stepsize #Res #Jac #Sol   LinErr   LinRes
   1          64          19   0.0100000          65    2    1    2  3.2e-12  3.6e-11
--         当前进度:  20 % - 组装稀疏模式
Memory: 1720/1734 1789/1853
--         当前进度:  20 % - 组装矩阵
Memory: 1803/1803 1876/1876
--         当前进度:  20 % - 矩阵分解
Memory: 1702/1852 1757/1926
   2         6.5     4.2e+05   0.1000000         7.2    3    2    4  2.4e-12  3.8e-11
--         当前进度:  29 % - 组装稀疏模式
Memory: 1850/1852 1924/1926
--         当前进度:  29 % - 组装矩阵
Memory: 1821/1854 1895/1929
--         当前进度:  29 % - 
Memory: 1831/1854 1905/1929
   3       0.023     3.1e+07   1.0000000        0.73    4    3    6    8e-12  7.3e-14
---------  当前进度:  91 % - 组装矩阵
Memory: 1840/1856 1903/1931
---------  当前进度:  91 % - 矩阵分解
Memory: 1850/1868 1916/1934
---------  当前进度:  91 % - 正在组装残差
Memory: 1830/1868 1895/1934
   4      0.0073     6.1e+04   1.0000000        0.13    6    4    8  4.5e-12  5.1e-14
---------  当前进度:  91 % - 组装矩阵
Memory: 1859/1868 1925/1934
---------  当前进度:  91 % - 约束处理
Memory: 1868/1878 1935/1946
---------  当前进度:  91 % - 正在组装残差
Memory: 1831/1882 1896/1950
   5     0.00052     1.8e+03   1.0000000      0.0073    8    5   10  3.1e-11    2e-14
---------- 当前进度: 100 % - 
Memory: 1692/1882 1721/1950
求解时间：5 s。
物理内存: 1.88 GB
虚拟内存: 1.95 GB
结束时间：2026年8月9日 00:45:01。
----- N2 Stationary Flow | NUMERICAL_TEST_ONLY/解 4 (sol4) 中的“稳态求解器 1” --------->
           当前进度:   2 % - 生成方程
Memory: 1693/1882 1721/1950
           当前进度:   3 % - 生成方程
Memory: 1694/1882 1721/1950
<---- N2 Stationary Flow | NUMERICAL_TEST_ONLY/解 4 (sol4) 中的“编译方程: 稳态” ---------
开始于 2026年8月9日 00:45:04。
几何形函数: 线性拉格朗日单元
几何形函数: 线性拉格朗日单元
在 AMD64 Family 25 Model 80 Stepping 0, AuthenticAMD 上运行。
在以下位置使用 1 个插槽： Pokemon 上（共 8 个内核）。
可用内存：15.77 GB。
           当前进度:   7 % - 编译方程: 稳态
Memory: 1704/1882 1732/1950
           当前进度:   7 % - 正在创建可视化网格
Memory: 1705/1882 1733/1950
时间：3。
物理内存: 1.71 GB
虚拟内存: 1.73 GB
结束时间：2026年8月9日 00:45:07。
----- N2 Stationary Flow | NUMERICAL_TEST_ONLY/解 4 (sol4) 中的“编译方程: 稳态” -------->
<---- N2 Stationary Flow | NUMERICAL_TEST_ONLY/解 4 (sol4) 中的“因变量 1” ------------
开始于 2026年8月9日 00:45:07。
           当前进度:   7 % - 因变量 1
Memory: 1707/1882 1734/1950
求解时间：0 s。
物理内存: 1.71 GB
虚拟内存: 1.73 GB
结束时间：2026年8月9日 00:45:07。
----- N2 Stationary Flow | NUMERICAL_TEST_ONLY/解 4 (sol4) 中的“因变量 1” ----------->
<---- N2 Stationary Flow | NUMERICAL_TEST_ONLY/解 4 (sol4) 中的“稳态求解器 1” ----------
开始于 2026年8月9日 00:45:07。
非线性求解器
求解的自由度数：38733（加上 1 个内部自由度）。
-          当前进度:  12 % - 
Memory: 1666/1882 1686/1950
-          当前进度:  12 % - 组装矩阵
Memory: 1682/1882 1704/1950
找到非对称矩阵。
缩放因变量：
压力 (comp_n2_flow.p2): 0.51
速度场 (comp_n2_flow.u2): 1
常微分方程助变量 (comp_n2_flow.spf2.inlet_n2.Pinl): 0.19
已使用正交零空间函数。
-          当前进度:  12 % - 矩阵分解
Memory: 1740/1882 1777/1950
Iter      SolEst      ResEst     Damping    Stepsize #Res #Jac #Sol   LinErr   LinRes
-          当前进度:  12 % - 正在组装残差
Memory: 1826/1882 1884/1950
   1          73          36   0.0100000          73    2    1    2  1.2e-11  3.7e-11
--         当前进度:  20 % - 组装矩阵
Memory: 1855/1882 1914/1950
--         当前进度:  20 % - 矩阵分解
Memory: 1764/1887 1788/1950
   2         6.5     4.2e+05   0.1000000         7.2    3    2    4  1.8e-11  3.7e-11
--         当前进度:  29 % - 组装稀疏模式
Memory: 1885/1887 1945/1950
--         当前进度:  29 % - 组装矩阵
Memory: 1848/1890 1907/1950
--         当前进度:  29 % - 约束处理
Memory: 1867/1890 1927/1950
   3       0.066     2.7e+07   1.0000000        0.74    4    3    6  4.1e-11  9.8e-14
--------   当前进度:  87 % - 组装矩阵
Memory: 1849/1890 1909/1950
--------   当前进度:  87 % - 正在组装残差
Memory: 1850/1890 1911/1950
   4      0.0043     1.7e+06   1.0000000       0.052    5    4    8  7.5e-12  1.2e-13
---------  当前进度:  93 % - 组装矩阵
Memory: 1869/1890 1931/1950
---------  当前进度:  93 % - 正在组装残差
Memory: 1852/1902 1911/1965
   5       0.003     1.7e+04   1.0000000       0.024    7    5   10    2e-12  2.6e-14
---------  当前进度:  93 % - 组装矩阵
Memory: 1871/1902 1931/1965
---------  当前进度:  93 % - 
Memory: 1851/1904 1911/1965
   6      0.0004     1.4e+03   1.0000000       0.003    9    6   12  3.7e-11  2.8e-14
---------- 当前进度: 100 % - 
Memory: 1700/1904 1723/1965
求解时间：6 s。
物理内存: 1.9 GB
虚拟内存: 1.97 GB
结束时间：2026年8月9日 00:45:13。
----- N2 Stationary Flow | NUMERICAL_TEST_ONLY/解 4 (sol4) 中的“稳态求解器 1” --------->
           当前进度:   2 % - 生成方程
           当前进度:   3 % - 生成方程
Memory: 1701/1904 1723/1965
<---- N2 Stationary Flow | NUMERICAL_TEST_ONLY/解 4 (sol4) 中的“编译方程: 稳态” ---------
开始于 2026年8月9日 00:45:16。
几何形函数: 线性拉格朗日单元
几何形函数: 线性拉格朗日单元
在 AMD64 Family 25 Model 80 Stepping 0, AuthenticAMD 上运行。
在以下位置使用 1 个插槽： Pokemon 上（共 8 个内核）。
可用内存：15.77 GB。
           当前进度:   7 % - 编译方程: 稳态
           当前进度:   7 % - 正在创建可视化网格
时间：3。
物理内存: 1.7 GB
虚拟内存: 1.72 GB
结束时间：2026年8月9日 00:45:19。
----- N2 Stationary Flow | NUMERICAL_TEST_ONLY/解 4 (sol4) 中的“编译方程: 稳态” -------->
<---- N2 Stationary Flow | NUMERICAL_TEST_ONLY/解 4 (sol4) 中的“因变量 1” ------------
开始于 2026年8月9日 00:45:19。
           当前进度:   7 % - 因变量 1
求解时间：0 s。
物理内存: 1.7 GB
虚拟内存: 1.72 GB
结束时间：2026年8月9日 00:45:19。
----- N2 Stationary Flow | NUMERICAL_TEST_ONLY/解 4 (sol4) 中的“因变量 1” ----------->
<---- N2 Stationary Flow | NUMERICAL_TEST_ONLY/解 4 (sol4) 中的“稳态求解器 1” ----------
开始于 2026年8月9日 00:45:19。
非线性求解器
求解的自由度数：38733（加上 1 个内部自由度）。
-          当前进度:  12 % - 
Memory: 1694/1904 1716/1965
-          当前进度:  12 % - 组装矩阵
Memory: 1680/1904 1701/1965
找到非对称矩阵。
缩放因变量：
压力 (comp_n2_flow.p2): 0.51
速度场 (comp_n2_flow.u2): 1
常微分方程助变量 (comp_n2_flow.spf2.inlet_n2.Pinl): 0.19
已使用正交零空间函数。
-          当前进度:  12 % - 矩阵分解
Memory: 1730/1904 1759/1965
Iter      SolEst      ResEst     Damping    Stepsize #Res #Jac #Sol   LinErr   LinRes
-          当前进度:  12 % - 求解线性方程组
Memory: 1834/1904 1892/1965
   1          74          63   0.0100000          75    2    1    2  8.1e-13  3.7e-11
--         当前进度:  20 % - 组装稀疏模式
Memory: 1885/1904 1944/1965
--         当前进度:  20 % - 组装矩阵
Memory: 1840/1904 1898/1965
--         当前进度:  20 % - 矩阵分解
Memory: 1781/1904 1823/1965
--         当前进度:  20 % - 正在组装残差
Memory: 1849/1904 1909/1965
   2         6.5     4.2e+05   0.1000000         7.3    3    2    4  8.9e-13  3.3e-11
--         当前进度:  29 % - 组装稀疏模式
Memory: 1855/1904 1914/1965
--         当前进度:  29 % - 组装矩阵
Memory: 1829/1904 1887/1965
--         当前进度:  29 % - 矩阵分解
Memory: 1843/1904 1903/1965
   3        0.14     2.1e+07   1.0000000        0.75    4    3    6    5e-11  1.2e-13
--------   当前进度:  83 % - 组装矩阵
Memory: 1830/1904 1888/1965
--------   当前进度:  83 % - 求解线性方程组
Memory: 1831/1904 1890/1965
   4       0.014     2.6e+06   1.0000000         0.1    5    4    8    2e-11  2.2e-13
--------   当前进度:  88 % - 组装矩阵
Memory: 1852/1904 1914/1965
--------   当前进度:  88 % - 求解线性方程组
Memory: 1833/1904 1894/1965
   5      0.0013     3.8e+05   1.0000000       0.013    6    5   10  9.3e-12  4.7e-14
---------  当前进度:  99 % - 组装矩阵
Memory: 1852/1904 1914/1965
---------  当前进度:  99 % - 
Memory: 1833/1904 1894/1965
   6      0.0023     7.6e+03   1.0000000       0.012    8    6   12  6.3e-11    3e-14
---------  当前进度:  99 % - 组装矩阵
Memory: 1852/1904 1914/1965
---------  当前进度:  99 % - 正在组装残差
Memory: 1833/1904 1894/1965
   7     0.00048     1.3e+03   1.0000000      0.0023   10    7   14  1.5e-11  1.3e-14
---------- 当前进度: 100 % - 
Memory: 1696/1904 1720/1965
求解时间：6 s。
物理内存: 1.88 GB
虚拟内存: 1.94 GB
结束时间：2026年8月9日 00:45:26。
----- N2 Stationary Flow | NUMERICAL_TEST_ONLY/解 4 (sol4) 中的“稳态求解器 1” --------->
           当前进度:   2 % - 生成方程
Memory: 1697/1904 1721/1965
           当前进度:   3 % - 生成方程
<---- N2 Stationary Flow | NUMERICAL_TEST_ONLY/解 4 (sol4) 中的“编译方程: 稳态” ---------
开始于 2026年8月9日 00:45:29。
几何形函数: 线性拉格朗日单元
几何形函数: 线性拉格朗日单元
在 AMD64 Family 25 Model 80 Stepping 0, AuthenticAMD 上运行。
在以下位置使用 1 个插槽： Pokemon 上（共 8 个内核）。
可用内存：15.77 GB。
           当前进度:   7 % - 编译方程: 稳态
Memory: 1690/1904 1713/1965
           当前进度:   7 % - 正在创建可视化网格
时间：3。
物理内存: 1.7 GB
虚拟内存: 1.72 GB
结束时间：2026年8月9日 00:45:31。
----- N2 Stationary Flow | NUMERICAL_TEST_ONLY/解 4 (sol4) 中的“编译方程: 稳态” -------->
<---- N2 Stationary Flow | NUMERICAL_TEST_ONLY/解 4 (sol4) 中的“因变量 1” ------------
开始于 2026年8月9日 00:45:31。
           当前进度:   7 % - 因变量 1
Memory: 1688/1904 1711/1965
求解时间：0 s。
物理内存: 1.69 GB
虚拟内存: 1.71 GB
结束时间：2026年8月9日 00:45:31。
----- N2 Stationary Flow | NUMERICAL_TEST_ONLY/解 4 (sol4) 中的“因变量 1” ----------->
<---- N2 Stationary Flow | NUMERICAL_TEST_ONLY/解 4 (sol4) 中的“稳态求解器 1” ----------
开始于 2026年8月9日 00:45:31。
非线性求解器
求解的自由度数：38733（加上 1 个内部自由度）。
-          当前进度:  12 % - 正在组装残差
-          当前进度:  12 % - 组装矩阵
Memory: 1684/1904 1707/1965
找到非对称矩阵。
缩放因变量：
压力 (comp_n2_flow.p2): 0.51
速度场 (comp_n2_flow.u2): 1
常微分方程助变量 (comp_n2_flow.spf2.inlet_n2.Pinl): 0.19
已使用正交零空间函数。
-          当前进度:  12 % - 
Memory: 1722/1904 1747/1965
-          当前进度:  12 % - 矩阵分解
Memory: 1768/1904 1838/1965
Iter      SolEst      ResEst     Damping    Stepsize #Res #Jac #Sol   LinErr   LinRes
   1          75          90   0.0100000          76    2    1    2  4.5e-12  3.7e-11
--         当前进度:  20 % - 
Memory: 1259/1904 1892/1965
--         当前进度:  20 % - 组装稀疏模式
Memory: 1013/1904 1924/1965
--         当前进度:  20 % - 组装矩阵
Memory: 980/1904 1905/1965
--         当前进度:  20 % - 约束处理
Memory: 882/1904 1927/1965
--         当前进度:  20 % - 矩阵分解
Memory: 848/1904 1823/1965
--         当前进度:  20 % - 正在组装残差
Memory: 930/1904 1917/1965
   2         6.6     4.1e+05   0.1000000         7.3    3    2    4  8.2e-12  2.9e-11
--         当前进度:  29 % - 组装稀疏模式
Memory: 925/1904 1925/1981
--         当前进度:  29 % - 组装矩阵
Memory: 938/1904 1922/1981
--         当前进度:  29 % - 正在组装残差
Memory: 926/1904 1901/1981
   3        0.22     1.7e+07   1.0000000        0.75    4    3    6  4.8e-11  1.3e-13
--------   当前进度:  81 % - 组装矩阵
Memory: 947/1904 1922/1981
--------   当前进度:  81 % - 正在组装残差
Memory: 929/1904 1901/1981
   4       0.024     2.7e+06   1.0000000        0.14    5    4    8  1.3e-11  2.9e-13
--------   当前进度:  86 % - 组装矩阵
Memory: 950/1904 1921/1981
--------   当前进度:  86 % - 正在组装残差
Memory: 925/1904 1901/1981
   5      0.0024     5.4e+05   1.0000000       0.022    6    5   10    4e-11  3.8e-14
---------  当前进度:  96 % - 组装矩阵
Memory: 931/1904 1921/1981
---------  当前进度:  96 % - 正在组装残差
Memory: 871/1904 1901/1981
   6      0.0043     1.3e+04   1.0000000       0.018    8    6   12  3.9e-12  4.6e-14
---------  当前进度:  96 % - 
Memory: 886/1904 1921/1981
---------  当前进度:  96 % - 组装矩阵
Memory: 892/1904 1921/1981
---------  当前进度:  96 % - 矩阵分解
Memory: 851/1904 1925/1981
   7       0.001     1.2e+04   1.0000000      0.0042    9    7   14  1.4e-12  1.8e-14
---------- 当前进度: 100 % - 组装矩阵
Memory: 849/1904 1921/1981
---------- 当前进度: 100 % - 矩阵分解
Memory: 862/1904 1936/1981
---------- 当前进度: 100 % - 正在组装残差
Memory: 821/1904 1891/1981
   8     0.00026     7.8e+02   1.0000000       0.001   11    8   16    9e-12  2.5e-14
---------- 当前进度: 100 % - 
Memory: 566/1904 1717/1981
求解时间：9 s。
物理内存: 1.77 GB
虚拟内存: 1.98 GB
结束时间：2026年8月9日 00:45:40。
----- N2 Stationary Flow | NUMERICAL_TEST_ONLY/解 4 (sol4) 中的“稳态求解器 1” --------->

/***************/
/*****错误********/
/***************/
运行 Java 类时出错。
已存在具有给定名称的对象。
 - 标记: geom_n2_channel_fluid
已存在具有给定名称的对象。
 - 类: LiNRR_M10A2_SSC_Pipe_Wetting
总时间: 143 s.
