*******************************************
***COMSOL 6.4.0.293 progress output file***
*******************************************
Sun Aug 09 01:32:44 CST 2026
COMSOL Multiphysics 6.4 (开发版本: 293) 在批处理模式下启动
正在运行: F:\LiNRR_COMSOL\worktrees\LiNRR_M10A2\src\java\LiNRR_M10A2_SSC_Pipe_Wetting.class
---------- 当前进度: 100 % - 正在分析几何
Memory: 831/847 872/886
---------- 当前进度: 100 % - 正在更新选择
Memory: 981/981 1053/1065
           当前进度:   0 % - 矩形
Memory: 1004/1012 1044/1065
           当前进度:   9 % - 形成联合体
Memory: 940/1012 981/1065
----       当前进度:  42 % - 解析域和空区域
---------- 当前进度: 100 % - 正在更新选择
---------- 当前进度: 100 % - 正在创建可视化网格
Memory: 970/1012 1004/1065
           当前进度:   0 % - 映射
Memory: 1000/1020 1033/1082
顶点单元数：4
边界单元数：172
最小单元质量：1
---------- 当前进度: 100 % - 正在定型网格
Memory: 1003/1020 1034/1082
           当前进度:   3 % - 生成方程
Memory: 1006/1020 1038/1082
<---- 研究 4/解 10 (sol10) 中的“编译方程: 瞬态” -------------------------------------------
开始于 2026年8月9日 01:33:35。
几何形函数: 线性拉格朗日单元
几何形函数: 线性拉格朗日单元
几何形函数: 线性拉格朗日单元
几何形函数: 二次拉格朗日单元
几何形函数: 二次拉格朗日单元
几何形函数: 二次拉格朗日单元
几何形函数: 二次拉格朗日单元
几何形函数: 线性拉格朗日单元
在 AMD64 Family 25 Model 80 Stepping 0, AuthenticAMD 上运行。
在以下位置使用 1 个插槽： Pokemon 上（共 8 个内核）。
可用内存：15.77 GB。
           当前进度:   4 % - 编译方程: 瞬态
Memory: 1441/1445 1496/1498
           当前进度:   5 % - 编译方程: 瞬态
Memory: 1460/1461 1515/1519
           当前进度:   3 % - 正在创建可视化网格
Memory: 1506/1510 1557/1563
           当前进度:   5 % - 正在创建可视化网格
Memory: 1507/1510 1557/1563
时间：11。
物理内存: 1.51 GB
虚拟内存: 1.56 GB
结束时间：2026年8月9日 01:33:46。
----- 研究 4/解 10 (sol10) 中的“编译方程: 瞬态” ------------------------------------------>
<---- 研究 4/解 10 (sol10) 中的“因变量 1” ----------------------------------------------
开始于 2026年8月9日 01:33:46。
           当前进度:   5 % - 因变量 1
Memory: 1509/1512 1555/1563
求解时间：0 s。
物理内存: 1.51 GB
虚拟内存: 1.55 GB
结束时间：2026年8月9日 01:33:46。
----- 研究 4/解 10 (sol10) 中的“因变量 1” --------------------------------------------->
<---- 研究 4/解 10 (sol10) 中的“瞬态求解器 1” --------------------------------------------
开始于 2026年8月9日 01:33:46。
瞬态求解器 (BDF)
           当前进度:   7 % - 瞬态求解器 1
Memory: 1532/1535 1578/1584
求解的自由度数：2660（加上 480 个内部自由度）。
找到非对称矩阵。
缩放因变量：
压力 (comp_ssc_wetting.pWet): 0.31
体积分数 (comp_ssc_wetting.s2): 1
Step        Time    Stepsize      Res  Jac  Sol Order Tfail NLfail   LinErr   LinRes
           当前进度:   7 % - 矩阵分解
Memory: 1415/1540 1459/1584
   0           0           - out    2    3    2                  0    2e-13  1.7e-15
   1    5.01e-06       5e-06        3    4    3     1     0      0  1.6e-13  1.7e-15
   2   1.001e-05       5e-06        4    5    4     1     0      0  1.4e-13  1.9e-15
   3   2.001e-05       1e-05        5    6    5     2     0      0  2.3e-13  1.9e-15
   4   4.001e-05       2e-05        6    7    6     1     0      0  1.9e-13  1.7e-15
   5   8.001e-05       4e-05        7    8    7     1     0      0  1.7e-13  1.8e-15
   -      0.0001           - out
   6  0.00016001       8e-05        8    9    8     1     0      0  2.1e-13  1.7e-15
   -      0.0002           - out
   -      0.0003           - out
   7  0.00032001     0.00016        9   10    9     1     0      0  2.1e-13  1.8e-15
   -      0.0004           - out
   -      0.0005           - out
-          当前进度:  19 % - 正在组装残差
Memory: 1444/1540 1512/1584
   -      0.0006           - out
   8  0.00064001     0.00032       10   11   10     1     0      0  2.5e-13  1.4e-15
   -      0.0007           - out
   -      0.0008           - out
   -      0.0009           - out
   -       0.001           - out
   -      0.0011           - out
   9     0.00114      0.0005       11   12   11     1     0      0  1.6e-13  1.8e-15
   -      0.0012           - out
   -      0.0013           - out
   -      0.0014           - out
   -      0.0015           - out
   -      0.0016           - out
  10     0.00164      0.0005       12   13   12     1     0      0  1.9e-13  1.8e-15
   -      0.0017           - out
   -      0.0018           - out
   -      0.0019           - out
   -       0.002           - out
   -      0.0021           - out
  11     0.00214      0.0005       13   14   13     1     0      0  1.9e-13  1.9e-15
   -      0.0022           - out
   -      0.0023           - out
   -      0.0024           - out
   -      0.0025           - out
   -      0.0026           - out
  12     0.00264      0.0005       14   15   14     1     0      0  1.8e-13  1.9e-15
   -      0.0027           - out
   -      0.0028           - out
   -      0.0029           - out
   -       0.003           - out
   -      0.0031           - out
  13     0.00314      0.0005       15   16   15     1     0      0  1.9e-13  1.7e-15
   -      0.0032           - out
   -      0.0033           - out
   -      0.0034           - out
   -      0.0035           - out
   -      0.0036           - out
  14     0.00364      0.0005       16   17   16     1     0      0  1.9e-13  2.1e-15
   -      0.0037           - out
   -      0.0038           - out
   -      0.0039           - out
   -       0.004           - out
   -      0.0041           - out
  15     0.00414      0.0005       17   18   17     1     0      0  2.2e-13  2.1e-15
   -      0.0042           - out
   -      0.0043           - out
   -      0.0044           - out
   -      0.0045           - out
   -      0.0046           - out
  16     0.00464      0.0005       18   19   18     2     0      0  1.9e-13  1.6e-15
---------  当前进度:  93 % - 
   -      0.0047           - out
   -      0.0048           - out
   -      0.0049           - out
   -       0.005           - out
  17     0.00514      0.0005       19   20   19     2     0      0  2.3e-13  1.6e-15
时间步进已完成。
---------- 当前进度: 100 % - 
Memory: 1442/1540 1511/1584
求解时间：3 s。
物理内存: 1.54 GB
虚拟内存: 1.58 GB
结束时间：2026年8月9日 01:33:49。
----- 研究 4/解 10 (sol10) 中的“瞬态求解器 1” ------------------------------------------->
           当前进度:   3 % - 生成方程
Memory: 1500/1540 1563/1584
<---- 研究 4/解 10 (sol10) 中的“编译方程: 瞬态” -------------------------------------------
开始于 2026年8月9日 01:33:57。
几何形函数: 线性拉格朗日单元
几何形函数: 线性拉格朗日单元
几何形函数: 线性拉格朗日单元
几何形函数: 二次拉格朗日单元
几何形函数: 二次拉格朗日单元
几何形函数: 二次拉格朗日单元
几何形函数: 二次拉格朗日单元
几何形函数: 线性拉格朗日单元
在 AMD64 Family 25 Model 80 Stepping 0, AuthenticAMD 上运行。
在以下位置使用 1 个插槽： Pokemon 上（共 8 个内核）。
可用内存：15.77 GB。
           当前进度:   4 % - 编译方程: 瞬态
Memory: 1283/1540 1808/1824
           当前进度:   5 % - 编译方程: 瞬态
Memory: 1297/1540 1800/1824
           当前进度:   5 % - 正在创建可视化网格
Memory: 1341/1540 1803/1824
时间：11。
物理内存: 1.52 GB
虚拟内存: 1.85 GB
结束时间：2026年8月9日 01:34:08。
----- 研究 4/解 10 (sol10) 中的“编译方程: 瞬态” ------------------------------------------>
<---- 研究 4/解 10 (sol10) 中的“因变量 1” ----------------------------------------------
开始于 2026年8月9日 01:34:08。
           当前进度:   5 % - 因变量 1
Memory: 1387/1540 1845/1847
求解时间：0 s。
物理内存: 1.39 GB
虚拟内存: 1.85 GB
结束时间：2026年8月9日 01:34:08。
----- 研究 4/解 10 (sol10) 中的“因变量 1” --------------------------------------------->
<---- 研究 4/解 10 (sol10) 中的“瞬态求解器 1” --------------------------------------------
开始于 2026年8月9日 01:34:08。
瞬态求解器 (BDF)
求解的自由度数：2660（加上 480 个内部自由度）。
找到非对称矩阵。
缩放因变量：
压力 (comp_ssc_wetting.pWet): 0.31
体积分数 (comp_ssc_wetting.s2): 1
Step        Time    Stepsize      Res  Jac  Sol Order Tfail NLfail   LinErr   LinRes
           当前进度:   7 % - 矩阵分解
Memory: 1425/1540 1847/1883
   0           0           - out    8    9    8                  0    2e-13  7.2e-16
   1    5.01e-06       5e-06        9   10    9     1     0      0  1.5e-13  7.3e-15
   2   1.001e-05       5e-06       10   11   10     1     0      0  8.8e-14  5.3e-15
   3   2.001e-05       1e-05       11   12   11     2     0      0  8.2e-14  3.4e-15
   4   4.001e-05       2e-05       12   13   12     1     0      0  6.4e-14  3.4e-15
   5   8.001e-05       4e-05       13   14   13     1     0      0    1e-13  3.8e-15
   -      0.0001           - out
   6  0.00016001       8e-05       14   15   14     1     0      0  8.1e-14  2.6e-15
   -      0.0002           - out
   -      0.0003           - out
   7  0.00032001     0.00016       15   16   15     1     0      0  8.1e-14  2.8e-15
   -      0.0004           - out
   -      0.0005           - out
   -      0.0006           - out
   8  0.00064001     0.00032       16   17   16     1     0      0  8.1e-14  1.2e-15
   -      0.0007           - out
   -      0.0008           - out
   -      0.0009           - out
   -       0.001           - out
   -      0.0011           - out
   9     0.00114      0.0005       17   18   17     1     0      0  9.5e-14    4e-15
   -      0.0012           - out
   -      0.0013           - out
   -      0.0014           - out
   -      0.0015           - out
   -      0.0016           - out
  10     0.00164      0.0005       18   19   18     1     0      0  5.9e-14  3.4e-15
   -      0.0017           - out
   -      0.0018           - out
   -      0.0019           - out
   -       0.002           - out
   -      0.0021           - out
  11     0.00214      0.0005       19   20   19     1     0      0  5.2e-14    9e-16
   -      0.0022           - out
   -      0.0023           - out
   -      0.0024           - out
   -      0.0025           - out
   -      0.0026           - out
  12     0.00264      0.0005       20   21   20     2     0      0  9.3e-14  2.9e-15
   -      0.0027           - out
   -      0.0028           - out
------     当前进度:  65 % - 
Memory: 1431/1540 1848/1883
   -      0.0029           - out
   -       0.003           - out
   -      0.0031           - out
  13     0.00314      0.0005       21   22   21     2     0      0  1.2e-13  8.9e-15
   -      0.0032           - out
   -      0.0033           - out
   -      0.0034           - out
   -      0.0035           - out
   -      0.0036           - out
  14     0.00364      0.0005       22   23   22     2     0      0  1.1e-13  2.3e-15
   -      0.0037           - out
   -      0.0038           - out
   -      0.0039           - out
   -       0.004           - out
   -      0.0041           - out
  15     0.00414      0.0005       23   24   23     2     0      0  7.9e-14  1.8e-15
   -      0.0042           - out
   -      0.0043           - out
   -      0.0044           - out
   -      0.0045           - out
   -      0.0046           - out
  16     0.00464      0.0005       24   25   24     2     0      0    6e-14  2.1e-15
   -      0.0047           - out
   -      0.0048           - out
   -      0.0049           - out
   -       0.005           - out
  17     0.00514      0.0005       25   26   25     2     0      0  8.9e-14    1e-15
时间步进已完成。
---------- 当前进度: 100 % - 
Memory: 1430/1540 1846/1883
求解时间：2 s。
物理内存: 1.43 GB
虚拟内存: 1.85 GB
结束时间：2026年8月9日 01:34:10。
----- 研究 4/解 10 (sol10) 中的“瞬态求解器 1” ------------------------------------------->
           当前进度:   3 % - 生成方程
Memory: 1417/1540 1643/1883
<---- 研究 4/解 10 (sol10) 中的“编译方程: 瞬态” -------------------------------------------
开始于 2026年8月9日 01:34:18。
几何形函数: 线性拉格朗日单元
几何形函数: 线性拉格朗日单元
几何形函数: 线性拉格朗日单元
几何形函数: 二次拉格朗日单元
几何形函数: 二次拉格朗日单元
几何形函数: 二次拉格朗日单元
几何形函数: 二次拉格朗日单元
几何形函数: 线性拉格朗日单元
在 AMD64 Family 25 Model 80 Stepping 0, AuthenticAMD 上运行。
在以下位置使用 1 个插槽： Pokemon 上（共 8 个内核）。
可用内存：15.77 GB。
           当前进度:   4 % - 编译方程: 瞬态
Memory: 1687/1687 1949/1949
           当前进度:   5 % - 编译方程: 瞬态
Memory: 1691/1697 1952/1961
           当前进度:   5 % - 正在创建可视化网格
Memory: 1738/1738 1998/2001
时间：8。
物理内存: 1.74 GB
虚拟内存: 2 GB
结束时间：2026年8月9日 01:34:26。
----- 研究 4/解 10 (sol10) 中的“编译方程: 瞬态” ------------------------------------------>
<---- 研究 4/解 10 (sol10) 中的“因变量 1” ----------------------------------------------
开始于 2026年8月9日 01:34:26。
           当前进度:   5 % - 因变量 1
Memory: 1739/1742 1996/2001
求解时间：0 s。
物理内存: 1.74 GB
虚拟内存: 2 GB
结束时间：2026年8月9日 01:34:26。
----- 研究 4/解 10 (sol10) 中的“因变量 1” --------------------------------------------->
<---- 研究 4/解 10 (sol10) 中的“瞬态求解器 1” --------------------------------------------
开始于 2026年8月9日 01:34:26。
瞬态求解器 (BDF)
求解的自由度数：2660（加上 480 个内部自由度）。
找到非对称矩阵。
缩放因变量：
压力 (comp_ssc_wetting.pWet): 0.31
体积分数 (comp_ssc_wetting.s2): 1
Step        Time    Stepsize      Res  Jac  Sol Order Tfail NLfail   LinErr   LinRes
           当前进度:   7 % - 组装矩阵
Memory: 1740/1748 1991/2040
   0           0           - out    8    9    8                  0  2.5e-13  8.5e-16
   1    5.01e-06       5e-06        9   10    9     1     0      0    2e-13  8.9e-15
   2   1.001e-05       5e-06       10   11   10     1     0      0  8.4e-14  4.8e-15
   3   2.001e-05       1e-05       11   12   11     2     0      0  9.8e-14  3.6e-15
   4   4.001e-05       2e-05       12   13   12     1     0      0  9.8e-14  3.4e-15
   5   8.001e-05       4e-05       13   14   13     1     0      0    1e-13  3.8e-15
   -      0.0001           - out
   6  0.00016001       8e-05       14   15   14     1     0      0  8.9e-14  2.8e-15
-          当前进度:  10 % - 组装矩阵
Memory: 1741/1748 1993/2040
   -      0.0002           - out
   -      0.0003           - out
   7  0.00032001     0.00016       15   16   15     1     0      0  6.9e-14  2.9e-15
   -      0.0004           - out
   -      0.0005           - out
   -      0.0006           - out
   8  0.00064001     0.00032       16   17   16     1     0      0    4e-14  1.2e-15
   -      0.0007           - out
   -      0.0008           - out
   -      0.0009           - out
   -       0.001           - out
   -      0.0011           - out
   9     0.00114      0.0005       17   18   17     1     0      0  7.3e-14  3.2e-15
   -      0.0012           - out
   -      0.0013           - out
   -      0.0014           - out
   -      0.0015           - out
   -      0.0016           - out
  10     0.00164      0.0005       18   19   18     1     0      0  9.6e-14  3.1e-15
   -      0.0017           - out
   -      0.0018           - out
   -      0.0019           - out
   -       0.002           - out
   -      0.0021           - out
  11     0.00214      0.0005       19   20   19     1     0      0  5.1e-14  1.2e-15
   -      0.0022           - out
   -      0.0023           - out
   -      0.0024           - out
   -      0.0025           - out
   -      0.0026           - out
  12     0.00264      0.0005       20   21   20     2     0      0  1.1e-13  2.3e-15
   -      0.0027           - out
   -      0.0028           - out
   -      0.0029           - out
   -       0.003           - out
   -      0.0031           - out
  13     0.00314      0.0005       21   22   21     2     0      0  1.2e-13  6.4e-15
   -      0.0032           - out
   -      0.0033           - out
   -      0.0034           - out
   -      0.0035           - out
   -      0.0036           - out
  14     0.00364      0.0005       22   23   22     2     0      0  8.6e-14  2.1e-15
   -      0.0037           - out
   -      0.0038           - out
   -      0.0039           - out
   -       0.004           - out
   -      0.0041           - out
  15     0.00414      0.0005       23   24   23     2     0      0  1.2e-13  2.2e-15
   -      0.0042           - out
   -      0.0043           - out
   -      0.0044           - out
   -      0.0045           - out
---------  当前进度:  93 % - 
   -      0.0046           - out
  16     0.00464      0.0005       24   25   24     2     0      0  8.5e-14  1.8e-15
   -      0.0047           - out
   -      0.0048           - out
   -      0.0049           - out
   -       0.005           - out
  17     0.00514      0.0005       25   26   25     2     0      0  1.2e-13  1.2e-15
时间步进已完成。
---------- 当前进度: 100 % - 
Memory: 1740/1748 1991/2040
求解时间：2 s。
物理内存: 1.74 GB
虚拟内存: 2 GB
结束时间：2026年8月9日 01:34:28。
----- 研究 4/解 10 (sol10) 中的“瞬态求解器 1” ------------------------------------------->
           当前进度:   3 % - 生成方程
Memory: 1641/1748 1888/2040
<---- 研究 4/解 10 (sol10) 中的“编译方程: 瞬态” -------------------------------------------
开始于 2026年8月9日 01:34:33。
几何形函数: 线性拉格朗日单元
几何形函数: 线性拉格朗日单元
几何形函数: 线性拉格朗日单元
几何形函数: 二次拉格朗日单元
几何形函数: 二次拉格朗日单元
几何形函数: 二次拉格朗日单元
几何形函数: 二次拉格朗日单元
几何形函数: 线性拉格朗日单元
在 AMD64 Family 25 Model 80 Stepping 0, AuthenticAMD 上运行。
在以下位置使用 1 个插槽： Pokemon 上（共 8 个内核）。
可用内存：15.77 GB。
           当前进度:   4 % - 编译方程: 瞬态
Memory: 1760/1765 2006/2040
           当前进度:   5 % - 编译方程: 瞬态
Memory: 1774/1780 2019/2040
           当前进度:   5 % - 正在创建可视化网格
Memory: 1772/1780 2015/2040
时间：8。
物理内存: 1.78 GB
虚拟内存: 2.02 GB
结束时间：2026年8月9日 01:34:41。
----- 研究 4/解 10 (sol10) 中的“编译方程: 瞬态” ------------------------------------------>
<---- 研究 4/解 10 (sol10) 中的“因变量 1” ----------------------------------------------
开始于 2026年8月9日 01:34:41。
           当前进度:   5 % - 因变量 1
求解时间：0 s。
物理内存: 1.77 GB
虚拟内存: 2.02 GB
结束时间：2026年8月9日 01:34:42。
----- 研究 4/解 10 (sol10) 中的“因变量 1” --------------------------------------------->
<---- 研究 4/解 10 (sol10) 中的“瞬态求解器 1” --------------------------------------------
开始于 2026年8月9日 01:34:42。
瞬态求解器 (BDF)
求解的自由度数：2660（加上 480 个内部自由度）。
找到非对称矩阵。
缩放因变量：
压力 (comp_ssc_wetting.pWet): 0.31
体积分数 (comp_ssc_wetting.s2): 1
Step        Time    Stepsize      Res  Jac  Sol Order Tfail NLfail   LinErr   LinRes
           当前进度:   7 % - 约束处理
Memory: 1768/1780 2011/2056
   0           0           - out    8    9    8                  0  1.5e-13  8.8e-16
   1    5.01e-06       5e-06        9   10    9     1     0      0    2e-13  8.9e-15
   2   1.001e-05       5e-06       10   11   10     1     0      0  6.6e-14    5e-15
   3   2.001e-05       1e-05       11   12   11     2     0      0  9.6e-14  3.7e-15
   4   4.001e-05       2e-05       12   13   12     2     0      0  9.9e-14    9e-15
   5   8.001e-05       4e-05       13   14   13     1     0      0  9.7e-14  7.1e-15
   -      0.0001           - out
   6  0.00016001       8e-05       14   15   14     1     0      0  8.8e-14  2.7e-15
   -      0.0002           - out
   -      0.0003           - out
   7  0.00032001     0.00016       15   16   15     1     0      0  6.6e-14  5.1e-15
   -      0.0004           - out
   -      0.0005           - out
   -      0.0006           - out
   8  0.00064001     0.00032       16   17   16     1     0      0  6.5e-14  5.2e-15
   -      0.0007           - out
   -      0.0008           - out
   -      0.0009           - out
   -       0.001           - out
   -      0.0011           - out
   9     0.00114      0.0005       17   18   17     1     0      0  8.5e-14  3.1e-15
   -      0.0012           - out
   -      0.0013           - out
   -      0.0014           - out
   -      0.0015           - out
   -      0.0016           - out
  10     0.00164      0.0005       18   19   18     1     0      0    1e-13  3.9e-15
   -      0.0017           - out
   -      0.0018           - out
   -      0.0019           - out
   -       0.002           - out
   -      0.0021           - out
  11     0.00214      0.0005       19   20   19     1     0      0  4.4e-14  1.9e-15
----       当前进度:  47 % - 组装矩阵
Memory: 1771/1780 2012/2056
   -      0.0022           - out
   -      0.0023           - out
   -      0.0024           - out
   -      0.0025           - out
   -      0.0026           - out
  12     0.00264      0.0005       20   21   20     2     0      0  1.1e-13  3.4e-15
   -      0.0027           - out
   -      0.0028           - out
   -      0.0029           - out
   -       0.003           - out
   -      0.0031           - out
  13     0.00314      0.0005       21   22   21     2     0      0  2.3e-13  3.3e-15
   -      0.0032           - out
   -      0.0033           - out
   -      0.0034           - out
   -      0.0035           - out
   -      0.0036           - out
  14     0.00364      0.0005       22   23   22     2     0      0  8.5e-14  2.8e-15
   -      0.0037           - out
   -      0.0038           - out
   -      0.0039           - out
   -       0.004           - out
   -      0.0041           - out
  15     0.00414      0.0005       23   24   23     2     0      0  2.3e-13  2.5e-15
   -      0.0042           - out
   -      0.0043           - out
   -      0.0044           - out
   -      0.0045           - out
   -      0.0046           - out
  16     0.00464      0.0005       24   25   24     2     0      0  8.4e-14  2.2e-15
   -      0.0047           - out
   -      0.0048           - out
   -      0.0049           - out
   -       0.005           - out
  17     0.00514      0.0005       25   26   25     2     0      0  1.1e-13  1.5e-15
时间步进已完成。
---------- 当前进度: 100 % - 
Memory: 1769/1780 2010/2056
求解时间：2 s。
物理内存: 1.77 GB
虚拟内存: 2.02 GB
结束时间：2026年8月9日 01:34:44。
----- 研究 4/解 10 (sol10) 中的“瞬态求解器 1” ------------------------------------------->
           当前进度:   3 % - 生成方程
Memory: 1538/1780 1781/2056
<---- 研究 4/解 10 (sol10) 中的“编译方程: 瞬态” -------------------------------------------
开始于 2026年8月9日 01:34:52。
几何形函数: 线性拉格朗日单元
几何形函数: 线性拉格朗日单元
几何形函数: 线性拉格朗日单元
几何形函数: 二次拉格朗日单元
几何形函数: 二次拉格朗日单元
几何形函数: 二次拉格朗日单元
几何形函数: 二次拉格朗日单元
几何形函数: 线性拉格朗日单元
在 AMD64 Family 25 Model 80 Stepping 0, AuthenticAMD 上运行。
在以下位置使用 1 个插槽： Pokemon 上（共 8 个内核）。
可用内存：15.77 GB。
           当前进度:   4 % - 编译方程: 瞬态
Memory: 1784/1787 2033/2056
           当前进度:   5 % - 编译方程: 瞬态
Memory: 1795/1802 2041/2056
           当前进度:   5 % - 正在创建可视化网格
Memory: 1802/1804 2042/2056
时间：8。
物理内存: 1.8 GB
虚拟内存: 2.04 GB
结束时间：2026年8月9日 01:35:00。
----- 研究 4/解 10 (sol10) 中的“编译方程: 瞬态” ------------------------------------------>
<---- 研究 4/解 10 (sol10) 中的“因变量 1” ----------------------------------------------
开始于 2026年8月9日 01:35:00。
           当前进度:   5 % - 因变量 1
Memory: 1793/1804 2033/2056
求解时间：0 s。
物理内存: 1.8 GB
虚拟内存: 2.04 GB
结束时间：2026年8月9日 01:35:00。
----- 研究 4/解 10 (sol10) 中的“因变量 1” --------------------------------------------->
<---- 研究 4/解 10 (sol10) 中的“瞬态求解器 1” --------------------------------------------
开始于 2026年8月9日 01:35:00。
瞬态求解器 (BDF)
求解的自由度数：2660（加上 480 个内部自由度）。
找到非对称矩阵。
缩放因变量：
压力 (comp_ssc_wetting.pWet): 0.31
体积分数 (comp_ssc_wetting.s2): 1
Step        Time    Stepsize      Res  Jac  Sol Order Tfail NLfail   LinErr   LinRes
           当前进度:   7 % - 组装矩阵
Memory: 1793/1804 2032/2074
   0           0           - out    8    9    8                  0  2.2e-13  8.7e-16
   1    5.01e-06       5e-06        9   10    9     1     0      0  1.4e-13  9.4e-15
   2   1.001e-05       5e-06       10   11   10     1     0      0    1e-13  7.6e-15
   3   2.001e-05       1e-05       11   12   11     2     0      0  1.9e-13  5.4e-15
   4   4.001e-05       2e-05       12   13   12     2     0      0    1e-13  1.3e-14
   5   8.001e-05       4e-05       13   14   13     1     0      0  2.2e-13    1e-14
           当前进度:   8 % - 
   -      0.0001           - out
   6  0.00016001       8e-05       14   15   14     1     0      0  1.4e-13  3.9e-15
   -      0.0002           - out
   -      0.0003           - out
   7  0.00032001     0.00016       15   16   15     1     0      0  1.2e-13  7.3e-15
   -      0.0004           - out
   -      0.0005           - out
   -      0.0006           - out
   8  0.00064001     0.00032       16   17   16     1     0      0  1.2e-13    7e-15
   -      0.0007           - out
   -      0.0008           - out
   -      0.0009           - out
   -       0.001           - out
   -      0.0011           - out
   9     0.00114      0.0005       17   18   17     1     0      0  1.3e-13  3.5e-15
   -      0.0012           - out
   -      0.0013           - out
   -      0.0014           - out
   -      0.0015           - out
   -      0.0016           - out
  10     0.00164      0.0005       18   19   18     1     0      0    7e-14  3.1e-15
   -      0.0017           - out
   -      0.0018           - out
   -      0.0019           - out
   -       0.002           - out
   -      0.0021           - out
  11     0.00214      0.0005       19   20   19     1     0      0  1.7e-13  2.5e-15
   -      0.0022           - out
   -      0.0023           - out
   -      0.0024           - out
   -      0.0025           - out
   -      0.0026           - out
  12     0.00264      0.0005       20   21   20     1     0      0  8.5e-14  2.1e-15
-----      当前进度:  56 % - 矩阵分解
   -      0.0027           - out
   -      0.0028           - out
   -      0.0029           - out
   -       0.003           - out
   -      0.0031           - out
  13     0.00314      0.0005       22   23   22     1     0      0  3.9e-14  1.3e-15
   -      0.0032           - out
   -      0.0033           - out
   -      0.0034           - out
   -      0.0035           - out
   -      0.0036           - out
  14     0.00364      0.0005       23   24   23     1     0      0  1.5e-13  9.8e-15
   -      0.0037           - out
   -      0.0038           - out
   -      0.0039           - out
   -       0.004           - out
   -      0.0041           - out
  15     0.00414      0.0005       25   26   25     1     0      0  1.2e-13  3.8e-15
   -      0.0042           - out
   -      0.0043           - out
   -      0.0044           - out
   -      0.0045           - out
   -      0.0046           - out
  16     0.00464      0.0005       27   28   27     1     0      0  9.3e-14  2.1e-15
   -      0.0047           - out
   -      0.0048           - out
   -      0.0049           - out
   -       0.005           - out
  17     0.00514      0.0005       28   29   28     2     0      0  1.4e-13  5.3e-15
时间步进已完成。
---------- 当前进度: 100 % - 
Memory: 1791/1804 2030/2074
求解时间：2 s。
物理内存: 1.79 GB
虚拟内存: 2.03 GB
结束时间：2026年8月9日 01:35:02。
----- 研究 4/解 10 (sol10) 中的“瞬态求解器 1” ------------------------------------------->
           当前进度:   3 % - 生成方程
Memory: 1727/1804 1964/2074
<---- 研究 4/解 10 (sol10) 中的“编译方程: 瞬态” -------------------------------------------
开始于 2026年8月9日 01:35:09。
几何形函数: 线性拉格朗日单元
几何形函数: 线性拉格朗日单元
几何形函数: 线性拉格朗日单元
几何形函数: 二次拉格朗日单元
几何形函数: 二次拉格朗日单元
几何形函数: 二次拉格朗日单元
几何形函数: 二次拉格朗日单元
几何形函数: 线性拉格朗日单元
在 AMD64 Family 25 Model 80 Stepping 0, AuthenticAMD 上运行。
在以下位置使用 1 个插槽： Pokemon 上（共 8 个内核）。
可用内存：15.77 GB。
           当前进度:   4 % - 编译方程: 瞬态
Memory: 1737/1804 2066/2074
           当前进度:   5 % - 编译方程: 瞬态
Memory: 1743/1804 2071/2078
           当前进度:   5 % - 正在创建可视化网格
Memory: 1776/1804 2087/2087
时间：8。
物理内存: 1.78 GB
虚拟内存: 2.09 GB
结束时间：2026年8月9日 01:35:17。
----- 研究 4/解 10 (sol10) 中的“编译方程: 瞬态” ------------------------------------------>
<---- 研究 4/解 10 (sol10) 中的“因变量 1” ----------------------------------------------
开始于 2026年8月9日 01:35:17。
           当前进度:   5 % - 因变量 1
Memory: 1775/1804 2081/2087
求解时间：0 s。
物理内存: 1.78 GB
虚拟内存: 2.09 GB
结束时间：2026年8月9日 01:35:17。
----- 研究 4/解 10 (sol10) 中的“因变量 1” --------------------------------------------->
<---- 研究 4/解 10 (sol10) 中的“瞬态求解器 1” --------------------------------------------
开始于 2026年8月9日 01:35:17。
瞬态求解器 (BDF)
求解的自由度数：2660（加上 480 个内部自由度）。
找到非对称矩阵。
缩放因变量：
压力 (comp_ssc_wetting.pWet): 0.31
体积分数 (comp_ssc_wetting.s2): 1
Step        Time    Stepsize      Res  Jac  Sol Order Tfail NLfail   LinErr   LinRes
           当前进度:   7 % - 组装矩阵
Memory: 1780/1804 2077/2121
   0           0           - out    8    9    8                  0  1.7e-13  7.7e-16
   1    5.01e-06       5e-06        9   10    9     1     0      0  1.6e-13  2.3e-15
   2   1.001e-05       5e-06       10   11   10     1     0      0  1.2e-13  5.8e-15
   3   2.001e-05       1e-05       11   12   11     2     0      0  9.6e-14    5e-15
           当前进度:   7 % - 矩阵分解
Memory: 1781/1804 2077/2121
   4   4.001e-05       2e-05       13   14   13     2     0      0  1.6e-13  1.4e-14
   5   8.001e-05       4e-05       14   15   14     1     0      0  1.3e-13  2.2e-15
   -      0.0001           - out
   6  0.00016001       8e-05       15   16   15     1     0      0  1.8e-13  4.1e-15
   -      0.0002           - out
   -      0.0003           - out
   7  0.00032001     0.00016       16   17   16     1     0      0  1.6e-13  1.6e-15
   -      0.0004           - out
   -      0.0005           - out
   -      0.0006           - out
   8  0.00064001     0.00032       17   18   17     1     0      0  1.3e-13  4.1e-15
-          当前进度:  19 % - 
   -      0.0007           - out
   -      0.0008           - out
   -      0.0009           - out
   -       0.001           - out
   -      0.0011           - out
   9     0.00114      0.0005       18   19   18     1     0      0  1.9e-13  1.6e-15
   -      0.0012           - out
   -      0.0013           - out
   -      0.0014           - out
   -      0.0015           - out
   -      0.0016           - out
  10     0.00164      0.0005       20   21   20     1     0      0  4.8e-14  2.1e-15
   -      0.0017           - out
   -      0.0018           - out
   -      0.0019           - out
   -       0.002           - out
   -      0.0021           - out
  11     0.00214      0.0005       22   23   22     1     0      0  1.1e-13  3.4e-15
   -      0.0022           - out
   -      0.0023           - out
   -      0.0024           - out
   -      0.0025           - out
   -      0.0026           - out
  12     0.00264      0.0005       24   25   24     1     0      0  4.2e-14  1.6e-15
-----      当前进度:  56 % - 
Memory: 1782/1804 2077/2121
   -      0.0027           - out
   -      0.0028           - out
   -      0.0029           - out
   -       0.003           - out
   -      0.0031           - out
  13     0.00314      0.0005       26   27   26     2     0      0  8.7e-14  1.3e-15
   -      0.0032           - out
   -      0.0033           - out
   -      0.0034           - out
   -      0.0035           - out
   -      0.0036           - out
  14     0.00364      0.0005       28   29   28     2     0      0  1.3e-13  2.2e-15
   -      0.0037           - out
   -      0.0038           - out
   -      0.0039           - out
   -       0.004           - out
   -      0.0041           - out
  15     0.00414      0.0005       39   40   39     1     0      0  5.4e-14  1.7e-15
   -      0.0042           - out
   -      0.0043           - out
   -      0.0044           - out
   -      0.0045           - out
   -      0.0046           - out
---------  当前进度:  93 % - 正在组装残差
  16     0.00464      0.0005       41   42   41     1     0      0  1.7e-13  2.9e-15
   -      0.0047           - out
   -      0.0048           - out
   -      0.0049           - out
   -       0.005           - out
  17     0.00514      0.0005       43   44   43     1     0      0  1.5e-14  2.3e-15
时间步进已完成。
---------- 当前进度: 100 % - 
Memory: 1778/1804 2072/2121
求解时间：2 s。
物理内存: 1.78 GB
虚拟内存: 2.08 GB
结束时间：2026年8月9日 01:35:19。
----- 研究 4/解 10 (sol10) 中的“瞬态求解器 1” ------------------------------------------->
           当前进度:   3 % - 生成方程
Memory: 1740/1804 2015/2121
<---- 研究 4/解 10 (sol10) 中的“编译方程: 瞬态” -------------------------------------------
开始于 2026年8月9日 01:35:26。
几何形函数: 线性拉格朗日单元
几何形函数: 线性拉格朗日单元
几何形函数: 线性拉格朗日单元
几何形函数: 二次拉格朗日单元
几何形函数: 二次拉格朗日单元
几何形函数: 二次拉格朗日单元
几何形函数: 二次拉格朗日单元
几何形函数: 线性拉格朗日单元
在 AMD64 Family 25 Model 80 Stepping 0, AuthenticAMD 上运行。
在以下位置使用 1 个插槽： Pokemon 上（共 8 个内核）。
可用内存：15.77 GB。
           当前进度:   4 % - 编译方程: 瞬态
Memory: 1745/1804 2009/2121
           当前进度:   5 % - 编译方程: 瞬态
Memory: 1754/1804 2016/2121
           当前进度:   5 % - 正在创建可视化网格
Memory: 1758/1804 2017/2121
时间：8。
物理内存: 1.78 GB
虚拟内存: 2.04 GB
结束时间：2026年8月9日 01:35:34。
----- 研究 4/解 10 (sol10) 中的“编译方程: 瞬态” ------------------------------------------>
<---- 研究 4/解 10 (sol10) 中的“因变量 1” ----------------------------------------------
开始于 2026年8月9日 01:35:34。
           当前进度:   5 % - 因变量 1
Memory: 1772/1804 2033/2121
求解时间：0 s。
物理内存: 1.78 GB
虚拟内存: 2.04 GB
结束时间：2026年8月9日 01:35:34。
----- 研究 4/解 10 (sol10) 中的“因变量 1” --------------------------------------------->
<---- 研究 4/解 10 (sol10) 中的“瞬态求解器 1” --------------------------------------------
开始于 2026年8月9日 01:35:34。
瞬态求解器 (BDF)
求解的自由度数：2660（加上 480 个内部自由度）。
找到非对称矩阵。
缩放因变量：
压力 (comp_ssc_wetting.pWet): 0.31
体积分数 (comp_ssc_wetting.s2): 1
Step        Time    Stepsize      Res  Jac  Sol Order Tfail NLfail   LinErr   LinRes
           当前进度:   7 % - 组装矩阵
Memory: 1781/1804 2039/2121
   0           0           - out    8    9    8                  0  1.3e-13  8.6e-16
   1    5.01e-06       5e-06        9   10    9     1     0      0  1.9e-13  8.3e-15
   2   1.001e-05       5e-06       10   11   10     1     0      0  8.4e-14    5e-15
   3   2.001e-05       1e-05       11   12   11     2     0      0  7.2e-14  3.5e-15
   4   4.001e-05       2e-05       12   13   12     2     0      0  1.1e-13  8.6e-15
   5   8.001e-05       4e-05       13   14   13     1     0      0  7.2e-14  7.4e-15
   -      0.0001           - out
   6  0.00016001       8e-05       14   15   14     1     0      0  6.7e-14  2.8e-15
   -      0.0002           - out
   -      0.0003           - out
   7  0.00032001     0.00016       15   16   15     1     0      0    6e-14    5e-15
   -      0.0004           - out
   -      0.0005           - out
   -      0.0006           - out
   8  0.00064001     0.00032       16   17   16     1     0      0  1.4e-13  5.4e-15
   -      0.0007           - out
   -      0.0008           - out
   -      0.0009           - out
   -       0.001           - out
   -      0.0011           - out
   9     0.00114      0.0005       17   18   17     1     0      0  6.8e-14  3.3e-15
--         当前进度:  28 % - 
   -      0.0012           - out
   -      0.0013           - out
   -      0.0014           - out
   -      0.0015           - out
   -      0.0016           - out
  10     0.00164      0.0005       18   19   18     1     0      0  6.6e-14  4.1e-15
   -      0.0017           - out
   -      0.0018           - out
   -      0.0019           - out
   -       0.002           - out
   -      0.0021           - out
  11     0.00214      0.0005       19   20   19     1     0      0  5.3e-14  1.5e-15
   -      0.0022           - out
   -      0.0023           - out
   -      0.0024           - out
   -      0.0025           - out
   -      0.0026           - out
  12     0.00264      0.0005       20   21   20     2     0      0  8.5e-14  3.2e-15
   -      0.0027           - out
   -      0.0028           - out
   -      0.0029           - out
   -       0.003           - out
   -      0.0031           - out
  13     0.00314      0.0005       21   22   21     2     0      0  1.9e-13  3.4e-15
   -      0.0032           - out
   -      0.0033           - out
   -      0.0034           - out
   -      0.0035           - out
   -      0.0036           - out
  14     0.00364      0.0005       22   23   22     2     0      0  8.3e-14  2.9e-15
   -      0.0037           - out
   -      0.0038           - out
   -      0.0039           - out
   -       0.004           - out
   -      0.0041           - out
  15     0.00414      0.0005       23   24   23     2     0      0    2e-13  2.4e-15
   -      0.0042           - out
   -      0.0043           - out
   -      0.0044           - out
   -      0.0045           - out
   -      0.0046           - out
  16     0.00464      0.0005       24   25   24     2     0      0  8.4e-14  2.1e-15
   -      0.0047           - out
   -      0.0048           - out
   -      0.0049           - out
   -       0.005           - out
  17     0.00514      0.0005       25   26   25     2     0      0  1.1e-13  1.7e-15
时间步进已完成。
---------- 当前进度: 100 % - 
Memory: 1776/1804 2033/2121
求解时间：2 s。
物理内存: 1.78 GB
虚拟内存: 2.04 GB
结束时间：2026年8月9日 01:35:36。
----- 研究 4/解 10 (sol10) 中的“瞬态求解器 1” ------------------------------------------->
---------- 当前进度: 100 % - 正在更新选择
Memory: 1843/2164 2063/2409
           当前进度:   0 % - 矩形
Memory: 1846/2164 2066/2409
           当前进度:   8 % - 矩形 2
Memory: 1847/2164 2066/2409
-          当前进度:  17 % - 形成联合体
--------   当前进度:  87 % - 解析域和空区域
Memory: 1848/2164 2066/2409
---------- 当前进度: 100 % - 正在更新选择
---------- 当前进度: 100 % - 正在创建可视化网格
Memory: 1846/2164 2064/2409

/***************/
/*****错误********/
/***************/
运行 Java 类时出错。
未知参数 D_cN2d_mat。
 - 特征: 稀物质传递 2 (tds)
未知参数 D_cN2d_mat。
 - 类: LiNRR_M10A2_SSC_Pipe_Wetting
总时间: 183 s.
