*******************************************
***COMSOL 6.4.0.293 progress output file***
*******************************************
Sun Aug 09 01:42:05 CST 2026
COMSOL Multiphysics 6.4 (开发版本: 293) 在批处理模式下启动
正在运行: F:\LiNRR_COMSOL\worktrees\LiNRR_M10A2\src\java\LiNRR_M10A2_SSC_Pipe_Wetting.class
---------- 当前进度: 100 % - 正在分析几何
Memory: 983/1001 1030/1051
           当前进度:   1 % - 正在初始化
Memory: 1174/1178 1200/1228
           当前进度:   6 % - 正在计算
Memory: 1225/1225 1267/1268
-          当前进度:  10 % - 正在绘制
Memory: 1226/1226 1267/1268
---        当前进度:  31 % - 正在计算
Memory: 1241/1241 1275/1275
----       当前进度:  47 % - 正在计算
Memory: 1242/1242 1275/1275
-----      当前进度:  50 % - 正在计算
Memory: 1243/1243 1279/1279
-----      当前进度:  55 % - 正在绘制
--------   当前进度:  84 % - 正在计算
Memory: 1246/1246 1279/1279
--------   当前进度:  89 % - 正在计算
Memory: 1248/1248 1279/1279
---------  当前进度:  90 % - 正在计算
---------  当前进度:  92 % - 正在计算
---------  当前进度:  94 % - 正在计算
---------  当前进度:  96 % - 正在计算
---------  当前进度:  97 % - 正在计算
---------  当前进度:  98 % - 正在计算
---------  当前进度:  99 % - 正在计算
           当前进度:   0 % - 正在绘制
           当前进度:   6 % - 正在计算
-          当前进度:  10 % - 正在绘制
---        当前进度:  31 % - 正在计算
Memory: 1250/1250 1279/1279
----       当前进度:  47 % - 正在计算
-----      当前进度:  50 % - 正在计算
-----      当前进度:  55 % - 正在绘制
--------   当前进度:  84 % - 正在计算
--------   当前进度:  89 % - 正在计算
Memory: 1251/1251 1283/1283
---------  当前进度:  90 % - 正在计算
---------  当前进度:  92 % - 正在计算
---------  当前进度:  94 % - 正在计算
---------  当前进度:  96 % - 正在计算
---------  当前进度:  97 % - 正在计算
---------  当前进度:  98 % - 正在计算
---------  当前进度:  99 % - 正在计算
           当前进度:   0 % - 正在绘制
           当前进度:   6 % - 正在计算
-          当前进度:  10 % - 正在绘制
-          当前进度:  19 % - 正在计算
Memory: 1258/1258 1288/1288
--         当前进度:  24 % - 正在计算
Memory: 1264/1264 1304/1304
---        当前进度:  35 % - 正在计算
Memory: 1268/1268 1304/1304
---        当前进度:  37 % - 正在计算
---        当前进度:  38 % - 正在计算
---------  当前进度:  93 % - 正在计算
Memory: 1269/1269 1304/1304
---------  当前进度:  98 % - 正在计算
           当前进度:   0 % - 正在绘制
           当前进度:   6 % - 正在计算
-          当前进度:  10 % - 正在绘制
-          当前进度:  19 % - 正在计算
Memory: 1275/1275 1320/1320
--------   当前进度:  83 % - 正在计算
---------  当前进度:  90 % - 正在计算
           当前进度:   1 % - 正在初始化
Memory: 1283/1283 1324/1324
           当前进度:   6 % - 正在计算
Memory: 1323/1323 1351/1352
-          当前进度:  10 % - 正在绘制
Memory: 1324/1324 1355/1355
-          当前进度:  14 % - 正在计算
Memory: 1344/1352 1372/1412
---        当前进度:  36 % - 正在计算
Memory: 1347/1352 1374/1412
----       当前进度:  47 % - 正在计算
-----      当前进度:  50 % - 正在计算
-----      当前进度:  55 % - 正在绘制
--------   当前进度:  87 % - 正在计算
Memory: 1347/1352 1406/1412
--------   当前进度:  89 % - 正在计算
Memory: 1348/1352 1406/1412
---------  当前进度:  90 % - 正在计算
---------  当前进度:  92 % - 正在计算
---------  当前进度:  94 % - 正在计算
---------  当前进度:  96 % - 正在计算
---------  当前进度:  97 % - 正在计算
---------  当前进度:  98 % - 正在计算
---------  当前进度:  99 % - 正在计算
           当前进度:   0 % - 正在绘制
           当前进度:   6 % - 正在计算
-          当前进度:  10 % - 正在绘制
---        当前进度:  36 % - 正在计算
----       当前进度:  47 % - 正在计算
-----      当前进度:  50 % - 正在计算
-----      当前进度:  55 % - 正在绘制
--------   当前进度:  87 % - 正在计算
--------   当前进度:  89 % - 正在计算
---------  当前进度:  90 % - 正在计算
---------  当前进度:  92 % - 正在计算
---------  当前进度:  94 % - 正在计算
---------  当前进度:  96 % - 正在计算
---------  当前进度:  97 % - 正在计算
---------  当前进度:  98 % - 正在计算
---------  当前进度:  99 % - 正在计算
           当前进度:   0 % - 正在绘制
           当前进度:   6 % - 正在计算
-          当前进度:  10 % - 正在绘制
--         当前进度:  22 % - 正在计算
Memory: 1376/1376 1436/1436
--         当前进度:  24 % - 正在计算
Memory: 1395/1395 1460/1460
---        当前进度:  35 % - 正在计算
Memory: 1408/1409 1479/1480
---        当前进度:  37 % - 正在计算
---        当前进度:  38 % - 正在计算
---------  当前进度:  94 % - 正在计算
Memory: 1401/1410 1469/1480
---------  当前进度:  98 % - 正在计算
           当前进度:   0 % - 正在绘制
           当前进度:   6 % - 正在计算
-          当前进度:  10 % - 正在绘制
-----      当前进度:  51 % - 正在计算
Memory: 1405/1410 1469/1480
--------   当前进度:  83 % - 正在计算
---------  当前进度:  90 % - 正在计算
           当前进度:   1 % - 正在初始化
Memory: 1414/1414 1474/1480
           当前进度:   6 % - 正在计算
Memory: 1498/1501 1542/1545
-          当前进度:  10 % - 正在绘制
-----      当前进度:  51 % - 正在计算
--------   当前进度:  83 % - 正在计算
---------  当前进度:  90 % - 正在计算
           当前进度:   0 % - 正在绘制
           当前进度:   6 % - 正在计算
-          当前进度:  10 % - 正在绘制
-----      当前进度:  51 % - 正在计算
--------   当前进度:  83 % - 正在计算
---------  当前进度:  90 % - 正在计算
-          当前进度:  10 % - 正在初始化
Memory: 1520/1520 1560/1560
           当前进度:   1 % - 正在初始化
Memory: 1697/1756 1754/1821
           当前进度:   6 % - 正在计算
Memory: 1917/1955 1993/2036
-          当前进度:  10 % - 正在绘制
-          当前进度:  19 % - 正在计算
Memory: 1915/1955 1991/2036
--------   当前进度:  83 % - 正在计算
--------   当前进度:  86 % - 正在计算
           当前进度:   1 % - 正在初始化
Memory: 1912/1955 1985/2036
           当前进度:   6 % - 正在计算
Memory: 2012/2013 2078/2079
-          当前进度:  10 % - 正在绘制
-          当前进度:  19 % - 正在计算
--------   当前进度:  83 % - 正在计算
--------   当前进度:  86 % - 正在计算
           当前进度:   0 % - 正在绘制
           当前进度:   6 % - 正在计算
-          当前进度:  10 % - 正在绘制
-          当前进度:  19 % - 正在计算
--------   当前进度:  83 % - 正在计算
--------   当前进度:  86 % - 正在计算
           当前进度:   0 % - 正在绘制
           当前进度:   6 % - 正在计算
-          当前进度:  10 % - 正在绘制
-          当前进度:  19 % - 正在计算
--------   当前进度:  83 % - 正在计算
--------   当前进度:  86 % - 正在计算
           当前进度:   0 % - 正在绘制
           当前进度:   6 % - 正在计算
-          当前进度:  10 % - 正在绘制
-          当前进度:  16 % - 正在计算
-----      当前进度:  55 % - 正在计算
------     当前进度:  60 % - 正在计算
---------  当前进度:  97 % - 正在计算
           当前进度:   1 % - 正在初始化
Memory: 2013/2013 2078/2079
           当前进度:   6 % - 正在计算
Memory: 2193/2215 2273/2297
-          当前进度:  10 % - 正在绘制
-          当前进度:  19 % - 正在计算
--------   当前进度:  83 % - 正在计算
--------   当前进度:  86 % - 正在计算
           当前进度:   0 % - 正在绘制
           当前进度:   6 % - 正在计算
-          当前进度:  10 % - 正在绘制
-          当前进度:  19 % - 正在计算
--------   当前进度:  83 % - 正在计算
--------   当前进度:  86 % - 正在计算
类运行时: 62 s.
总时间: 62 s.
