*******************************************
***COMSOL 6.4.0.293 progress output file***
*******************************************
Sun Aug 09 01:46:54 CST 2026
COMSOL Multiphysics 6.4 (开发版本: 293) 在批处理模式下启动
正在运行: F:\LiNRR_COMSOL\worktrees\LiNRR_M10A2\src\java\LiNRR_M10A2_SSC_Pipe_Wetting.class
---------- 当前进度: 100 % - 正在分析几何
Memory: 752/753 788/791
---------- 当前进度: 100 % - 正在更新选择
Memory: 752/767 786/803
           当前进度:   0 % - Cathode 316L 500-mesh SSC | homogenized physical domain
Memory: 739/767 773/803
           当前进度:   7 % - Anode PtAu/316L 500-mesh SSC | homogenized physical domain
Memory: 748/767 780/803
-          当前进度:  14 % - 工作平面
Memory: 747/767 780/803
-          当前进度:  14 % - 正方形
-          当前进度:  15 % - 正方形 2
Memory: 748/767 780/803
-          当前进度:  17 % - 差集
--         当前进度:  28 % - 解析域和空区域
Memory: 749/767 780/803
---        当前进度:  31 % - 形成联合体
---        当前进度:  31 % - 执行布尔操作
Memory: 753/767 781/803
---------- 当前进度: 100 % - 正在更新选择
---------- 当前进度: 100 % - 正在创建可视化网格
Memory: 759/767 786/803
           当前进度:   2 % - 生成方程
Memory: 723/767 760/803
           当前进度:   3 % - 生成方程
Memory: 790/880 830/916
<---- Liquid Stationary Flow | NUMERICAL_TEST_ONLY/解 3 (sol3) 中的“编译方程: 稳态” -----
开始于 2026年8月9日 01:47:32。
几何形函数: 线性拉格朗日单元
几何形函数: 线性拉格朗日单元
在 AMD64 Family 25 Model 80 Stepping 0, AuthenticAMD 上运行。
在以下位置使用 1 个插槽： Pokemon 上（共 8 个内核）。
可用内存：15.77 GB。
           当前进度:   4 % - 编译方程: 稳态
Memory: 1036/1036 1183/1183
           当前进度:   7 % - 编译方程: 稳态
Memory: 1044/1048 1175/1183
           当前进度:   3 % - 正在创建可视化网格
Memory: 1179/1181 1204/1208
           当前进度:   7 % - 正在创建可视化网格
Memory: 1179/1181 1202/1208
时间：6。
物理内存: 1.18 GB
虚拟内存: 1.21 GB
结束时间：2026年8月9日 01:47:37。
----- Liquid Stationary Flow | NUMERICAL_TEST_ONLY/解 3 (sol3) 中的“编译方程: 稳态” ---->
<---- Liquid Stationary Flow | NUMERICAL_TEST_ONLY/解 3 (sol3) 中的“因变量 1” --------
开始于 2026年8月9日 01:47:37。
           当前进度:   7 % - 因变量 1
Memory: 1166/1181 1234/1234
求解时间：0 s。
物理内存: 1.17 GB
虚拟内存: 1.23 GB
结束时间：2026年8月9日 01:47:37。
----- Liquid Stationary Flow | NUMERICAL_TEST_ONLY/解 3 (sol3) 中的“因变量 1” ------->
<---- Liquid Stationary Flow | NUMERICAL_TEST_ONLY/解 3 (sol3) 中的“稳态求解器 1” ------
开始于 2026年8月9日 01:47:37。
-          当前进度:  12 % - 稳态求解器 1
Memory: 1186/1186 1249/1249
非线性求解器
求解的自由度数：15665（加上 1 个内部自由度）。
-          当前进度:  12 % - 组装稀疏模式
Memory: 1239/1239 1274/1274
找到非对称矩阵。
缩放因变量：
压力 (comp_electrolyte_flow.p): 0.031
速度场 (comp_electrolyte_flow.u): 1
常微分方程助变量 (comp_electrolyte_flow.spf.inlet_liq.Pinl): 0.46
已使用正交零空间函数。
-          当前进度:  12 % - 矩阵分解
Memory: 1271/1272 1304/1305
Iter      SolEst      ResEst     Damping    Stepsize #Res #Jac #Sol   LinErr   LinRes
   1          11     4.5e+03   0.0100000          11    2    1    2  3.6e-11  1.7e-10
--         当前进度:  20 % - 组装矩阵
Memory: 1331/1331 1397/1397
   2         6.4     7.1e+05   0.1000000         7.1    3    2    4  2.8e-11  4.7e-11
--         当前进度:  29 % - 组装稀疏模式
Memory: 1348/1353 1408/1418
   3       0.045     4.8e+07   1.0000000        0.73    4    3    6  6.3e-12  1.3e-13
--------   当前进度:  88 % - 组装矩阵
Memory: 1355/1366 1413/1425
   4      0.0014     5.8e+06   1.0000000       0.035    5    4    8  1.5e-11  1.1e-13
---------  当前进度:  99 % - 组装矩阵
Memory: 1362/1366 1405/1425
   5      0.0019       5e+04   1.0000000       0.015    7    5   10  4.5e-12  5.7e-14
   6     0.00013     2.7e+03   1.0000000      0.0019    9    6   12  9.5e-12  2.9e-14
---------- 当前进度: 100 % - 
Memory: 1335/1366 1371/1425
求解时间：3 s。
物理内存: 1.37 GB
虚拟内存: 1.42 GB
结束时间：2026年8月9日 01:47:41。
----- Liquid Stationary Flow | NUMERICAL_TEST_ONLY/解 3 (sol3) 中的“稳态求解器 1” ----->
           当前进度:   2 % - 生成方程
Memory: 1345/1366 1381/1425
           当前进度:   3 % - 生成方程
Memory: 1342/1366 1377/1425
<---- Liquid Stationary Flow | NUMERICAL_TEST_ONLY/解 3 (sol3) 中的“编译方程: 稳态” -----
开始于 2026年8月9日 01:47:44。
几何形函数: 线性拉格朗日单元
几何形函数: 线性拉格朗日单元
在 AMD64 Family 25 Model 80 Stepping 0, AuthenticAMD 上运行。
在以下位置使用 1 个插槽： Pokemon 上（共 8 个内核）。
可用内存：15.77 GB。
           当前进度:   7 % - 编译方程: 稳态
Memory: 1394/1396 1432/1435
           当前进度:   7 % - 正在创建可视化网格
Memory: 1401/1406 1439/1445
时间：4。
物理内存: 1.41 GB
虚拟内存: 1.45 GB
结束时间：2026年8月9日 01:47:48。
----- Liquid Stationary Flow | NUMERICAL_TEST_ONLY/解 3 (sol3) 中的“编译方程: 稳态” ---->
<---- Liquid Stationary Flow | NUMERICAL_TEST_ONLY/解 3 (sol3) 中的“因变量 1” --------
开始于 2026年8月9日 01:47:48。
           当前进度:   7 % - 因变量 1
Memory: 1381/1406 1421/1445
求解时间：0 s。
物理内存: 1.4 GB
虚拟内存: 1.44 GB
结束时间：2026年8月9日 01:47:49。
----- Liquid Stationary Flow | NUMERICAL_TEST_ONLY/解 3 (sol3) 中的“因变量 1” ------->
<---- Liquid Stationary Flow | NUMERICAL_TEST_ONLY/解 3 (sol3) 中的“稳态求解器 1” ------
开始于 2026年8月9日 01:47:49。
非线性求解器
求解的自由度数：15665（加上 1 个内部自由度）。
-          当前进度:  12 % - 组装矩阵
Memory: 1384/1406 1411/1459
找到非对称矩阵。
缩放因变量：
压力 (comp_electrolyte_flow.p): 0.031
速度场 (comp_electrolyte_flow.u): 1
常微分方程助变量 (comp_electrolyte_flow.spf.inlet_liq.Pinl): 0.46
已使用正交零空间函数。
Iter      SolEst      ResEst     Damping    Stepsize #Res #Jac #Sol   LinErr   LinRes
   1          20       9e+03   0.0100000          21    2    1    2  4.3e-11  1.9e-10
--         当前进度:  20 % - 组装稀疏模式
Memory: 1420/1422 1451/1459
--         当前进度:  20 % - 矩阵分解
Memory: 1447/1475 1469/1506
   2         6.5     7.1e+05   0.1000000         7.2    3    2    4  2.2e-11  2.8e-11
--         当前进度:  29 % - 组装矩阵
Memory: 1478/1498 1509/1530
   3        0.12     3.7e+07   1.0000000        0.73    4    3    6  4.7e-13  2.5e-13
--------   当前进度:  84 % - 组装矩阵
Memory: 1474/1498 1518/1530
   4      0.0016     1.2e+07   1.0000000       0.075    5    4    8  3.1e-13  3.5e-14
---------  当前进度:  98 % - 组装矩阵
Memory: 1481/1498 1514/1530
   5       0.001     1.3e+06   1.0000000      0.0013    6    5   10  2.2e-12  6.4e-14
---------- 当前进度: 100 % - 组装矩阵
   6      0.0015     3.5e+04   1.0000000        0.01    8    6   12  1.1e-11  3.4e-14
---------- 当前进度: 100 % - 正在组装残差
Memory: 1482/1498 1534/1538
   7      0.0002     3.1e+03   1.0000000      0.0015   10    7   14  4.6e-11  7.3e-14
---------- 当前进度: 100 % - 
Memory: 1453/1498 1493/1538
求解时间：3 s。
物理内存: 1.5 GB
虚拟内存: 1.54 GB
结束时间：2026年8月9日 01:47:51。
----- Liquid Stationary Flow | NUMERICAL_TEST_ONLY/解 3 (sol3) 中的“稳态求解器 1” ----->
           当前进度:   2 % - 生成方程
Memory: 1403/1498 1448/1538
           当前进度:   3 % - 生成方程
Memory: 1444/1498 1486/1538
<---- Liquid Stationary Flow | NUMERICAL_TEST_ONLY/解 3 (sol3) 中的“编译方程: 稳态” -----
开始于 2026年8月9日 01:47:55。
几何形函数: 线性拉格朗日单元
几何形函数: 线性拉格朗日单元
在 AMD64 Family 25 Model 80 Stepping 0, AuthenticAMD 上运行。
在以下位置使用 1 个插槽： Pokemon 上（共 8 个内核）。
可用内存：15.77 GB。
           当前进度:   7 % - 编译方程: 稳态
Memory: 1406/1498 1444/1538
           当前进度:   7 % - 正在创建可视化网格
Memory: 1415/1498 1454/1538
时间：4。
物理内存: 1.45 GB
虚拟内存: 1.49 GB
结束时间：2026年8月9日 01:47:59。
----- Liquid Stationary Flow | NUMERICAL_TEST_ONLY/解 3 (sol3) 中的“编译方程: 稳态” ---->
<---- Liquid Stationary Flow | NUMERICAL_TEST_ONLY/解 3 (sol3) 中的“因变量 1” --------
开始于 2026年8月9日 01:47:59。
           当前进度:   7 % - 因变量 1
Memory: 1409/1498 1447/1538
求解时间：0 s。
物理内存: 1.42 GB
虚拟内存: 1.46 GB
结束时间：2026年8月9日 01:47:59。
----- Liquid Stationary Flow | NUMERICAL_TEST_ONLY/解 3 (sol3) 中的“因变量 1” ------->
<---- Liquid Stationary Flow | NUMERICAL_TEST_ONLY/解 3 (sol3) 中的“稳态求解器 1” ------
开始于 2026年8月9日 01:47:59。
非线性求解器
求解的自由度数：15665（加上 1 个内部自由度）。
-          当前进度:  12 % - 组装矩阵
Memory: 1394/1498 1432/1538
找到非对称矩阵。
缩放因变量：
压力 (comp_electrolyte_flow.p): 0.031
速度场 (comp_electrolyte_flow.u): 1
常微分方程助变量 (comp_electrolyte_flow.spf.inlet_liq.Pinl): 0.46
已使用正交零空间函数。
Iter      SolEst      ResEst     Damping    Stepsize #Res #Jac #Sol   LinErr   LinRes
   1          36     1.8e+04   0.0100000          36    2    1    2  1.3e-11  1.8e-10
--         当前进度:  20 % - 组装稀疏模式
Memory: 1432/1498 1477/1538
--         当前进度:  20 % - 约束处理
Memory: 1468/1498 1515/1538
   2         6.6     6.8e+05   0.1000000         7.3    3    2    4  6.1e-12  2.2e-11
--         当前进度:  29 % - 组装矩阵
Memory: 1481/1498 1524/1538
   3        0.25     2.5e+07   1.0000000        0.73    4    3    6  1.1e-12  4.2e-13
--------   当前进度:  80 % - 组装矩阵
Memory: 1484/1498 1524/1538
   4      0.0041     1.6e+07   1.0000000        0.14    5    4    8  4.8e-12  3.4e-14
---------  当前进度:  95 % - 求解线性方程组
   5      0.0041     3.7e+06   1.0000000      0.0041    6    5   10  9.6e-12  1.3e-13
---------  当前进度:  95 % - 正在组装残差
Memory: 1481/1498 1521/1538
   6       0.016     1.7e+05   1.0000000        0.05    8    6   12  6.3e-12  8.8e-14
   7      0.0037     1.3e+05   1.0000000       0.013    9    7   14  2.3e-11  9.3e-14
---------  当前进度:  95 % - 组装矩阵
Memory: 1484/1498 1517/1538
   8       0.001     2.9e+04   1.0000000      0.0038   10    8   16  4.2e-11  1.6e-13
---------- 当前进度: 100 % - 组装矩阵
   9     0.00031     2.9e+03   1.0000000       0.001   12    9   18  2.9e-12  2.8e-14
---------- 当前进度: 100 % - 
Memory: 1457/1498 1478/1538
求解时间：3 s。
物理内存: 1.48 GB
虚拟内存: 1.52 GB
结束时间：2026年8月9日 01:48:02。
----- Liquid Stationary Flow | NUMERICAL_TEST_ONLY/解 3 (sol3) 中的“稳态求解器 1” ----->
           当前进度:   2 % - 生成方程
Memory: 1446/1498 1466/1538
           当前进度:   3 % - 生成方程
Memory: 1448/1498 1468/1538
<---- Liquid Stationary Flow | NUMERICAL_TEST_ONLY/解 3 (sol3) 中的“编译方程: 稳态” -----
开始于 2026年8月9日 01:48:06。
几何形函数: 线性拉格朗日单元
几何形函数: 线性拉格朗日单元
在 AMD64 Family 25 Model 80 Stepping 0, AuthenticAMD 上运行。
在以下位置使用 1 个插槽： Pokemon 上（共 8 个内核）。
可用内存：15.77 GB。
           当前进度:   4 % - 编译方程: 稳态
Memory: 1457/1498 1475/1538
           当前进度:   7 % - 编译方程: 稳态
           当前进度:   7 % - 正在创建可视化网格
Memory: 1458/1498 1476/1538
时间：3。
物理内存: 1.46 GB
虚拟内存: 1.48 GB
结束时间：2026年8月9日 01:48:09。
----- Liquid Stationary Flow | NUMERICAL_TEST_ONLY/解 3 (sol3) 中的“编译方程: 稳态” ---->
<---- Liquid Stationary Flow | NUMERICAL_TEST_ONLY/解 3 (sol3) 中的“因变量 1” --------
开始于 2026年8月9日 01:48:09。
           当前进度:   7 % - 因变量 1
Memory: 1435/1498 1453/1538
求解时间：0 s。
物理内存: 1.43 GB
虚拟内存: 1.45 GB
结束时间：2026年8月9日 01:48:09。
----- Liquid Stationary Flow | NUMERICAL_TEST_ONLY/解 3 (sol3) 中的“因变量 1” ------->
<---- Liquid Stationary Flow | NUMERICAL_TEST_ONLY/解 3 (sol3) 中的“稳态求解器 1” ------
开始于 2026年8月9日 01:48:09。
非线性求解器
求解的自由度数：15665（加上 1 个内部自由度）。
-          当前进度:  12 % - 组装矩阵
Memory: 1409/1498 1426/1538
找到非对称矩阵。
缩放因变量：
压力 (comp_electrolyte_flow.p): 0.031
速度场 (comp_electrolyte_flow.u): 1
常微分方程助变量 (comp_electrolyte_flow.spf.inlet_liq.Pinl): 0.46
已使用正交零空间函数。
Iter      SolEst      ResEst     Damping    Stepsize #Res #Jac #Sol   LinErr   LinRes
   1          66     4.5e+04   0.0100000          66    2    1    2  4.5e-11  1.5e-10
--         当前进度:  20 % - 
Memory: 1442/1498 1468/1538
--         当前进度:  20 % - 矩阵分解
Memory: 1455/1498 1474/1538
   2         6.7       6e+05   0.1000000         7.4    3    2    4    3e-11  1.6e-11
--         当前进度:  29 % - 组装矩阵
Memory: 1477/1498 1504/1538
   3        0.48     1.2e+07   1.0000000        0.73    4    3    6  3.3e-11    7e-13
-------    当前进度:  76 % - 组装矩阵
   4       0.012     1.2e+07   1.0000000        0.26    5    4    8  1.2e-11  5.8e-14
---------  当前进度:  92 % - 组装矩阵
   5      0.0098     9.4e+06   0.3221231      0.0098    7    5   11  2.3e-11  2.5e-14
---------  当前进度:  92 % - 正在组装残差
Memory: 1478/1498 1504/1538
   6       0.011     9.4e+06   0.7500000      0.0094   19    6   24  1.6e-14  9.6e-14
---------  当前进度:  92 % - 组装矩阵
Memory: 1478/1498 1520/1538
   7      0.0049     9.6e+05   1.0000000        0.01   20    7   26  3.5e-11  2.7e-13
---------  当前进度:  92 % - 约束处理
Memory: 1484/1498 1526/1538
   8      0.0016     2.8e+05   1.0000000      0.0048   21    8   28  4.3e-11  3.7e-13
---------  当前进度:  97 % - 正在组装残差
Memory: 1478/1498 1520/1538
   9      0.0026     3.7e+04   1.0000000      0.0063   23    9   30  2.2e-11  6.9e-13
  10       0.001     3.8e+04   1.0000000      0.0026   24   10   32  1.9e-11  2.4e-13
---------- 当前进度: 100 % - 正在组装残差
Memory: 1478/1498 1516/1538
  11     0.00045     5.3e+03   1.0000000       0.001   26   11   34  7.4e-12  2.1e-13
---------- 当前进度: 100 % - 
Memory: 1450/1498 1474/1538
求解时间：4 s。
物理内存: 1.48 GB
虚拟内存: 1.53 GB
结束时间：2026年8月9日 01:48:13。
----- Liquid Stationary Flow | NUMERICAL_TEST_ONLY/解 3 (sol3) 中的“稳态求解器 1” ----->
           当前进度:   2 % - 生成方程
Memory: 1445/1498 1469/1538
           当前进度:   3 % - 生成方程
Memory: 1536/1538 1560/1783
<---- Liquid Stationary Flow | NUMERICAL_TEST_ONLY/解 3 (sol3) 中的“编译方程: 稳态” -----
开始于 2026年8月9日 01:48:16。
几何形函数: 线性拉格朗日单元
几何形函数: 线性拉格朗日单元
在 AMD64 Family 25 Model 80 Stepping 0, AuthenticAMD 上运行。
在以下位置使用 1 个插槽： Pokemon 上（共 8 个内核）。
可用内存：15.77 GB。
           当前进度:   7 % - 编译方程: 稳态
Memory: 1497/1542 1523/1783
           当前进度:   7 % - 正在创建可视化网格
Memory: 1499/1542 1524/1783
时间：3。
物理内存: 1.54 GB
虚拟内存: 1.56 GB
结束时间：2026年8月9日 01:48:19。
----- Liquid Stationary Flow | NUMERICAL_TEST_ONLY/解 3 (sol3) 中的“编译方程: 稳态” ---->
<---- Liquid Stationary Flow | NUMERICAL_TEST_ONLY/解 3 (sol3) 中的“因变量 1” --------
开始于 2026年8月9日 01:48:19。
           当前进度:   7 % - 因变量 1
Memory: 1500/1542 1525/1783
求解时间：0 s。
物理内存: 1.5 GB
虚拟内存: 1.52 GB
结束时间：2026年8月9日 01:48:19。
----- Liquid Stationary Flow | NUMERICAL_TEST_ONLY/解 3 (sol3) 中的“因变量 1” ------->
<---- Liquid Stationary Flow | NUMERICAL_TEST_ONLY/解 3 (sol3) 中的“稳态求解器 1” ------
开始于 2026年8月9日 01:48:19。
非线性求解器
求解的自由度数：15665（加上 1 个内部自由度）。
-          当前进度:  12 % - 组装矩阵
Memory: 1488/1542 1512/1783
找到非对称矩阵。
缩放因变量：
压力 (comp_electrolyte_flow.p): 0.031
速度场 (comp_electrolyte_flow.u): 1
常微分方程助变量 (comp_electrolyte_flow.spf.inlet_liq.Pinl): 0.46
已使用正交零空间函数。
Iter      SolEst      ResEst     Damping    Stepsize #Res #Jac #Sol   LinErr   LinRes
   1          20       9e+03   0.0100000          21    2    1    2  3.1e-11  1.8e-10
--         当前进度:  20 % - 组装稀疏模式
Memory: 1517/1542 1547/1783
--         当前进度:  20 % - 矩阵分解
Memory: 1520/1542 1546/1783
   2         6.5     7.1e+05   0.1000000         7.2    3    2    4  3.6e-11  2.7e-11
--         当前进度:  29 % - 组装矩阵
Memory: 1542/1559 1575/1783
   3        0.12     3.7e+07   1.0000000        0.73    4    3    6  2.1e-11  2.6e-13
--------   当前进度:  84 % - 组装矩阵
   4      0.0016     1.2e+07   1.0000000       0.075    5    4    8    3e-11  4.6e-14
---------  当前进度:  98 % - 正在组装残差
Memory: 1544/1559 1575/1783
   5       0.001     1.3e+06   1.0000000      0.0013    6    5   10  7.2e-12  5.9e-14
---------- 当前进度: 100 % - 正在组装残差
   6      0.0015     3.5e+04   1.0000000        0.01    8    6   12  1.1e-12  3.2e-14
   7      0.0002     3.1e+03   1.0000000      0.0015   10    7   14  3.5e-11    7e-14
---------- 当前进度: 100 % - 
Memory: 1518/1559 1538/1783
求解时间：2 s。
物理内存: 1.56 GB
虚拟内存: 1.58 GB
结束时间：2026年8月9日 01:48:22。
----- Liquid Stationary Flow | NUMERICAL_TEST_ONLY/解 3 (sol3) 中的“稳态求解器 1” ----->
           当前进度:   2 % - 生成方程
Memory: 1519/1559 1538/1783
           当前进度:   3 % - 生成方程
Memory: 1473/1559 1496/1783
<---- N2 Stationary Flow | NUMERICAL_TEST_ONLY/解 4 (sol4) 中的“编译方程: 稳态” ---------
开始于 2026年8月9日 01:48:25。
几何形函数: 线性拉格朗日单元
几何形函数: 线性拉格朗日单元
在 AMD64 Family 25 Model 80 Stepping 0, AuthenticAMD 上运行。
在以下位置使用 1 个插槽： Pokemon 上（共 8 个内核）。
可用内存：15.77 GB。
           当前进度:   4 % - 编译方程: 稳态
Memory: 1719/1719 1744/1783
           当前进度:   7 % - 编译方程: 稳态
Memory: 1712/1719 1737/1783
           当前进度:   7 % - 正在创建可视化网格
Memory: 1719/1720 1746/1783
时间：4。
物理内存: 1.73 GB
虚拟内存: 1.75 GB
结束时间：2026年8月9日 01:48:29。
----- N2 Stationary Flow | NUMERICAL_TEST_ONLY/解 4 (sol4) 中的“编译方程: 稳态” -------->
<---- N2 Stationary Flow | NUMERICAL_TEST_ONLY/解 4 (sol4) 中的“因变量 1” ------------
开始于 2026年8月9日 01:48:29。
           当前进度:   7 % - 因变量 1
Memory: 1706/1725 1731/1783
求解时间：0 s。
物理内存: 1.71 GB
虚拟内存: 1.73 GB
结束时间：2026年8月9日 01:48:29。
----- N2 Stationary Flow | NUMERICAL_TEST_ONLY/解 4 (sol4) 中的“因变量 1” ----------->
<---- N2 Stationary Flow | NUMERICAL_TEST_ONLY/解 4 (sol4) 中的“稳态求解器 1” ----------
开始于 2026年8月9日 01:48:29。
非线性求解器
求解的自由度数：38733（加上 1 个内部自由度）。
-          当前进度:  12 % - 组装稀疏模式
Memory: 1726/1730 1785/1793
-          当前进度:  12 % - 组装矩阵
Memory: 1755/1767 1816/1828
找到非对称矩阵。
缩放因变量：
压力 (comp_n2_flow.p2): 0.51
速度场 (comp_n2_flow.u2): 1
常微分方程助变量 (comp_n2_flow.spf2.inlet_n2.Pinl): 0.19
已使用正交零空间函数。
-          当前进度:  12 % - 矩阵分解
Memory: 1810/1810 1875/1875
Iter      SolEst      ResEst     Damping    Stepsize #Res #Jac #Sol   LinErr   LinRes
   1          64          19   0.0100000          65    2    1    2  4.3e-12  3.6e-11
--         当前进度:  20 % - 组装稀疏模式
Memory: 1965/1974 2053/2053
--         当前进度:  20 % - 组装矩阵
Memory: 2013/2013 2096/2096
--         当前进度:  20 % - 矩阵分解
Memory: 1938/2061 1986/2142
   2         6.5     4.2e+05   0.1000000         7.2    3    2    4  1.7e-12  3.7e-11
--         当前进度:  29 % - 组装稀疏模式
Memory: 2031/2061 2130/2142
--         当前进度:  29 % - 组装矩阵
Memory: 2013/2062 2088/2142
   3       0.023     3.1e+07   1.0000000        0.73    4    3    6  2.8e-11    7e-14
---------  当前进度:  91 % - 
Memory: 2025/2062 2098/2142
---------  当前进度:  91 % - 组装矩阵
Memory: 2032/2062 2098/2142
---------  当前进度:  91 % - 求解线性方程组
Memory: 2046/2064 2114/2142
   4      0.0073     6.1e+04   1.0000000        0.13    6    4    8  1.3e-12  5.2e-14
---------  当前进度:  91 % - 组装矩阵
Memory: 2053/2064 2120/2142
---------  当前进度:  91 % - 求解线性方程组
Memory: 2056/2076 2124/2144
   5     0.00052     1.8e+03   1.0000000      0.0073    8    5   10  2.7e-11    2e-14
---------- 当前进度: 100 % - 
Memory: 2025/2076 2102/2144
求解时间：5 s。
物理内存: 2.08 GB
虚拟内存: 2.14 GB
结束时间：2026年8月9日 01:48:34。
----- N2 Stationary Flow | NUMERICAL_TEST_ONLY/解 4 (sol4) 中的“稳态求解器 1” --------->
           当前进度:   2 % - 生成方程
Memory: 1673/2076 1710/2144
           当前进度:   3 % - 生成方程
Memory: 1674/2076 1711/2144
<---- N2 Stationary Flow | NUMERICAL_TEST_ONLY/解 4 (sol4) 中的“编译方程: 稳态” ---------
开始于 2026年8月9日 01:48:37。
几何形函数: 线性拉格朗日单元
几何形函数: 线性拉格朗日单元
在 AMD64 Family 25 Model 80 Stepping 0, AuthenticAMD 上运行。
在以下位置使用 1 个插槽： Pokemon 上（共 8 个内核）。
可用内存：15.77 GB。
           当前进度:   7 % - 编译方程: 稳态
Memory: 1684/2076 1719/2144
           当前进度:   7 % - 正在创建可视化网格
Memory: 1684/2076 1720/2144
时间：3。
物理内存: 1.68 GB
虚拟内存: 1.72 GB
结束时间：2026年8月9日 01:48:40。
----- N2 Stationary Flow | NUMERICAL_TEST_ONLY/解 4 (sol4) 中的“编译方程: 稳态” -------->
<---- N2 Stationary Flow | NUMERICAL_TEST_ONLY/解 4 (sol4) 中的“因变量 1” ------------
开始于 2026年8月9日 01:48:40。
           当前进度:   7 % - 因变量 1
求解时间：0 s。
物理内存: 1.68 GB
虚拟内存: 1.72 GB
结束时间：2026年8月9日 01:48:41。
----- N2 Stationary Flow | NUMERICAL_TEST_ONLY/解 4 (sol4) 中的“因变量 1” ----------->
<---- N2 Stationary Flow | NUMERICAL_TEST_ONLY/解 4 (sol4) 中的“稳态求解器 1” ----------
开始于 2026年8月9日 01:48:41。
非线性求解器
求解的自由度数：38733（加上 1 个内部自由度）。
-          当前进度:  12 % - 
Memory: 1650/2076 1683/2144
-          当前进度:  12 % - 组装矩阵
Memory: 1655/2076 1688/2144
找到非对称矩阵。
缩放因变量：
压力 (comp_n2_flow.p2): 0.51
速度场 (comp_n2_flow.u2): 1
常微分方程助变量 (comp_n2_flow.spf2.inlet_n2.Pinl): 0.19
已使用正交零空间函数。
-          当前进度:  12 % - 矩阵分解
Memory: 1725/2076 1776/2144
Iter      SolEst      ResEst     Damping    Stepsize #Res #Jac #Sol   LinErr   LinRes
-          当前进度:  12 % - 正在组装残差
Memory: 1801/2076 1871/2144
   1          73          36   0.0100000          73    2    1    2    3e-13  3.7e-11
--         当前进度:  20 % - 组装矩阵
Memory: 1821/2076 1891/2144
--         当前进度:  20 % - 矩阵分解
Memory: 1770/2076 1860/2144
   2         6.5     4.2e+05   0.1000000         7.2    3    2    4  1.4e-11  3.5e-11
--         当前进度:  29 % - 组装稀疏模式
Memory: 1821/2076 1892/2144
--         当前进度:  29 % - 组装矩阵
Memory: 1834/2076 1906/2144
--         当前进度:  29 % - 正在组装残差
Memory: 1839/2076 1913/2144
   3       0.066     2.7e+07   1.0000000        0.74    4    3    6  2.7e-11    1e-13
--------   当前进度:  87 % - 组装矩阵
Memory: 1841/2076 1919/2144
--------   当前进度:  87 % - 正在组装残差
Memory: 1842/2076 1922/2144
   4      0.0043     1.7e+06   1.0000000       0.052    5    4    8  6.2e-12  1.1e-13
---------  当前进度:  93 % - 组装矩阵
Memory: 1861/2076 1942/2144
---------  当前进度:  93 % - 正在组装残差
Memory: 1842/2076 1922/2144
   5       0.003     1.7e+04   1.0000000       0.024    7    5   10  2.4e-11  2.5e-14
---------  当前进度:  93 % - 组装矩阵
Memory: 1862/2076 1942/2144
---------  当前进度:  93 % - 约束处理
Memory: 1889/2076 1970/2144
---------  当前进度:  93 % - 正在组装残差
Memory: 1843/2076 1922/2144
   6      0.0004     1.4e+03   1.0000000       0.003    9    6   12  9.7e-12  2.7e-14
---------- 当前进度: 100 % - 
Memory: 1696/2076 1738/2144
求解时间：5 s。
物理内存: 1.89 GB
虚拟内存: 1.97 GB
结束时间：2026年8月9日 01:48:45。
----- N2 Stationary Flow | NUMERICAL_TEST_ONLY/解 4 (sol4) 中的“稳态求解器 1” --------->
           当前进度:   2 % - 生成方程
Memory: 1696/2076 1737/2144
           当前进度:   3 % - 生成方程
<---- N2 Stationary Flow | NUMERICAL_TEST_ONLY/解 4 (sol4) 中的“编译方程: 稳态” ---------
开始于 2026年8月9日 01:48:49。
几何形函数: 线性拉格朗日单元
几何形函数: 线性拉格朗日单元
在 AMD64 Family 25 Model 80 Stepping 0, AuthenticAMD 上运行。
在以下位置使用 1 个插槽： Pokemon 上（共 8 个内核）。
可用内存：15.77 GB。
           当前进度:   5 % - 编译方程: 稳态
Memory: 1700/2076 1737/2144
           当前进度:   7 % - 编译方程: 稳态
           当前进度:   7 % - 正在创建可视化网格
时间：3。
物理内存: 1.7 GB
虚拟内存: 1.74 GB
结束时间：2026年8月9日 01:48:52。
----- N2 Stationary Flow | NUMERICAL_TEST_ONLY/解 4 (sol4) 中的“编译方程: 稳态” -------->
<---- N2 Stationary Flow | NUMERICAL_TEST_ONLY/解 4 (sol4) 中的“因变量 1” ------------
开始于 2026年8月9日 01:48:52。
           当前进度:   7 % - 因变量 1
求解时间：0 s。
物理内存: 1.7 GB
虚拟内存: 1.74 GB
结束时间：2026年8月9日 01:48:52。
----- N2 Stationary Flow | NUMERICAL_TEST_ONLY/解 4 (sol4) 中的“因变量 1” ----------->
<---- N2 Stationary Flow | NUMERICAL_TEST_ONLY/解 4 (sol4) 中的“稳态求解器 1” ----------
开始于 2026年8月9日 01:48:52。
非线性求解器
求解的自由度数：38733（加上 1 个内部自由度）。
-          当前进度:  12 % - 正在组装残差
Memory: 1685/2076 1721/2144
-          当前进度:  12 % - 组装矩阵
Memory: 1678/2076 1713/2144
找到非对称矩阵。
缩放因变量：
压力 (comp_n2_flow.p2): 0.51
速度场 (comp_n2_flow.u2): 1
常微分方程助变量 (comp_n2_flow.spf2.inlet_n2.Pinl): 0.19
已使用正交零空间函数。
-          当前进度:  12 % - 矩阵分解
Memory: 1721/2076 1770/2144
Iter      SolEst      ResEst     Damping    Stepsize #Res #Jac #Sol   LinErr   LinRes
   1          74          63   0.0100000          75    2    1    2  7.7e-12  3.7e-11
--         当前进度:  20 % - 组装稀疏模式
Memory: 1806/2076 1929/2144
--         当前进度:  20 % - 组装矩阵
Memory: 1830/2076 1901/2144
--         当前进度:  20 % - 矩阵分解
Memory: 1733/2076 1800/2144
   2         6.5     4.2e+05   0.1000000         7.3    3    2    4  2.5e-12  3.2e-11
--         当前进度:  29 % - 组装稀疏模式
Memory: 1873/2076 1947/2144
--         当前进度:  29 % - 组装矩阵
Memory: 1854/2076 1926/2144
--         当前进度:  29 % - 正在组装残差
Memory: 1835/2076 1906/2144
   3        0.14     2.1e+07   1.0000000        0.75    4    3    6  1.7e-12  1.1e-13
--------   当前进度:  83 % - 组装矩阵
Memory: 1854/2076 1926/2144
--------   当前进度:  83 % - 正在组装残差
Memory: 1835/2076 1906/2144
   4       0.014     2.6e+06   1.0000000         0.1    5    4    8  2.9e-11  2.3e-13
--------   当前进度:  88 % - 组装矩阵
Memory: 1854/2076 1926/2144
--------   当前进度:  88 % - 求解线性方程组
Memory: 1867/2076 1940/2144
   5      0.0013     3.8e+05   1.0000000       0.013    6    5   10  3.2e-12  4.7e-14
---------  当前进度:  99 % - 组装矩阵
Memory: 1854/2076 1926/2144
---------  当前进度:  99 % - 矩阵分解
Memory: 1867/2076 1940/2144
   6      0.0023     7.6e+03   1.0000000       0.012    8    6   12  7.9e-12  3.1e-14
---------  当前进度:  99 % - 
Memory: 1835/2076 1906/2144
---------  当前进度:  99 % - 组装矩阵
Memory: 1854/2076 1926/2144
---------  当前进度:  99 % - 求解线性方程组
Memory: 1868/2076 1940/2144
   7     0.00048     1.3e+03   1.0000000      0.0023   10    7   14  5.2e-12  1.3e-14
---------- 当前进度: 100 % - 
Memory: 1835/2076 1906/2144
求解时间：6 s。
物理内存: 1.87 GB
虚拟内存: 1.95 GB
结束时间：2026年8月9日 01:48:58。
----- N2 Stationary Flow | NUMERICAL_TEST_ONLY/解 4 (sol4) 中的“稳态求解器 1” --------->
           当前进度:   2 % - 生成方程
Memory: 1687/2076 1721/2144
           当前进度:   3 % - 生成方程
Memory: 1688/2076 1721/2144
<---- N2 Stationary Flow | NUMERICAL_TEST_ONLY/解 4 (sol4) 中的“编译方程: 稳态” ---------
开始于 2026年8月9日 01:49:01。
几何形函数: 线性拉格朗日单元
几何形函数: 线性拉格朗日单元
在 AMD64 Family 25 Model 80 Stepping 0, AuthenticAMD 上运行。
在以下位置使用 1 个插槽： Pokemon 上（共 8 个内核）。
可用内存：15.77 GB。
           当前进度:   7 % - 编译方程: 稳态
Memory: 1690/2076 1724/2144
           当前进度:   7 % - 正在创建可视化网格
时间：3。
物理内存: 1.69 GB
虚拟内存: 1.72 GB
结束时间：2026年8月9日 01:49:04。
----- N2 Stationary Flow | NUMERICAL_TEST_ONLY/解 4 (sol4) 中的“编译方程: 稳态” -------->
<---- N2 Stationary Flow | NUMERICAL_TEST_ONLY/解 4 (sol4) 中的“因变量 1” ------------
开始于 2026年8月9日 01:49:04。
           当前进度:   7 % - 因变量 1
Memory: 1688/2076 1722/2144
求解时间：0 s。
物理内存: 1.69 GB
虚拟内存: 1.72 GB
结束时间：2026年8月9日 01:49:04。
----- N2 Stationary Flow | NUMERICAL_TEST_ONLY/解 4 (sol4) 中的“因变量 1” ----------->
<---- N2 Stationary Flow | NUMERICAL_TEST_ONLY/解 4 (sol4) 中的“稳态求解器 1” ----------
开始于 2026年8月9日 01:49:04。
非线性求解器
求解的自由度数：38733（加上 1 个内部自由度）。
-          当前进度:  12 % - 组装稀疏模式
-          当前进度:  12 % - 组装矩阵
Memory: 1674/2076 1707/2144
找到非对称矩阵。
缩放因变量：
压力 (comp_n2_flow.p2): 0.51
速度场 (comp_n2_flow.u2): 1
常微分方程助变量 (comp_n2_flow.spf2.inlet_n2.Pinl): 0.19
已使用正交零空间函数。
-          当前进度:  12 % - 矩阵分解
Memory: 1734/2076 1782/2144
Iter      SolEst      ResEst     Damping    Stepsize #Res #Jac #Sol   LinErr   LinRes
-          当前进度:  12 % - 求解线性方程组
Memory: 1817/2076 1886/2144
   1          75          90   0.0100000          76    2    1    2  9.6e-12  3.8e-11
--         当前进度:  20 % - 组装矩阵
Memory: 1837/2076 1907/2144
--         当前进度:  20 % - 矩阵分解
Memory: 1792/2076 1845/2144
--         当前进度:  20 % - 正在组装残差
Memory: 1866/2076 1940/2144
   2         6.6     4.1e+05   0.1000000         7.3    3    2    4    8e-13  2.9e-11
--         当前进度:  29 % - 组装稀疏模式
Memory: 1852/2076 1925/2144
--         当前进度:  29 % - 组装矩阵
Memory: 1866/2076 1937/2144
--         当前进度:  29 % - 矩阵分解
Memory: 1879/2076 1953/2144
   3        0.22     1.7e+07   1.0000000        0.75    4    3    6  3.8e-11  1.3e-13
--------   当前进度:  81 % - 组装矩阵
Memory: 1866/2076 1937/2144
--------   当前进度:  81 % - 正在组装残差
Memory: 1866/2076 1939/2144
   4       0.024     2.7e+06   1.0000000        0.14    5    4    8  2.2e-11  2.9e-13
--------   当前进度:  86 % - 组装矩阵
Memory: 1886/2076 1959/2144
--------   当前进度:  86 % - 约束处理
Memory: 1905/2076 1979/2144
   5      0.0024     5.4e+05   1.0000000       0.022    6    5   10  6.6e-12  3.8e-14
---------  当前进度:  96 % - 组装矩阵
Memory: 1888/2076 1959/2144
---------  当前进度:  96 % - 
Memory: 1858/2076 1957/2144
---------  当前进度:  96 % - 正在组装残差
Memory: 1846/2076 1939/2144
   6      0.0043     1.3e+04   1.0000000       0.018    8    6   12    8e-12  4.7e-14
---------  当前进度:  96 % - 组装矩阵
Memory: 1743/2076 1960/2144
---------  当前进度:  96 % - 正在组装残差
Memory: 1520/2076 1939/2144
   7       0.001     1.2e+04   1.0000000      0.0042    9    7   14    3e-13  1.8e-14
---------- 当前进度: 100 % - 组装矩阵
Memory: 1462/2076 1960/2144
---------- 当前进度: 100 % - 正在组装残差
Memory: 1257/2076 1939/2144
   8     0.00026     7.8e+02   1.0000000       0.001   11    8   16  1.5e-11  2.6e-14
---------- 当前进度: 100 % - 
Memory: 1253/2076 1939/2144
求解时间：7 s。
物理内存: 1.9 GB
虚拟内存: 1.98 GB
结束时间：2026年8月9日 01:49:12。
----- N2 Stationary Flow | NUMERICAL_TEST_ONLY/解 4 (sol4) 中的“稳态求解器 1” --------->
---------- 当前进度: 100 % - 正在更新选择
Memory: 1101/2076 1831/2144
           当前进度:   0 % - 导入
Memory: 1104/2076 1832/2144
           当前进度:   0 % - 处理几何
Memory: 1059/2076 1785/2144
Header : Author::Unknown
Header : Authorization::Unknown
Header : Description::STEP AP203
Header : File Name::block_currentCollector_flowField_v03.2.1_20210525_STEP-AP203.STEP
Header : Implementation Level::1
Header : Organization::Unknown
Header : Originating System::SolidWorks 2022
Header : Preprocessor Version::SwSTEP 2.0
Header : Schema::CONFIG_CONTROL_DESIGN
Header : Time Stamp::2023-09-28T11:10:23
Begin CAD File Read 'F:/LiNRR_COMSOL/worktrees/LiNRR_M10A2/cad/raw/M10A0_2/block_currentCollector_flowField_v03.2.1_20210525_STEP-AP203.STEP'
  
      Summary of STEP Entities
  
Entity Type                                                   Count
-----------                                                   ------
advanced_brep_shape_representation .......................:   1
advanced_face ............................................:   135
application_context ......................................:   2
application_protocol_definition ..........................:   2
applied_approval_assignment ..............................:   3
applied_date_and_time_assignment .........................:   2
applied_person_and_organization_assignment ...............:   5
applied_security_classification_assignment ...............:   1
approval .................................................:   3
approval_date_time .......................................:   3
approval_person_organization .............................:   3
approval_role ............................................:   3
approval_status ..........................................:   3
axis2_placement_3d .......................................:   296
calendar_date ............................................:   5
cartesian_point ..........................................:   753
circle ...................................................:   160
closed_shell .............................................:   1
conical_surface ..........................................:   6
coordinated_universal_time_offset ........................:   5
cylindrical_surface ......................................:   78
date_and_time ............................................:   5
date_time_role ...........................................:   2
direction ................................................:   804
edge_curve ...............................................:   372
edge_loop ................................................:   167
face_bound ...............................................:   32
face_outer_bound .........................................:   135
geometric_representation_context_and_global_uncertainty_a :   1
length_unit_and_si_unit ..................................:   1
line .....................................................:   212
local_time ...............................................:   5
manifold_solid_brep ......................................:   1
organization .............................................:   1
oriented_edge ............................................:   744
person ...................................................:   1
person_and_organization ..................................:   8
person_and_organization_role .............................:   5
plane ....................................................:   51
plane_angle_unit_and_si_unit .............................:   1
product ..................................................:   1
product_context ..........................................:   1
product_definition .......................................:   1
product_definition_context ...............................:   1
product_definition_formation_with_specified_source .......:   1
product_definition_shape .................................:   1
product_related_product_category .........................:   1
security_classification ..................................:   1
security_classification_level ............................:   1
shape_definition_representation ..........................:   1
si_unit_and_solid_angle_unit .............................:   1
uncertainty_measure_with_unit ............................:   1
vector ...................urve ...............................
-----      当前进度:  50 % - 正在导入“STEP”
................:   372
edge_loop ................................................:   167
face_bound ...............................................:   32
face_outer_bound .........................................:   135
geometric_representation_context_and_global_uncertainty_a :   1
length_unit_and_si_unit ..................................:   1
line .....................................................:   212
local_time ...............................................:   5
manifold_solid_brep ......................................:   1
organization .............................................:   1
oriented_edge ............................................:   744
person ...................................................:   1
person_and_organization ..................................:   8
person_and_organization_role .............................:   5
plane ....................................................:   51
plane_angle_unit_and_si_unit .............................:   1
product ..................................................:   1
product_context ..........................................:   1
product_definition .......................................:   1
product_definition_context ...............................:   1
product_definition_formation_with_specified_source .......:   1
product_definition_shape .................................:   1
product_related_product_category .........................:   1
security_classification ..................................:   1
security_classification_level ............................:   1
shape_definition_representation ..........................:   1
si_unit_and_solid_angle_unit .............................:   1
uncertainty_measure_with_unit ............................:   1
vector ...................................................:   212
vertex_point .............................................:   245
                                                             -------
Total                                                         4487
--------   当前进度:  83 % - 正在应用变换
Memory: 1072/2076 1786/2144
           当前进度:   0 % - 旋转 2
Memory: 1083/2076 1795/2144
--         当前进度:  20 % - 移动
Memory: 1085/2076 1795/2144
---        当前进度:  39 % - 镜像
Memory: 1086/2076 1795/2144
-----      当前进度:  59 % - 长方体
Memory: 1087/2076 1796/2144
------     当前进度:  61 % - 差集
------     当前进度:  61 % - 执行布尔操作
Memory: 1092/2076 1798/2144
--------   当前进度:  80 % - 形成联合体
--------   当前进度:  80 % - 执行布尔操作
---------- 当前进度: 100 % - 正在更新选择
---------- 当前进度: 100 % - 正在创建可视化网格
Memory: 1106/2076 1807/2144
           当前进度:   0 % - 自由四面体网格
Memory: 1213/2076 1747/2144
顶点单元数：148
边单元数：1156
边界单元数：2314
----       当前进度:  43 % - 正在创建初始四面体网格
Memory: 1222/2076 1747/2144
---------  当前进度:  95 % - 正在提高单元质量
Memory: 1225/2076 1747/2144
单元数：2376
最小单元质量：0.139
---------- 当前进度: 100 % - 正在定型网格
           当前进度:   2 % - 生成方程
Memory: 1250/2076 1768/2144
           当前进度:   3 % - 生成方程
Memory: 1339/2076 1785/2144
<---- 研究 2/解 5 (sol5) 中的“编译方程: 稳态” ---------------------------------------------
开始于 2026年8月9日 01:49:29。
几何形函数: 线性拉格朗日单元
几何形函数: 线性拉格朗日单元
几何形函数: 线性拉格朗日单元
在 AMD64 Family 25 Model 80 Stepping 0, AuthenticAMD 上运行。
在以下位置使用 1 个插槽： Pokemon 上（共 8 个内核）。
可用内存：15.77 GB。
           当前进度:   4 % - 编译方程: 稳态
Memory: 1415/2076 1812/2144
           当前进度:   7 % - 编译方程: 稳态
Memory: 1385/2076 1767/2144
           当前进度:   7 % - 正在创建可视化网格
Memory: 1389/2076 1768/2144
时间：4。
物理内存: 1.41 GB
虚拟内存: 1.82 GB
结束时间：2026年8月9日 01:49:33。
----- 研究 2/解 5 (sol5) 中的“编译方程: 稳态” -------------------------------------------->
<---- 研究 2/解 5 (sol5) 中的“因变量 1” ------------------------------------------------
开始于 2026年8月9日 01:49:33。
           当前进度:   7 % - 因变量 1
Memory: 1416/2076 1772/2144
求解时间：0 s。
物理内存: 1.42 GB
虚拟内存: 1.77 GB
结束时间：2026年8月9日 01:49:33。
----- 研究 2/解 5 (sol5) 中的“因变量 1” ----------------------------------------------->
<---- 研究 2/解 5 (sol5) 中的“稳态求解器 1” ----------------------------------------------
开始于 2026年8月9日 01:49:33。
非线性求解器
求解的自由度数：5017（加上 1 个内部自由度）。
-          当前进度:  12 % - 组装矩阵
Memory: 1433/2076 1765/2144
找到非对称矩阵。
缩放因变量：
压力 (comp_h2_flow.pH2): 0.3
速度场 (comp_h2_flow.u3): 1
常微分方程助变量 (comp_h2_flow.spf3.in_h2.Pinl): 0.02
已使用正交零空间函数。
Iter      SolEst      ResEst     Damping    Stepsize #Res #Jac #Sol   LinErr   LinRes
   1          73          14   0.0100000          74    2    1    2  2.2e-12  4.9e-11
--         当前进度:  20 % - 求解线性方程组
Memory: 1445/2076 1761/2144
   2         6.6     2.2e+05   0.1000000         7.3    3    2    4  2.9e-12  2.8e-11
   3       0.044     1.7e+07   1.0000000        0.72    4    3    6  1.2e-11  1.3e-14
--------   当前进度:  88 % - 组装矩阵
Memory: 1459/2076 1758/2144
   4      0.0017     1.3e+06   1.0000000       0.036    5    4    8  1.3e-11  8.1e-15
   5     0.00043     1.4e+03   1.0000000      0.0051    7    5   10    1e-11    1e-14
---------- 当前进度: 100 % - 
Memory: 1460/2076 1758/2144
求解时间：2 s。
物理内存: 1.46 GB
虚拟内存: 1.77 GB
结束时间：2026年8月9日 01:49:34。
----- 研究 2/解 5 (sol5) 中的“稳态求解器 1” --------------------------------------------->

/***************/
/*****错误********/
/***************/
运行 Java 类时出错。
H2 FLOW AUDIT INVALID: dp=31.462481458299163 balance=3.4634260307326236E-4
 - 类: LiNRR_M10A2_SSC_Pipe_Wetting
总时间: 161 s.
