*******************************************
***COMSOL 6.4.0.293 progress output file***
*******************************************
Sun Aug 09 01:36:54 CST 2026
COMSOL Multiphysics 6.4 (开发版本: 293) 在批处理模式下启动
正在运行: F:\LiNRR_COMSOL\worktrees\LiNRR_M10A2\src\java\LiNRR_M10A2_SSC_Pipe_Wetting.class
---------- 当前进度: 100 % - 正在分析几何
Memory: 906/922 958/969
---------- 当前进度: 100 % - 正在更新选择
Memory: 1035/1037 1071/1078
           当前进度:   0 % - 矩形
Memory: 1022/1042 1057/1078
           当前进度:   8 % - 矩形 2
Memory: 1002/1042 1038/1078
-          当前进度:  17 % - 形成联合体
--------   当前进度:  87 % - 解析域和空区域
Memory: 1004/1042 1038/1078
---------- 当前进度: 100 % - 正在更新选择
---------- 当前进度: 100 % - 正在创建可视化网格
Memory: 1035/1042 1062/1095
           当前进度:   0 % - 映射
Memory: 1049/1052 1079/1095
顶点单元数：6
边界单元数：700
最小单元质量：1
---------- 当前进度: 100 % - 正在定型网格
Memory: 1051/1052 1079/1095
           当前进度:   3 % - 生成方程
Memory: 1055/1062 1082/1095
<---- 研究 5/解 11 (sol11) 中的“编译方程: 稳态” -------------------------------------------
开始于 2026年8月9日 01:37:45。
几何形函数: 线性拉格朗日单元
几何形函数: 线性拉格朗日单元
几何形函数: 线性拉格朗日单元
几何形函数: 二次拉格朗日单元
几何形函数: 二次拉格朗日单元
几何形函数: 二次拉格朗日单元
几何形函数: 二次拉格朗日单元
几何形函数: 线性拉格朗日单元
几何形函数: 线性拉格朗日单元
在 AMD64 Family 25 Model 80 Stepping 0, AuthenticAMD 上运行。
在以下位置使用 1 个插槽： Pokemon 上（共 8 个内核）。
可用内存：15.77 GB。
           当前进度:   6 % - 编译方程: 稳态
Memory: 1575/1576 1633/1633
           当前进度:   7 % - 编译方程: 稳态
Memory: 1587/1594 1628/1638
           当前进度:   3 % - 正在创建可视化网格
Memory: 1637/1639 1671/1674
           当前进度:   7 % - 正在创建可视化网格
Memory: 1640/1640 1674/1674
时间：13。
物理内存: 1.64 GB
虚拟内存: 1.67 GB
结束时间：2026年8月9日 01:37:58。
----- 研究 5/解 11 (sol11) 中的“编译方程: 稳态” ------------------------------------------>
<---- 研究 5/解 11 (sol11) 中的“因变量 1” ----------------------------------------------
开始于 2026年8月9日 01:37:58。
           当前进度:   7 % - 因变量 1
Memory: 1636/1640 1666/1674
求解时间：0 s。
物理内存: 1.64 GB
虚拟内存: 1.67 GB
结束时间：2026年8月9日 01:37:58。
----- 研究 5/解 11 (sol11) 中的“因变量 1” --------------------------------------------->
<---- 研究 5/解 11 (sol11) 中的“稳态求解器 1” --------------------------------------------
开始于 2026年8月9日 01:37:58。
-          当前进度:  12 % - 稳态求解器 1
Memory: 1651/1651 1681/1681
线性求解器 
求解的自由度数：6741（加上 728 个内部自由度）。
找到对称矩阵。
缩放因变量：
浓度 (comp_n2_transfer.cN2d): 1
已使用正交零空间函数。
Iter      SolEst     Damping    Stepsize #Res #Jac #Sol   LinErr   LinRes
   1        0.99   1.0000000        0.99    1    1    1  4.9e-13  3.3e-15
---------- 当前进度: 100 % - 
Memory: 1670/1670 1712/1712
求解时间：3 s。
物理内存: 1.68 GB
虚拟内存: 1.75 GB
结束时间：2026年8月9日 01:38:01。
----- 研究 5/解 11 (sol11) 中的“稳态求解器 1” ------------------------------------------->

/***************/
/*****错误********/
/***************/
运行 Java 类时出错。
NATIVE VARIABLE NOT FOUND: spf h2.p
 - 类: LiNRR_M10A2_SSC_Pipe_Wetting
总时间: 68 s.
