*******************************************
***COMSOL 6.4.0.293 progress output file***
*******************************************
Thu Aug 13 08:12:21 CST 2026
COMSOL Multiphysics 6.4 (开发版本: 293) 在批处理模式下启动
正在运行: F:\LiNRR_COMSOL\worktrees\LiNRR_M10A2\src\java\LiNRR_M10A2R_ManualReconciliation.class
---------- 当前进度: 100 % - 正在更新选择
Memory: 982/993 1016/1028
           当前进度:   0 % - 导入
Memory: 986/993 1019/1028
           当前进度:   0 % - 正在导入“STEP”
Memory: 998/999 1033/1034
Header : Author::Unknown
Header : Authorization::Unknown
Header : Description::STEP AP203
Header : File Name::electrolyteChamber_rectangularMask_v02.2.2_20210521_STEP-AP203.STEP
Header : Implementation Level::1
Header : Organization::Unknown
Header : Originating System::SolidWorks 2020
Header : Preprocessor Version::SwSTEP 2.0
Header : Schema::CONFIG_CONTROL_DESIGN
Header : Time Stamp::2021-06-09T13:01:45
Begin CAD File Read 'F:/LiNRR_COMSOL/worktrees/LiNRR_M10A2/cad/raw/M10A0_2/electrolyteChamber_rectangularMask_v02.2.2_20210521_STEP-AP203.STEP'
  
      Summary of STEP Entities
  
Entity Type                                                   Count
-----------                                                   ------
advanced_brep_shape_representation .......................:   1
advanced_face ............................................:   93
application_context ......................................:   2
application_protocol_definition ..........................:   2
applied_approval_assignment ..............................:   3
applied_date_and_time_assignment .........................:   2
applied_person_and_organization_assignment ...............:   5
applied_security_classification_assignment ...............:   1
approval .................................................:   3
approval_date_time .......................................:   3
approval_person_organization .............................:   3
approval_role ............................................:   3
approval_status ..........................................:   3
axis2_placement_3d .......................................:   196
b_spline_curve_with_knots ................................:   2
b_spline_curve_with_knots_and_rational_b_spline_curve ....:   12
b_spline_surface_with_knots_and_rational_b_spline_surface :   2
calendar_date ............................................:   5
cartesian_point ..........................................:   1034
circle ...................................................:   104
closed_shell .............................................:   1
coordinated_universal_time_offset ........................:   5
cylindrical_surface ......................................:   56
date_and_time ............................................:   5
date_time_role ...........................................:   2
direction ................................................:   534
edge_curve ...............................................:   260
edge_loop ................................................:   120
face_bound ...............................................:   27
face_outer_bound .........................................:   93
geometric_representation_context_and_global_uncertainty_a :   1
length_unit_and_si_unit ..................................:   1
line .....................................................:   142
local_time ...............................................:   5
manifold_solid_brep ......................................:   1
organization .............................................:   1
oriented_edge ............................................:   520
person ...................................................:   1
person_and_organization ..................................:   8
person_and_organization_role .............................:   5
plane ....................................................:   35
plane_angle_unit_and_si_unit .............................:   1
product ..................................................:   1
product_context ..........................................:   1
product_definition .......................................:   1
product_definition_context ...............................:   1
product_definition_formation_with_specified_source .......:   1
product_definition_shape .................................:   1
product_related_product_category .........................:   1
security_classification ..................................:   1
security_classification_level ............................:   1
shape_definition_representation ..........................:   1
si_unit_and_solid_angle_time_role ........................
-----      当前进度:  50 % - 正在导入“STEP”
Memory: 978/1004 1013/1039
...................:   2
direction ................................................:   534
edge_curve ...............................................:   260
edge_loop ................................................:   120
face_bound ...............................................:   27
face_outer_bound .........................................:   93
geometric_representation_context_and_global_uncertainty_a :   1
length_unit_and_si_unit ..................................:   1
line .....................................................:   142
local_time ...............................................:   5
manifold_solid_brep ......................................:   1
organization .............................................:   1
oriented_edge ............................................:   520
person ...................................................:   1
person_and_organization ..................................:   8
person_and_organization_role .............................:   5
plane ....................................................:   35
plane_angle_unit_and_si_unit .............................:   1
product ..................................................:   1
product_context ..........................................:   1
product_definition .......................................:   1
product_definition_context ...............................:   1
product_definition_formation_with_specified_source .......:   1
product_definition_shape .................................:   1
product_related_product_category .........................:   1
security_classification ..................................:   1
security_classification_level ............................:   1
shape_definition_representation ..........................:   1
si_unit_and_solid_angle_unit .............................:   1
uncertainty_measure_with_unit ............................:   1
vector ...................................................:   142
vertex_point .............................................:   172
                                                             -------
Total                                                         3629
-----      当前进度:  57 % - 正在应用变换
Memory: 964/1004 998/1039
--------   当前进度:  83 % - 正在应用变换
Memory: 970/1004 1000/1039
           当前进度:   0 % - 导入 2
Memory: 978/1004 1006/1039
           当前进度:   0 % - 正在导入“STEP”
Memory: 994/1004 1023/1039
Header : Author::Unknown
Header : Authorization::Unknown
Header : Description::STEP AP203
Header : File Name::block_currentCollector_flowField_v03.2.1_20210525_STEP-AP203.STEP
Header : Implementation Level::1
Header : Organization::Unknown
Header : Originating System::SolidWorks 2022
Header : Preprocessor Version::SwSTEP 2.0
Header : Schema::CONFIG_CONTROL_DESIGN
Header : Time Stamp::2023-09-28T11:10:23
Begin CAD File Read 'F:/LiNRR_COMSOL/worktrees/LiNRR_M10A2/cad/raw/M10A0_2/block_currentCollector_flowField_v03.2.1_20210525_STEP-AP203.STEP'
  
      Summary of STEP Entities
  
Entity Type                                                   Count
-----------                                                   ------
advanced_brep_shape_representation .......................:   1
advanced_face ............................................:   135
application_context ......................................:   2
application_protocol_definition ..........................:   2
applied_approval_assignment ..............................:   3
applied_date_and_time_assignment .........................:   2
applied_person_and_organization_assignment ...............:   5
applied_security_classification_assignment ...............:   1
approval .................................................:   3
approval_date_time .......................................:   3
approval_person_organization .............................:   3
approval_role ............................................:   3
approval_status ..........................................:   3
axis2_placement_3d .......................................:   296
calendar_date ............................................:   5
cartesian_point ..........................................:   753
circle ...................................................:   160
closed_shell .............................................:   1
conical_surface ..........................................:   6
coordinated_universal_time_offset ........................:   5
cylindrical_surface ......................................:   78
date_and_time ............................................:   5
date_time_role ...........................................:   2
direction ................................................:   804
edge_curve ...............................................:   372
edge_loop ................................................:   167
face_bound ...............................................:   32
face_outer_bound .........................................:   135
geometric_representation_context_and_global_uncertainty_a :   1
length_unit_and_si_unit ..................................:   1
line .....................................................:   212
local_time ...............................................:   5
manifold_solid_brep ......................................:   1
organization .............................................:   1
oriented_edge ............................................:   744
person ...................................................:   1
person_and_organization ..................................:   8
person_and_organization_role .............................:   5
plane ....................................................:   51
plane_angle_unit_and_si_unit .............................:   1
product ..................................................:   1
product_context ..........................................:   1
product_definition .......................................:   1
product_definition_context ...............................:   1
product_definition_formation_with_specified_source .......:   1
product_definition_shape .................................:   1
product_related_product_category .........................:   1
security_classification ..................................:   1
security_classification_level ............................:   1
shape_definition_representation ..........................:   1
si_unit_and_solid_angle_unit .............................:   1
uncertainty_measure_with_unit ............................:   1
vector ...................................................:   ................:   372
edge_loop ................................................:   167
face_bound ...............................................:   32
face_outer_bound .........................................:   135
geometric_representation_context_and_global_uncertainty_a :   1
length_unit_and_si_unit ..................................:   1
line .....................................................:   212
local_time ...............................................:   5
manifold_solid_brep ......................................:   1
organization .............................................:   1
oriented_edge ............................................:   744
person ...................................................:   1
person_and_organization ..................................:   8
person_and_organization_role .............................:   5
plane ....................................................:   51
plane_angle_unit_and_si_unit .............................:   1
product ..................................................:   1
product_context ..........................................:   1
product_definition .......................................:   1
product_definition_context ...............................:   1
product_definition_formation_with_specified_source .......:   1
product_definition_shape .................................:   1
product_related_product_category .........................:   1
security_classification ..................................:   1
security_classification_level ............................:   1
shape_definition_representation ..........................:   1
si_unit_and_solid_angle_unit .............................:   1
uncertainty_measure_with_unit ............................:   1
vector ...................................................:   212
vertex_point .............................................:   245
                                                             -------
Total                                                         4487
-----      当前进度:  50 % - 正在导入“STEP”
Memory: 991/1004 1020/1039
--------   当前进度:  83 % - 正在应用变换
Memory: 992/1004 1020/1039
---------- 当前进度: 100 % - 正在分析几何
Memory: 919/1004 956/1039
           当前进度:   0 % - 旋转
Memory: 934/1004 972/1039
           当前进度:   9 % - 移动
Memory: 935/1004 985/1039
-          当前进度:  18 % - 镜像
Memory: 936/1004 985/1039
--         当前进度:  27 % - Cathode SSC | 316L | 500 mesh source identity | 60x60 mm | t=30 um LITERATURE_SAME_PLATFORM
Memory: 938/1004 986/1039
--         当前进度:  27 % - Anode PtAu/316L SSC | 500 mesh source identity | 60x60 mm | t=30 um LITERATURE_SAME_PLATFORM
--         当前进度:  28 % - 长方体
--         当前进度:  29 % - 长方体 2
---        当前进度:  30 % - Negative-side gasket | SCHEMATIC_VISUAL_ONLY | thickness not verified
---        当前进度:  30 % - 执行布尔操作
Memory: 941/1004 987/1039
---        当前进度:  39 % - 长方体 3
----       当前进度:  40 % - 长方体 4
----       当前进度:  41 % - Positive-side gasket | SCHEMATIC_VISUAL_ONLY | thickness not verified
----       当前进度:  41 % - 执行布尔操作
-----      当前进度:  50 % - N2_IN PFA wall | OD 3 mm | SCHEMATIC_VISUAL_ONLY
-----      当前进度:  50 % - N2_IN gas bore | ID 2 mm | no PEEK cone
Memory: 943/1004 987/1039
-----      当前进度:  51 % - N2_IN hollow PFA tube wall | VISUALIZATION ONLY | NO HYDRAULIC ROLE
Memory: 943/1004 988/1039
-----      当前进度:  51 % - 执行布尔操作
------     当前进度:  60 % - N2_IN distinct gas bore | ID 2 mm | VISUALIZATION ONLY | NO HYDRAULIC ROLE
------     当前进度:  61 % - N2_OUT PFA wall | OD 3 mm | SCHEMATIC_VISUAL_ONLY
------     当前进度:  62 % - N2_OUT gas bore | ID 2 mm | no PEEK cone
------     当前进度:  63 % - N2_OUT hollow PFA tube wall | VISUALIZATION ONLY | NO HYDRAULIC ROLE
------     当前进度:  63 % - 执行布尔操作
-------    当前进度:  72 % - N2_OUT distinct gas bore | ID 2 mm | VISUALIZATION ONLY | NO HYDRAULIC ROLE
-------    当前进度:  73 % - H2_IN PFA wall | OD 3 mm | SCHEMATIC_VISUAL_ONLY
Memory: 944/1004 989/1039
-------    当前进度:  73 % - H2_IN gas bore | ID 2 mm | no PEEK cone
Memory: 945/1004 989/1039
-------    当前进度:  74 % - H2_IN hollow PFA tube wall | VISUALIZATION ONLY | NO HYDRAULIC ROLE
-------    当前进度:  74 % - 执行布尔操作
Memory: 945/1004 990/1039
--------   当前进度:  83 % - H2_IN distinct gas bore | ID 2 mm | VISUALIZATION ONLY | NO HYDRAULIC ROLE
--------   当前进度:  84 % - H2_OUT PFA wall | OD 3 mm | SCHEMATIC_VISUAL_ONLY
--------   当前进度:  85 % - H2_OUT gas bore | ID 2 mm | no PEEK cone
Memory: 946/1004 991/1039
--------   当前进度:  86 % - H2_OUT hollow PFA tube wall | VISUALIZATION ONLY | NO HYDRAULIC ROLE
Memory: 947/1004 991/1039
--------   当前进度:  86 % - 执行布尔操作
Memory: 947/1004 992/1039
---------  当前进度:  95 % - H2_OUT distinct gas bore | ID 2 mm | VISUALIZATION ONLY | NO HYDRAULIC ROLE
Memory: 948/1004 992/1039
---------  当前进度:  96 % - 形成装配
---------  当前进度:  96 % - 正在初始化
Memory: 963/1004 1007/1039
---------- 当前进度: 100 % - 正在更新选择
Memory: 967/1004 1010/1039
---------- 当前进度: 100 % - 正在创建可视化网格
Memory: 983/1004 1021/1039
           当前进度:   0 % - 自由三角形网格
Memory: 986/1004 1023/1039
顶点单元数：806
           当前进度:   9 % - 正在创建边界网格
Memory: 1017/1017 1048/1048
-          当前进度:  10 % - 正在创建边界网格
Memory: 1033/1033 1063/1063
边单元数：7812
边界单元数：35682
---        当前进度:  33 % - 正在创建边界网格
Memory: 1043/1043 1071/1072
---        当前进度:  33 % - 自由四面体网格
顶点单元数：806
边单元数：7812
边界单元数：35682
-----      当前进度:  59 % - 正在创建初始四面体网格
Memory: 1056/1056 1082/1082
------     当前进度:  63 % - 相关边界
Memory: 1072/1072 1108/1108
-------    当前进度:  71 % - 正在插入内部点
Memory: 1085/1085 1133/1133
-------    当前进度:  75 % - 正在提高单元质量
Memory: 1093/1093 1133/1133
-------    当前进度:  76 % - 正在提高单元质量
Memory: 1095/1095 1133/1133
-------    当前进度:  77 % - 正在提高单元质量
---------  当前进度:  99 % - 正在定型网格
Memory: 1043/1095 1081/1134
单元数：116893
---------- 当前进度: 100 % - 正在定型网格
Memory: 1041/1095 1076/1134
最小单元质量：0.001992
Warning: Low minimum element quality
           当前进度:   1 % - 生成方程
Memory: 1134/1136 1161/1164
-          当前进度:  10 % - 正在计算
Memory: 1146/1146 1173/1174
           当前进度:   6 % - 正在计算
Memory: 1144/1147 1169/1174
------     当前进度:  69 % - 正在计算
Memory: 1147/1147 1173/1174
---        当前进度:  30 % - 生成图像
Memory: 1161/1168 1188/1196
           当前进度:   6 % - 正在计算
Memory: 1194/1199 1258/1265
------     当前进度:  69 % - 正在计算
Memory: 1196/1199 1259/1265
---        当前进度:  30 % - 生成图像
Memory: 1221/1221 1278/1282
           当前进度:   6 % - 正在计算
Memory: 1223/1229 1279/1287
-          当前进度:  19 % - 正在计算
---        当前进度:  30 % - 生成图像
Memory: 1217/1229 1271/1287
           当前进度:   1 % - 正在初始化
Memory: 1227/1229 1280/1287
           当前进度:   6 % - 正在计算
Memory: 1298/1298 1349/1349
-          当前进度:  10 % - 正在绘制
------     当前进度:  62 % - 正在计算
Memory: 1300/1300 1349/1349
--------   当前进度:  83 % - 正在计算
Memory: 1313/1313 1361/1361
---------  当前进度:  90 % - 正在计算
---        当前进度:  30 % - 生成图像
Memory: 1313/1315 1355/1362
           当前进度:   1 % - 正在初始化
Memory: 1333/1333 1375/1375
           当前进度:   6 % - 正在计算
Memory: 1421/1421 1482/1482
-          当前进度:  10 % - 正在绘制
-----      当前进度:  51 % - 正在计算
--------   当前进度:  83 % - 正在计算
Memory: 1421/1421 1481/1482
---------  当前进度:  90 % - 正在计算
---        当前进度:  30 % - 生成图像
Memory: 1422/1422 1475/1482
           当前进度:   1 % - 正在初始化
Memory: 1449/1449 1499/1499
           当前进度:   6 % - 正在计算
Memory: 1502/1502 1558/1558
-          当前进度:  10 % - 正在绘制
-----      当前进度:  51 % - 正在计算
Memory: 1502/1502 1574/1574
--------   当前进度:  83 % - 正在计算
Memory: 1511/1511 1575/1575
---------  当前进度:  90 % - 正在计算
---        当前进度:  30 % - 生成图像
Memory: 1510/1511 1569/1575
           当前进度:   6 % - 正在计算
Memory: 1512/1518 1577/1584
-------    当前进度:  78 % - 正在计算
Memory: 1513/1518 1577/1584
---        当前进度:  30 % - 生成图像
Memory: 1517/1518 1579/1584
           当前进度:   1 % - 正在初始化
Memory: 1546/1546 1600/1600
           当前进度:   6 % - 正在计算
Memory: 1805/1808 1871/1875
-          当前进度:  10 % - 正在绘制
-          当前进度:  19 % - 正在计算
--------   当前进度:  83 % - 正在计算
--------   当前进度:  86 % - 正在计算
---        当前进度:  30 % - 生成图像
Memory: 1745/1808 1813/1875
           当前进度:   1 % - 正在初始化
Memory: 1623/1808 1695/1875
           当前进度:   6 % - 正在计算
Memory: 1753/1808 1825/1875
-          当前进度:  10 % - 正在绘制
-          当前进度:  19 % - 正在计算
Memory: 1755/1808 1825/1875
--------   当前进度:  83 % - 正在计算
--------   当前进度:  86 % - 正在计算
---        当前进度:  30 % - 生成图像
Memory: 1757/1808 1821/1875
           当前进度:   1 % - 正在计算
Memory: 1582/1884 1613/1931
-          当前进度:  10 % - 正在计算
Memory: 1609/1884 1632/1931
           当前进度:   6 % - 正在计算
------     当前进度:  69 % - 正在计算
           当前进度:   6 % - 正在计算
Memory: 1611/1884 1644/1931
------     当前进度:  69 % - 正在计算
Memory: 1612/1884 1645/1931
           当前进度:   6 % - 正在计算
Memory: 1624/1884 1648/1931
-          当前进度:  19 % - 正在计算
-          当前进度:  10 % - 正在初始化
Memory: 1640/1884 1668/1931
           当前进度:   1 % - 正在初始化
Memory: 1785/1884 1814/1931
           当前进度:   6 % - 正在计算
Memory: 1905/1920 1940/1956
-          当前进度:  10 % - 正在绘制
-          当前进度:  19 % - 正在计算
--------   当前进度:  83 % - 正在计算
--------   当前进度:  86 % - 正在计算
-          当前进度:  10 % - 正在初始化
Memory: 1907/1920 1940/1956
-          当前进度:  19 % - 正在计算
Memory: 1490/1942 2164/2164
--------   当前进度:  83 % - 正在计算
Memory: 1488/1942 2164/2164
--------   当前进度:  86 % - 正在计算
           当前进度:   0 % - 正在绘制
Memory: 1482/1942 2164/2164
           当前进度:   6 % - 正在计算
-          当前进度:  10 % - 正在绘制
Memory: 1481/1942 2164/2164
-          当前进度:  19 % - 正在计算
--------   当前进度:  83 % - 正在计算
--------   当前进度:  86 % - 正在计算
           当前进度:   1 % - 正在初始化
Memory: 979/1942 2160/2203
           当前进度:   6 % - 正在计算
Memory: 979/1942 2185/2203
-          当前进度:  10 % - 正在绘制
-          当前进度:  19 % - 正在计算
--------   当前进度:  83 % - 正在计算
Memory: 978/1942 2185/2203
--------   当前进度:  86 % - 正在计算
           当前进度:   1 % - 正在初始化
Memory: 979/1942 2185/2203
           当前进度:   6 % - 正在计算
Memory: 981/1942 2197/2203
-          当前进度:  10 % - 正在绘制
Memory: 982/1942 2197/2203
------     当前进度:  62 % - 正在计算
Memory: 979/1942 2197/2203
-          当前进度:  19 % - 正在计算
Memory: 983/1942 2500/2501
------     当前进度:  62 % - 正在计算
Memory: 991/1942 2505/2505
--------   当前进度:  83 % - 正在计算
---------  当前进度:  90 % - 正在计算
Memory: 995/1942 2505/2505
           当前进度:   1 % - 正在初始化
Memory: 1004/1942 2522/2522
           当前进度:   6 % - 正在计算
Memory: 1032/1942 2592/2631
-          当前进度:  10 % - 正在绘制
Memory: 1033/1942 2592/2631
-----      当前进度:  51 % - 正在计算
Memory: 1036/1942 2592/2631
--------   当前进度:  83 % - 正在计算
Memory: 1045/1942 2592/2631
---------  当前进度:  90 % - 正在计算
           当前进度:   1 % - 正在初始化
Memory: 1087/1942 2592/2631
           当前进度:   6 % - 正在计算
Memory: 1125/1942 2592/2631
-          当前进度:  10 % - 正在绘制
Memory: 1123/1942 2592/2631
-----      当前进度:  51 % - 正在计算
--------   当前进度:  83 % - 正在计算
Memory: 1124/1942 2594/2631
---------  当前进度:  90 % - 正在计算
Memory: 1123/1942 2594/2631
           当前进度:   6 % - 正在计算
Memory: 1114/1942 2598/2631
-------    当前进度:  78 % - 正在计算
Memory: 1113/1942 2598/2631
           当前进度:   0 % - 正在绘制
Memory: 1119/1942 2598/2631
           当前进度:   6 % - 正在计算
-          当前进度:  10 % - 正在绘制
Memory: 1120/1942 2598/2631
---        当前进度:  31 % - 正在计算
Memory: 1125/1942 2598/2631
----       当前进度:  47 % - 正在计算
-----      当前进度:  50 % - 正在计算
Memory: 1126/1942 2598/2631
-----      当前进度:  55 % - 正在绘制
Memory: 1128/1942 2598/2631
--------   当前进度:  84 % - 正在计算
Memory: 1152/1942 2602/2631
--------   当前进度:  89 % - 正在计算
Memory: 1156/1942 2602/2631
---------  当前进度:  90 % - 正在计算
Memory: 1157/1942 2602/2631
---------  当前进度:  92 % - 正在计算
Memory: 1158/1942 2602/2631
---------  当前进度:  94 % - 正在计算
---------  当前进度:  96 % - 正在计算
Memory: 1159/1942 2602/2631
---------  当前进度:  97 % - 正在计算
---------  当前进度:  98 % - 正在计算
---------  当前进度:  99 % - 正在计算
           当前进度:   0 % - 正在绘制
Memory: 1164/1942 2602/2631
           当前进度:   6 % - 正在计算
-          当前进度:  10 % - 正在绘制
Memory: 1165/1942 2602/2631
---        当前进度:  31 % - 正在计算
Memory: 1169/1942 2602/2631
----       当前进度:  47 % - 正在计算
Memory: 1170/1942 2602/2631
-----      当前进度:  50 % - 正在计算
Memory: 1171/1942 2602/2631
-----      当前进度:  55 % - 正在绘制
Memory: 1172/1942 2602/2631
--------   当前进度:  84 % - 正在计算
Memory: 1176/1942 2602/2631
--------   当前进度:  89 % - 正在计算
Memory: 1177/1942 2602/2631
---------  当前进度:  90 % - 正在计算
Memory: 1178/1942 2602/2631
---------  当前进度:  92 % - 正在计算
---------  当前进度:  94 % - 正在计算
---------  当前进度:  96 % - 正在计算
---------  当前进度:  97 % - 正在计算
---------  当前进度:  98 % - 正在计算
---------  当前进度:  99 % - 正在计算
           当前进度:   0 % - 正在绘制
Memory: 1181/1942 2602/2631
           当前进度:   6 % - 正在计算
-          当前进度:  10 % - 正在绘制
Memory: 1183/1942 2602/2631
-          当前进度:  19 % - 正在计算
Memory: 1196/1942 2606/2631
--         当前进度:  24 % - 正在计算
Memory: 1204/1942 2610/2631
---        当前进度:  35 % - 正在计算
Memory: 1208/1942 2622/2631
---        当前进度:  37 % - 正在计算
Memory: 1201/1942 2622/2631
---        当前进度:  38 % - 正在计算
---------  当前进度:  93 % - 正在计算
Memory: 1200/1942 2622/2631
---------  当前进度:  98 % - 正在计算
           当前进度:   0 % - 正在绘制
Memory: 1204/1942 2622/2631
           当前进度:   6 % - 正在计算
Memory: 1205/1942 2622/2631
-          当前进度:  10 % - 正在绘制
Memory: 1206/1942 2622/2631
-          当前进度:  19 % - 正在计算
Memory: 1219/1942 2622/2631
--------   当前进度:  83 % - 正在计算
---------  当前进度:  90 % - 正在计算
Memory: 1216/1942 2622/2631
           当前进度:   1 % - 正在初始化
Memory: 1238/1942 2622/2631
           当前进度:   6 % - 正在计算
Memory: 1247/1942 2621/2631
-          当前进度:  10 % - 正在绘制
Memory: 1248/1942 2621/2631
---        当前进度:  36 % - 正在计算
Memory: 1264/1942 2625/2631
----       当前进度:  47 % - 正在计算
-----      当前进度:  50 % - 正在计算
Memory: 1265/1942 2625/2631
-----      当前进度:  55 % - 正在绘制
--------   当前进度:  87 % - 正在计算
Memory: 1269/1942 2629/2631
--------   当前进度:  89 % - 正在计算
Memory: 1271/1942 2629/2631
---------  当前进度:  90 % - 正在计算
Memory: 1272/1942 2629/2631
---------  当前进度:  92 % - 正在计算
---------  当前进度:  94 % - 正在计算
---------  当前进度:  96 % - 正在计算
---------  当前进度:  97 % - 正在计算
---------  当前进度:  98 % - 正在计算
---------  当前进度:  99 % - 正在计算
           当前进度:   0 % - 正在绘制
Memory: 1273/1942 2629/2631
           当前进度:   6 % - 正在计算
Memory: 1274/1942 2629/2631
-          当前进度:  10 % - 正在绘制
---        当前进度:  36 % - 正在计算
Memory: 1275/1942 2629/2631
----       当前进度:  47 % - 正在计算
-----      当前进度:  50 % - 正在计算
-----      当前进度:  55 % - 正在绘制
--------   当前进度:  87 % - 正在计算
Memory: 1277/1942 2629/2631
--------   当前进度:  89 % - 正在计算
Memory: 1279/1942 2633/2633
---------  当前进度:  90 % - 正在计算
---------  当前进度:  92 % - 正在计算
---------  当前进度:  94 % - 正在计算
---------  当前进度:  96 % - 正在计算
---------  当前进度:  97 % - 正在计算
Memory: 1280/1942 2633/2633
---------  当前进度:  98 % - 正在计算
---------  当前进度:  99 % - 正在计算
           当前进度:   0 % - 正在绘制
Memory: 1281/1942 2633/2633
           当前进度:   6 % - 正在计算
-          当前进度:  10 % - 正在绘制
Memory: 1282/1942 2633/2633
--         当前进度:  22 % - 正在计算
Memory: 1307/1942 2684/2684
--         当前进度:  24 % - 正在计算
Memory: 1328/1942 2684/2684
---        当前进度:  35 % - 正在计算
Memory: 1341/1942 2688/2688
---        当前进度:  37 % - 正在计算
---        当前进度:  38 % - 正在计算
---------  当前进度:  93 % - 正在计算
---------  当前进度:  98 % - 正在计算
           当前进度:   0 % - 正在绘制
Memory: 1342/1942 2688/2688
           当前进度:   6 % - 正在计算
-          当前进度:  10 % - 正在绘制
Memory: 1343/1942 2688/2688
-----      当前进度:  51 % - 正在计算
Memory: 1347/1942 2688/2688
--------   当前进度:  83 % - 正在计算
---------  当前进度:  90 % - 正在计算
           当前进度:   0 % - 正在绘制
Memory: 1348/1942 2688/2688
           当前进度:   6 % - 正在计算
Memory: 1349/1942 2688/2688
-          当前进度:  10 % - 正在绘制
Memory: 1350/1942 2688/2688
-----      当前进度:  51 % - 正在计算
--------   当前进度:  83 % - 正在计算
---------  当前进度:  90 % - 正在计算
Memory: 1351/1942 2688/2688
           当前进度:   0 % - 正在绘制
Memory: 1352/1942 2688/2688
           当前进度:   6 % - 正在计算
-          当前进度:  10 % - 正在绘制
Memory: 1353/1942 2688/2688
-----      当前进度:  51 % - 正在计算
--------   当前进度:  83 % - 正在计算
---------  当前进度:  90 % - 正在计算
           当前进度:   1 % - 正在初始化
Memory: 1362/1942 2688/2688
           当前进度:   6 % - 正在计算
Memory: 1546/1942 2682/2727
-          当前进度:  10 % - 正在绘制
-          当前进度:  19 % - 正在计算
--------   当前进度:  83 % - 正在计算
--------   当前进度:  86 % - 正在计算
           当前进度:   1 % - 正在初始化
Memory: 1561/1942 2682/2727
           当前进度:   6 % - 正在计算
Memory: 1601/1942 2700/2727
-          当前进度:  10 % - 正在绘制
-          当前进度:  19 % - 正在计算
--------   当前进度:  83 % - 正在计算
--------   当前进度:  86 % - 正在计算
           当前进度:   0 % - 正在绘制
Memory: 1602/1942 2700/2727
           当前进度:   6 % - 正在计算
-          当前进度:  10 % - 正在绘制
-          当前进度:  16 % - 正在计算
-----      当前进度:  55 % - 正在计算
------     当前进度:  60 % - 正在计算
---------  当前进度:  97 % - 正在计算
Memory: 1603/1942 2700/2727
           当前进度:   1 % - 正在初始化
Memory: 1613/1942 2708/2727
           当前进度:   6 % - 正在计算
Memory: 1773/1942 2861/2903
-          当前进度:  10 % - 正在绘制
-          当前进度:  19 % - 正在计算
--------   当前进度:  83 % - 正在计算
--------   当前进度:  86 % - 正在计算
类运行时: 107 s.
总时间: 107 s.
