*******************************************
***COMSOL 6.4.0.293 progress output file***
*******************************************
Sun Aug 09 01:04:25 CST 2026
COMSOL Multiphysics 6.4 (开发版本: 293) 在批处理模式下启动
正在运行: F:\LiNRR_COMSOL\worktrees\LiNRR_M10A2\src\java\LiNRR_M10A2_SSC_Pipe_Wetting.class
---------- 当前进度: 100 % - 正在分析几何
Memory: 875/893 918/936
---------- 当前进度: 100 % - 正在更新选择
Memory: 889/900 929/941
           当前进度:   0 % - 多边形
Memory: 891/902 930/942
           当前进度:   9 % - 形成联合体
Memory: 892/902 933/942
----       当前进度:  42 % - 解析域和空区域
Memory: 869/905 908/944
---------- 当前进度: 100 % - 正在更新选择
Memory: 855/905 896/944
---------- 当前进度: 100 % - 正在创建可视化网格
Memory: 876/905 910/944
           当前进度:   0 % - 边
Memory: 899/905 932/944
顶点单元数：2
边界单元数：15
---------- 当前进度: 100 % - 正在创建边界网格
           当前进度:   2 % - 生成方程
Memory: 891/905 925/944
           当前进度:   3 % - 生成方程
Memory: 887/905 917/944
<---- 研究 2a/解 6 (sol6) 中的“编译方程: 稳态” --------------------------------------------
开始于 2026年8月9日 01:05:06。
几何形函数: 线性拉格朗日单元
几何形函数: 线性拉格朗日单元
几何形函数: 线性拉格朗日单元
几何形函数: 二次拉格朗日单元
在 AMD64 Family 25 Model 80 Stepping 0, AuthenticAMD 上运行。
在以下位置使用 1 个插槽： Pokemon 上（共 8 个内核）。
可用内存：15.77 GB。
           当前进度:   4 % - 编译方程: 稳态
Memory: 1283/1372 1326/1416
           当前进度:   7 % - 编译方程: 稳态
Memory: 1299/1372 1339/1416
           当前进度:   3 % - 正在创建可视化网格
Memory: 1364/1372 1401/1416
           当前进度:   7 % - 正在创建可视化网格
Memory: 1358/1372 1395/1416
时间：9。
物理内存: 1.37 GB
虚拟内存: 1.42 GB
结束时间：2026年8月9日 01:05:16。
----- 研究 2a/解 6 (sol6) 中的“编译方程: 稳态” ------------------------------------------->
<---- 研究 2a/解 6 (sol6) 中的“因变量 1” -----------------------------------------------
开始于 2026年8月9日 01:05:16。
           当前进度:   7 % - 因变量 1
Memory: 1359/1372 1393/1416
求解时间：0 s。
物理内存: 1.36 GB
虚拟内存: 1.39 GB
结束时间：2026年8月9日 01:05:16。
----- 研究 2a/解 6 (sol6) 中的“因变量 1” ---------------------------------------------->
<---- 研究 2a/解 6 (sol6) 中的“稳态求解器 1” ---------------------------------------------
开始于 2026年8月9日 01:05:16。
-          当前进度:  12 % - 稳态求解器 1
Memory: 1362/1372 1393/1416
非线性求解器
求解的自由度数：61。
找到非对称矩阵。
缩放因变量：
压力 (comp_pipe_n2.p_pfl_n2): 1e+05
切向速度 (comp_pipe_n2.u4): 1.8e+02
已使用正交零空间函数。
Iter      SolEst      ResEst     Damping    Stepsize #Res #Jac #Sol   LinErr   LinRes
   1     3.5e-11     4.1e+03   1.0000000     1.3e+05    2    1    2  1.2e-15  4.4e-16
   2     5.2e-16       0.017   1.0000000     3.2e-11    4    2    4  1.1e-15  1.1e-15
---------- 当前进度: 100 % - 
Memory: 1368/1372 1394/1416
求解时间：2 s。
物理内存: 1.37 GB
虚拟内存: 1.43 GB
结束时间：2026年8月9日 01:05:18。
----- 研究 2a/解 6 (sol6) 中的“稳态求解器 1” -------------------------------------------->
---------- 当前进度: 100 % - 正在更新选择
Memory: 1370/1373 1396/1433
           当前进度:   0 % - 多边形
           当前进度:   9 % - 形成联合体
----       当前进度:  42 % - 解析域和空区域
---------- 当前进度: 100 % - 正在更新选择

/***************/
/*****错误********/
/***************/
运行 Java 类时出错。
已存在具有给定名称的对象。
 - 标记: sel_pipe_edges
已存在具有给定名称的对象。
 - 类: LiNRR_M10A2_SSC_Pipe_Wetting
总时间: 54 s.
