*******************************************
***COMSOL 6.4.0.293 progress output file***
*******************************************
Thu Aug 13 07:49:49 CST 2026
COMSOL Multiphysics 6.4 (开发版本: 293) 在批处理模式下启动
正在运行: F:\LiNRR_COMSOL\worktrees\LiNRR_M10A2\src\java\LiNRR_M10A2R_ManualReconciliation.class
---------- 当前进度: 100 % - 正在更新选择
Memory: 969/1009 1014/1058
           当前进度:   0 % - 导入
Memory: 992/1009 1037/1058
           当前进度:   0 % - 处理几何
Memory: 1005/1009 1050/1058
Header : Author::Unknown
Header : Authorization::Unknown
Header : Description::STEP AP203
Header : File Name::electrolyteChamber_rectangularMask_v02.2.2_20210521_STEP-AP203.STEP
Header : Implementation Level::1
Header : Organization::Unknown
Header : Originating System::SolidWorks 2020
Header : Preprocessor Version::SwSTEP 2.0
Header : Schema::CONFIG_CONTROL_DESIGN
Header : Time Stamp::2021-06-09T13:01:45
Begin CAD File Read 'F:/LiNRR_COMSOL/worktrees/LiNRR_M10A2/cad/raw/M10A0_2/electrolyteChamber_rectangularMask_v02.2.2_20210521_STEP-AP203.STEP'
  
      Summary of STEP Entities
  
Entity Type                                                   Count
-----------                                                   ------
advanced_brep_shape_representation .......................:   1
advanced_face ............................................:   93
application_context ......................................:   2
application_protocol_definition ..........................:   2
applied_approval_assignment ..............................:   3
applied_date_and_time_assignment .........................:   2
applied_person_and_organization_assignment ...............:   5
applied_security_classification_assignment ...............:   1
approval .................................................:   3
approval_date_time .......................................:   3
approval_person_organization .............................:   3
approval_role ............................................:   3
approval_status ..........................................:   3
axis2_placement_3d .......................................:   196
b_spline_curve_with_knots ................................:   2
b_spline_curve_with_knots_and_rational_b_spline_curve ....:   12
b_spline_surface_with_knots_and_rational_b_spline_surface :   2
calendar_date ............................................:   5
cartesian_point ..........................................:   1034
circle ...................................................:   104
closed_shell .............................................:   1
coordinated_universal_time_offset ........................:   5
cylindrical_surface ......................................:   56
date_and_time ............................................:   5
date_time_role ...........................................:   2
direction ................................................:   534
edge_curve ...............................................:   260
edge_loop ................................................:   120
face_bound ...............................................:   27
face_outer_bound .........................................:   93
geometric_representation_context_and_global_uncertainty_a :   1
length_unit_and_si_unit ..................................:   1
line .....................................................:   142
local_time ...............................................:   5
manifold_solid_brep ......................................:   1
organization .............................................:   1
oriented_edge ............................................:   520
person ...................................................:   1
person_and_organization ..................................:   8
person_and_organization_role .............................:   5
plane ....................................................:   35
plane_angle_unit_and_si_unit .............................:   1
product ..................................................:   1
product_context ..........................................:   1
product_definition .......................................:   1
product_definition_context ...............................:   1
product_definition_formation_with_specified_source .......:   1
product_definition_shape .................................:   1
product_related_product_category .........................:   1
security_classification ..................................:   1
security_classification_level ............................:   1
shape_definition_representation ..........................:   1
si_unit_and_solid_angle_time_role ........................
-----      当前进度:  50 % - 正在导入“STEP”
Memory: 998/1009 1043/1058
:   1
uncertainty_measure_with_unit ............................:   1
vector ...................................................:   142
vertex_point .............................................:   172
                                                             -------
Total                                                         3629
.......:   93
geometric_representation_context_and_global_uncertainty_a :   1
length_unit_and_si_unit ..................................:   1
line .....................................................:   142
local_time ...............................................:   5
manifold_solid_brep ......................................:   1
organization .............................................:   1
oriented_edge ............................................:   520
person ...................................................:   1
person_and_organization ..................................:   8
person_and_organization_role .............................:   5
plane ....................................................:   35
plane_angle_unit_and_si_unit .............................:   1
product ..................................................:   1
product_context ..........................................:   1
product_definition .......................................:   1
product_definition_context ...............................:   1
product_definition_formation_with_specified_source .......:   1
product_definition_shape .................................:   1
product_related_product_category .........................:   1
security_classification ..................................:   1
security_classification_level ............................:   1
shape_definition_representation ..........................:   1
si_unit_and_solid_angle_unit .............................:   1
uncertainty_measure_with_unit ............................:   1
vector ...................................................:   142
vertex_point .............................................:   172
                                                             -------
Total                                                         3629
--------   当前进度:  83 % - 正在应用变换
Memory: 1003/1009 1042/1058
           当前进度:   0 % - 导入 2
Memory: 1009/1014 1049/1082
           当前进度:   0 % - 正在导入“STEP”
Memory: 1010/1014 1050/1082
Header : Author::Unknown
Header : Authorization::Unknown
Header : Description::STEP AP203
Header : File Name::block_currentCollector_flowField_v03.2.1_20210525_STEP-AP203.STEP
Header : Implementation Level::1
Header : Organization::Unknown
Header : Originating System::SolidWorks 2022
Header : Preprocessor Version::SwSTEP 2.0
Header : Schema::CONFIG_CONTROL_DESIGN
Header : Time Stamp::2023-09-28T11:10:23
Begin CAD File Read 'F:/LiNRR_COMSOL/worktrees/LiNRR_M10A2/cad/raw/M10A0_2/block_currentCollector_flowField_v03.2.1_20210525_STEP-AP203.STEP'
  
      Summary of STEP Entities
  
Entity Type                                                   Count
-----------                                                   ------
advanced_brep_shape_representation .......................:   1
advanced_face ............................................:   135
application_context ......................................:   2
application_protocol_definition ..........................:   2
applied_approval_assignment ..............................:   3
applied_date_and_time_assignment .........................:   2
applied_person_and_organization_assignment ...............:   5
applied_security_classification_assignment ...............:   1
approval .................................................:   3
approval_date_time .......................................:   3
approval_person_organization .............................:   3
approval_role ............................................:   3
approval_status ..........................................:   3
axis2_placement_3d .......................................:   296
calendar_date ............................................:   5
cartesian_point ..........................................:   753
circle ...................................................:   160
closed_shell .............................................:   1
conical_surface ..........................................:   6
coordinated_universal_time_offset ........................:   5
cylindrical_surface ......................................:   78
date_and_time ............................................:   5
date_time_role ...........................................:   2
direction ................................................:   804
edge_curve ...............................................:   372
edge_loop ................................................:   167
face_bound ...............................................:   32
face_outer_bound .........................................:   135
geometric_representation_context_and_global_uncertainty_a :   1
length_unit_and_si_unit ..................................:   1
line .....................................................:   212
local_time ...............................................:   5
manifold_solid_brep ......................................:   1
organization .............................................:   1
oriented_edge ............................................:   744
person ...................................................:   1
person_and_organization ..................................:   8
person_and_organization_role .............................:   5
plane ....................................................:   51
plane_angle_unit_and_si_unit .............................:   1
product ..................................................:   1
product_context ..........................................:   1
product_definition .......................................:   1
product_definition_context ...............................:   1
product_definition_formation_with_specified_source .......:   1
product_definition_shape .................................:   1
product_related_product_category .........................:   1
security_classification ..................................:   1
security_classification_level ............................:   1
shape_definition_representation ..........................:   1
si_unit_and_solid_angle_unit .............................:   1
uncertainty_measure_with_unit ............................:   1
vector ...................urve ...............................
-----      当前进度:  50 % - 正在导入“STEP”
................:   372
edge_loop ................................................:   167
face_bound ...............................................:   32
face_outer_bound .........................................:   135
geometric_representation_context_and_global_uncertainty_a :   1
length_unit_and_si_unit ..................................:   1
line .....................................................:   212
local_time ...............................................:   5
manifold_solid_brep ......................................:   1
organization .............................................:   1
oriented_edge ............................................:   744
person ...................................................:   1
person_and_organization ..................................:   8
person_and_organization_role .............................:   5
plane ....................................................:   51
plane_angle_unit_and_si_unit .............................:   1
product ..................................................:   1
product_context ..........................................:   1
product_definition .......................................:   1
product_definition_context ...............................:   1
product_definition_formation_with_specified_source .......:   1
product_definition_shape .................................:   1
product_related_product_category .........................:   1
security_classification ..................................:   1
security_classification_level ............................:   1
shape_definition_representation ..........................:   1
si_unit_and_solid_angle_unit .............................:   1
uncertainty_measure_with_unit ............................:   1
vector ...................................................:   212
vertex_point .............................................:   245
                                                             -------
Total                                                         4487
--------   当前进度:  83 % - 正在应用变换

/***************/
/*****错误********/
/***************/
运行 Java 类时出错。
标签“SCHEMATIC_VISUAL_ONLY gasket display solid; thickness not verified”重复。
标签“SCHEMATIC_VISUAL_ONLY gasket display solid; thickness not verified”重复。
 - 类: LiNRR_M10A2R_ManualReconciliation
总时间: 42 s.
