*******************************************
***COMSOL 6.4.0.293 progress output file***
*******************************************
Thu Aug 13 07:59:56 CST 2026
COMSOL Multiphysics 6.4 (开发版本: 293) 在批处理模式下启动
正在运行: F:\LiNRR_COMSOL\worktrees\LiNRR_M10A2\src\java\LiNRR_M10A2R_ManualReconciliation.class
---------- 当前进度: 100 % - 正在更新选择
Memory: 1016/1024 1048/1058
           当前进度:   0 % - 导入
Memory: 1023/1026 1055/1058
           当前进度:   0 % - 正在导入“STEP”
Memory: 1023/1030 1055/1062
Header : Author::Unknown
Header : Authorization::Unknown
Header : Description::STEP AP203
Header : File Name::electrolyteChamber_rectangularMask_v02.2.2_20210521_STEP-AP203.STEP
Header : Implementation Level::1
Header : Organization::Unknown
Header : Originating System::SolidWorks 2020
Header : Preprocessor Version::SwSTEP 2.0
Header : Schema::CONFIG_CONTROL_DESIGN
Header : Time Stamp::2021-06-09T13:01:45
Begin CAD File Read 'F:/LiNRR_COMSOL/worktrees/LiNRR_M10A2/cad/raw/M10A0_2/electrolyteChamber_rectangularMask_v02.2.2_20210521_STEP-AP203.STEP'
  
      Summary of STEP Entities
  
Entity Type                                                   Count
-----------                                                   ------
advanced_brep_shape_representation .......................:   1
advanced_face ............................................:   93
application_context ......................................:   2
application_protocol_definition ..........................:   2
applied_approval_assignment ..............................:   3
applied_date_and_time_assignment .........................:   2
applied_person_and_organization_assignment ...............:   5
applied_security_classification_assignment ...............:   1
approval .................................................:   3
approval_date_time .......................................:   3
approval_person_organization .............................:   3
approval_role ............................................:   3
approval_status ..........................................:   3
axis2_placement_3d .......................................:   196
b_spline_curve_with_knots ................................:   2
b_spline_curve_with_knots_and_rational_b_spline_curve ....:   12
b_spline_surface_with_knots_and_rational_b_spline_surface :   2
calendar_date ............................................:   5
cartesian_point ..........................................:   1034
circle ...................................................:   104
closed_shell .............................................:   1
coordinated_universal_time_offset ........................:   5
cylindrical_surface ......................................:   56
date_and_time ............................................:   5
date_time_role ...........................................:   2
direction ................................................:   534
edge_curve ...............................................:   260
edge_loop ................................................:   120
face_bound ...............................................:   27
face_outer_bound .........................................:   93
geometric_representation_context_and_global_uncertainty_a :   1
length_unit_and_si_unit ..................................:   1
line .....................................................:   142
local_time ...............................................:   5
manifold_solid_brep ......................................:   1
organization .............................................:   1
oriented_edge ............................................:   520
person ...................................................:   1
person_and_organization ..................................:   8
person_and_organization_role .............................:   5
plane ....................................................:   35
plane_angle_unit_and_si_unit .............................:   1
product ..................................................:   1
product_context ..........................................:   1
product_definition .......................................:   1
product_definition_context ...............................:   1
product_definition_formation_with_specified_source .......:   1
product_definition_shape .................................:   1
product_related_product_category .........................:   1
security_classification ..................................:   1
security_classification_level ............................:   1
shape_definition_representation ..........................:   1
si_unit_and_solid_angle_time_role ........................
-----      当前进度:  50 % - 正在导入“STEP”
Memory: 1022/1030 1054/1062
...................:   2
direction ................................................:   534
edge_curve ...............................................:   260
edge_loop ................................................:   120
face_bound ...............................................:   27
face_outer_bound .........................................:   93
geometric_representation_context_and_global_uncertainty_a :   1
length_unit_and_si_unit ..................................:   1
line .....................................................:   142
local_time ...............................................:   5
manifold_solid_brep ......................................:   1
organization .............................................:   1
oriented_edge ............................................:   520
person ...................................................:   1
person_and_organization ..................................:   8
person_and_organization_role .............................:   5
plane ....................................................:   35
plane_angle_unit_and_si_unit .............................:   1
product ..................................................:   1
product_context ..........................................:   1
product_definition .......................................:   1
product_definition_context ...............................:   1
product_definition_formation_with_specified_source .......:   1
product_definition_shape .................................:   1
product_related_product_category .........................:   1
security_classification ..................................:   1
security_classification_level ............................:   1
shape_definition_representation ..........................:   1
si_unit_and_solid_angle_unit .............................:   1
uncertainty_measure_with_unit ............................:   1
vector ...................................................:   142
vertex_point .............................................:   172
                                                             -------
Total                                                         3629
-----      当前进度:  57 % - 正在应用变换
Memory: 1018/1030 1050/1062
--------   当前进度:  83 % - 正在应用变换
Memory: 1023/1030 1050/1062
           当前进度:   0 % - 导入 2
Memory: 1028/1031 1053/1086
           当前进度:   0 % - 正在导入“STEP”
Memory: 908/1031 943/1086
Header : Author::Unknown
Header : Authorization::Unknown
Header : Description::STEP AP203
Header : File Name::block_currentCollector_flowField_v03.2.1_20210525_STEP-AP203.STEP
Header : Implementation Level::1
Header : Organization::Unknown
Header : Originating System::SolidWorks 2022
Header : Preprocessor Version::SwSTEP 2.0
Header : Schema::CONFIG_CONTROL_DESIGN
Header : Time Stamp::2023-09-28T11:10:23
Begin CAD File Read 'F:/LiNRR_COMSOL/worktrees/LiNRR_M10A2/cad/raw/M10A0_2/block_currentCollector_flowField_v03.2.1_20210525_STEP-AP203.STEP'
  
      Summary of STEP Entities
  
Entity Type                                                   Count
-----------                                                   ------
advanced_brep_shape_representation .......................:   1
advanced_face ............................................:   135
application_context ......................................:   2
application_protocol_definition ..........................:   2
applied_approval_assignment ..............................:   3
applied_date_and_time_assignment .........................:   2
applied_person_and_organization_assignment ...............:   5
applied_security_classification_assignment ...............:   1
approval .................................................:   3
approval_date_time .......................................:   3
approval_person_organization .............................:   3
approval_role ............................................:   3
approval_status ..........................................:   3
axis2_placement_3d .......................................:   296
calendar_date ............................................:   5
cartesian_point ..........................................:   753
circle ...................................................:   160
closed_shell .............................................:   1
conical_surface ..........................................:   6
coordinated_universal_time_offset ........................:   5
cylindrical_surface ......................................:   78
date_and_time ............................................:   5
date_time_role ...........................................:   2
direction ................................................:   804
edge_curve ...............................................:   372
edge_loop ................................................:   167
face_bound ...............................................:   32
face_outer_bound .........................................:   135
geometric_representation_context_and_global_uncertainty_a :   1
length_unit_and_si_unit ..................................:   1
line .....................................................:   212
local_time ...............................................:   5
manifold_solid_brep ......................................:   1
organization .............................................:   1
oriented_edge ............................................:   744
person ...................................................:   1
person_and_organization ..................................:   8
person_and_organization_role .............................:   5
plane ....................................................:   51
plane_angle_unit_and_si_unit .............................:   1
product ..................................................:   1
product_context ..........................................:   1
product_definition .......................................:   1
product_definition_context ...............................:   1
product_definition_formation_with_specified_source .......:   1
product_definition_shape .................................:   1
product_related_product_category .........................:   1
security_classification ..................................:   1
security_classification_level ............................:   1
shape_definition_representation ..........................:   1
si_unit_and_solid_angle_unit .............................:   1
uncertainty_measure_with_unit ............................:   1
vector ...................urve ...............................
-----      当前进度:  50 % - 正在导入“STEP”
Memory: 909/1031 945/1086
................:   372
edge_loop ................................................:   167
face_bound ...............................................:   32
face_outer_bound .........................................:   135
geometric_representation_context_and_global_uncertainty_a :   1
length_unit_and_si_unit ..................................:   1
line .....................................................:   212
local_time ...............................................:   5
manifold_solid_brep ......................................:   1
organization .............................................:   1
oriented_edge ............................................:   744
person ...................................................:   1
person_and_organization ..................................:   8
person_and_organization_role .............................:   5
plane ....................................................:   51
plane_angle_unit_and_si_unit .............................:   1
product ..................................................:   1
product_context ..........................................:   1
product_definition .......................................:   1
product_definition_context ...............................:   1
product_definition_formation_with_specified_source .......:   1
product_definition_shape .................................:   1
product_related_product_category .........................:   1
security_classification ..................................:   1
security_classification_level ............................:   1
shape_definition_representation ..........................:   1
si_unit_and_solid_angle_unit .............................:   1
uncertainty_measure_with_unit ............................:   1
vector ...................................................:   212
vertex_point .............................................:   245
                                                             -------
Total                                                         4487
--------   当前进度:  83 % - 正在应用变换
Memory: 910/1031 947/1086
           当前进度:   0 % - 旋转
Memory: 960/1031 994/1086
           当前进度:   9 % - 移动
Memory: 961/1031 994/1086
-          当前进度:  18 % - 镜像
Memory: 963/1031 995/1086
--         当前进度:  27 % - Cathode SSC | 316L | 500 mesh source identity | 60x60 mm | t=30 um LITERATURE_SAME_PLATFORM
Memory: 964/1031 996/1086
--         当前进度:  27 % - Anode PtAu/316L SSC | 500 mesh source identity | 60x60 mm | t=30 um LITERATURE_SAME_PLATFORM
--         当前进度:  28 % - 长方体
Memory: 968/1031 1000/1086
--         当前进度:  29 % - 长方体 2
---        当前进度:  30 % - Negative-side gasket | SCHEMATIC_VISUAL_ONLY | thickness not verified
Memory: 966/1031 998/1086
---        当前进度:  30 % - 执行布尔操作
Memory: 968/1031 998/1086
---        当前进度:  39 % - 长方体 3
----       当前进度:  40 % - 长方体 4
Memory: 970/1031 1000/1086
----       当前进度:  41 % - Positive-side gasket | SCHEMATIC_VISUAL_ONLY | thickness not verified
----       当前进度:  41 % - 执行布尔操作
Memory: 971/1031 1001/1086
-----      当前进度:  50 % - N2_IN PFA wall | OD 3 mm | SCHEMATIC_VISUAL_ONLY
-----      当前进度:  50 % - N2_IN gas bore | ID 2 mm | no PEEK cone
Memory: 973/1031 1002/1086
-----      当前进度:  51 % - N2_IN hollow PFA tube wall | VISUALIZATION ONLY | NO HYDRAULIC ROLE
-----      当前进度:  51 % - 执行布尔操作
------     当前进度:  60 % - N2_IN distinct gas bore | ID 2 mm | VISUALIZATION ONLY | NO HYDRAULIC ROLE
------     当前进度:  61 % - N2_OUT PFA wall | OD 3 mm | SCHEMATIC_VISUAL_ONLY
Memory: 971/1031 1000/1086
------     当前进度:  62 % - N2_OUT gas bore | ID 2 mm | no PEEK cone
------     当前进度:  63 % - N2_OUT hollow PFA tube wall | VISUALIZATION ONLY | NO HYDRAULIC ROLE
------     当前进度:  63 % - 执行布尔操作
Memory: 970/1031 999/1086
-------    当前进度:  72 % - N2_OUT distinct gas bore | ID 2 mm | VISUALIZATION ONLY | NO HYDRAULIC ROLE
-------    当前进度:  73 % - H2_IN PFA wall | OD 3 mm | SCHEMATIC_VISUAL_ONLY
Memory: 971/1031 999/1086
-------    当前进度:  73 % - H2_IN gas bore | ID 2 mm | no PEEK cone
-------    当前进度:  74 % - H2_IN hollow PFA tube wall | VISUALIZATION ONLY | NO HYDRAULIC ROLE
Memory: 971/1031 1000/1086
-------    当前进度:  74 % - 执行布尔操作
--------   当前进度:  83 % - H2_IN distinct gas bore | ID 2 mm | VISUALIZATION ONLY | NO HYDRAULIC ROLE
Memory: 973/1031 1001/1086
--------   当前进度:  84 % - H2_OUT PFA wall | OD 3 mm | SCHEMATIC_VISUAL_ONLY
--------   当前进度:  85 % - H2_OUT gas bore | ID 2 mm | no PEEK cone
--------   当前进度:  86 % - H2_OUT hollow PFA tube wall | VISUALIZATION ONLY | NO HYDRAULIC ROLE
Memory: 974/1031 1002/1086
--------   当前进度:  86 % - 执行布尔操作
---------  当前进度:  95 % - H2_OUT distinct gas bore | ID 2 mm | VISUALIZATION ONLY | NO HYDRAULIC ROLE
Memory: 975/1031 1003/1086
---------  当前进度:  96 % - 形成装配
---------  当前进度:  96 % - 正在初始化
Memory: 982/1031 1010/1086
---------- 当前进度: 100 % - 正在更新选择
Memory: 982/1031 1021/1086
---------- 当前进度: 100 % - 正在创建可视化网格
Memory: 1006/1031 1048/1086
           当前进度:   0 % - 自由三角形网格
Memory: 1008/1031 1049/1086
顶点单元数：806
           当前进度:   9 % - 正在创建边界网格
Memory: 1041/1041 1074/1086
-          当前进度:  10 % - 正在创建边界网格
Memory: 1055/1055 1089/1089
边单元数：7812
边界单元数：35682
---        当前进度:  33 % - 正在创建边界网格
Memory: 1065/1065 1097/1097
---        当前进度:  33 % - 自由四面体网格
顶点单元数：806
边单元数：7812
边界单元数：35682
------     当前进度:  63 % - 相关边界
Memory: 1071/1071 1115/1116
-------    当前进度:  75 % - 正在提高单元质量
Memory: 1078/1079 1118/1120
---------  当前进度:  99 % - 正在定型网格
Memory: 1079/1082 1118/1121
单元数：18335
最小单元质量：0.1147
---------- 当前进度: 100 % - 正在定型网格
Memory: 1081/1082 1114/1121

/***************/
/*****错误********/
/***************/
运行 Java 类时出错。
实体没有选择。
 - 类型: Mesh / Mesh
 - 标记: mesh
实体没有选择。
 - 类: LiNRR_M10A2R_ManualReconciliation
总时间: 47 s.
